2024-06-04T16:00:20.088440Z  WARN dioxus_cli_config: A library is trying to access the crate's configuration, but the dioxus CLI was not used to build the application.
2024-06-04T16:00:20.335272Z TRACE VirtualDom::new: dioxus_core::scope_arena: created scope ScopeId(0) with parent None
2024-06-04T16:00:20.335375Z TRACE VirtualDom::new: dioxus_core::scope_context: providing context dioxus_core::error_boundary::ErrorBoundary (TypeId { t: (3582638416876954437, 3810890675802792692) }) in app
2024-06-04T16:00:20.351747Z TRACE tao::platform_impl::platform::app_delegate: Triggered `applicationDidFinishLaunching`    
2024-06-04T16:00:20.354756Z TRACE tao::platform_impl::platform::window: Creating new window    
2024-06-04T16:00:20.373471Z TRACE tao::platform_impl::platform::view: Triggered `viewDidMoveToWindow`    
2024-06-04T16:00:20.373509Z TRACE tao::platform_impl::platform::view: Completed `viewDidMoveToWindow`    
2024-06-04T16:00:20.373570Z TRACE tao::platform_impl::platform::view: Triggered `validAttributesForMarkedText`    
2024-06-04T16:00:20.373581Z TRACE tao::platform_impl::platform::view: Completed `validAttributesForMarkedText`    
2024-06-04T16:00:20.373596Z TRACE tao::platform_impl::platform::view: Triggered `validAttributesForMarkedText`    
2024-06-04T16:00:20.373607Z TRACE tao::platform_impl::platform::view: Completed `validAttributesForMarkedText`    
2024-06-04T16:00:20.373633Z TRACE tao::platform_impl::platform::view: Triggered `validAttributesForMarkedText`    
2024-06-04T16:00:20.373642Z TRACE tao::platform_impl::platform::view: Completed `validAttributesForMarkedText`    
2024-06-04T16:00:20.373651Z TRACE tao::platform_impl::platform::view: Triggered `validAttributesForMarkedText`    
2024-06-04T16:00:20.373659Z TRACE tao::platform_impl::platform::view: Completed `validAttributesForMarkedText`    
2024-06-04T16:00:20.373668Z TRACE tao::platform_impl::platform::view: Triggered `validAttributesForMarkedText`    
2024-06-04T16:00:20.373677Z TRACE tao::platform_impl::platform::view: Completed `validAttributesForMarkedText`    
2024-06-04T16:00:20.373931Z TRACE tao::platform_impl::platform::window: Locked shared state in `set_fullscreen`    
2024-06-04T16:00:20.373943Z TRACE tao::platform_impl::platform::window: Unlocked shared state in `set_fullscreen`    
2024-06-04T16:00:20.436901Z TRACE tao::platform_impl::platform::view: Triggered `validAttributesForMarkedText`    
2024-06-04T16:00:20.436931Z TRACE tao::platform_impl::platform::view: Completed `validAttributesForMarkedText`    
2024-06-04T16:00:20.436950Z TRACE tao::platform_impl::platform::view: Triggered `validAttributesForMarkedText`    
2024-06-04T16:00:20.436961Z TRACE tao::platform_impl::platform::view: Completed `validAttributesForMarkedText`    
2024-06-04T16:00:20.436991Z TRACE tao::platform_impl::platform::view: Triggered `validAttributesForMarkedText`    
2024-06-04T16:00:20.437000Z TRACE tao::platform_impl::platform::view: Completed `validAttributesForMarkedText`    
2024-06-04T16:00:20.437010Z TRACE tao::platform_impl::platform::view: Triggered `validAttributesForMarkedText`    
2024-06-04T16:00:20.437020Z TRACE tao::platform_impl::platform::view: Completed `validAttributesForMarkedText`    
2024-06-04T16:00:20.437029Z TRACE tao::platform_impl::platform::view: Triggered `validAttributesForMarkedText`    
2024-06-04T16:00:20.437038Z TRACE tao::platform_impl::platform::view: Completed `validAttributesForMarkedText`    
2024-06-04T16:00:20.437098Z TRACE tao::platform_impl::platform::view: Triggered `viewDidMoveToWindow`    
2024-06-04T16:00:20.437133Z TRACE tao::platform_impl::platform::view: Completed `viewDidMoveToWindow`    
2024-06-04T16:00:20.441757Z TRACE VirtualDom::in_runtime: dioxus_core::scope_context: providing context alloc::rc::Rc<dioxus_desktop::desktop_context::DesktopService> (TypeId { t: (7946844621057603534, 4355211565432133561) }) in app
2024-06-04T16:00:20.441797Z TRACE VirtualDom::in_runtime: dioxus_core::scope_context: providing context alloc::rc::Rc<dyn dioxus_html::eval::EvalProvider> (TypeId { t: (10682502755203913650, 15985576721215419306) }) in app
2024-06-04T16:00:20.441981Z TRACE tao::platform_impl::platform::app_delegate: Completed `applicationDidFinishLaunching`    
2024-06-04T16:00:20.458166Z TRACE tao::platform_impl::platform::window_delegate: Triggered `windowDidBecomeKey:`    
2024-06-04T16:00:20.458205Z TRACE tao::platform_impl::platform::window_delegate: Completed `windowDidBecomeKey:`    
2024-06-04T16:00:20.786048Z TRACE VirtualDom::rebuild:VirtualDom::create_scope{scope=ScopeId(0, "app") new_nodes=RenderReturn { node: Ok(VNode { vnode: VNodeInner { key: None, template: Cell { value: Template { name: "examples/suspense.rs:37:5:1230", roots: [Element { tag: "div", namespace: None, attrs: [], children: [Element { tag: "h1", namespace: None, attrs: [], children: [Text { text: "Dogs are very important" }] }, Element { tag: "p", namespace: None, attrs: [], children: [Text { text: "The dog or domestic dog (Canis familiaris[4][5] or Canis lupus familiaris[5])" }, Text { text: "is a domesticated descendant of the wolf which is characterized by an upturning tail." }, Text { text: "The dog derived from an ancient, extinct wolf,[6][7] and the modern grey wolf is the" }, Text { text: "dog's nearest living relative.[8] The dog was the first species to be domesticated,[9][8]" }, Text { text: "by hunter–gatherers over 15,000 years ago,[7] before the development of agriculture.[1]" }] }, Element { tag: "h3", namespace: None, attrs: [], children: [Text { text: "Illustrious Dog Photo" }] }, Dynamic { id: 0 }] }], node_paths: [[0, 3]], attr_paths: [] } }, dynamic_nodes: [Component(VComponent { name: "SuspenseBoundary" })], dynamic_attrs: [] }, mount: Cell { value: MountId(18446744073709551615) } }) } parent=None}: dioxus_core::diff::node: creating template self=VNode { vnode: VNodeInner { key: None, template: Cell { value: Template { name: "examples/suspense.rs:37:5:1230", roots: [Element { tag: "div", namespace: None, attrs: [], children: [Element { tag: "h1", namespace: None, attrs: [], children: [Text { text: "Dogs are very important" }] }, Element { tag: "p", namespace: None, attrs: [], children: [Text { text: "The dog or domestic dog (Canis familiaris[4][5] or Canis lupus familiaris[5])" }, Text { text: "is a domesticated descendant of the wolf which is characterized by an upturning tail." }, Text { text: "The dog derived from an ancient, extinct wolf,[6][7] and the modern grey wolf is the" }, Text { text: "dog's nearest living relative.[8] The dog was the first species to be domesticated,[9][8]" }, Text { text: "by hunter–gatherers over 15,000 years ago,[7] before the development of agriculture.[1]" }] }, Element { tag: "h3", namespace: None, attrs: [], children: [Text { text: "Illustrious Dog Photo" }] }, Dynamic { id: 0 }] }], node_paths: [[0, 3]], attr_paths: [] } }, dynamic_nodes: [Component(VComponent { name: "SuspenseBoundary" })], dynamic_attrs: [] }, mount: Cell { value: MountId(0) } } mount=MountId(0)
2024-06-04T16:00:20.786213Z TRACE VirtualDom::rebuild:VirtualDom::create_scope{scope=ScopeId(0, "app") new_nodes=RenderReturn { node: Ok(VNode { vnode: VNodeInner { key: None, template: Cell { value: Template { name: "examples/suspense.rs:37:5:1230", roots: [Element { tag: "div", namespace: None, attrs: [], children: [Element { tag: "h1", namespace: None, attrs: [], children: [Text { text: "Dogs are very important" }] }, Element { tag: "p", namespace: None, attrs: [], children: [Text { text: "The dog or domestic dog (Canis familiaris[4][5] or Canis lupus familiaris[5])" }, Text { text: "is a domesticated descendant of the wolf which is characterized by an upturning tail." }, Text { text: "The dog derived from an ancient, extinct wolf,[6][7] and the modern grey wolf is the" }, Text { text: "dog's nearest living relative.[8] The dog was the first species to be domesticated,[9][8]" }, Text { text: "by hunter–gatherers over 15,000 years ago,[7] before the development of agriculture.[1]" }] }, Element { tag: "h3", namespace: None, attrs: [], children: [Text { text: "Illustrious Dog Photo" }] }, Dynamic { id: 0 }] }], node_paths: [[0, 3]], attr_paths: [] } }, dynamic_nodes: [Component(VComponent { name: "SuspenseBoundary" })], dynamic_attrs: [] }, mount: Cell { value: MountId(18446744073709551615) } }) } parent=None}: dioxus_core::scope_arena: created scope ScopeId(1, "SuspenseBoundary") with parent Some(ScopeId(0, "app"))
2024-06-04T16:00:20.786269Z TRACE VirtualDom::rebuild:VirtualDom::create_scope{scope=ScopeId(0, "app") new_nodes=RenderReturn { node: Ok(VNode { vnode: VNodeInner { key: None, template: Cell { value: Template { name: "examples/suspense.rs:37:5:1230", roots: [Element { tag: "div", namespace: None, attrs: [], children: [Element { tag: "h1", namespace: None, attrs: [], children: [Text { text: "Dogs are very important" }] }, Element { tag: "p", namespace: None, attrs: [], children: [Text { text: "The dog or domestic dog (Canis familiaris[4][5] or Canis lupus familiaris[5])" }, Text { text: "is a domesticated descendant of the wolf which is characterized by an upturning tail." }, Text { text: "The dog derived from an ancient, extinct wolf,[6][7] and the modern grey wolf is the" }, Text { text: "dog's nearest living relative.[8] The dog was the first species to be domesticated,[9][8]" }, Text { text: "by hunter–gatherers over 15,000 years ago,[7] before the development of agriculture.[1]" }] }, Element { tag: "h3", namespace: None, attrs: [], children: [Text { text: "Illustrious Dog Photo" }] }, Dynamic { id: 0 }] }], node_paths: [[0, 3]], attr_paths: [] } }, dynamic_nodes: [Component(VComponent { name: "SuspenseBoundary" })], dynamic_attrs: [] }, mount: Cell { value: MountId(18446744073709551615) } }) } parent=None}: dioxus_core::scope_context: providing context dioxus_core::suspense::SuspenseContext (TypeId { t: (4533244013398082440, 10897659798729036060) }) in SuspenseBoundary
2024-06-04T16:00:20.786289Z TRACE VirtualDom::rebuild:VirtualDom::create_scope{scope=ScopeId(0, "app") new_nodes=RenderReturn { node: Ok(VNode { vnode: VNodeInner { key: None, template: Cell { value: Template { name: "examples/suspense.rs:37:5:1230", roots: [Element { tag: "div", namespace: None, attrs: [], children: [Element { tag: "h1", namespace: None, attrs: [], children: [Text { text: "Dogs are very important" }] }, Element { tag: "p", namespace: None, attrs: [], children: [Text { text: "The dog or domestic dog (Canis familiaris[4][5] or Canis lupus familiaris[5])" }, Text { text: "is a domesticated descendant of the wolf which is characterized by an upturning tail." }, Text { text: "The dog derived from an ancient, extinct wolf,[6][7] and the modern grey wolf is the" }, Text { text: "dog's nearest living relative.[8] The dog was the first species to be domesticated,[9][8]" }, Text { text: "by hunter–gatherers over 15,000 years ago,[7] before the development of agriculture.[1]" }] }, Element { tag: "h3", namespace: None, attrs: [], children: [Text { text: "Illustrious Dog Photo" }] }, Dynamic { id: 0 }] }], node_paths: [[0, 3]], attr_paths: [] } }, dynamic_nodes: [Component(VComponent { name: "SuspenseBoundary" })], dynamic_attrs: [] }, mount: Cell { value: MountId(18446744073709551615) } }) } parent=None}: dioxus_core::scope_context: looking for context dioxus_core::suspense::SuspenseContext (TypeId { t: (4533244013398082440, 10897659798729036060) }) in SuspenseBoundary
2024-06-04T16:00:20.786336Z TRACE VirtualDom::rebuild:VirtualDom::create_scope{scope=ScopeId(0, "app") new_nodes=RenderReturn { node: Ok(VNode { vnode: VNodeInner { key: None, template: Cell { value: Template { name: "examples/suspense.rs:37:5:1230", roots: [Element { tag: "div", namespace: None, attrs: [], children: [Element { tag: "h1", namespace: None, attrs: [], children: [Text { text: "Dogs are very important" }] }, Element { tag: "p", namespace: None, attrs: [], children: [Text { text: "The dog or domestic dog (Canis familiaris[4][5] or Canis lupus familiaris[5])" }, Text { text: "is a domesticated descendant of the wolf which is characterized by an upturning tail." }, Text { text: "The dog derived from an ancient, extinct wolf,[6][7] and the modern grey wolf is the" }, Text { text: "dog's nearest living relative.[8] The dog was the first species to be domesticated,[9][8]" }, Text { text: "by hunter–gatherers over 15,000 years ago,[7] before the development of agriculture.[1]" }] }, Element { tag: "h3", namespace: None, attrs: [], children: [Text { text: "Illustrious Dog Photo" }] }, Dynamic { id: 0 }] }], node_paths: [[0, 3]], attr_paths: [] } }, dynamic_nodes: [Component(VComponent { name: "SuspenseBoundary" })], dynamic_attrs: [] }, mount: Cell { value: MountId(18446744073709551615) } }) } parent=None}: dioxus_core::diff::node: creating template self=VNode { vnode: VNodeInner { key: None, template: Cell { value: Template { name: ":281:0:0", roots: [Dynamic { id: 0 }], node_paths: [[0]], attr_paths: [] } }, dynamic_nodes: [Component(VComponent { name: "FrozenContext" })], dynamic_attrs: [] }, mount: Cell { value: MountId(1) } } mount=MountId(1)
2024-06-04T16:00:20.786388Z TRACE VirtualDom::rebuild:VirtualDom::create_scope{scope=ScopeId(0, "app") new_nodes=RenderReturn { node: Ok(VNode { vnode: VNodeInner { key: None, template: Cell { value: Template { name: "examples/suspense.rs:37:5:1230", roots: [Element { tag: "div", namespace: None, attrs: [], children: [Element { tag: "h1", namespace: None, attrs: [], children: [Text { text: "Dogs are very important" }] }, Element { tag: "p", namespace: None, attrs: [], children: [Text { text: "The dog or domestic dog (Canis familiaris[4][5] or Canis lupus familiaris[5])" }, Text { text: "is a domesticated descendant of the wolf which is characterized by an upturning tail." }, Text { text: "The dog derived from an ancient, extinct wolf,[6][7] and the modern grey wolf is the" }, Text { text: "dog's nearest living relative.[8] The dog was the first species to be domesticated,[9][8]" }, Text { text: "by hunter–gatherers over 15,000 years ago,[7] before the development of agriculture.[1]" }] }, Element { tag: "h3", namespace: None, attrs: [], children: [Text { text: "Illustrious Dog Photo" }] }, Dynamic { id: 0 }] }], node_paths: [[0, 3]], attr_paths: [] } }, dynamic_nodes: [Component(VComponent { name: "SuspenseBoundary" })], dynamic_attrs: [] }, mount: Cell { value: MountId(18446744073709551615) } }) } parent=None}: dioxus_core::scope_arena: created scope ScopeId(2, "FrozenContext") with parent Some(ScopeId(1, "SuspenseBoundary"))
2024-06-04T16:00:20.786414Z TRACE VirtualDom::rebuild:VirtualDom::create_scope{scope=ScopeId(0, "app") new_nodes=RenderReturn { node: Ok(VNode { vnode: VNodeInner { key: None, template: Cell { value: Template { name: "examples/suspense.rs:37:5:1230", roots: [Element { tag: "div", namespace: None, attrs: [], children: [Element { tag: "h1", namespace: None, attrs: [], children: [Text { text: "Dogs are very important" }] }, Element { tag: "p", namespace: None, attrs: [], children: [Text { text: "The dog or domestic dog (Canis familiaris[4][5] or Canis lupus familiaris[5])" }, Text { text: "is a domesticated descendant of the wolf which is characterized by an upturning tail." }, Text { text: "The dog derived from an ancient, extinct wolf,[6][7] and the modern grey wolf is the" }, Text { text: "dog's nearest living relative.[8] The dog was the first species to be domesticated,[9][8]" }, Text { text: "by hunter–gatherers over 15,000 years ago,[7] before the development of agriculture.[1]" }] }, Element { tag: "h3", namespace: None, attrs: [], children: [Text { text: "Illustrious Dog Photo" }] }, Dynamic { id: 0 }] }], node_paths: [[0, 3]], attr_paths: [] } }, dynamic_nodes: [Component(VComponent { name: "SuspenseBoundary" })], dynamic_attrs: [] }, mount: Cell { value: MountId(18446744073709551615) } }) } parent=None}:render{scope=FrozenContext}: dioxus_core::scope_context: looking for context dioxus_core::suspense::SuspenseContext (TypeId { t: (4533244013398082440, 10897659798729036060) }) in FrozenContext
2024-06-04T16:00:20.786434Z TRACE VirtualDom::rebuild:VirtualDom::create_scope{scope=ScopeId(0, "app") new_nodes=RenderReturn { node: Ok(VNode { vnode: VNodeInner { key: None, template: Cell { value: Template { name: "examples/suspense.rs:37:5:1230", roots: [Element { tag: "div", namespace: None, attrs: [], children: [Element { tag: "h1", namespace: None, attrs: [], children: [Text { text: "Dogs are very important" }] }, Element { tag: "p", namespace: None, attrs: [], children: [Text { text: "The dog or domestic dog (Canis familiaris[4][5] or Canis lupus familiaris[5])" }, Text { text: "is a domesticated descendant of the wolf which is characterized by an upturning tail." }, Text { text: "The dog derived from an ancient, extinct wolf,[6][7] and the modern grey wolf is the" }, Text { text: "dog's nearest living relative.[8] The dog was the first species to be domesticated,[9][8]" }, Text { text: "by hunter–gatherers over 15,000 years ago,[7] before the development of agriculture.[1]" }] }, Element { tag: "h3", namespace: None, attrs: [], children: [Text { text: "Illustrious Dog Photo" }] }, Dynamic { id: 0 }] }], node_paths: [[0, 3]], attr_paths: [] } }, dynamic_nodes: [Component(VComponent { name: "SuspenseBoundary" })], dynamic_attrs: [] }, mount: Cell { value: MountId(18446744073709551615) } }) } parent=None}:render{scope=FrozenContext}: dioxus_core::scope_context: looking for context dioxus_core::suspense::SuspenseContext (TypeId { t: (4533244013398082440, 10897659798729036060) }) in SuspenseBoundary
2024-06-04T16:00:20.786467Z TRACE VirtualDom::rebuild:VirtualDom::create_scope{scope=ScopeId(0, "app") new_nodes=RenderReturn { node: Ok(VNode { vnode: VNodeInner { key: None, template: Cell { value: Template { name: "examples/suspense.rs:37:5:1230", roots: [Element { tag: "div", namespace: None, attrs: [], children: [Element { tag: "h1", namespace: None, attrs: [], children: [Text { text: "Dogs are very important" }] }, Element { tag: "p", namespace: None, attrs: [], children: [Text { text: "The dog or domestic dog (Canis familiaris[4][5] or Canis lupus familiaris[5])" }, Text { text: "is a domesticated descendant of the wolf which is characterized by an upturning tail." }, Text { text: "The dog derived from an ancient, extinct wolf,[6][7] and the modern grey wolf is the" }, Text { text: "dog's nearest living relative.[8] The dog was the first species to be domesticated,[9][8]" }, Text { text: "by hunter–gatherers over 15,000 years ago,[7] before the development of agriculture.[1]" }] }, Element { tag: "h3", namespace: None, attrs: [], children: [Text { text: "Illustrious Dog Photo" }] }, Dynamic { id: 0 }] }], node_paths: [[0, 3]], attr_paths: [] } }, dynamic_nodes: [Component(VComponent { name: "SuspenseBoundary" })], dynamic_attrs: [] }, mount: Cell { value: MountId(18446744073709551615) } }) } parent=None}:render{scope=FrozenContext}: dioxus_core::scope_context: found context TypeId { t: (4533244013398082440, 10897659798729036060) }
2024-06-04T16:00:20.786485Z TRACE VirtualDom::rebuild:VirtualDom::create_scope{scope=ScopeId(0, "app") new_nodes=RenderReturn { node: Ok(VNode { vnode: VNodeInner { key: None, template: Cell { value: Template { name: "examples/suspense.rs:37:5:1230", roots: [Element { tag: "div", namespace: None, attrs: [], children: [Element { tag: "h1", namespace: None, attrs: [], children: [Text { text: "Dogs are very important" }] }, Element { tag: "p", namespace: None, attrs: [], children: [Text { text: "The dog or domestic dog (Canis familiaris[4][5] or Canis lupus familiaris[5])" }, Text { text: "is a domesticated descendant of the wolf which is characterized by an upturning tail." }, Text { text: "The dog derived from an ancient, extinct wolf,[6][7] and the modern grey wolf is the" }, Text { text: "dog's nearest living relative.[8] The dog was the first species to be domesticated,[9][8]" }, Text { text: "by hunter–gatherers over 15,000 years ago,[7] before the development of agriculture.[1]" }] }, Element { tag: "h3", namespace: None, attrs: [], children: [Text { text: "Illustrious Dog Photo" }] }, Dynamic { id: 0 }] }], node_paths: [[0, 3]], attr_paths: [] } }, dynamic_nodes: [Component(VComponent { name: "SuspenseBoundary" })], dynamic_attrs: [] }, mount: Cell { value: MountId(18446744073709551615) } }) } parent=None}:render{scope=FrozenContext}: dioxus_core::scope_context: providing context dioxus_core::suspense::FrozenContext (TypeId { t: (9286496122914249738, 8586425926625933774) }) in FrozenContext
2024-06-04T16:00:20.786545Z TRACE VirtualDom::rebuild:VirtualDom::create_scope{scope=ScopeId(0, "app") new_nodes=RenderReturn { node: Ok(VNode { vnode: VNodeInner { key: None, template: Cell { value: Template { name: "examples/suspense.rs:37:5:1230", roots: [Element { tag: "div", namespace: None, attrs: [], children: [Element { tag: "h1", namespace: None, attrs: [], children: [Text { text: "Dogs are very important" }] }, Element { tag: "p", namespace: None, attrs: [], children: [Text { text: "The dog or domestic dog (Canis familiaris[4][5] or Canis lupus familiaris[5])" }, Text { text: "is a domesticated descendant of the wolf which is characterized by an upturning tail." }, Text { text: "The dog derived from an ancient, extinct wolf,[6][7] and the modern grey wolf is the" }, Text { text: "dog's nearest living relative.[8] The dog was the first species to be domesticated,[9][8]" }, Text { text: "by hunter–gatherers over 15,000 years ago,[7] before the development of agriculture.[1]" }] }, Element { tag: "h3", namespace: None, attrs: [], children: [Text { text: "Illustrious Dog Photo" }] }, Dynamic { id: 0 }] }], node_paths: [[0, 3]], attr_paths: [] } }, dynamic_nodes: [Component(VComponent { name: "SuspenseBoundary" })], dynamic_attrs: [] }, mount: Cell { value: MountId(18446744073709551615) } }) } parent=None}:VirtualDom::create_scope{scope=ScopeId(2, "FrozenContext") new_nodes=RenderReturn { node: Ok(VNode { vnode: VNodeInner { key: None, template: Cell { value: Template { name: ":409:0:0", roots: [Dynamic { id: 0 }], node_paths: [[0]], attr_paths: [] } }, dynamic_nodes: [Fragment([VNode { vnode: VNodeInner { key: None, template: Cell { value: Template { name: "examples/suspense.rs:37:5:2144", roots: [Dynamic { id: 0 }, Dynamic { id: 1 }], node_paths: [[0], [1]], attr_paths: [] } }, dynamic_nodes: [Component(VComponent { name: "Doggo" }), Component(VComponent { name: "Doggo" })], dynamic_attrs: [] }, mount: Cell { value: MountId(18446744073709551615) } }])], dynamic_attrs: [] }, mount: Cell { value: MountId(18446744073709551615) } }) } parent=Some(ElementRef { path: ElementPath { path: [0] }, mount: MountId(1) })}: dioxus_core::diff::node: creating template self=VNode { vnode: VNodeInner { key: None, template: Cell { value: Template { name: ":409:0:0", roots: [Dynamic { id: 0 }], node_paths: [[0]], attr_paths: [] } }, dynamic_nodes: [Fragment([VNode { vnode: VNodeInner { key: None, template: Cell { value: Template { name: "examples/suspense.rs:37:5:2144", roots: [Dynamic { id: 0 }, Dynamic { id: 1 }], node_paths: [[0], [1]], attr_paths: [] } }, dynamic_nodes: [Component(VComponent { name: "Doggo" }), Component(VComponent { name: "Doggo" })], dynamic_attrs: [] }, mount: Cell { value: MountId(18446744073709551615) } }])], dynamic_attrs: [] }, mount: Cell { value: MountId(2) } } mount=MountId(2)
2024-06-04T16:00:20.786579Z TRACE VirtualDom::rebuild:VirtualDom::create_scope{scope=ScopeId(0, "app") new_nodes=RenderReturn { node: Ok(VNode { vnode: VNodeInner { key: None, template: Cell { value: Template { name: "examples/suspense.rs:37:5:1230", roots: [Element { tag: "div", namespace: None, attrs: [], children: [Element { tag: "h1", namespace: None, attrs: [], children: [Text { text: "Dogs are very important" }] }, Element { tag: "p", namespace: None, attrs: [], children: [Text { text: "The dog or domestic dog (Canis familiaris[4][5] or Canis lupus familiaris[5])" }, Text { text: "is a domesticated descendant of the wolf which is characterized by an upturning tail." }, Text { text: "The dog derived from an ancient, extinct wolf,[6][7] and the modern grey wolf is the" }, Text { text: "dog's nearest living relative.[8] The dog was the first species to be domesticated,[9][8]" }, Text { text: "by hunter–gatherers over 15,000 years ago,[7] before the development of agriculture.[1]" }] }, Element { tag: "h3", namespace: None, attrs: [], children: [Text { text: "Illustrious Dog Photo" }] }, Dynamic { id: 0 }] }], node_paths: [[0, 3]], attr_paths: [] } }, dynamic_nodes: [Component(VComponent { name: "SuspenseBoundary" })], dynamic_attrs: [] }, mount: Cell { value: MountId(18446744073709551615) } }) } parent=None}:VirtualDom::create_scope{scope=ScopeId(2, "FrozenContext") new_nodes=RenderReturn { node: Ok(VNode { vnode: VNodeInner { key: None, template: Cell { value: Template { name: ":409:0:0", roots: [Dynamic { id: 0 }], node_paths: [[0]], attr_paths: [] } }, dynamic_nodes: [Fragment([VNode { vnode: VNodeInner { key: None, template: Cell { value: Template { name: "examples/suspense.rs:37:5:2144", roots: [Dynamic { id: 0 }, Dynamic { id: 1 }], node_paths: [[0], [1]], attr_paths: [] } }, dynamic_nodes: [Component(VComponent { name: "Doggo" }), Component(VComponent { name: "Doggo" })], dynamic_attrs: [] }, mount: Cell { value: MountId(18446744073709551615) } }])], dynamic_attrs: [] }, mount: Cell { value: MountId(18446744073709551615) } }) } parent=Some(ElementRef { path: ElementPath { path: [0] }, mount: MountId(1) })}: dioxus_core::diff::node: creating template self=VNode { vnode: VNodeInner { key: None, template: Cell { value: Template { name: "examples/suspense.rs:37:5:2144", roots: [Dynamic { id: 0 }, Dynamic { id: 1 }], node_paths: [[0], [1]], attr_paths: [] } }, dynamic_nodes: [Component(VComponent { name: "Doggo" }), Component(VComponent { name: "Doggo" })], dynamic_attrs: [] }, mount: Cell { value: MountId(3) } } mount=MountId(3)
2024-06-04T16:00:20.786627Z TRACE VirtualDom::rebuild:VirtualDom::create_scope{scope=ScopeId(0, "app") new_nodes=RenderReturn { node: Ok(VNode { vnode: VNodeInner { key: None, template: Cell { value: Template { name: "examples/suspense.rs:37:5:1230", roots: [Element { tag: "div", namespace: None, attrs: [], children: [Element { tag: "h1", namespace: None, attrs: [], children: [Text { text: "Dogs are very important" }] }, Element { tag: "p", namespace: None, attrs: [], children: [Text { text: "The dog or domestic dog (Canis familiaris[4][5] or Canis lupus familiaris[5])" }, Text { text: "is a domesticated descendant of the wolf which is characterized by an upturning tail." }, Text { text: "The dog derived from an ancient, extinct wolf,[6][7] and the modern grey wolf is the" }, Text { text: "dog's nearest living relative.[8] The dog was the first species to be domesticated,[9][8]" }, Text { text: "by hunter–gatherers over 15,000 years ago,[7] before the development of agriculture.[1]" }] }, Element { tag: "h3", namespace: None, attrs: [], children: [Text { text: "Illustrious Dog Photo" }] }, Dynamic { id: 0 }] }], node_paths: [[0, 3]], attr_paths: [] } }, dynamic_nodes: [Component(VComponent { name: "SuspenseBoundary" })], dynamic_attrs: [] }, mount: Cell { value: MountId(18446744073709551615) } }) } parent=None}:VirtualDom::create_scope{scope=ScopeId(2, "FrozenContext") new_nodes=RenderReturn { node: Ok(VNode { vnode: VNodeInner { key: None, template: Cell { value: Template { name: ":409:0:0", roots: [Dynamic { id: 0 }], node_paths: [[0]], attr_paths: [] } }, dynamic_nodes: [Fragment([VNode { vnode: VNodeInner { key: None, template: Cell { value: Template { name: "examples/suspense.rs:37:5:2144", roots: [Dynamic { id: 0 }, Dynamic { id: 1 }], node_paths: [[0], [1]], attr_paths: [] } }, dynamic_nodes: [Component(VComponent { name: "Doggo" }), Component(VComponent { name: "Doggo" })], dynamic_attrs: [] }, mount: Cell { value: MountId(18446744073709551615) } }])], dynamic_attrs: [] }, mount: Cell { value: MountId(18446744073709551615) } }) } parent=Some(ElementRef { path: ElementPath { path: [0] }, mount: MountId(1) })}: dioxus_core::scope_arena: created scope ScopeId(3, "Doggo") with parent Some(ScopeId(2, "FrozenContext"))
2024-06-04T16:00:20.786683Z TRACE VirtualDom::rebuild:VirtualDom::create_scope{scope=ScopeId(0, "app") new_nodes=RenderReturn { node: Ok(VNode { vnode: VNodeInner { key: None, template: Cell { value: Template { name: "examples/suspense.rs:37:5:1230", roots: [Element { tag: "div", namespace: None, attrs: [], children: [Element { tag: "h1", namespace: None, attrs: [], children: [Text { text: "Dogs are very important" }] }, Element { tag: "p", namespace: None, attrs: [], children: [Text { text: "The dog or domestic dog (Canis familiaris[4][5] or Canis lupus familiaris[5])" }, Text { text: "is a domesticated descendant of the wolf which is characterized by an upturning tail." }, Text { text: "The dog derived from an ancient, extinct wolf,[6][7] and the modern grey wolf is the" }, Text { text: "dog's nearest living relative.[8] The dog was the first species to be domesticated,[9][8]" }, Text { text: "by hunter–gatherers over 15,000 years ago,[7] before the development of agriculture.[1]" }] }, Element { tag: "h3", namespace: None, attrs: [], children: [Text { text: "Illustrious Dog Photo" }] }, Dynamic { id: 0 }] }], node_paths: [[0, 3]], attr_paths: [] } }, dynamic_nodes: [Component(VComponent { name: "SuspenseBoundary" })], dynamic_attrs: [] }, mount: Cell { value: MountId(18446744073709551615) } }) } parent=None}:VirtualDom::create_scope{scope=ScopeId(2, "FrozenContext") new_nodes=RenderReturn { node: Ok(VNode { vnode: VNodeInner { key: None, template: Cell { value: Template { name: ":409:0:0", roots: [Dynamic { id: 0 }], node_paths: [[0]], attr_paths: [] } }, dynamic_nodes: [Fragment([VNode { vnode: VNodeInner { key: None, template: Cell { value: Template { name: "examples/suspense.rs:37:5:2144", roots: [Dynamic { id: 0 }, Dynamic { id: 1 }], node_paths: [[0], [1]], attr_paths: [] } }, dynamic_nodes: [Component(VComponent { name: "Doggo" }), Component(VComponent { name: "Doggo" })], dynamic_attrs: [] }, mount: Cell { value: MountId(18446744073709551615) } }])], dynamic_attrs: [] }, mount: Cell { value: MountId(18446744073709551615) } }) } parent=Some(ElementRef { path: ElementPath { path: [0] }, mount: MountId(1) })}:render{scope=Doggo}: dioxus_core::tasks: spawned new task Task { id: 0, unsend: PhantomData<*const ()> } on scope ScopeId(3, "Doggo")
2024-06-04T16:00:20.786806Z TRACE VirtualDom::rebuild:VirtualDom::create_scope{scope=ScopeId(0, "app") new_nodes=RenderReturn { node: Ok(VNode { vnode: VNodeInner { key: None, template: Cell { value: Template { name: "examples/suspense.rs:37:5:1230", roots: [Element { tag: "div", namespace: None, attrs: [], children: [Element { tag: "h1", namespace: None, attrs: [], children: [Text { text: "Dogs are very important" }] }, Element { tag: "p", namespace: None, attrs: [], children: [Text { text: "The dog or domestic dog (Canis familiaris[4][5] or Canis lupus familiaris[5])" }, Text { text: "is a domesticated descendant of the wolf which is characterized by an upturning tail." }, Text { text: "The dog derived from an ancient, extinct wolf,[6][7] and the modern grey wolf is the" }, Text { text: "dog's nearest living relative.[8] The dog was the first species to be domesticated,[9][8]" }, Text { text: "by hunter–gatherers over 15,000 years ago,[7] before the development of agriculture.[1]" }] }, Element { tag: "h3", namespace: None, attrs: [], children: [Text { text: "Illustrious Dog Photo" }] }, Dynamic { id: 0 }] }], node_paths: [[0, 3]], attr_paths: [] } }, dynamic_nodes: [Component(VComponent { name: "SuspenseBoundary" })], dynamic_attrs: [] }, mount: Cell { value: MountId(18446744073709551615) } }) } parent=None}:VirtualDom::create_scope{scope=ScopeId(2, "FrozenContext") new_nodes=RenderReturn { node: Ok(VNode { vnode: VNodeInner { key: None, template: Cell { value: Template { name: ":409:0:0", roots: [Dynamic { id: 0 }], node_paths: [[0]], attr_paths: [] } }, dynamic_nodes: [Fragment([VNode { vnode: VNodeInner { key: None, template: Cell { value: Template { name: "examples/suspense.rs:37:5:2144", roots: [Dynamic { id: 0 }, Dynamic { id: 1 }], node_paths: [[0], [1]], attr_paths: [] } }, dynamic_nodes: [Component(VComponent { name: "Doggo" }), Component(VComponent { name: "Doggo" })], dynamic_attrs: [] }, mount: Cell { value: MountId(18446744073709551615) } }])], dynamic_attrs: [] }, mount: Cell { value: MountId(18446744073709551615) } }) } parent=Some(ElementRef { path: ElementPath { path: [0] }, mount: MountId(1) })}:render{scope=Doggo}: dioxus_core::scope_context: providing context generational_box::Owner (TypeId { t: (12863128315404290460, 10765676081690244856) }) in Doggo
2024-06-04T16:00:20.786875Z TRACE VirtualDom::rebuild:VirtualDom::create_scope{scope=ScopeId(0, "app") new_nodes=RenderReturn { node: Ok(VNode { vnode: VNodeInner { key: None, template: Cell { value: Template { name: "examples/suspense.rs:37:5:1230", roots: [Element { tag: "div", namespace: None, attrs: [], children: [Element { tag: "h1", namespace: None, attrs: [], children: [Text { text: "Dogs are very important" }] }, Element { tag: "p", namespace: None, attrs: [], children: [Text { text: "The dog or domestic dog (Canis familiaris[4][5] or Canis lupus familiaris[5])" }, Text { text: "is a domesticated descendant of the wolf which is characterized by an upturning tail." }, Text { text: "The dog derived from an ancient, extinct wolf,[6][7] and the modern grey wolf is the" }, Text { text: "dog's nearest living relative.[8] The dog was the first species to be domesticated,[9][8]" }, Text { text: "by hunter–gatherers over 15,000 years ago,[7] before the development of agriculture.[1]" }] }, Element { tag: "h3", namespace: None, attrs: [], children: [Text { text: "Illustrious Dog Photo" }] }, Dynamic { id: 0 }] }], node_paths: [[0, 3]], attr_paths: [] } }, dynamic_nodes: [Component(VComponent { name: "SuspenseBoundary" })], dynamic_attrs: [] }, mount: Cell { value: MountId(18446744073709551615) } }) } parent=None}:VirtualDom::create_scope{scope=ScopeId(2, "FrozenContext") new_nodes=RenderReturn { node: Ok(VNode { vnode: VNodeInner { key: None, template: Cell { value: Template { name: ":409:0:0", roots: [Dynamic { id: 0 }], node_paths: [[0]], attr_paths: [] } }, dynamic_nodes: [Fragment([VNode { vnode: VNodeInner { key: None, template: Cell { value: Template { name: "examples/suspense.rs:37:5:2144", roots: [Dynamic { id: 0 }, Dynamic { id: 1 }], node_paths: [[0], [1]], attr_paths: [] } }, dynamic_nodes: [Component(VComponent { name: "Doggo" }), Component(VComponent { name: "Doggo" })], dynamic_attrs: [] }, mount: Cell { value: MountId(18446744073709551615) } }])], dynamic_attrs: [] }, mount: Cell { value: MountId(18446744073709551615) } }) } parent=Some(ElementRef { path: ElementPath { path: [0] }, mount: MountId(1) })}:render{scope=Doggo}: dioxus_core::scope_context: providing context generational_box::Owner<generational_box::sync::SyncStorage> (TypeId { t: (7452056554644511983, 16333551252200192080) }) in Doggo
2024-06-04T16:00:20.786958Z TRACE VirtualDom::rebuild:VirtualDom::create_scope{scope=ScopeId(0, "app") new_nodes=RenderReturn { node: Ok(VNode { vnode: VNodeInner { key: None, template: Cell { value: Template { name: "examples/suspense.rs:37:5:1230", roots: [Element { tag: "div", namespace: None, attrs: [], children: [Element { tag: "h1", namespace: None, attrs: [], children: [Text { text: "Dogs are very important" }] }, Element { tag: "p", namespace: None, attrs: [], children: [Text { text: "The dog or domestic dog (Canis familiaris[4][5] or Canis lupus familiaris[5])" }, Text { text: "is a domesticated descendant of the wolf which is characterized by an upturning tail." }, Text { text: "The dog derived from an ancient, extinct wolf,[6][7] and the modern grey wolf is the" }, Text { text: "dog's nearest living relative.[8] The dog was the first species to be domesticated,[9][8]" }, Text { text: "by hunter–gatherers over 15,000 years ago,[7] before the development of agriculture.[1]" }] }, Element { tag: "h3", namespace: None, attrs: [], children: [Text { text: "Illustrious Dog Photo" }] }, Dynamic { id: 0 }] }], node_paths: [[0, 3]], attr_paths: [] } }, dynamic_nodes: [Component(VComponent { name: "SuspenseBoundary" })], dynamic_attrs: [] }, mount: Cell { value: MountId(18446744073709551615) } }) } parent=None}:VirtualDom::create_scope{scope=ScopeId(2, "FrozenContext") new_nodes=RenderReturn { node: Ok(VNode { vnode: VNodeInner { key: None, template: Cell { value: Template { name: ":409:0:0", roots: [Dynamic { id: 0 }], node_paths: [[0]], attr_paths: [] } }, dynamic_nodes: [Fragment([VNode { vnode: VNodeInner { key: None, template: Cell { value: Template { name: "examples/suspense.rs:37:5:2144", roots: [Dynamic { id: 0 }, Dynamic { id: 1 }], node_paths: [[0], [1]], attr_paths: [] } }, dynamic_nodes: [Component(VComponent { name: "Doggo" }), Component(VComponent { name: "Doggo" })], dynamic_attrs: [] }, mount: Cell { value: MountId(18446744073709551615) } }])], dynamic_attrs: [] }, mount: Cell { value: MountId(18446744073709551615) } }) } parent=Some(ElementRef { path: ElementPath { path: [0] }, mount: MountId(1) })}:render{scope=Doggo}: dioxus_core::tasks: spawned new task Task { id: 1, unsend: PhantomData<*const ()> } on scope ScopeId(3, "Doggo")
2024-06-04T16:00:20.787020Z TRACE VirtualDom::rebuild:VirtualDom::create_scope{scope=ScopeId(0, "app") new_nodes=RenderReturn { node: Ok(VNode { vnode: VNodeInner { key: None, template: Cell { value: Template { name: "examples/suspense.rs:37:5:1230", roots: [Element { tag: "div", namespace: None, attrs: [], children: [Element { tag: "h1", namespace: None, attrs: [], children: [Text { text: "Dogs are very important" }] }, Element { tag: "p", namespace: None, attrs: [], children: [Text { text: "The dog or domestic dog (Canis familiaris[4][5] or Canis lupus familiaris[5])" }, Text { text: "is a domesticated descendant of the wolf which is characterized by an upturning tail." }, Text { text: "The dog derived from an ancient, extinct wolf,[6][7] and the modern grey wolf is the" }, Text { text: "dog's nearest living relative.[8] The dog was the first species to be domesticated,[9][8]" }, Text { text: "by hunter–gatherers over 15,000 years ago,[7] before the development of agriculture.[1]" }] }, Element { tag: "h3", namespace: None, attrs: [], children: [Text { text: "Illustrious Dog Photo" }] }, Dynamic { id: 0 }] }], node_paths: [[0, 3]], attr_paths: [] } }, dynamic_nodes: [Component(VComponent { name: "SuspenseBoundary" })], dynamic_attrs: [] }, mount: Cell { value: MountId(18446744073709551615) } }) } parent=None}:VirtualDom::create_scope{scope=ScopeId(2, "FrozenContext") new_nodes=RenderReturn { node: Ok(VNode { vnode: VNodeInner { key: None, template: Cell { value: Template { name: ":409:0:0", roots: [Dynamic { id: 0 }], node_paths: [[0]], attr_paths: [] } }, dynamic_nodes: [Fragment([VNode { vnode: VNodeInner { key: None, template: Cell { value: Template { name: "examples/suspense.rs:37:5:2144", roots: [Dynamic { id: 0 }, Dynamic { id: 1 }], node_paths: [[0], [1]], attr_paths: [] } }, dynamic_nodes: [Component(VComponent { name: "Doggo" }), Component(VComponent { name: "Doggo" })], dynamic_attrs: [] }, mount: Cell { value: MountId(18446744073709551615) } }])], dynamic_attrs: [] }, mount: Cell { value: MountId(18446744073709551615) } }) } parent=Some(ElementRef { path: ElementPath { path: [0] }, mount: MountId(1) })}:render{scope=Doggo}: dioxus_signals::signal: Write on signal at /Users/evanalmloff/Desktop/Github/dioxus/packages/hooks/src/use_resource.rs:113:14 finished, updating subscribers
2024-06-04T16:00:20.787039Z  WARN VirtualDom::rebuild:VirtualDom::create_scope{scope=ScopeId(0, "app") new_nodes=RenderReturn { node: Ok(VNode { vnode: VNodeInner { key: None, template: Cell { value: Template { name: "examples/suspense.rs:37:5:1230", roots: [Element { tag: "div", namespace: None, attrs: [], children: [Element { tag: "h1", namespace: None, attrs: [], children: [Text { text: "Dogs are very important" }] }, Element { tag: "p", namespace: None, attrs: [], children: [Text { text: "The dog or domestic dog (Canis familiaris[4][5] or Canis lupus familiaris[5])" }, Text { text: "is a domesticated descendant of the wolf which is characterized by an upturning tail." }, Text { text: "The dog derived from an ancient, extinct wolf,[6][7] and the modern grey wolf is the" }, Text { text: "dog's nearest living relative.[8] The dog was the first species to be domesticated,[9][8]" }, Text { text: "by hunter–gatherers over 15,000 years ago,[7] before the development of agriculture.[1]" }] }, Element { tag: "h3", namespace: None, attrs: [], children: [Text { text: "Illustrious Dog Photo" }] }, Dynamic { id: 0 }] }], node_paths: [[0, 3]], attr_paths: [] } }, dynamic_nodes: [Component(VComponent { name: "SuspenseBoundary" })], dynamic_attrs: [] }, mount: Cell { value: MountId(18446744073709551615) } }) } parent=None}:VirtualDom::create_scope{scope=ScopeId(2, "FrozenContext") new_nodes=RenderReturn { node: Ok(VNode { vnode: VNodeInner { key: None, template: Cell { value: Template { name: ":409:0:0", roots: [Dynamic { id: 0 }], node_paths: [[0]], attr_paths: [] } }, dynamic_nodes: [Fragment([VNode { vnode: VNodeInner { key: None, template: Cell { value: Template { name: "examples/suspense.rs:37:5:2144", roots: [Dynamic { id: 0 }, Dynamic { id: 1 }], node_paths: [[0], [1]], attr_paths: [] } }, dynamic_nodes: [Component(VComponent { name: "Doggo" }), Component(VComponent { name: "Doggo" })], dynamic_attrs: [] }, mount: Cell { value: MountId(18446744073709551615) } }])], dynamic_attrs: [] }, mount: Cell { value: MountId(18446744073709551615) } }) } parent=Some(ElementRef { path: ElementPath { path: [0] }, mount: MountId(1) })}:render{scope=Doggo}: dioxus_signals::signal: Write on signal at /Users/evanalmloff/Desktop/Github/dioxus/packages/hooks/src/use_resource.rs:113:14 happened while a component was running. Writing to signals during a render can cause infinite rerenders when you read the same signal in the component. Consider writing to the signal in an effect, future, or event handler if possible.
2024-06-04T16:00:20.787072Z TRACE VirtualDom::rebuild:VirtualDom::create_scope{scope=ScopeId(0, "app") new_nodes=RenderReturn { node: Ok(VNode { vnode: VNodeInner { key: None, template: Cell { value: Template { name: "examples/suspense.rs:37:5:1230", roots: [Element { tag: "div", namespace: None, attrs: [], children: [Element { tag: "h1", namespace: None, attrs: [], children: [Text { text: "Dogs are very important" }] }, Element { tag: "p", namespace: None, attrs: [], children: [Text { text: "The dog or domestic dog (Canis familiaris[4][5] or Canis lupus familiaris[5])" }, Text { text: "is a domesticated descendant of the wolf which is characterized by an upturning tail." }, Text { text: "The dog derived from an ancient, extinct wolf,[6][7] and the modern grey wolf is the" }, Text { text: "dog's nearest living relative.[8] The dog was the first species to be domesticated,[9][8]" }, Text { text: "by hunter–gatherers over 15,000 years ago,[7] before the development of agriculture.[1]" }] }, Element { tag: "h3", namespace: None, attrs: [], children: [Text { text: "Illustrious Dog Photo" }] }, Dynamic { id: 0 }] }], node_paths: [[0, 3]], attr_paths: [] } }, dynamic_nodes: [Component(VComponent { name: "SuspenseBoundary" })], dynamic_attrs: [] }, mount: Cell { value: MountId(18446744073709551615) } }) } parent=None}:VirtualDom::create_scope{scope=ScopeId(2, "FrozenContext") new_nodes=RenderReturn { node: Ok(VNode { vnode: VNodeInner { key: None, template: Cell { value: Template { name: ":409:0:0", roots: [Dynamic { id: 0 }], node_paths: [[0]], attr_paths: [] } }, dynamic_nodes: [Fragment([VNode { vnode: VNodeInner { key: None, template: Cell { value: Template { name: "examples/suspense.rs:37:5:2144", roots: [Dynamic { id: 0 }, Dynamic { id: 1 }], node_paths: [[0], [1]], attr_paths: [] } }, dynamic_nodes: [Component(VComponent { name: "Doggo" }), Component(VComponent { name: "Doggo" })], dynamic_attrs: [] }, mount: Cell { value: MountId(18446744073709551615) } }])], dynamic_attrs: [] }, mount: Cell { value: MountId(18446744073709551615) } }) } parent=Some(ElementRef { path: ElementPath { path: [0] }, mount: MountId(1) })}:render{scope=Doggo}: dioxus_core::scope_context: providing context dioxus_signals::reactive_context::ReactiveContext (TypeId { t: (13019811299087165817, 2870026167952394555) }) in Doggo
2024-06-04T16:00:20.787099Z TRACE VirtualDom::rebuild:VirtualDom::create_scope{scope=ScopeId(0, "app") new_nodes=RenderReturn { node: Ok(VNode { vnode: VNodeInner { key: None, template: Cell { value: Template { name: "examples/suspense.rs:37:5:1230", roots: [Element { tag: "div", namespace: None, attrs: [], children: [Element { tag: "h1", namespace: None, attrs: [], children: [Text { text: "Dogs are very important" }] }, Element { tag: "p", namespace: None, attrs: [], children: [Text { text: "The dog or domestic dog (Canis familiaris[4][5] or Canis lupus familiaris[5])" }, Text { text: "is a domesticated descendant of the wolf which is characterized by an upturning tail." }, Text { text: "The dog derived from an ancient, extinct wolf,[6][7] and the modern grey wolf is the" }, Text { text: "dog's nearest living relative.[8] The dog was the first species to be domesticated,[9][8]" }, Text { text: "by hunter–gatherers over 15,000 years ago,[7] before the development of agriculture.[1]" }] }, Element { tag: "h3", namespace: None, attrs: [], children: [Text { text: "Illustrious Dog Photo" }] }, Dynamic { id: 0 }] }], node_paths: [[0, 3]], attr_paths: [] } }, dynamic_nodes: [Component(VComponent { name: "SuspenseBoundary" })], dynamic_attrs: [] }, mount: Cell { value: MountId(18446744073709551615) } }) } parent=None}:VirtualDom::create_scope{scope=ScopeId(2, "FrozenContext") new_nodes=RenderReturn { node: Ok(VNode { vnode: VNodeInner { key: None, template: Cell { value: Template { name: ":409:0:0", roots: [Dynamic { id: 0 }], node_paths: [[0]], attr_paths: [] } }, dynamic_nodes: [Fragment([VNode { vnode: VNodeInner { key: None, template: Cell { value: Template { name: "examples/suspense.rs:37:5:2144", roots: [Dynamic { id: 0 }, Dynamic { id: 1 }], node_paths: [[0], [1]], attr_paths: [] } }, dynamic_nodes: [Component(VComponent { name: "Doggo" }), Component(VComponent { name: "Doggo" })], dynamic_attrs: [] }, mount: Cell { value: MountId(18446744073709551615) } }])], dynamic_attrs: [] }, mount: Cell { value: MountId(18446744073709551615) } }) } parent=Some(ElementRef { path: ElementPath { path: [0] }, mount: MountId(1) })}:render{scope=Doggo}: dioxus_core::tasks: spawned new task Task { id: 2, unsend: PhantomData<*const ()> } on scope ScopeId(3, "Doggo")
2024-06-04T16:00:20.787133Z TRACE VirtualDom::rebuild:VirtualDom::create_scope{scope=ScopeId(0, "app") new_nodes=RenderReturn { node: Ok(VNode { vnode: VNodeInner { key: None, template: Cell { value: Template { name: "examples/suspense.rs:37:5:1230", roots: [Element { tag: "div", namespace: None, attrs: [], children: [Element { tag: "h1", namespace: None, attrs: [], children: [Text { text: "Dogs are very important" }] }, Element { tag: "p", namespace: None, attrs: [], children: [Text { text: "The dog or domestic dog (Canis familiaris[4][5] or Canis lupus familiaris[5])" }, Text { text: "is a domesticated descendant of the wolf which is characterized by an upturning tail." }, Text { text: "The dog derived from an ancient, extinct wolf,[6][7] and the modern grey wolf is the" }, Text { text: "dog's nearest living relative.[8] The dog was the first species to be domesticated,[9][8]" }, Text { text: "by hunter–gatherers over 15,000 years ago,[7] before the development of agriculture.[1]" }] }, Element { tag: "h3", namespace: None, attrs: [], children: [Text { text: "Illustrious Dog Photo" }] }, Dynamic { id: 0 }] }], node_paths: [[0, 3]], attr_paths: [] } }, dynamic_nodes: [Component(VComponent { name: "SuspenseBoundary" })], dynamic_attrs: [] }, mount: Cell { value: MountId(18446744073709551615) } }) } parent=None}:VirtualDom::create_scope{scope=ScopeId(2, "FrozenContext") new_nodes=RenderReturn { node: Ok(VNode { vnode: VNodeInner { key: None, template: Cell { value: Template { name: ":409:0:0", roots: [Dynamic { id: 0 }], node_paths: [[0]], attr_paths: [] } }, dynamic_nodes: [Fragment([VNode { vnode: VNodeInner { key: None, template: Cell { value: Template { name: "examples/suspense.rs:37:5:2144", roots: [Dynamic { id: 0 }, Dynamic { id: 1 }], node_paths: [[0], [1]], attr_paths: [] } }, dynamic_nodes: [Component(VComponent { name: "Doggo" }), Component(VComponent { name: "Doggo" })], dynamic_attrs: [] }, mount: Cell { value: MountId(18446744073709551615) } }])], dynamic_attrs: [] }, mount: Cell { value: MountId(18446744073709551615) } }) } parent=Some(ElementRef { path: ElementPath { path: [0] }, mount: MountId(1) })}:render{scope=Doggo}: dioxus_signals::signal: Subscribing to the reactive context ReactiveContext(for scope: ScopeId(3, "Doggo"))
2024-06-04T16:00:20.787175Z TRACE VirtualDom::rebuild:VirtualDom::create_scope{scope=ScopeId(0, "app") new_nodes=RenderReturn { node: Ok(VNode { vnode: VNodeInner { key: None, template: Cell { value: Template { name: "examples/suspense.rs:37:5:1230", roots: [Element { tag: "div", namespace: None, attrs: [], children: [Element { tag: "h1", namespace: None, attrs: [], children: [Text { text: "Dogs are very important" }] }, Element { tag: "p", namespace: None, attrs: [], children: [Text { text: "The dog or domestic dog (Canis familiaris[4][5] or Canis lupus familiaris[5])" }, Text { text: "is a domesticated descendant of the wolf which is characterized by an upturning tail." }, Text { text: "The dog derived from an ancient, extinct wolf,[6][7] and the modern grey wolf is the" }, Text { text: "dog's nearest living relative.[8] The dog was the first species to be domesticated,[9][8]" }, Text { text: "by hunter–gatherers over 15,000 years ago,[7] before the development of agriculture.[1]" }] }, Element { tag: "h3", namespace: None, attrs: [], children: [Text { text: "Illustrious Dog Photo" }] }, Dynamic { id: 0 }] }], node_paths: [[0, 3]], attr_paths: [] } }, dynamic_nodes: [Component(VComponent { name: "SuspenseBoundary" })], dynamic_attrs: [] }, mount: Cell { value: MountId(18446744073709551615) } }) } parent=None}:VirtualDom::create_scope{scope=ScopeId(2, "FrozenContext") new_nodes=RenderReturn { node: Ok(VNode { vnode: VNodeInner { key: None, template: Cell { value: Template { name: ":409:0:0", roots: [Dynamic { id: 0 }], node_paths: [[0]], attr_paths: [] } }, dynamic_nodes: [Fragment([VNode { vnode: VNodeInner { key: None, template: Cell { value: Template { name: "examples/suspense.rs:37:5:2144", roots: [Dynamic { id: 0 }, Dynamic { id: 1 }], node_paths: [[0], [1]], attr_paths: [] } }, dynamic_nodes: [Component(VComponent { name: "Doggo" }), Component(VComponent { name: "Doggo" })], dynamic_attrs: [] }, mount: Cell { value: MountId(18446744073709551615) } }])], dynamic_attrs: [] }, mount: Cell { value: MountId(18446744073709551615) } }) } parent=Some(ElementRef { path: ElementPath { path: [0] }, mount: MountId(1) })}:render{scope=Doggo}: dioxus_signals::signal: Subscribing to the reactive context ReactiveContext(for scope: ScopeId(3, "Doggo"))
2024-06-04T16:00:20.787200Z TRACE VirtualDom::rebuild:VirtualDom::create_scope{scope=ScopeId(0, "app") new_nodes=RenderReturn { node: Ok(VNode { vnode: VNodeInner { key: None, template: Cell { value: Template { name: "examples/suspense.rs:37:5:1230", roots: [Element { tag: "div", namespace: None, attrs: [], children: [Element { tag: "h1", namespace: None, attrs: [], children: [Text { text: "Dogs are very important" }] }, Element { tag: "p", namespace: None, attrs: [], children: [Text { text: "The dog or domestic dog (Canis familiaris[4][5] or Canis lupus familiaris[5])" }, Text { text: "is a domesticated descendant of the wolf which is characterized by an upturning tail." }, Text { text: "The dog derived from an ancient, extinct wolf,[6][7] and the modern grey wolf is the" }, Text { text: "dog's nearest living relative.[8] The dog was the first species to be domesticated,[9][8]" }, Text { text: "by hunter–gatherers over 15,000 years ago,[7] before the development of agriculture.[1]" }] }, Element { tag: "h3", namespace: None, attrs: [], children: [Text { text: "Illustrious Dog Photo" }] }, Dynamic { id: 0 }] }], node_paths: [[0, 3]], attr_paths: [] } }, dynamic_nodes: [Component(VComponent { name: "SuspenseBoundary" })], dynamic_attrs: [] }, mount: Cell { value: MountId(18446744073709551615) } }) } parent=None}:VirtualDom::create_scope{scope=ScopeId(2, "FrozenContext") new_nodes=RenderReturn { node: Ok(VNode { vnode: VNodeInner { key: None, template: Cell { value: Template { name: ":409:0:0", roots: [Dynamic { id: 0 }], node_paths: [[0]], attr_paths: [] } }, dynamic_nodes: [Fragment([VNode { vnode: VNodeInner { key: None, template: Cell { value: Template { name: "examples/suspense.rs:37:5:2144", roots: [Dynamic { id: 0 }, Dynamic { id: 1 }], node_paths: [[0], [1]], attr_paths: [] } }, dynamic_nodes: [Component(VComponent { name: "Doggo" }), Component(VComponent { name: "Doggo" })], dynamic_attrs: [] }, mount: Cell { value: MountId(18446744073709551615) } }])], dynamic_attrs: [] }, mount: Cell { value: MountId(18446744073709551615) } }) } parent=Some(ElementRef { path: ElementPath { path: [0] }, mount: MountId(1) })}:render{scope=Doggo}: dioxus_core::scope_context: looking for context dioxus_core::suspense::SuspenseContext (TypeId { t: (4533244013398082440, 10897659798729036060) }) in Doggo
2024-06-04T16:00:20.787231Z TRACE VirtualDom::rebuild:VirtualDom::create_scope{scope=ScopeId(0, "app") new_nodes=RenderReturn { node: Ok(VNode { vnode: VNodeInner { key: None, template: Cell { value: Template { name: "examples/suspense.rs:37:5:1230", roots: [Element { tag: "div", namespace: None, attrs: [], children: [Element { tag: "h1", namespace: None, attrs: [], children: [Text { text: "Dogs are very important" }] }, Element { tag: "p", namespace: None, attrs: [], children: [Text { text: "The dog or domestic dog (Canis familiaris[4][5] or Canis lupus familiaris[5])" }, Text { text: "is a domesticated descendant of the wolf which is characterized by an upturning tail." }, Text { text: "The dog derived from an ancient, extinct wolf,[6][7] and the modern grey wolf is the" }, Text { text: "dog's nearest living relative.[8] The dog was the first species to be domesticated,[9][8]" }, Text { text: "by hunter–gatherers over 15,000 years ago,[7] before the development of agriculture.[1]" }] }, Element { tag: "h3", namespace: None, attrs: [], children: [Text { text: "Illustrious Dog Photo" }] }, Dynamic { id: 0 }] }], node_paths: [[0, 3]], attr_paths: [] } }, dynamic_nodes: [Component(VComponent { name: "SuspenseBoundary" })], dynamic_attrs: [] }, mount: Cell { value: MountId(18446744073709551615) } }) } parent=None}:VirtualDom::create_scope{scope=ScopeId(2, "FrozenContext") new_nodes=RenderReturn { node: Ok(VNode { vnode: VNodeInner { key: None, template: Cell { value: Template { name: ":409:0:0", roots: [Dynamic { id: 0 }], node_paths: [[0]], attr_paths: [] } }, dynamic_nodes: [Fragment([VNode { vnode: VNodeInner { key: None, template: Cell { value: Template { name: "examples/suspense.rs:37:5:2144", roots: [Dynamic { id: 0 }, Dynamic { id: 1 }], node_paths: [[0], [1]], attr_paths: [] } }, dynamic_nodes: [Component(VComponent { name: "Doggo" }), Component(VComponent { name: "Doggo" })], dynamic_attrs: [] }, mount: Cell { value: MountId(18446744073709551615) } }])], dynamic_attrs: [] }, mount: Cell { value: MountId(18446744073709551615) } }) } parent=Some(ElementRef { path: ElementPath { path: [0] }, mount: MountId(1) })}:render{scope=Doggo}: dioxus_core::scope_context: looking for context dioxus_core::suspense::SuspenseContext (TypeId { t: (4533244013398082440, 10897659798729036060) }) in FrozenContext
2024-06-04T16:00:20.787248Z TRACE VirtualDom::rebuild:VirtualDom::create_scope{scope=ScopeId(0, "app") new_nodes=RenderReturn { node: Ok(VNode { vnode: VNodeInner { key: None, template: Cell { value: Template { name: "examples/suspense.rs:37:5:1230", roots: [Element { tag: "div", namespace: None, attrs: [], children: [Element { tag: "h1", namespace: None, attrs: [], children: [Text { text: "Dogs are very important" }] }, Element { tag: "p", namespace: None, attrs: [], children: [Text { text: "The dog or domestic dog (Canis familiaris[4][5] or Canis lupus familiaris[5])" }, Text { text: "is a domesticated descendant of the wolf which is characterized by an upturning tail." }, Text { text: "The dog derived from an ancient, extinct wolf,[6][7] and the modern grey wolf is the" }, Text { text: "dog's nearest living relative.[8] The dog was the first species to be domesticated,[9][8]" }, Text { text: "by hunter–gatherers over 15,000 years ago,[7] before the development of agriculture.[1]" }] }, Element { tag: "h3", namespace: None, attrs: [], children: [Text { text: "Illustrious Dog Photo" }] }, Dynamic { id: 0 }] }], node_paths: [[0, 3]], attr_paths: [] } }, dynamic_nodes: [Component(VComponent { name: "SuspenseBoundary" })], dynamic_attrs: [] }, mount: Cell { value: MountId(18446744073709551615) } }) } parent=None}:VirtualDom::create_scope{scope=ScopeId(2, "FrozenContext") new_nodes=RenderReturn { node: Ok(VNode { vnode: VNodeInner { key: None, template: Cell { value: Template { name: ":409:0:0", roots: [Dynamic { id: 0 }], node_paths: [[0]], attr_paths: [] } }, dynamic_nodes: [Fragment([VNode { vnode: VNodeInner { key: None, template: Cell { value: Template { name: "examples/suspense.rs:37:5:2144", roots: [Dynamic { id: 0 }, Dynamic { id: 1 }], node_paths: [[0], [1]], attr_paths: [] } }, dynamic_nodes: [Component(VComponent { name: "Doggo" }), Component(VComponent { name: "Doggo" })], dynamic_attrs: [] }, mount: Cell { value: MountId(18446744073709551615) } }])], dynamic_attrs: [] }, mount: Cell { value: MountId(18446744073709551615) } }) } parent=Some(ElementRef { path: ElementPath { path: [0] }, mount: MountId(1) })}:render{scope=Doggo}: dioxus_core::scope_context: found context TypeId { t: (9286496122914249738, 8586425926625933774) }
2024-06-04T16:00:20.787280Z TRACE VirtualDom::rebuild:VirtualDom::create_scope{scope=ScopeId(0, "app") new_nodes=RenderReturn { node: Ok(VNode { vnode: VNodeInner { key: None, template: Cell { value: Template { name: "examples/suspense.rs:37:5:1230", roots: [Element { tag: "div", namespace: None, attrs: [], children: [Element { tag: "h1", namespace: None, attrs: [], children: [Text { text: "Dogs are very important" }] }, Element { tag: "p", namespace: None, attrs: [], children: [Text { text: "The dog or domestic dog (Canis familiaris[4][5] or Canis lupus familiaris[5])" }, Text { text: "is a domesticated descendant of the wolf which is characterized by an upturning tail." }, Text { text: "The dog derived from an ancient, extinct wolf,[6][7] and the modern grey wolf is the" }, Text { text: "dog's nearest living relative.[8] The dog was the first species to be domesticated,[9][8]" }, Text { text: "by hunter–gatherers over 15,000 years ago,[7] before the development of agriculture.[1]" }] }, Element { tag: "h3", namespace: None, attrs: [], children: [Text { text: "Illustrious Dog Photo" }] }, Dynamic { id: 0 }] }], node_paths: [[0, 3]], attr_paths: [] } }, dynamic_nodes: [Component(VComponent { name: "SuspenseBoundary" })], dynamic_attrs: [] }, mount: Cell { value: MountId(18446744073709551615) } }) } parent=None}:VirtualDom::create_scope{scope=ScopeId(2, "FrozenContext") new_nodes=RenderReturn { node: Ok(VNode { vnode: VNodeInner { key: None, template: Cell { value: Template { name: ":409:0:0", roots: [Dynamic { id: 0 }], node_paths: [[0]], attr_paths: [] } }, dynamic_nodes: [Fragment([VNode { vnode: VNodeInner { key: None, template: Cell { value: Template { name: "examples/suspense.rs:37:5:2144", roots: [Dynamic { id: 0 }, Dynamic { id: 1 }], node_paths: [[0], [1]], attr_paths: [] } }, dynamic_nodes: [Component(VComponent { name: "Doggo" }), Component(VComponent { name: "Doggo" })], dynamic_attrs: [] }, mount: Cell { value: MountId(18446744073709551615) } }])], dynamic_attrs: [] }, mount: Cell { value: MountId(18446744073709551615) } }) } parent=Some(ElementRef { path: ElementPath { path: [0] }, mount: MountId(1) })}:render{scope=Doggo}: dioxus_core::scope_context: looking for context dioxus_core::suspense::SuspenseContext (TypeId { t: (4533244013398082440, 10897659798729036060) }) in SuspenseBoundary
2024-06-04T16:00:20.787296Z TRACE VirtualDom::rebuild:VirtualDom::create_scope{scope=ScopeId(0, "app") new_nodes=RenderReturn { node: Ok(VNode { vnode: VNodeInner { key: None, template: Cell { value: Template { name: "examples/suspense.rs:37:5:1230", roots: [Element { tag: "div", namespace: None, attrs: [], children: [Element { tag: "h1", namespace: None, attrs: [], children: [Text { text: "Dogs are very important" }] }, Element { tag: "p", namespace: None, attrs: [], children: [Text { text: "The dog or domestic dog (Canis familiaris[4][5] or Canis lupus familiaris[5])" }, Text { text: "is a domesticated descendant of the wolf which is characterized by an upturning tail." }, Text { text: "The dog derived from an ancient, extinct wolf,[6][7] and the modern grey wolf is the" }, Text { text: "dog's nearest living relative.[8] The dog was the first species to be domesticated,[9][8]" }, Text { text: "by hunter–gatherers over 15,000 years ago,[7] before the development of agriculture.[1]" }] }, Element { tag: "h3", namespace: None, attrs: [], children: [Text { text: "Illustrious Dog Photo" }] }, Dynamic { id: 0 }] }], node_paths: [[0, 3]], attr_paths: [] } }, dynamic_nodes: [Component(VComponent { name: "SuspenseBoundary" })], dynamic_attrs: [] }, mount: Cell { value: MountId(18446744073709551615) } }) } parent=None}:VirtualDom::create_scope{scope=ScopeId(2, "FrozenContext") new_nodes=RenderReturn { node: Ok(VNode { vnode: VNodeInner { key: None, template: Cell { value: Template { name: ":409:0:0", roots: [Dynamic { id: 0 }], node_paths: [[0]], attr_paths: [] } }, dynamic_nodes: [Fragment([VNode { vnode: VNodeInner { key: None, template: Cell { value: Template { name: "examples/suspense.rs:37:5:2144", roots: [Dynamic { id: 0 }, Dynamic { id: 1 }], node_paths: [[0], [1]], attr_paths: [] } }, dynamic_nodes: [Component(VComponent { name: "Doggo" }), Component(VComponent { name: "Doggo" })], dynamic_attrs: [] }, mount: Cell { value: MountId(18446744073709551615) } }])], dynamic_attrs: [] }, mount: Cell { value: MountId(18446744073709551615) } }) } parent=Some(ElementRef { path: ElementPath { path: [0] }, mount: MountId(1) })}:render{scope=Doggo}: dioxus_core::scope_context: found context TypeId { t: (4533244013398082440, 10897659798729036060) }
2024-06-04T16:00:20.787332Z TRACE VirtualDom::rebuild:VirtualDom::create_scope{scope=ScopeId(0, "app") new_nodes=RenderReturn { node: Ok(VNode { vnode: VNodeInner { key: None, template: Cell { value: Template { name: "examples/suspense.rs:37:5:1230", roots: [Element { tag: "div", namespace: None, attrs: [], children: [Element { tag: "h1", namespace: None, attrs: [], children: [Text { text: "Dogs are very important" }] }, Element { tag: "p", namespace: None, attrs: [], children: [Text { text: "The dog or domestic dog (Canis familiaris[4][5] or Canis lupus familiaris[5])" }, Text { text: "is a domesticated descendant of the wolf which is characterized by an upturning tail." }, Text { text: "The dog derived from an ancient, extinct wolf,[6][7] and the modern grey wolf is the" }, Text { text: "dog's nearest living relative.[8] The dog was the first species to be domesticated,[9][8]" }, Text { text: "by hunter–gatherers over 15,000 years ago,[7] before the development of agriculture.[1]" }] }, Element { tag: "h3", namespace: None, attrs: [], children: [Text { text: "Illustrious Dog Photo" }] }, Dynamic { id: 0 }] }], node_paths: [[0, 3]], attr_paths: [] } }, dynamic_nodes: [Component(VComponent { name: "SuspenseBoundary" })], dynamic_attrs: [] }, mount: Cell { value: MountId(18446744073709551615) } }) } parent=None}:VirtualDom::create_scope{scope=ScopeId(2, "FrozenContext") new_nodes=RenderReturn { node: Ok(VNode { vnode: VNodeInner { key: None, template: Cell { value: Template { name: ":409:0:0", roots: [Dynamic { id: 0 }], node_paths: [[0]], attr_paths: [] } }, dynamic_nodes: [Fragment([VNode { vnode: VNodeInner { key: None, template: Cell { value: Template { name: "examples/suspense.rs:37:5:2144", roots: [Dynamic { id: 0 }, Dynamic { id: 1 }], node_paths: [[0], [1]], attr_paths: [] } }, dynamic_nodes: [Component(VComponent { name: "Doggo" }), Component(VComponent { name: "Doggo" })], dynamic_attrs: [] }, mount: Cell { value: MountId(18446744073709551615) } }])], dynamic_attrs: [] }, mount: Cell { value: MountId(18446744073709551615) } }) } parent=Some(ElementRef { path: ElementPath { path: [0] }, mount: MountId(1) })}:render{scope=Doggo}: dioxus_core::scope_arena: Suspending ScopeId(3, "Doggo") on Task { id: 1, unsend: PhantomData<*const ()> }
2024-06-04T16:00:20.787389Z TRACE VirtualDom::rebuild:VirtualDom::create_scope{scope=ScopeId(0, "app") new_nodes=RenderReturn { node: Ok(VNode { vnode: VNodeInner { key: None, template: Cell { value: Template { name: "examples/suspense.rs:37:5:1230", roots: [Element { tag: "div", namespace: None, attrs: [], children: [Element { tag: "h1", namespace: None, attrs: [], children: [Text { text: "Dogs are very important" }] }, Element { tag: "p", namespace: None, attrs: [], children: [Text { text: "The dog or domestic dog (Canis familiaris[4][5] or Canis lupus familiaris[5])" }, Text { text: "is a domesticated descendant of the wolf which is characterized by an upturning tail." }, Text { text: "The dog derived from an ancient, extinct wolf,[6][7] and the modern grey wolf is the" }, Text { text: "dog's nearest living relative.[8] The dog was the first species to be domesticated,[9][8]" }, Text { text: "by hunter–gatherers over 15,000 years ago,[7] before the development of agriculture.[1]" }] }, Element { tag: "h3", namespace: None, attrs: [], children: [Text { text: "Illustrious Dog Photo" }] }, Dynamic { id: 0 }] }], node_paths: [[0, 3]], attr_paths: [] } }, dynamic_nodes: [Component(VComponent { name: "SuspenseBoundary" })], dynamic_attrs: [] }, mount: Cell { value: MountId(18446744073709551615) } }) } parent=None}:VirtualDom::create_scope{scope=ScopeId(2, "FrozenContext") new_nodes=RenderReturn { node: Ok(VNode { vnode: VNodeInner { key: None, template: Cell { value: Template { name: ":409:0:0", roots: [Dynamic { id: 0 }], node_paths: [[0]], attr_paths: [] } }, dynamic_nodes: [Fragment([VNode { vnode: VNodeInner { key: None, template: Cell { value: Template { name: "examples/suspense.rs:37:5:2144", roots: [Dynamic { id: 0 }, Dynamic { id: 1 }], node_paths: [[0], [1]], attr_paths: [] } }, dynamic_nodes: [Component(VComponent { name: "Doggo" }), Component(VComponent { name: "Doggo" })], dynamic_attrs: [] }, mount: Cell { value: MountId(18446744073709551615) } }])], dynamic_attrs: [] }, mount: Cell { value: MountId(18446744073709551615) } }) } parent=Some(ElementRef { path: ElementPath { path: [0] }, mount: MountId(1) })}:VirtualDom::create_scope{scope=ScopeId(3, "Doggo") new_nodes=RenderReturn { node: Err(Suspended(SuspendedFuture { origin: ScopeId(3, "Doggo"), task: Task { id: 1, unsend: PhantomData<*const ()> }, placeholder: VNode { vnode: VNodeInner { key: None, template: Cell { value: Template { name: "packages/core/nodes.rs:198:0:0", roots: [Dynamic { id: 0 }], node_paths: [[0]], attr_paths: [] } }, dynamic_nodes: [Placeholder(VPlaceholder)], dynamic_attrs: [] }, mount: Cell { value: MountId(18446744073709551615) } } })) } parent=Some(ElementRef { path: ElementPath { path: [0] }, mount: MountId(3) })}: dioxus_core::diff::node: creating template self=VNode { vnode: VNodeInner { key: None, template: Cell { value: Template { name: "packages/core/nodes.rs:198:0:0", roots: [Dynamic { id: 0 }], node_paths: [[0]], attr_paths: [] } }, dynamic_nodes: [Placeholder(VPlaceholder)], dynamic_attrs: [] }, mount: Cell { value: MountId(4) } } mount=MountId(4)
2024-06-04T16:00:20.787420Z TRACE VirtualDom::rebuild:VirtualDom::create_scope{scope=ScopeId(0, "app") new_nodes=RenderReturn { node: Ok(VNode { vnode: VNodeInner { key: None, template: Cell { value: Template { name: "examples/suspense.rs:37:5:1230", roots: [Element { tag: "div", namespace: None, attrs: [], children: [Element { tag: "h1", namespace: None, attrs: [], children: [Text { text: "Dogs are very important" }] }, Element { tag: "p", namespace: None, attrs: [], children: [Text { text: "The dog or domestic dog (Canis familiaris[4][5] or Canis lupus familiaris[5])" }, Text { text: "is a domesticated descendant of the wolf which is characterized by an upturning tail." }, Text { text: "The dog derived from an ancient, extinct wolf,[6][7] and the modern grey wolf is the" }, Text { text: "dog's nearest living relative.[8] The dog was the first species to be domesticated,[9][8]" }, Text { text: "by hunter–gatherers over 15,000 years ago,[7] before the development of agriculture.[1]" }] }, Element { tag: "h3", namespace: None, attrs: [], children: [Text { text: "Illustrious Dog Photo" }] }, Dynamic { id: 0 }] }], node_paths: [[0, 3]], attr_paths: [] } }, dynamic_nodes: [Component(VComponent { name: "SuspenseBoundary" })], dynamic_attrs: [] }, mount: Cell { value: MountId(18446744073709551615) } }) } parent=None}:VirtualDom::create_scope{scope=ScopeId(2, "FrozenContext") new_nodes=RenderReturn { node: Ok(VNode { vnode: VNodeInner { key: None, template: Cell { value: Template { name: ":409:0:0", roots: [Dynamic { id: 0 }], node_paths: [[0]], attr_paths: [] } }, dynamic_nodes: [Fragment([VNode { vnode: VNodeInner { key: None, template: Cell { value: Template { name: "examples/suspense.rs:37:5:2144", roots: [Dynamic { id: 0 }, Dynamic { id: 1 }], node_paths: [[0], [1]], attr_paths: [] } }, dynamic_nodes: [Component(VComponent { name: "Doggo" }), Component(VComponent { name: "Doggo" })], dynamic_attrs: [] }, mount: Cell { value: MountId(18446744073709551615) } }])], dynamic_attrs: [] }, mount: Cell { value: MountId(18446744073709551615) } }) } parent=Some(ElementRef { path: ElementPath { path: [0] }, mount: MountId(1) })}:VirtualDom::create_scope{scope=ScopeId(3, "Doggo") new_nodes=RenderReturn { node: Err(Suspended(SuspendedFuture { origin: ScopeId(3, "Doggo"), task: Task { id: 1, unsend: PhantomData<*const ()> }, placeholder: VNode { vnode: VNodeInner { key: None, template: Cell { value: Template { name: "packages/core/nodes.rs:198:0:0", roots: [Dynamic { id: 0 }], node_paths: [[0]], attr_paths: [] } }, dynamic_nodes: [Placeholder(VPlaceholder)], dynamic_attrs: [] }, mount: Cell { value: MountId(18446744073709551615) } } })) } parent=Some(ElementRef { path: ElementPath { path: [0] }, mount: MountId(3) })}: dioxus_core::diff::node: creating placeholder
2024-06-04T16:00:20.787458Z TRACE VirtualDom::rebuild:VirtualDom::create_scope{scope=ScopeId(0, "app") new_nodes=RenderReturn { node: Ok(VNode { vnode: VNodeInner { key: None, template: Cell { value: Template { name: "examples/suspense.rs:37:5:1230", roots: [Element { tag: "div", namespace: None, attrs: [], children: [Element { tag: "h1", namespace: None, attrs: [], children: [Text { text: "Dogs are very important" }] }, Element { tag: "p", namespace: None, attrs: [], children: [Text { text: "The dog or domestic dog (Canis familiaris[4][5] or Canis lupus familiaris[5])" }, Text { text: "is a domesticated descendant of the wolf which is characterized by an upturning tail." }, Text { text: "The dog derived from an ancient, extinct wolf,[6][7] and the modern grey wolf is the" }, Text { text: "dog's nearest living relative.[8] The dog was the first species to be domesticated,[9][8]" }, Text { text: "by hunter–gatherers over 15,000 years ago,[7] before the development of agriculture.[1]" }] }, Element { tag: "h3", namespace: None, attrs: [], children: [Text { text: "Illustrious Dog Photo" }] }, Dynamic { id: 0 }] }], node_paths: [[0, 3]], attr_paths: [] } }, dynamic_nodes: [Component(VComponent { name: "SuspenseBoundary" })], dynamic_attrs: [] }, mount: Cell { value: MountId(18446744073709551615) } }) } parent=None}:VirtualDom::create_scope{scope=ScopeId(2, "FrozenContext") new_nodes=RenderReturn { node: Ok(VNode { vnode: VNodeInner { key: None, template: Cell { value: Template { name: ":409:0:0", roots: [Dynamic { id: 0 }], node_paths: [[0]], attr_paths: [] } }, dynamic_nodes: [Fragment([VNode { vnode: VNodeInner { key: None, template: Cell { value: Template { name: "examples/suspense.rs:37:5:2144", roots: [Dynamic { id: 0 }, Dynamic { id: 1 }], node_paths: [[0], [1]], attr_paths: [] } }, dynamic_nodes: [Component(VComponent { name: "Doggo" }), Component(VComponent { name: "Doggo" })], dynamic_attrs: [] }, mount: Cell { value: MountId(18446744073709551615) } }])], dynamic_attrs: [] }, mount: Cell { value: MountId(18446744073709551615) } }) } parent=Some(ElementRef { path: ElementPath { path: [0] }, mount: MountId(1) })}: dioxus_core::scope_arena: created scope ScopeId(4, "Doggo") with parent Some(ScopeId(2, "FrozenContext"))
2024-06-04T16:00:20.787482Z TRACE VirtualDom::rebuild:VirtualDom::create_scope{scope=ScopeId(0, "app") new_nodes=RenderReturn { node: Ok(VNode { vnode: VNodeInner { key: None, template: Cell { value: Template { name: "examples/suspense.rs:37:5:1230", roots: [Element { tag: "div", namespace: None, attrs: [], children: [Element { tag: "h1", namespace: None, attrs: [], children: [Text { text: "Dogs are very important" }] }, Element { tag: "p", namespace: None, attrs: [], children: [Text { text: "The dog or domestic dog (Canis familiaris[4][5] or Canis lupus familiaris[5])" }, Text { text: "is a domesticated descendant of the wolf which is characterized by an upturning tail." }, Text { text: "The dog derived from an ancient, extinct wolf,[6][7] and the modern grey wolf is the" }, Text { text: "dog's nearest living relative.[8] The dog was the first species to be domesticated,[9][8]" }, Text { text: "by hunter–gatherers over 15,000 years ago,[7] before the development of agriculture.[1]" }] }, Element { tag: "h3", namespace: None, attrs: [], children: [Text { text: "Illustrious Dog Photo" }] }, Dynamic { id: 0 }] }], node_paths: [[0, 3]], attr_paths: [] } }, dynamic_nodes: [Component(VComponent { name: "SuspenseBoundary" })], dynamic_attrs: [] }, mount: Cell { value: MountId(18446744073709551615) } }) } parent=None}:VirtualDom::create_scope{scope=ScopeId(2, "FrozenContext") new_nodes=RenderReturn { node: Ok(VNode { vnode: VNodeInner { key: None, template: Cell { value: Template { name: ":409:0:0", roots: [Dynamic { id: 0 }], node_paths: [[0]], attr_paths: [] } }, dynamic_nodes: [Fragment([VNode { vnode: VNodeInner { key: None, template: Cell { value: Template { name: "examples/suspense.rs:37:5:2144", roots: [Dynamic { id: 0 }, Dynamic { id: 1 }], node_paths: [[0], [1]], attr_paths: [] } }, dynamic_nodes: [Component(VComponent { name: "Doggo" }), Component(VComponent { name: "Doggo" })], dynamic_attrs: [] }, mount: Cell { value: MountId(18446744073709551615) } }])], dynamic_attrs: [] }, mount: Cell { value: MountId(18446744073709551615) } }) } parent=Some(ElementRef { path: ElementPath { path: [0] }, mount: MountId(1) })}:render{scope=Doggo}: dioxus_core::tasks: spawned new task Task { id: 3, unsend: PhantomData<*const ()> } on scope ScopeId(4, "Doggo")
2024-06-04T16:00:20.787504Z TRACE VirtualDom::rebuild:VirtualDom::create_scope{scope=ScopeId(0, "app") new_nodes=RenderReturn { node: Ok(VNode { vnode: VNodeInner { key: None, template: Cell { value: Template { name: "examples/suspense.rs:37:5:1230", roots: [Element { tag: "div", namespace: None, attrs: [], children: [Element { tag: "h1", namespace: None, attrs: [], children: [Text { text: "Dogs are very important" }] }, Element { tag: "p", namespace: None, attrs: [], children: [Text { text: "The dog or domestic dog (Canis familiaris[4][5] or Canis lupus familiaris[5])" }, Text { text: "is a domesticated descendant of the wolf which is characterized by an upturning tail." }, Text { text: "The dog derived from an ancient, extinct wolf,[6][7] and the modern grey wolf is the" }, Text { text: "dog's nearest living relative.[8] The dog was the first species to be domesticated,[9][8]" }, Text { text: "by hunter–gatherers over 15,000 years ago,[7] before the development of agriculture.[1]" }] }, Element { tag: "h3", namespace: None, attrs: [], children: [Text { text: "Illustrious Dog Photo" }] }, Dynamic { id: 0 }] }], node_paths: [[0, 3]], attr_paths: [] } }, dynamic_nodes: [Component(VComponent { name: "SuspenseBoundary" })], dynamic_attrs: [] }, mount: Cell { value: MountId(18446744073709551615) } }) } parent=None}:VirtualDom::create_scope{scope=ScopeId(2, "FrozenContext") new_nodes=RenderReturn { node: Ok(VNode { vnode: VNodeInner { key: None, template: Cell { value: Template { name: ":409:0:0", roots: [Dynamic { id: 0 }], node_paths: [[0]], attr_paths: [] } }, dynamic_nodes: [Fragment([VNode { vnode: VNodeInner { key: None, template: Cell { value: Template { name: "examples/suspense.rs:37:5:2144", roots: [Dynamic { id: 0 }, Dynamic { id: 1 }], node_paths: [[0], [1]], attr_paths: [] } }, dynamic_nodes: [Component(VComponent { name: "Doggo" }), Component(VComponent { name: "Doggo" })], dynamic_attrs: [] }, mount: Cell { value: MountId(18446744073709551615) } }])], dynamic_attrs: [] }, mount: Cell { value: MountId(18446744073709551615) } }) } parent=Some(ElementRef { path: ElementPath { path: [0] }, mount: MountId(1) })}:render{scope=Doggo}: dioxus_core::scope_context: providing context generational_box::Owner (TypeId { t: (12863128315404290460, 10765676081690244856) }) in Doggo
2024-06-04T16:00:20.787528Z TRACE VirtualDom::rebuild:VirtualDom::create_scope{scope=ScopeId(0, "app") new_nodes=RenderReturn { node: Ok(VNode { vnode: VNodeInner { key: None, template: Cell { value: Template { name: "examples/suspense.rs:37:5:1230", roots: [Element { tag: "div", namespace: None, attrs: [], children: [Element { tag: "h1", namespace: None, attrs: [], children: [Text { text: "Dogs are very important" }] }, Element { tag: "p", namespace: None, attrs: [], children: [Text { text: "The dog or domestic dog (Canis familiaris[4][5] or Canis lupus familiaris[5])" }, Text { text: "is a domesticated descendant of the wolf which is characterized by an upturning tail." }, Text { text: "The dog derived from an ancient, extinct wolf,[6][7] and the modern grey wolf is the" }, Text { text: "dog's nearest living relative.[8] The dog was the first species to be domesticated,[9][8]" }, Text { text: "by hunter–gatherers over 15,000 years ago,[7] before the development of agriculture.[1]" }] }, Element { tag: "h3", namespace: None, attrs: [], children: [Text { text: "Illustrious Dog Photo" }] }, Dynamic { id: 0 }] }], node_paths: [[0, 3]], attr_paths: [] } }, dynamic_nodes: [Component(VComponent { name: "SuspenseBoundary" })], dynamic_attrs: [] }, mount: Cell { value: MountId(18446744073709551615) } }) } parent=None}:VirtualDom::create_scope{scope=ScopeId(2, "FrozenContext") new_nodes=RenderReturn { node: Ok(VNode { vnode: VNodeInner { key: None, template: Cell { value: Template { name: ":409:0:0", roots: [Dynamic { id: 0 }], node_paths: [[0]], attr_paths: [] } }, dynamic_nodes: [Fragment([VNode { vnode: VNodeInner { key: None, template: Cell { value: Template { name: "examples/suspense.rs:37:5:2144", roots: [Dynamic { id: 0 }, Dynamic { id: 1 }], node_paths: [[0], [1]], attr_paths: [] } }, dynamic_nodes: [Component(VComponent { name: "Doggo" }), Component(VComponent { name: "Doggo" })], dynamic_attrs: [] }, mount: Cell { value: MountId(18446744073709551615) } }])], dynamic_attrs: [] }, mount: Cell { value: MountId(18446744073709551615) } }) } parent=Some(ElementRef { path: ElementPath { path: [0] }, mount: MountId(1) })}:render{scope=Doggo}: dioxus_core::scope_context: providing context generational_box::Owner<generational_box::sync::SyncStorage> (TypeId { t: (7452056554644511983, 16333551252200192080) }) in Doggo
2024-06-04T16:00:20.787567Z TRACE VirtualDom::rebuild:VirtualDom::create_scope{scope=ScopeId(0, "app") new_nodes=RenderReturn { node: Ok(VNode { vnode: VNodeInner { key: None, template: Cell { value: Template { name: "examples/suspense.rs:37:5:1230", roots: [Element { tag: "div", namespace: None, attrs: [], children: [Element { tag: "h1", namespace: None, attrs: [], children: [Text { text: "Dogs are very important" }] }, Element { tag: "p", namespace: None, attrs: [], children: [Text { text: "The dog or domestic dog (Canis familiaris[4][5] or Canis lupus familiaris[5])" }, Text { text: "is a domesticated descendant of the wolf which is characterized by an upturning tail." }, Text { text: "The dog derived from an ancient, extinct wolf,[6][7] and the modern grey wolf is the" }, Text { text: "dog's nearest living relative.[8] The dog was the first species to be domesticated,[9][8]" }, Text { text: "by hunter–gatherers over 15,000 years ago,[7] before the development of agriculture.[1]" }] }, Element { tag: "h3", namespace: None, attrs: [], children: [Text { text: "Illustrious Dog Photo" }] }, Dynamic { id: 0 }] }], node_paths: [[0, 3]], attr_paths: [] } }, dynamic_nodes: [Component(VComponent { name: "SuspenseBoundary" })], dynamic_attrs: [] }, mount: Cell { value: MountId(18446744073709551615) } }) } parent=None}:VirtualDom::create_scope{scope=ScopeId(2, "FrozenContext") new_nodes=RenderReturn { node: Ok(VNode { vnode: VNodeInner { key: None, template: Cell { value: Template { name: ":409:0:0", roots: [Dynamic { id: 0 }], node_paths: [[0]], attr_paths: [] } }, dynamic_nodes: [Fragment([VNode { vnode: VNodeInner { key: None, template: Cell { value: Template { name: "examples/suspense.rs:37:5:2144", roots: [Dynamic { id: 0 }, Dynamic { id: 1 }], node_paths: [[0], [1]], attr_paths: [] } }, dynamic_nodes: [Component(VComponent { name: "Doggo" }), Component(VComponent { name: "Doggo" })], dynamic_attrs: [] }, mount: Cell { value: MountId(18446744073709551615) } }])], dynamic_attrs: [] }, mount: Cell { value: MountId(18446744073709551615) } }) } parent=Some(ElementRef { path: ElementPath { path: [0] }, mount: MountId(1) })}:render{scope=Doggo}: dioxus_core::tasks: spawned new task Task { id: 4, unsend: PhantomData<*const ()> } on scope ScopeId(4, "Doggo")
2024-06-04T16:00:20.787591Z TRACE VirtualDom::rebuild:VirtualDom::create_scope{scope=ScopeId(0, "app") new_nodes=RenderReturn { node: Ok(VNode { vnode: VNodeInner { key: None, template: Cell { value: Template { name: "examples/suspense.rs:37:5:1230", roots: [Element { tag: "div", namespace: None, attrs: [], children: [Element { tag: "h1", namespace: None, attrs: [], children: [Text { text: "Dogs are very important" }] }, Element { tag: "p", namespace: None, attrs: [], children: [Text { text: "The dog or domestic dog (Canis familiaris[4][5] or Canis lupus familiaris[5])" }, Text { text: "is a domesticated descendant of the wolf which is characterized by an upturning tail." }, Text { text: "The dog derived from an ancient, extinct wolf,[6][7] and the modern grey wolf is the" }, Text { text: "dog's nearest living relative.[8] The dog was the first species to be domesticated,[9][8]" }, Text { text: "by hunter–gatherers over 15,000 years ago,[7] before the development of agriculture.[1]" }] }, Element { tag: "h3", namespace: None, attrs: [], children: [Text { text: "Illustrious Dog Photo" }] }, Dynamic { id: 0 }] }], node_paths: [[0, 3]], attr_paths: [] } }, dynamic_nodes: [Component(VComponent { name: "SuspenseBoundary" })], dynamic_attrs: [] }, mount: Cell { value: MountId(18446744073709551615) } }) } parent=None}:VirtualDom::create_scope{scope=ScopeId(2, "FrozenContext") new_nodes=RenderReturn { node: Ok(VNode { vnode: VNodeInner { key: None, template: Cell { value: Template { name: ":409:0:0", roots: [Dynamic { id: 0 }], node_paths: [[0]], attr_paths: [] } }, dynamic_nodes: [Fragment([VNode { vnode: VNodeInner { key: None, template: Cell { value: Template { name: "examples/suspense.rs:37:5:2144", roots: [Dynamic { id: 0 }, Dynamic { id: 1 }], node_paths: [[0], [1]], attr_paths: [] } }, dynamic_nodes: [Component(VComponent { name: "Doggo" }), Component(VComponent { name: "Doggo" })], dynamic_attrs: [] }, mount: Cell { value: MountId(18446744073709551615) } }])], dynamic_attrs: [] }, mount: Cell { value: MountId(18446744073709551615) } }) } parent=Some(ElementRef { path: ElementPath { path: [0] }, mount: MountId(1) })}:render{scope=Doggo}: dioxus_signals::signal: Write on signal at /Users/evanalmloff/Desktop/Github/dioxus/packages/hooks/src/use_resource.rs:113:14 finished, updating subscribers
2024-06-04T16:00:20.787607Z  WARN VirtualDom::rebuild:VirtualDom::create_scope{scope=ScopeId(0, "app") new_nodes=RenderReturn { node: Ok(VNode { vnode: VNodeInner { key: None, template: Cell { value: Template { name: "examples/suspense.rs:37:5:1230", roots: [Element { tag: "div", namespace: None, attrs: [], children: [Element { tag: "h1", namespace: None, attrs: [], children: [Text { text: "Dogs are very important" }] }, Element { tag: "p", namespace: None, attrs: [], children: [Text { text: "The dog or domestic dog (Canis familiaris[4][5] or Canis lupus familiaris[5])" }, Text { text: "is a domesticated descendant of the wolf which is characterized by an upturning tail." }, Text { text: "The dog derived from an ancient, extinct wolf,[6][7] and the modern grey wolf is the" }, Text { text: "dog's nearest living relative.[8] The dog was the first species to be domesticated,[9][8]" }, Text { text: "by hunter–gatherers over 15,000 years ago,[7] before the development of agriculture.[1]" }] }, Element { tag: "h3", namespace: None, attrs: [], children: [Text { text: "Illustrious Dog Photo" }] }, Dynamic { id: 0 }] }], node_paths: [[0, 3]], attr_paths: [] } }, dynamic_nodes: [Component(VComponent { name: "SuspenseBoundary" })], dynamic_attrs: [] }, mount: Cell { value: MountId(18446744073709551615) } }) } parent=None}:VirtualDom::create_scope{scope=ScopeId(2, "FrozenContext") new_nodes=RenderReturn { node: Ok(VNode { vnode: VNodeInner { key: None, template: Cell { value: Template { name: ":409:0:0", roots: [Dynamic { id: 0 }], node_paths: [[0]], attr_paths: [] } }, dynamic_nodes: [Fragment([VNode { vnode: VNodeInner { key: None, template: Cell { value: Template { name: "examples/suspense.rs:37:5:2144", roots: [Dynamic { id: 0 }, Dynamic { id: 1 }], node_paths: [[0], [1]], attr_paths: [] } }, dynamic_nodes: [Component(VComponent { name: "Doggo" }), Component(VComponent { name: "Doggo" })], dynamic_attrs: [] }, mount: Cell { value: MountId(18446744073709551615) } }])], dynamic_attrs: [] }, mount: Cell { value: MountId(18446744073709551615) } }) } parent=Some(ElementRef { path: ElementPath { path: [0] }, mount: MountId(1) })}:render{scope=Doggo}: dioxus_signals::signal: Write on signal at /Users/evanalmloff/Desktop/Github/dioxus/packages/hooks/src/use_resource.rs:113:14 happened while a component was running. Writing to signals during a render can cause infinite rerenders when you read the same signal in the component. Consider writing to the signal in an effect, future, or event handler if possible.
2024-06-04T16:00:20.787628Z TRACE VirtualDom::rebuild:VirtualDom::create_scope{scope=ScopeId(0, "app") new_nodes=RenderReturn { node: Ok(VNode { vnode: VNodeInner { key: None, template: Cell { value: Template { name: "examples/suspense.rs:37:5:1230", roots: [Element { tag: "div", namespace: None, attrs: [], children: [Element { tag: "h1", namespace: None, attrs: [], children: [Text { text: "Dogs are very important" }] }, Element { tag: "p", namespace: None, attrs: [], children: [Text { text: "The dog or domestic dog (Canis familiaris[4][5] or Canis lupus familiaris[5])" }, Text { text: "is a domesticated descendant of the wolf which is characterized by an upturning tail." }, Text { text: "The dog derived from an ancient, extinct wolf,[6][7] and the modern grey wolf is the" }, Text { text: "dog's nearest living relative.[8] The dog was the first species to be domesticated,[9][8]" }, Text { text: "by hunter–gatherers over 15,000 years ago,[7] before the development of agriculture.[1]" }] }, Element { tag: "h3", namespace: None, attrs: [], children: [Text { text: "Illustrious Dog Photo" }] }, Dynamic { id: 0 }] }], node_paths: [[0, 3]], attr_paths: [] } }, dynamic_nodes: [Component(VComponent { name: "SuspenseBoundary" })], dynamic_attrs: [] }, mount: Cell { value: MountId(18446744073709551615) } }) } parent=None}:VirtualDom::create_scope{scope=ScopeId(2, "FrozenContext") new_nodes=RenderReturn { node: Ok(VNode { vnode: VNodeInner { key: None, template: Cell { value: Template { name: ":409:0:0", roots: [Dynamic { id: 0 }], node_paths: [[0]], attr_paths: [] } }, dynamic_nodes: [Fragment([VNode { vnode: VNodeInner { key: None, template: Cell { value: Template { name: "examples/suspense.rs:37:5:2144", roots: [Dynamic { id: 0 }, Dynamic { id: 1 }], node_paths: [[0], [1]], attr_paths: [] } }, dynamic_nodes: [Component(VComponent { name: "Doggo" }), Component(VComponent { name: "Doggo" })], dynamic_attrs: [] }, mount: Cell { value: MountId(18446744073709551615) } }])], dynamic_attrs: [] }, mount: Cell { value: MountId(18446744073709551615) } }) } parent=Some(ElementRef { path: ElementPath { path: [0] }, mount: MountId(1) })}:render{scope=Doggo}: dioxus_core::scope_context: providing context dioxus_signals::reactive_context::ReactiveContext (TypeId { t: (13019811299087165817, 2870026167952394555) }) in Doggo
2024-06-04T16:00:20.787650Z TRACE VirtualDom::rebuild:VirtualDom::create_scope{scope=ScopeId(0, "app") new_nodes=RenderReturn { node: Ok(VNode { vnode: VNodeInner { key: None, template: Cell { value: Template { name: "examples/suspense.rs:37:5:1230", roots: [Element { tag: "div", namespace: None, attrs: [], children: [Element { tag: "h1", namespace: None, attrs: [], children: [Text { text: "Dogs are very important" }] }, Element { tag: "p", namespace: None, attrs: [], children: [Text { text: "The dog or domestic dog (Canis familiaris[4][5] or Canis lupus familiaris[5])" }, Text { text: "is a domesticated descendant of the wolf which is characterized by an upturning tail." }, Text { text: "The dog derived from an ancient, extinct wolf,[6][7] and the modern grey wolf is the" }, Text { text: "dog's nearest living relative.[8] The dog was the first species to be domesticated,[9][8]" }, Text { text: "by hunter–gatherers over 15,000 years ago,[7] before the development of agriculture.[1]" }] }, Element { tag: "h3", namespace: None, attrs: [], children: [Text { text: "Illustrious Dog Photo" }] }, Dynamic { id: 0 }] }], node_paths: [[0, 3]], attr_paths: [] } }, dynamic_nodes: [Component(VComponent { name: "SuspenseBoundary" })], dynamic_attrs: [] }, mount: Cell { value: MountId(18446744073709551615) } }) } parent=None}:VirtualDom::create_scope{scope=ScopeId(2, "FrozenContext") new_nodes=RenderReturn { node: Ok(VNode { vnode: VNodeInner { key: None, template: Cell { value: Template { name: ":409:0:0", roots: [Dynamic { id: 0 }], node_paths: [[0]], attr_paths: [] } }, dynamic_nodes: [Fragment([VNode { vnode: VNodeInner { key: None, template: Cell { value: Template { name: "examples/suspense.rs:37:5:2144", roots: [Dynamic { id: 0 }, Dynamic { id: 1 }], node_paths: [[0], [1]], attr_paths: [] } }, dynamic_nodes: [Component(VComponent { name: "Doggo" }), Component(VComponent { name: "Doggo" })], dynamic_attrs: [] }, mount: Cell { value: MountId(18446744073709551615) } }])], dynamic_attrs: [] }, mount: Cell { value: MountId(18446744073709551615) } }) } parent=Some(ElementRef { path: ElementPath { path: [0] }, mount: MountId(1) })}:render{scope=Doggo}: dioxus_core::tasks: spawned new task Task { id: 5, unsend: PhantomData<*const ()> } on scope ScopeId(4, "Doggo")
2024-06-04T16:00:20.787671Z TRACE VirtualDom::rebuild:VirtualDom::create_scope{scope=ScopeId(0, "app") new_nodes=RenderReturn { node: Ok(VNode { vnode: VNodeInner { key: None, template: Cell { value: Template { name: "examples/suspense.rs:37:5:1230", roots: [Element { tag: "div", namespace: None, attrs: [], children: [Element { tag: "h1", namespace: None, attrs: [], children: [Text { text: "Dogs are very important" }] }, Element { tag: "p", namespace: None, attrs: [], children: [Text { text: "The dog or domestic dog (Canis familiaris[4][5] or Canis lupus familiaris[5])" }, Text { text: "is a domesticated descendant of the wolf which is characterized by an upturning tail." }, Text { text: "The dog derived from an ancient, extinct wolf,[6][7] and the modern grey wolf is the" }, Text { text: "dog's nearest living relative.[8] The dog was the first species to be domesticated,[9][8]" }, Text { text: "by hunter–gatherers over 15,000 years ago,[7] before the development of agriculture.[1]" }] }, Element { tag: "h3", namespace: None, attrs: [], children: [Text { text: "Illustrious Dog Photo" }] }, Dynamic { id: 0 }] }], node_paths: [[0, 3]], attr_paths: [] } }, dynamic_nodes: [Component(VComponent { name: "SuspenseBoundary" })], dynamic_attrs: [] }, mount: Cell { value: MountId(18446744073709551615) } }) } parent=None}:VirtualDom::create_scope{scope=ScopeId(2, "FrozenContext") new_nodes=RenderReturn { node: Ok(VNode { vnode: VNodeInner { key: None, template: Cell { value: Template { name: ":409:0:0", roots: [Dynamic { id: 0 }], node_paths: [[0]], attr_paths: [] } }, dynamic_nodes: [Fragment([VNode { vnode: VNodeInner { key: None, template: Cell { value: Template { name: "examples/suspense.rs:37:5:2144", roots: [Dynamic { id: 0 }, Dynamic { id: 1 }], node_paths: [[0], [1]], attr_paths: [] } }, dynamic_nodes: [Component(VComponent { name: "Doggo" }), Component(VComponent { name: "Doggo" })], dynamic_attrs: [] }, mount: Cell { value: MountId(18446744073709551615) } }])], dynamic_attrs: [] }, mount: Cell { value: MountId(18446744073709551615) } }) } parent=Some(ElementRef { path: ElementPath { path: [0] }, mount: MountId(1) })}:render{scope=Doggo}: dioxus_signals::signal: Subscribing to the reactive context ReactiveContext(for scope: ScopeId(4, "Doggo"))
2024-06-04T16:00:20.787693Z TRACE VirtualDom::rebuild:VirtualDom::create_scope{scope=ScopeId(0, "app") new_nodes=RenderReturn { node: Ok(VNode { vnode: VNodeInner { key: None, template: Cell { value: Template { name: "examples/suspense.rs:37:5:1230", roots: [Element { tag: "div", namespace: None, attrs: [], children: [Element { tag: "h1", namespace: None, attrs: [], children: [Text { text: "Dogs are very important" }] }, Element { tag: "p", namespace: None, attrs: [], children: [Text { text: "The dog or domestic dog (Canis familiaris[4][5] or Canis lupus familiaris[5])" }, Text { text: "is a domesticated descendant of the wolf which is characterized by an upturning tail." }, Text { text: "The dog derived from an ancient, extinct wolf,[6][7] and the modern grey wolf is the" }, Text { text: "dog's nearest living relative.[8] The dog was the first species to be domesticated,[9][8]" }, Text { text: "by hunter–gatherers over 15,000 years ago,[7] before the development of agriculture.[1]" }] }, Element { tag: "h3", namespace: None, attrs: [], children: [Text { text: "Illustrious Dog Photo" }] }, Dynamic { id: 0 }] }], node_paths: [[0, 3]], attr_paths: [] } }, dynamic_nodes: [Component(VComponent { name: "SuspenseBoundary" })], dynamic_attrs: [] }, mount: Cell { value: MountId(18446744073709551615) } }) } parent=None}:VirtualDom::create_scope{scope=ScopeId(2, "FrozenContext") new_nodes=RenderReturn { node: Ok(VNode { vnode: VNodeInner { key: None, template: Cell { value: Template { name: ":409:0:0", roots: [Dynamic { id: 0 }], node_paths: [[0]], attr_paths: [] } }, dynamic_nodes: [Fragment([VNode { vnode: VNodeInner { key: None, template: Cell { value: Template { name: "examples/suspense.rs:37:5:2144", roots: [Dynamic { id: 0 }, Dynamic { id: 1 }], node_paths: [[0], [1]], attr_paths: [] } }, dynamic_nodes: [Component(VComponent { name: "Doggo" }), Component(VComponent { name: "Doggo" })], dynamic_attrs: [] }, mount: Cell { value: MountId(18446744073709551615) } }])], dynamic_attrs: [] }, mount: Cell { value: MountId(18446744073709551615) } }) } parent=Some(ElementRef { path: ElementPath { path: [0] }, mount: MountId(1) })}:render{scope=Doggo}: dioxus_signals::signal: Subscribing to the reactive context ReactiveContext(for scope: ScopeId(4, "Doggo"))
2024-06-04T16:00:20.787714Z TRACE VirtualDom::rebuild:VirtualDom::create_scope{scope=ScopeId(0, "app") new_nodes=RenderReturn { node: Ok(VNode { vnode: VNodeInner { key: None, template: Cell { value: Template { name: "examples/suspense.rs:37:5:1230", roots: [Element { tag: "div", namespace: None, attrs: [], children: [Element { tag: "h1", namespace: None, attrs: [], children: [Text { text: "Dogs are very important" }] }, Element { tag: "p", namespace: None, attrs: [], children: [Text { text: "The dog or domestic dog (Canis familiaris[4][5] or Canis lupus familiaris[5])" }, Text { text: "is a domesticated descendant of the wolf which is characterized by an upturning tail." }, Text { text: "The dog derived from an ancient, extinct wolf,[6][7] and the modern grey wolf is the" }, Text { text: "dog's nearest living relative.[8] The dog was the first species to be domesticated,[9][8]" }, Text { text: "by hunter–gatherers over 15,000 years ago,[7] before the development of agriculture.[1]" }] }, Element { tag: "h3", namespace: None, attrs: [], children: [Text { text: "Illustrious Dog Photo" }] }, Dynamic { id: 0 }] }], node_paths: [[0, 3]], attr_paths: [] } }, dynamic_nodes: [Component(VComponent { name: "SuspenseBoundary" })], dynamic_attrs: [] }, mount: Cell { value: MountId(18446744073709551615) } }) } parent=None}:VirtualDom::create_scope{scope=ScopeId(2, "FrozenContext") new_nodes=RenderReturn { node: Ok(VNode { vnode: VNodeInner { key: None, template: Cell { value: Template { name: ":409:0:0", roots: [Dynamic { id: 0 }], node_paths: [[0]], attr_paths: [] } }, dynamic_nodes: [Fragment([VNode { vnode: VNodeInner { key: None, template: Cell { value: Template { name: "examples/suspense.rs:37:5:2144", roots: [Dynamic { id: 0 }, Dynamic { id: 1 }], node_paths: [[0], [1]], attr_paths: [] } }, dynamic_nodes: [Component(VComponent { name: "Doggo" }), Component(VComponent { name: "Doggo" })], dynamic_attrs: [] }, mount: Cell { value: MountId(18446744073709551615) } }])], dynamic_attrs: [] }, mount: Cell { value: MountId(18446744073709551615) } }) } parent=Some(ElementRef { path: ElementPath { path: [0] }, mount: MountId(1) })}:render{scope=Doggo}: dioxus_core::scope_context: looking for context dioxus_core::suspense::SuspenseContext (TypeId { t: (4533244013398082440, 10897659798729036060) }) in Doggo
2024-06-04T16:00:20.787732Z TRACE VirtualDom::rebuild:VirtualDom::create_scope{scope=ScopeId(0, "app") new_nodes=RenderReturn { node: Ok(VNode { vnode: VNodeInner { key: None, template: Cell { value: Template { name: "examples/suspense.rs:37:5:1230", roots: [Element { tag: "div", namespace: None, attrs: [], children: [Element { tag: "h1", namespace: None, attrs: [], children: [Text { text: "Dogs are very important" }] }, Element { tag: "p", namespace: None, attrs: [], children: [Text { text: "The dog or domestic dog (Canis familiaris[4][5] or Canis lupus familiaris[5])" }, Text { text: "is a domesticated descendant of the wolf which is characterized by an upturning tail." }, Text { text: "The dog derived from an ancient, extinct wolf,[6][7] and the modern grey wolf is the" }, Text { text: "dog's nearest living relative.[8] The dog was the first species to be domesticated,[9][8]" }, Text { text: "by hunter–gatherers over 15,000 years ago,[7] before the development of agriculture.[1]" }] }, Element { tag: "h3", namespace: None, attrs: [], children: [Text { text: "Illustrious Dog Photo" }] }, Dynamic { id: 0 }] }], node_paths: [[0, 3]], attr_paths: [] } }, dynamic_nodes: [Component(VComponent { name: "SuspenseBoundary" })], dynamic_attrs: [] }, mount: Cell { value: MountId(18446744073709551615) } }) } parent=None}:VirtualDom::create_scope{scope=ScopeId(2, "FrozenContext") new_nodes=RenderReturn { node: Ok(VNode { vnode: VNodeInner { key: None, template: Cell { value: Template { name: ":409:0:0", roots: [Dynamic { id: 0 }], node_paths: [[0]], attr_paths: [] } }, dynamic_nodes: [Fragment([VNode { vnode: VNodeInner { key: None, template: Cell { value: Template { name: "examples/suspense.rs:37:5:2144", roots: [Dynamic { id: 0 }, Dynamic { id: 1 }], node_paths: [[0], [1]], attr_paths: [] } }, dynamic_nodes: [Component(VComponent { name: "Doggo" }), Component(VComponent { name: "Doggo" })], dynamic_attrs: [] }, mount: Cell { value: MountId(18446744073709551615) } }])], dynamic_attrs: [] }, mount: Cell { value: MountId(18446744073709551615) } }) } parent=Some(ElementRef { path: ElementPath { path: [0] }, mount: MountId(1) })}:render{scope=Doggo}: dioxus_core::scope_context: looking for context dioxus_core::suspense::SuspenseContext (TypeId { t: (4533244013398082440, 10897659798729036060) }) in FrozenContext
2024-06-04T16:00:20.787748Z TRACE VirtualDom::rebuild:VirtualDom::create_scope{scope=ScopeId(0, "app") new_nodes=RenderReturn { node: Ok(VNode { vnode: VNodeInner { key: None, template: Cell { value: Template { name: "examples/suspense.rs:37:5:1230", roots: [Element { tag: "div", namespace: None, attrs: [], children: [Element { tag: "h1", namespace: None, attrs: [], children: [Text { text: "Dogs are very important" }] }, Element { tag: "p", namespace: None, attrs: [], children: [Text { text: "The dog or domestic dog (Canis familiaris[4][5] or Canis lupus familiaris[5])" }, Text { text: "is a domesticated descendant of the wolf which is characterized by an upturning tail." }, Text { text: "The dog derived from an ancient, extinct wolf,[6][7] and the modern grey wolf is the" }, Text { text: "dog's nearest living relative.[8] The dog was the first species to be domesticated,[9][8]" }, Text { text: "by hunter–gatherers over 15,000 years ago,[7] before the development of agriculture.[1]" }] }, Element { tag: "h3", namespace: None, attrs: [], children: [Text { text: "Illustrious Dog Photo" }] }, Dynamic { id: 0 }] }], node_paths: [[0, 3]], attr_paths: [] } }, dynamic_nodes: [Component(VComponent { name: "SuspenseBoundary" })], dynamic_attrs: [] }, mount: Cell { value: MountId(18446744073709551615) } }) } parent=None}:VirtualDom::create_scope{scope=ScopeId(2, "FrozenContext") new_nodes=RenderReturn { node: Ok(VNode { vnode: VNodeInner { key: None, template: Cell { value: Template { name: ":409:0:0", roots: [Dynamic { id: 0 }], node_paths: [[0]], attr_paths: [] } }, dynamic_nodes: [Fragment([VNode { vnode: VNodeInner { key: None, template: Cell { value: Template { name: "examples/suspense.rs:37:5:2144", roots: [Dynamic { id: 0 }, Dynamic { id: 1 }], node_paths: [[0], [1]], attr_paths: [] } }, dynamic_nodes: [Component(VComponent { name: "Doggo" }), Component(VComponent { name: "Doggo" })], dynamic_attrs: [] }, mount: Cell { value: MountId(18446744073709551615) } }])], dynamic_attrs: [] }, mount: Cell { value: MountId(18446744073709551615) } }) } parent=Some(ElementRef { path: ElementPath { path: [0] }, mount: MountId(1) })}:render{scope=Doggo}: dioxus_core::scope_context: found context TypeId { t: (9286496122914249738, 8586425926625933774) }
2024-06-04T16:00:20.787765Z TRACE VirtualDom::rebuild:VirtualDom::create_scope{scope=ScopeId(0, "app") new_nodes=RenderReturn { node: Ok(VNode { vnode: VNodeInner { key: None, template: Cell { value: Template { name: "examples/suspense.rs:37:5:1230", roots: [Element { tag: "div", namespace: None, attrs: [], children: [Element { tag: "h1", namespace: None, attrs: [], children: [Text { text: "Dogs are very important" }] }, Element { tag: "p", namespace: None, attrs: [], children: [Text { text: "The dog or domestic dog (Canis familiaris[4][5] or Canis lupus familiaris[5])" }, Text { text: "is a domesticated descendant of the wolf which is characterized by an upturning tail." }, Text { text: "The dog derived from an ancient, extinct wolf,[6][7] and the modern grey wolf is the" }, Text { text: "dog's nearest living relative.[8] The dog was the first species to be domesticated,[9][8]" }, Text { text: "by hunter–gatherers over 15,000 years ago,[7] before the development of agriculture.[1]" }] }, Element { tag: "h3", namespace: None, attrs: [], children: [Text { text: "Illustrious Dog Photo" }] }, Dynamic { id: 0 }] }], node_paths: [[0, 3]], attr_paths: [] } }, dynamic_nodes: [Component(VComponent { name: "SuspenseBoundary" })], dynamic_attrs: [] }, mount: Cell { value: MountId(18446744073709551615) } }) } parent=None}:VirtualDom::create_scope{scope=ScopeId(2, "FrozenContext") new_nodes=RenderReturn { node: Ok(VNode { vnode: VNodeInner { key: None, template: Cell { value: Template { name: ":409:0:0", roots: [Dynamic { id: 0 }], node_paths: [[0]], attr_paths: [] } }, dynamic_nodes: [Fragment([VNode { vnode: VNodeInner { key: None, template: Cell { value: Template { name: "examples/suspense.rs:37:5:2144", roots: [Dynamic { id: 0 }, Dynamic { id: 1 }], node_paths: [[0], [1]], attr_paths: [] } }, dynamic_nodes: [Component(VComponent { name: "Doggo" }), Component(VComponent { name: "Doggo" })], dynamic_attrs: [] }, mount: Cell { value: MountId(18446744073709551615) } }])], dynamic_attrs: [] }, mount: Cell { value: MountId(18446744073709551615) } }) } parent=Some(ElementRef { path: ElementPath { path: [0] }, mount: MountId(1) })}:render{scope=Doggo}: dioxus_core::scope_context: looking for context dioxus_core::suspense::SuspenseContext (TypeId { t: (4533244013398082440, 10897659798729036060) }) in SuspenseBoundary
2024-06-04T16:00:20.787781Z TRACE VirtualDom::rebuild:VirtualDom::create_scope{scope=ScopeId(0, "app") new_nodes=RenderReturn { node: Ok(VNode { vnode: VNodeInner { key: None, template: Cell { value: Template { name: "examples/suspense.rs:37:5:1230", roots: [Element { tag: "div", namespace: None, attrs: [], children: [Element { tag: "h1", namespace: None, attrs: [], children: [Text { text: "Dogs are very important" }] }, Element { tag: "p", namespace: None, attrs: [], children: [Text { text: "The dog or domestic dog (Canis familiaris[4][5] or Canis lupus familiaris[5])" }, Text { text: "is a domesticated descendant of the wolf which is characterized by an upturning tail." }, Text { text: "The dog derived from an ancient, extinct wolf,[6][7] and the modern grey wolf is the" }, Text { text: "dog's nearest living relative.[8] The dog was the first species to be domesticated,[9][8]" }, Text { text: "by hunter–gatherers over 15,000 years ago,[7] before the development of agriculture.[1]" }] }, Element { tag: "h3", namespace: None, attrs: [], children: [Text { text: "Illustrious Dog Photo" }] }, Dynamic { id: 0 }] }], node_paths: [[0, 3]], attr_paths: [] } }, dynamic_nodes: [Component(VComponent { name: "SuspenseBoundary" })], dynamic_attrs: [] }, mount: Cell { value: MountId(18446744073709551615) } }) } parent=None}:VirtualDom::create_scope{scope=ScopeId(2, "FrozenContext") new_nodes=RenderReturn { node: Ok(VNode { vnode: VNodeInner { key: None, template: Cell { value: Template { name: ":409:0:0", roots: [Dynamic { id: 0 }], node_paths: [[0]], attr_paths: [] } }, dynamic_nodes: [Fragment([VNode { vnode: VNodeInner { key: None, template: Cell { value: Template { name: "examples/suspense.rs:37:5:2144", roots: [Dynamic { id: 0 }, Dynamic { id: 1 }], node_paths: [[0], [1]], attr_paths: [] } }, dynamic_nodes: [Component(VComponent { name: "Doggo" }), Component(VComponent { name: "Doggo" })], dynamic_attrs: [] }, mount: Cell { value: MountId(18446744073709551615) } }])], dynamic_attrs: [] }, mount: Cell { value: MountId(18446744073709551615) } }) } parent=Some(ElementRef { path: ElementPath { path: [0] }, mount: MountId(1) })}:render{scope=Doggo}: dioxus_core::scope_context: found context TypeId { t: (4533244013398082440, 10897659798729036060) }
2024-06-04T16:00:20.787797Z TRACE VirtualDom::rebuild:VirtualDom::create_scope{scope=ScopeId(0, "app") new_nodes=RenderReturn { node: Ok(VNode { vnode: VNodeInner { key: None, template: Cell { value: Template { name: "examples/suspense.rs:37:5:1230", roots: [Element { tag: "div", namespace: None, attrs: [], children: [Element { tag: "h1", namespace: None, attrs: [], children: [Text { text: "Dogs are very important" }] }, Element { tag: "p", namespace: None, attrs: [], children: [Text { text: "The dog or domestic dog (Canis familiaris[4][5] or Canis lupus familiaris[5])" }, Text { text: "is a domesticated descendant of the wolf which is characterized by an upturning tail." }, Text { text: "The dog derived from an ancient, extinct wolf,[6][7] and the modern grey wolf is the" }, Text { text: "dog's nearest living relative.[8] The dog was the first species to be domesticated,[9][8]" }, Text { text: "by hunter–gatherers over 15,000 years ago,[7] before the development of agriculture.[1]" }] }, Element { tag: "h3", namespace: None, attrs: [], children: [Text { text: "Illustrious Dog Photo" }] }, Dynamic { id: 0 }] }], node_paths: [[0, 3]], attr_paths: [] } }, dynamic_nodes: [Component(VComponent { name: "SuspenseBoundary" })], dynamic_attrs: [] }, mount: Cell { value: MountId(18446744073709551615) } }) } parent=None}:VirtualDom::create_scope{scope=ScopeId(2, "FrozenContext") new_nodes=RenderReturn { node: Ok(VNode { vnode: VNodeInner { key: None, template: Cell { value: Template { name: ":409:0:0", roots: [Dynamic { id: 0 }], node_paths: [[0]], attr_paths: [] } }, dynamic_nodes: [Fragment([VNode { vnode: VNodeInner { key: None, template: Cell { value: Template { name: "examples/suspense.rs:37:5:2144", roots: [Dynamic { id: 0 }, Dynamic { id: 1 }], node_paths: [[0], [1]], attr_paths: [] } }, dynamic_nodes: [Component(VComponent { name: "Doggo" }), Component(VComponent { name: "Doggo" })], dynamic_attrs: [] }, mount: Cell { value: MountId(18446744073709551615) } }])], dynamic_attrs: [] }, mount: Cell { value: MountId(18446744073709551615) } }) } parent=Some(ElementRef { path: ElementPath { path: [0] }, mount: MountId(1) })}:render{scope=Doggo}: dioxus_core::scope_arena: Suspending ScopeId(4, "Doggo") on Task { id: 4, unsend: PhantomData<*const ()> }
2024-06-04T16:00:20.787840Z TRACE VirtualDom::rebuild:VirtualDom::create_scope{scope=ScopeId(0, "app") new_nodes=RenderReturn { node: Ok(VNode { vnode: VNodeInner { key: None, template: Cell { value: Template { name: "examples/suspense.rs:37:5:1230", roots: [Element { tag: "div", namespace: None, attrs: [], children: [Element { tag: "h1", namespace: None, attrs: [], children: [Text { text: "Dogs are very important" }] }, Element { tag: "p", namespace: None, attrs: [], children: [Text { text: "The dog or domestic dog (Canis familiaris[4][5] or Canis lupus familiaris[5])" }, Text { text: "is a domesticated descendant of the wolf which is characterized by an upturning tail." }, Text { text: "The dog derived from an ancient, extinct wolf,[6][7] and the modern grey wolf is the" }, Text { text: "dog's nearest living relative.[8] The dog was the first species to be domesticated,[9][8]" }, Text { text: "by hunter–gatherers over 15,000 years ago,[7] before the development of agriculture.[1]" }] }, Element { tag: "h3", namespace: None, attrs: [], children: [Text { text: "Illustrious Dog Photo" }] }, Dynamic { id: 0 }] }], node_paths: [[0, 3]], attr_paths: [] } }, dynamic_nodes: [Component(VComponent { name: "SuspenseBoundary" })], dynamic_attrs: [] }, mount: Cell { value: MountId(18446744073709551615) } }) } parent=None}:VirtualDom::create_scope{scope=ScopeId(2, "FrozenContext") new_nodes=RenderReturn { node: Ok(VNode { vnode: VNodeInner { key: None, template: Cell { value: Template { name: ":409:0:0", roots: [Dynamic { id: 0 }], node_paths: [[0]], attr_paths: [] } }, dynamic_nodes: [Fragment([VNode { vnode: VNodeInner { key: None, template: Cell { value: Template { name: "examples/suspense.rs:37:5:2144", roots: [Dynamic { id: 0 }, Dynamic { id: 1 }], node_paths: [[0], [1]], attr_paths: [] } }, dynamic_nodes: [Component(VComponent { name: "Doggo" }), Component(VComponent { name: "Doggo" })], dynamic_attrs: [] }, mount: Cell { value: MountId(18446744073709551615) } }])], dynamic_attrs: [] }, mount: Cell { value: MountId(18446744073709551615) } }) } parent=Some(ElementRef { path: ElementPath { path: [0] }, mount: MountId(1) })}:VirtualDom::create_scope{scope=ScopeId(4, "Doggo") new_nodes=RenderReturn { node: Err(Suspended(SuspendedFuture { origin: ScopeId(4, "Doggo"), task: Task { id: 4, unsend: PhantomData<*const ()> }, placeholder: VNode { vnode: VNodeInner { key: None, template: Cell { value: Template { name: "packages/core/nodes.rs:198:0:0", roots: [Dynamic { id: 0 }], node_paths: [[0]], attr_paths: [] } }, dynamic_nodes: [Placeholder(VPlaceholder)], dynamic_attrs: [] }, mount: Cell { value: MountId(18446744073709551615) } } })) } parent=Some(ElementRef { path: ElementPath { path: [1] }, mount: MountId(3) })}: dioxus_core::diff::node: creating template self=VNode { vnode: VNodeInner { key: None, template: Cell { value: Template { name: "packages/core/nodes.rs:198:0:0", roots: [Dynamic { id: 0 }], node_paths: [[0]], attr_paths: [] } }, dynamic_nodes: [Placeholder(VPlaceholder)], dynamic_attrs: [] }, mount: Cell { value: MountId(5) } } mount=MountId(5)
2024-06-04T16:00:20.787865Z TRACE VirtualDom::rebuild:VirtualDom::create_scope{scope=ScopeId(0, "app") new_nodes=RenderReturn { node: Ok(VNode { vnode: VNodeInner { key: None, template: Cell { value: Template { name: "examples/suspense.rs:37:5:1230", roots: [Element { tag: "div", namespace: None, attrs: [], children: [Element { tag: "h1", namespace: None, attrs: [], children: [Text { text: "Dogs are very important" }] }, Element { tag: "p", namespace: None, attrs: [], children: [Text { text: "The dog or domestic dog (Canis familiaris[4][5] or Canis lupus familiaris[5])" }, Text { text: "is a domesticated descendant of the wolf which is characterized by an upturning tail." }, Text { text: "The dog derived from an ancient, extinct wolf,[6][7] and the modern grey wolf is the" }, Text { text: "dog's nearest living relative.[8] The dog was the first species to be domesticated,[9][8]" }, Text { text: "by hunter–gatherers over 15,000 years ago,[7] before the development of agriculture.[1]" }] }, Element { tag: "h3", namespace: None, attrs: [], children: [Text { text: "Illustrious Dog Photo" }] }, Dynamic { id: 0 }] }], node_paths: [[0, 3]], attr_paths: [] } }, dynamic_nodes: [Component(VComponent { name: "SuspenseBoundary" })], dynamic_attrs: [] }, mount: Cell { value: MountId(18446744073709551615) } }) } parent=None}:VirtualDom::create_scope{scope=ScopeId(2, "FrozenContext") new_nodes=RenderReturn { node: Ok(VNode { vnode: VNodeInner { key: None, template: Cell { value: Template { name: ":409:0:0", roots: [Dynamic { id: 0 }], node_paths: [[0]], attr_paths: [] } }, dynamic_nodes: [Fragment([VNode { vnode: VNodeInner { key: None, template: Cell { value: Template { name: "examples/suspense.rs:37:5:2144", roots: [Dynamic { id: 0 }, Dynamic { id: 1 }], node_paths: [[0], [1]], attr_paths: [] } }, dynamic_nodes: [Component(VComponent { name: "Doggo" }), Component(VComponent { name: "Doggo" })], dynamic_attrs: [] }, mount: Cell { value: MountId(18446744073709551615) } }])], dynamic_attrs: [] }, mount: Cell { value: MountId(18446744073709551615) } }) } parent=Some(ElementRef { path: ElementPath { path: [0] }, mount: MountId(1) })}:VirtualDom::create_scope{scope=ScopeId(4, "Doggo") new_nodes=RenderReturn { node: Err(Suspended(SuspendedFuture { origin: ScopeId(4, "Doggo"), task: Task { id: 4, unsend: PhantomData<*const ()> }, placeholder: VNode { vnode: VNodeInner { key: None, template: Cell { value: Template { name: "packages/core/nodes.rs:198:0:0", roots: [Dynamic { id: 0 }], node_paths: [[0]], attr_paths: [] } }, dynamic_nodes: [Placeholder(VPlaceholder)], dynamic_attrs: [] }, mount: Cell { value: MountId(18446744073709551615) } } })) } parent=Some(ElementRef { path: ElementPath { path: [1] }, mount: MountId(3) })}: dioxus_core::diff::node: creating placeholder
2024-06-04T16:00:20.792294Z TRACE VirtualDom::wait_for_work:VirtualDom::process_events: dioxus_core::virtual_dom: Marking task Task { id: 0, unsend: PhantomData<*const ()> } (spawned in ScopeId(3)) as dirty (called from Location { file: "packages/core/src/virtual_dom.rs", line: 505, col: 58 })
2024-06-04T16:00:20.792362Z TRACE VirtualDom::wait_for_work:VirtualDom::process_events: dioxus_core::virtual_dom: Marking task Task { id: 1, unsend: PhantomData<*const ()> } (spawned in ScopeId(3)) as dirty (called from Location { file: "packages/core/src/virtual_dom.rs", line: 505, col: 58 })
2024-06-04T16:00:20.792405Z TRACE VirtualDom::wait_for_work:VirtualDom::process_events: dioxus_core::virtual_dom: Marking task Task { id: 2, unsend: PhantomData<*const ()> } (spawned in ScopeId(3)) as dirty (called from Location { file: "packages/core/src/virtual_dom.rs", line: 505, col: 58 })
2024-06-04T16:00:20.792421Z TRACE VirtualDom::wait_for_work:VirtualDom::process_events: dioxus_core::virtual_dom: Marking scope ScopeId(1) as dirty
2024-06-04T16:00:20.792435Z TRACE VirtualDom::wait_for_work:VirtualDom::process_events: dioxus_core::virtual_dom: Marking task Task { id: 3, unsend: PhantomData<*const ()> } (spawned in ScopeId(4)) as dirty (called from Location { file: "packages/core/src/virtual_dom.rs", line: 505, col: 58 })
2024-06-04T16:00:20.792451Z TRACE VirtualDom::wait_for_work:VirtualDom::process_events: dioxus_core::virtual_dom: Marking task Task { id: 4, unsend: PhantomData<*const ()> } (spawned in ScopeId(4)) as dirty (called from Location { file: "packages/core/src/virtual_dom.rs", line: 505, col: 58 })
2024-06-04T16:00:20.792466Z TRACE VirtualDom::wait_for_work:VirtualDom::process_events: dioxus_core::virtual_dom: Marking task Task { id: 5, unsend: PhantomData<*const ()> } (spawned in ScopeId(4)) as dirty (called from Location { file: "packages/core/src/virtual_dom.rs", line: 505, col: 58 })
2024-06-04T16:00:20.792480Z TRACE VirtualDom::wait_for_work:VirtualDom::process_events: dioxus_core::virtual_dom: Marking scope ScopeId(1) as dirty
2024-06-04T16:00:20.792524Z TRACE VirtualDom::render_immediate: dioxus_core::suspense::component: diffing SuspenseBoundaryProps { fallback: Callback { origin: ScopeId(0, "app"), callback: 0x106509808@0 }, children: Ok(VNode { vnode: VNodeInner { key: None, template: Cell { value: Template { name: "examples/suspense.rs:37:5:2144", roots: [Dynamic { id: 0 }, Dynamic { id: 1 }], node_paths: [[0], [1]], attr_paths: [] } }, dynamic_nodes: [Component(VComponent { name: "Doggo" }), Component(VComponent { name: "Doggo" })], dynamic_attrs: [] }, mount: Cell { value: MountId(18446744073709551615) } }), suspended_nodes: None }
2024-06-04T16:00:20.792547Z TRACE VirtualDom::render_immediate: dioxus_core::suspense::component: diffing SuspenseBoundaryProps { fallback: Callback { origin: ScopeId(0, "app"), callback: 0x106509808@0 }, children: Ok(VNode { vnode: VNodeInner { key: None, template: Cell { value: Template { name: "examples/suspense.rs:37:5:2144", roots: [Dynamic { id: 0 }, Dynamic { id: 1 }], node_paths: [[0], [1]], attr_paths: [] } }, dynamic_nodes: [Component(VComponent { name: "Doggo" }), Component(VComponent { name: "Doggo" })], dynamic_attrs: [] }, mount: Cell { value: MountId(18446744073709551615) } }), suspended_nodes: None } vs VNode { vnode: VNodeInner { key: None, template: Cell { value: Template { name: ":281:0:0", roots: [Dynamic { id: 0 }], node_paths: [[0]], attr_paths: [] } }, dynamic_nodes: [Component(VComponent { name: "FrozenContext" })], dynamic_attrs: [] }, mount: Cell { value: MountId(1) } }
2024-06-04T16:00:20.792572Z TRACE VirtualDom::render_immediate: dioxus_core::scope_context: looking for context dioxus_core::suspense::SuspenseContext (TypeId { t: (4533244013398082440, 10897659798729036060) }) in SuspenseBoundary
2024-06-04T16:00:20.792584Z TRACE VirtualDom::render_immediate: dioxus_core::suspense::component: suspense is suspended: true
2024-06-04T16:00:20.792594Z TRACE VirtualDom::render_immediate: dioxus_core::suspense::component: suspended nodes: None
2024-06-04T16:00:20.792610Z TRACE VirtualDom::render_immediate: dioxus_core::suspense::component: old children mount: VNodeMount { parent: Some(ElementRef { path: ElementPath { path: [0, 3] }, mount: MountId(0) }), node: VNode { vnode: VNodeInner { key: None, template: Cell { value: Template { name: ":281:0:0", roots: [Dynamic { id: 0 }], node_paths: [[0]], attr_paths: [] } }, dynamic_nodes: [Component(VComponent { name: "FrozenContext" })], dynamic_attrs: [] }, mount: Cell { value: MountId(1) } }, root_ids: [ElementId(0)], mounted_attributes: [], mounted_dynamic_nodes: [2] }
2024-06-04T16:00:20.792629Z TRACE VirtualDom::render_immediate: dioxus_core::suspense::component: new children mount: VNodeMount { parent: Some(ElementRef { path: ElementPath { path: [0, 3] }, mount: MountId(0) }), node: VNode { vnode: VNodeInner { key: None, template: Cell { value: Template { name: ":281:0:0", roots: [Dynamic { id: 0 }], node_paths: [[0]], attr_paths: [] } }, dynamic_nodes: [Component(VComponent { name: "FrozenContext" })], dynamic_attrs: [] }, mount: Cell { value: MountId(1) } }, root_ids: [ElementId(0)], mounted_attributes: [], mounted_dynamic_nodes: [2] }
2024-06-04T16:00:20.792649Z TRACE VirtualDom::render_immediate: dioxus_core::diff::node: creating template self=VNode { vnode: VNodeInner { key: None, template: Cell { value: Template { name: "examples/suspense.rs:94:9:3227", roots: [Element { tag: "div", namespace: None, attrs: [], children: [Text { text: "Loading doggos" }, Dynamic { id: 0 }] }], node_paths: [[0, 1]], attr_paths: [] } }, dynamic_nodes: [Component(VComponent { name: "LoadingDots" })], dynamic_attrs: [] }, mount: Cell { value: MountId(6) } } mount=MountId(6)
2024-06-04T16:00:20.792687Z TRACE VirtualDom::render_immediate: dioxus_core::scope_arena: created scope ScopeId(5, "LoadingDots") with parent Some(ScopeId(1, "SuspenseBoundary"))
2024-06-04T16:00:20.792714Z TRACE VirtualDom::render_immediate:render{scope=LoadingDots}: dioxus_core::scope_context: providing context generational_box::Owner (TypeId { t: (12863128315404290460, 10765676081690244856) }) in LoadingDots
2024-06-04T16:00:20.792754Z TRACE VirtualDom::render_immediate:render{scope=LoadingDots}: dioxus_core::tasks: spawned new task Task { id: 6, unsend: PhantomData<*const ()> } on scope ScopeId(5, "LoadingDots")
2024-06-04T16:00:20.792790Z TRACE VirtualDom::render_immediate:render{scope=LoadingDots}: dioxus_core::scope_context: providing context generational_box::Owner<generational_box::sync::SyncStorage> (TypeId { t: (7452056554644511983, 16333551252200192080) }) in LoadingDots
2024-06-04T16:00:20.792808Z TRACE VirtualDom::render_immediate:render{scope=LoadingDots}: dioxus_core::scope_context: providing context dioxus_signals::reactive_context::ReactiveContext (TypeId { t: (13019811299087165817, 2870026167952394555) }) in LoadingDots
2024-06-04T16:00:20.792822Z TRACE VirtualDom::render_immediate:render{scope=LoadingDots}: dioxus_signals::signal: Subscribing to the reactive context ReactiveContext(for scope: ScopeId(5, "LoadingDots"))
2024-06-04T16:00:20.792868Z TRACE VirtualDom::render_immediate:VirtualDom::create_scope{scope=ScopeId(5, "LoadingDots") new_nodes=RenderReturn { node: Ok(VNode { vnode: VNodeInner { key: None, template: Cell { value: Template { name: "examples/suspense.rs:127:5:4128", roots: [Dynamic { id: 0 }], node_paths: [[0]], attr_paths: [] } }, dynamic_nodes: [Text(VText { value: "" })], dynamic_attrs: [] }, mount: Cell { value: MountId(18446744073709551615) } }) } parent=Some(ElementRef { path: ElementPath { path: [0, 1] }, mount: MountId(6) })}: dioxus_core::scope_context: looking for context dioxus_core::suspense::FrozenContext (TypeId { t: (9286496122914249738, 8586425926625933774) }) in LoadingDots
2024-06-04T16:00:20.792883Z TRACE VirtualDom::render_immediate:VirtualDom::create_scope{scope=ScopeId(5, "LoadingDots") new_nodes=RenderReturn { node: Ok(VNode { vnode: VNodeInner { key: None, template: Cell { value: Template { name: "examples/suspense.rs:127:5:4128", roots: [Dynamic { id: 0 }], node_paths: [[0]], attr_paths: [] } }, dynamic_nodes: [Text(VText { value: "" })], dynamic_attrs: [] }, mount: Cell { value: MountId(18446744073709551615) } }) } parent=Some(ElementRef { path: ElementPath { path: [0, 1] }, mount: MountId(6) })}: dioxus_core::scope_context: looking for context dioxus_core::suspense::FrozenContext (TypeId { t: (9286496122914249738, 8586425926625933774) }) in SuspenseBoundary
2024-06-04T16:00:20.792896Z TRACE VirtualDom::render_immediate:VirtualDom::create_scope{scope=ScopeId(5, "LoadingDots") new_nodes=RenderReturn { node: Ok(VNode { vnode: VNodeInner { key: None, template: Cell { value: Template { name: "examples/suspense.rs:127:5:4128", roots: [Dynamic { id: 0 }], node_paths: [[0]], attr_paths: [] } }, dynamic_nodes: [Text(VText { value: "" })], dynamic_attrs: [] }, mount: Cell { value: MountId(18446744073709551615) } }) } parent=Some(ElementRef { path: ElementPath { path: [0, 1] }, mount: MountId(6) })}: dioxus_core::scope_context: found context TypeId { t: (4533244013398082440, 10897659798729036060) }
2024-06-04T16:00:20.792910Z TRACE VirtualDom::render_immediate:VirtualDom::create_scope{scope=ScopeId(5, "LoadingDots") new_nodes=RenderReturn { node: Ok(VNode { vnode: VNodeInner { key: None, template: Cell { value: Template { name: "examples/suspense.rs:127:5:4128", roots: [Dynamic { id: 0 }], node_paths: [[0]], attr_paths: [] } }, dynamic_nodes: [Text(VText { value: "" })], dynamic_attrs: [] }, mount: Cell { value: MountId(18446744073709551615) } }) } parent=Some(ElementRef { path: ElementPath { path: [0, 1] }, mount: MountId(6) })}: dioxus_core::scope_context: looking for context dioxus_core::suspense::FrozenContext (TypeId { t: (9286496122914249738, 8586425926625933774) }) in app
2024-06-04T16:00:20.792922Z TRACE VirtualDom::render_immediate:VirtualDom::create_scope{scope=ScopeId(5, "LoadingDots") new_nodes=RenderReturn { node: Ok(VNode { vnode: VNodeInner { key: None, template: Cell { value: Template { name: "examples/suspense.rs:127:5:4128", roots: [Dynamic { id: 0 }], node_paths: [[0]], attr_paths: [] } }, dynamic_nodes: [Text(VText { value: "" })], dynamic_attrs: [] }, mount: Cell { value: MountId(18446744073709551615) } }) } parent=Some(ElementRef { path: ElementPath { path: [0, 1] }, mount: MountId(6) })}: dioxus_core::scope_context: found context TypeId { t: (3582638416876954437, 3810890675802792692) }
2024-06-04T16:00:20.792934Z TRACE VirtualDom::render_immediate:VirtualDom::create_scope{scope=ScopeId(5, "LoadingDots") new_nodes=RenderReturn { node: Ok(VNode { vnode: VNodeInner { key: None, template: Cell { value: Template { name: "examples/suspense.rs:127:5:4128", roots: [Dynamic { id: 0 }], node_paths: [[0]], attr_paths: [] } }, dynamic_nodes: [Text(VText { value: "" })], dynamic_attrs: [] }, mount: Cell { value: MountId(18446744073709551615) } }) } parent=Some(ElementRef { path: ElementPath { path: [0, 1] }, mount: MountId(6) })}: dioxus_core::scope_context: found context TypeId { t: (7946844621057603534, 4355211565432133561) }
2024-06-04T16:00:20.792948Z TRACE VirtualDom::render_immediate:VirtualDom::create_scope{scope=ScopeId(5, "LoadingDots") new_nodes=RenderReturn { node: Ok(VNode { vnode: VNodeInner { key: None, template: Cell { value: Template { name: "examples/suspense.rs:127:5:4128", roots: [Dynamic { id: 0 }], node_paths: [[0]], attr_paths: [] } }, dynamic_nodes: [Text(VText { value: "" })], dynamic_attrs: [] }, mount: Cell { value: MountId(18446744073709551615) } }) } parent=Some(ElementRef { path: ElementPath { path: [0, 1] }, mount: MountId(6) })}: dioxus_core::scope_context: found context TypeId { t: (10682502755203913650, 15985576721215419306) }
2024-06-04T16:00:20.792961Z TRACE VirtualDom::render_immediate:VirtualDom::create_scope{scope=ScopeId(5, "LoadingDots") new_nodes=RenderReturn { node: Ok(VNode { vnode: VNodeInner { key: None, template: Cell { value: Template { name: "examples/suspense.rs:127:5:4128", roots: [Dynamic { id: 0 }], node_paths: [[0]], attr_paths: [] } }, dynamic_nodes: [Text(VText { value: "" })], dynamic_attrs: [] }, mount: Cell { value: MountId(18446744073709551615) } }) } parent=Some(ElementRef { path: ElementPath { path: [0, 1] }, mount: MountId(6) })}: dioxus_core::scope_context: context dioxus_core::suspense::FrozenContext (TypeId { t: (9286496122914249738, 8586425926625933774) }) not found
2024-06-04T16:00:20.792975Z TRACE VirtualDom::render_immediate:VirtualDom::create_scope{scope=ScopeId(5, "LoadingDots") new_nodes=RenderReturn { node: Ok(VNode { vnode: VNodeInner { key: None, template: Cell { value: Template { name: "examples/suspense.rs:127:5:4128", roots: [Dynamic { id: 0 }], node_paths: [[0]], attr_paths: [] } }, dynamic_nodes: [Text(VText { value: "" })], dynamic_attrs: [] }, mount: Cell { value: MountId(18446744073709551615) } }) } parent=Some(ElementRef { path: ElementPath { path: [0, 1] }, mount: MountId(6) })}: dioxus_core::diff::node: creating template self=VNode { vnode: VNodeInner { key: None, template: Cell { value: Template { name: "examples/suspense.rs:127:5:4128", roots: [Dynamic { id: 0 }], node_paths: [[0]], attr_paths: [] } }, dynamic_nodes: [Text(VText { value: "" })], dynamic_attrs: [] }, mount: Cell { value: MountId(7) } } mount=MountId(7)
2024-06-04T16:00:20.793010Z TRACE VirtualDom::render_immediate: dioxus_core::diff::node: removing node with component state false self=VNode { vnode: VNodeInner { key: None, template: Cell { value: Template { name: ":281:0:0", roots: [Dynamic { id: 0 }], node_paths: [[0]], attr_paths: [] } }, dynamic_nodes: [Component(VComponent { name: "FrozenContext" })], dynamic_attrs: [] }, mount: Cell { value: MountId(1) } }
2024-06-04T16:00:20.793028Z TRACE VirtualDom::render_immediate: dioxus_core::diff::node: mount id: MountId(1)
2024-06-04T16:00:20.793039Z TRACE VirtualDom::render_immediate: dioxus_core::diff::node: mount: VNodeMount { parent: Some(ElementRef { path: ElementPath { path: [0, 3] }, mount: MountId(0) }), node: VNode { vnode: VNodeInner { key: None, template: Cell { value: Template { name: ":281:0:0", roots: [Dynamic { id: 0 }], node_paths: [[0]], attr_paths: [] } }, dynamic_nodes: [Component(VComponent { name: "FrozenContext" })], dynamic_attrs: [] }, mount: Cell { value: MountId(1) } }, root_ids: [ElementId(0)], mounted_attributes: [], mounted_dynamic_nodes: [2] }
2024-06-04T16:00:20.793061Z TRACE VirtualDom::render_immediate: dioxus_core::diff::node: removing node with component state false self=VNode { vnode: VNodeInner { key: None, template: Cell { value: Template { name: ":409:0:0", roots: [Dynamic { id: 0 }], node_paths: [[0]], attr_paths: [] } }, dynamic_nodes: [Fragment([VNode { vnode: VNodeInner { key: None, template: Cell { value: Template { name: "examples/suspense.rs:37:5:2144", roots: [Dynamic { id: 0 }, Dynamic { id: 1 }], node_paths: [[0], [1]], attr_paths: [] } }, dynamic_nodes: [Component(VComponent { name: "Doggo" }), Component(VComponent { name: "Doggo" })], dynamic_attrs: [] }, mount: Cell { value: MountId(3) } }])], dynamic_attrs: [] }, mount: Cell { value: MountId(2) } }
2024-06-04T16:00:20.793083Z TRACE VirtualDom::render_immediate: dioxus_core::diff::node: mount id: MountId(2)
2024-06-04T16:00:20.793093Z TRACE VirtualDom::render_immediate: dioxus_core::diff::node: mount: VNodeMount { parent: Some(ElementRef { path: ElementPath { path: [0] }, mount: MountId(1) }), node: VNode { vnode: VNodeInner { key: None, template: Cell { value: Template { name: ":409:0:0", roots: [Dynamic { id: 0 }], node_paths: [[0]], attr_paths: [] } }, dynamic_nodes: [Fragment([VNode { vnode: VNodeInner { key: None, template: Cell { value: Template { name: "examples/suspense.rs:37:5:2144", roots: [Dynamic { id: 0 }, Dynamic { id: 1 }], node_paths: [[0], [1]], attr_paths: [] } }, dynamic_nodes: [Component(VComponent { name: "Doggo" }), Component(VComponent { name: "Doggo" })], dynamic_attrs: [] }, mount: Cell { value: MountId(3) } }])], dynamic_attrs: [] }, mount: Cell { value: MountId(2) } }, root_ids: [ElementId(0)], mounted_attributes: [], mounted_dynamic_nodes: [18446744073709551615] }
2024-06-04T16:00:20.793117Z TRACE VirtualDom::render_immediate: dioxus_core::diff::node: removing node with component state false self=VNode { vnode: VNodeInner { key: None, template: Cell { value: Template { name: "examples/suspense.rs:37:5:2144", roots: [Dynamic { id: 0 }, Dynamic { id: 1 }], node_paths: [[0], [1]], attr_paths: [] } }, dynamic_nodes: [Component(VComponent { name: "Doggo" }), Component(VComponent { name: "Doggo" })], dynamic_attrs: [] }, mount: Cell { value: MountId(3) } }
2024-06-04T16:00:20.793133Z TRACE VirtualDom::render_immediate: dioxus_core::diff::node: mount id: MountId(3)
2024-06-04T16:00:20.793142Z TRACE VirtualDom::render_immediate: dioxus_core::diff::node: mount: VNodeMount { parent: Some(ElementRef { path: ElementPath { path: [0] }, mount: MountId(2) }), node: VNode { vnode: VNodeInner { key: None, template: Cell { value: Template { name: "examples/suspense.rs:37:5:2144", roots: [Dynamic { id: 0 }, Dynamic { id: 1 }], node_paths: [[0], [1]], attr_paths: [] } }, dynamic_nodes: [Component(VComponent { name: "Doggo" }), Component(VComponent { name: "Doggo" })], dynamic_attrs: [] }, mount: Cell { value: MountId(3) } }, root_ids: [ElementId(0), ElementId(0)], mounted_attributes: [], mounted_dynamic_nodes: [3, 4] }
2024-06-04T16:00:20.793165Z TRACE VirtualDom::render_immediate: dioxus_core::diff::node: removing node with component state false self=VNode { vnode: VNodeInner { key: None, template: Cell { value: Template { name: "packages/core/nodes.rs:198:0:0", roots: [Dynamic { id: 0 }], node_paths: [[0]], attr_paths: [] } }, dynamic_nodes: [Placeholder(VPlaceholder)], dynamic_attrs: [] }, mount: Cell { value: MountId(4) } }
2024-06-04T16:00:20.793180Z TRACE VirtualDom::render_immediate: dioxus_core::diff::node: mount id: MountId(4)
2024-06-04T16:00:20.793189Z TRACE VirtualDom::render_immediate: dioxus_core::diff::node: mount: VNodeMount { parent: Some(ElementRef { path: ElementPath { path: [0] }, mount: MountId(3) }), node: VNode { vnode: VNodeInner { key: None, template: Cell { value: Template { name: "packages/core/nodes.rs:198:0:0", roots: [Dynamic { id: 0 }], node_paths: [[0]], attr_paths: [] } }, dynamic_nodes: [Placeholder(VPlaceholder)], dynamic_attrs: [] }, mount: Cell { value: MountId(4) } }, root_ids: [ElementId(0)], mounted_attributes: [], mounted_dynamic_nodes: [2] }
2024-06-04T16:00:20.793222Z TRACE VirtualDom::render_immediate: dioxus_core::diff::node: removing node with component state false self=VNode { vnode: VNodeInner { key: None, template: Cell { value: Template { name: "packages/core/nodes.rs:198:0:0", roots: [Dynamic { id: 0 }], node_paths: [[0]], attr_paths: [] } }, dynamic_nodes: [Placeholder(VPlaceholder)], dynamic_attrs: [] }, mount: Cell { value: MountId(5) } }
2024-06-04T16:00:20.793238Z TRACE VirtualDom::render_immediate: dioxus_core::diff::node: mount id: MountId(5)
2024-06-04T16:00:20.793247Z TRACE VirtualDom::render_immediate: dioxus_core::diff::node: mount: VNodeMount { parent: Some(ElementRef { path: ElementPath { path: [1] }, mount: MountId(3) }), node: VNode { vnode: VNodeInner { key: None, template: Cell { value: Template { name: "packages/core/nodes.rs:198:0:0", roots: [Dynamic { id: 0 }], node_paths: [[0]], attr_paths: [] } }, dynamic_nodes: [Placeholder(VPlaceholder)], dynamic_attrs: [] }, mount: Cell { value: MountId(5) } }, root_ids: [ElementId(0)], mounted_attributes: [], mounted_dynamic_nodes: [3] }
2024-06-04T16:00:20.793268Z TRACE VirtualDom::render_immediate: dioxus_core::diff::node: moving mount self=VNode { vnode: VNodeInner { key: None, template: Cell { value: Template { name: ":281:0:0", roots: [Dynamic { id: 0 }], node_paths: [[0]], attr_paths: [] } }, dynamic_nodes: [Component(VComponent { name: "FrozenContext" })], dynamic_attrs: [] }, mount: Cell { value: MountId(1) } } new=VNode { vnode: VNodeInner { key: None, template: Cell { value: Template { name: ":281:0:0", roots: [Dynamic { id: 0 }], node_paths: [[0]], attr_paths: [] } }, dynamic_nodes: [Component(VComponent { name: "FrozenContext" })], dynamic_attrs: [] }, mount: Cell { value: MountId(1) } }
2024-06-04T16:00:20.793289Z TRACE VirtualDom::render_immediate: dioxus_core::diff::node: mount id: MountId(1)
2024-06-04T16:00:20.793298Z TRACE VirtualDom::render_immediate: dioxus_core::diff::node: mounts: Slab { len: 8, cap: 8 }
2024-06-04T16:00:20.793318Z TRACE VirtualDom::render_immediate:render{scope=FrozenContext}: dioxus_core::scope_context: providing context dioxus_core::suspense::FrozenContext (TypeId { t: (9286496122914249738, 8586425926625933774) }) in FrozenContext
2024-06-04T16:00:20.793339Z TRACE VirtualDom::render_immediate: dioxus_core::diff::node: moving mount self=VNode { vnode: VNodeInner { key: None, template: Cell { value: Template { name: ":409:0:0", roots: [Dynamic { id: 0 }], node_paths: [[0]], attr_paths: [] } }, dynamic_nodes: [Fragment([VNode { vnode: VNodeInner { key: None, template: Cell { value: Template { name: "examples/suspense.rs:37:5:2144", roots: [Dynamic { id: 0 }, Dynamic { id: 1 }], node_paths: [[0], [1]], attr_paths: [] } }, dynamic_nodes: [Component(VComponent { name: "Doggo" }), Component(VComponent { name: "Doggo" })], dynamic_attrs: [] }, mount: Cell { value: MountId(3) } }])], dynamic_attrs: [] }, mount: Cell { value: MountId(2) } } new=VNode { vnode: VNodeInner { key: None, template: Cell { value: Template { name: ":409:0:0", roots: [Dynamic { id: 0 }], node_paths: [[0]], attr_paths: [] } }, dynamic_nodes: [Fragment([VNode { vnode: VNodeInner { key: None, template: Cell { value: Template { name: "examples/suspense.rs:37:5:2144", roots: [Dynamic { id: 0 }, Dynamic { id: 1 }], node_paths: [[0], [1]], attr_paths: [] } }, dynamic_nodes: [Component(VComponent { name: "Doggo" }), Component(VComponent { name: "Doggo" })], dynamic_attrs: [] }, mount: Cell { value: MountId(18446744073709551615) } }])], dynamic_attrs: [] }, mount: Cell { value: MountId(2) } }
2024-06-04T16:00:20.793370Z TRACE VirtualDom::render_immediate: dioxus_core::diff::node: mount id: MountId(2)
2024-06-04T16:00:20.793379Z TRACE VirtualDom::render_immediate: dioxus_core::diff::node: mounts: Slab { len: 8, cap: 8 }
2024-06-04T16:00:20.793392Z TRACE VirtualDom::render_immediate: dioxus_core::diff::node: moving mount self=VNode { vnode: VNodeInner { key: None, template: Cell { value: Template { name: "examples/suspense.rs:37:5:2144", roots: [Dynamic { id: 0 }, Dynamic { id: 1 }], node_paths: [[0], [1]], attr_paths: [] } }, dynamic_nodes: [Component(VComponent { name: "Doggo" }), Component(VComponent { name: "Doggo" })], dynamic_attrs: [] }, mount: Cell { value: MountId(3) } } new=VNode { vnode: VNodeInner { key: None, template: Cell { value: Template { name: "examples/suspense.rs:37:5:2144", roots: [Dynamic { id: 0 }, Dynamic { id: 1 }], node_paths: [[0], [1]], attr_paths: [] } }, dynamic_nodes: [Component(VComponent { name: "Doggo" }), Component(VComponent { name: "Doggo" })], dynamic_attrs: [] }, mount: Cell { value: MountId(3) } }
2024-06-04T16:00:20.793414Z TRACE VirtualDom::render_immediate: dioxus_core::diff::node: mount id: MountId(3)
2024-06-04T16:00:20.793423Z TRACE VirtualDom::render_immediate: dioxus_core::diff::node: mounts: Slab { len: 8, cap: 8 }
2024-06-04T16:00:20.793442Z  INFO VirtualDom::render_immediate: dioxus_core::tasks: Polling task Task { id: 0, unsend: PhantomData<*const ()> }
2024-06-04T16:00:20.793477Z  INFO VirtualDom::render_immediate: dioxus_core::tasks: Task Task { id: 0, unsend: PhantomData<*const ()> } finished with result Pending
2024-06-04T16:00:20.793489Z TRACE VirtualDom::render_immediate: dioxus_core::virtual_dom: Marking task Task { id: 6, unsend: PhantomData<*const ()> } (spawned in ScopeId(5, "LoadingDots")) as dirty (called from Location { file: "packages/core/src/virtual_dom.rs", line: 505, col: 58 })
2024-06-04T16:00:20.793506Z  INFO VirtualDom::render_immediate: dioxus_core::tasks: Polling task Task { id: 6, unsend: PhantomData<*const ()> }
2024-06-04T16:00:20.793519Z TRACE VirtualDom::render_immediate: dioxus_signals::signal: Write on signal at /Users/evanalmloff/Desktop/Github/dioxus/packages/hooks/src/use_future.rs:48:19 finished, updating subscribers
2024-06-04T16:00:20.793538Z TRACE VirtualDom::render_immediate: dioxus_signals::signal: Write on signal at examples/suspense.rs:122:19 finished, updating subscribers
2024-06-04T16:00:20.793551Z TRACE VirtualDom::render_immediate: dioxus_signals::reactive_context: Marking reactive context created at packages/signals/src/reactive_context.rs:117:13 as dirty
2024-06-04T16:00:20.793561Z TRACE VirtualDom::render_immediate: dioxus_signals::reactive_context: Marking scope ScopeId(5, "LoadingDots") as dirty
2024-06-04T16:00:20.793580Z  INFO VirtualDom::render_immediate: dioxus_core::tasks: Task Task { id: 6, unsend: PhantomData<*const ()> } finished with result Pending
2024-06-04T16:00:20.793592Z TRACE VirtualDom::render_immediate: dioxus_core::virtual_dom: Marking scope ScopeId(5, "LoadingDots") as dirty
2024-06-04T16:00:20.793620Z TRACE VirtualDom::render_immediate:render{scope=LoadingDots}: dioxus_signals::signal: Subscribing to the reactive context ReactiveContext(for scope: ScopeId(5, "LoadingDots"))
2024-06-04T16:00:20.793643Z TRACE VirtualDom::render_immediate: dioxus_core::scope_context: looking for context dioxus_core::suspense::FrozenContext (TypeId { t: (9286496122914249738, 8586425926625933774) }) in LoadingDots
2024-06-04T16:00:20.793654Z TRACE VirtualDom::render_immediate: dioxus_core::scope_context: looking for context dioxus_core::suspense::FrozenContext (TypeId { t: (9286496122914249738, 8586425926625933774) }) in SuspenseBoundary
2024-06-04T16:00:20.793665Z TRACE VirtualDom::render_immediate: dioxus_core::scope_context: found context TypeId { t: (4533244013398082440, 10897659798729036060) }
2024-06-04T16:00:20.793675Z TRACE VirtualDom::render_immediate: dioxus_core::scope_context: looking for context dioxus_core::suspense::FrozenContext (TypeId { t: (9286496122914249738, 8586425926625933774) }) in app
2024-06-04T16:00:20.793686Z TRACE VirtualDom::render_immediate: dioxus_core::scope_context: found context TypeId { t: (3582638416876954437, 3810890675802792692) }
2024-06-04T16:00:20.793696Z TRACE VirtualDom::render_immediate: dioxus_core::scope_context: found context TypeId { t: (7946844621057603534, 4355211565432133561) }
2024-06-04T16:00:20.793705Z TRACE VirtualDom::render_immediate: dioxus_core::scope_context: found context TypeId { t: (10682502755203913650, 15985576721215419306) }
2024-06-04T16:00:20.793717Z TRACE VirtualDom::render_immediate: dioxus_core::scope_context: context dioxus_core::suspense::FrozenContext (TypeId { t: (9286496122914249738, 8586425926625933774) }) not found
2024-06-04T16:00:20.793729Z TRACE VirtualDom::render_immediate: dioxus_core::diff::node: moving mount self=VNode { vnode: VNodeInner { key: None, template: Cell { value: Template { name: "examples/suspense.rs:127:5:4128", roots: [Dynamic { id: 0 }], node_paths: [[0]], attr_paths: [] } }, dynamic_nodes: [Text(VText { value: "" })], dynamic_attrs: [] }, mount: Cell { value: MountId(7) } } new=VNode { vnode: VNodeInner { key: None, template: Cell { value: Template { name: "examples/suspense.rs:127:5:4128", roots: [Dynamic { id: 0 }], node_paths: [[0]], attr_paths: [] } }, dynamic_nodes: [Text(VText { value: "." })], dynamic_attrs: [] }, mount: Cell { value: MountId(7) } }
2024-06-04T16:00:20.793749Z TRACE VirtualDom::render_immediate: dioxus_core::diff::node: mount id: MountId(7)
2024-06-04T16:00:20.793758Z TRACE VirtualDom::render_immediate: dioxus_core::diff::node: mounts: Slab { len: 8, cap: 8 }
2024-06-04T16:00:20.793773Z  INFO VirtualDom::render_immediate: dioxus_core::tasks: Polling task Task { id: 1, unsend: PhantomData<*const ()> }
2024-06-04T16:00:20.793789Z  INFO VirtualDom::render_immediate: dioxus_core::tasks: Task Task { id: 1, unsend: PhantomData<*const ()> } finished with result Pending
2024-06-04T16:00:20.793803Z  INFO VirtualDom::render_immediate: dioxus_core::tasks: Polling task Task { id: 2, unsend: PhantomData<*const ()> }
2024-06-04T16:00:20.793814Z  INFO VirtualDom::render_immediate: dioxus_core::tasks: Task Task { id: 2, unsend: PhantomData<*const ()> } finished with result Pending
2024-06-04T16:00:20.793825Z  INFO VirtualDom::render_immediate: dioxus_core::tasks: Polling task Task { id: 3, unsend: PhantomData<*const ()> }
2024-06-04T16:00:20.793837Z  INFO VirtualDom::render_immediate: dioxus_core::tasks: Task Task { id: 3, unsend: PhantomData<*const ()> } finished with result Pending
2024-06-04T16:00:20.793848Z  INFO VirtualDom::render_immediate: dioxus_core::tasks: Polling task Task { id: 4, unsend: PhantomData<*const ()> }
2024-06-04T16:00:20.793861Z  INFO VirtualDom::render_immediate: dioxus_core::tasks: Task Task { id: 4, unsend: PhantomData<*const ()> } finished with result Pending
2024-06-04T16:00:20.793872Z  INFO VirtualDom::render_immediate: dioxus_core::tasks: Polling task Task { id: 5, unsend: PhantomData<*const ()> }
2024-06-04T16:00:20.793883Z  INFO VirtualDom::render_immediate: dioxus_core::tasks: Task Task { id: 5, unsend: PhantomData<*const ()> } finished with result Pending
2024-06-04T16:00:20.895888Z TRACE VirtualDom::wait_for_work:VirtualDom::process_events: dioxus_core::virtual_dom: Marking task Task { id: 0, unsend: PhantomData<*const ()> } (spawned in ScopeId(3)) as dirty (called from Location { file: "packages/core/src/virtual_dom.rs", line: 505, col: 58 })
2024-06-04T16:00:20.897338Z TRACE VirtualDom::wait_for_work:VirtualDom::process_events: dioxus_core::virtual_dom: Marking task Task { id: 3, unsend: PhantomData<*const ()> } (spawned in ScopeId(4)) as dirty (called from Location { file: "packages/core/src/virtual_dom.rs", line: 505, col: 58 })
2024-06-04T16:00:20.897387Z  INFO VirtualDom::wait_for_work:VirtualDom::process_events:VirtualDom::poll_tasks: dioxus_core::tasks: Polling task Task { id: 0, unsend: PhantomData<*const ()> }
2024-06-04T16:00:20.897452Z  INFO VirtualDom::wait_for_work:VirtualDom::process_events:VirtualDom::poll_tasks: dioxus_core::tasks: Task Task { id: 0, unsend: PhantomData<*const ()> } finished with result Pending
2024-06-04T16:00:20.897472Z TRACE VirtualDom::wait_for_work:VirtualDom::process_events:VirtualDom::poll_tasks: dioxus_core::virtual_dom: Marking scope ScopeId(3, "Doggo") as dirty
2024-06-04T16:00:20.897615Z TRACE VirtualDom::render_immediate:render{scope=Doggo}: dioxus_signals::signal: Subscribing to the reactive context ReactiveContext(for scope: ScopeId(3, "Doggo"))
2024-06-04T16:00:20.897661Z TRACE VirtualDom::render_immediate:render{scope=Doggo}: dioxus_signals::signal: Subscribing to the reactive context ReactiveContext(for scope: ScopeId(3, "Doggo"))
2024-06-04T16:00:20.897688Z TRACE VirtualDom::render_immediate:render{scope=Doggo}: dioxus_core::scope_context: looking for context dioxus_core::suspense::SuspenseContext (TypeId { t: (4533244013398082440, 10897659798729036060) }) in Doggo
2024-06-04T16:00:20.897708Z TRACE VirtualDom::render_immediate:render{scope=Doggo}: dioxus_core::scope_context: looking for context dioxus_core::suspense::SuspenseContext (TypeId { t: (4533244013398082440, 10897659798729036060) }) in FrozenContext
2024-06-04T16:00:20.897743Z TRACE VirtualDom::render_immediate:render{scope=Doggo}: dioxus_core::scope_context: found context TypeId { t: (9286496122914249738, 8586425926625933774) }
2024-06-04T16:00:20.897757Z TRACE VirtualDom::render_immediate:render{scope=Doggo}: dioxus_core::scope_context: looking for context dioxus_core::suspense::SuspenseContext (TypeId { t: (4533244013398082440, 10897659798729036060) }) in SuspenseBoundary
2024-06-04T16:00:20.897770Z TRACE VirtualDom::render_immediate:render{scope=Doggo}: dioxus_core::scope_context: found context TypeId { t: (4533244013398082440, 10897659798729036060) }
2024-06-04T16:00:20.897801Z  INFO VirtualDom::render_immediate: dioxus_core::tasks: Polling task Task { id: 3, unsend: PhantomData<*const ()> }
2024-06-04T16:00:20.897826Z  INFO VirtualDom::render_immediate: dioxus_core::tasks: Task Task { id: 3, unsend: PhantomData<*const ()> } finished with result Pending
2024-06-04T16:00:20.897840Z TRACE VirtualDom::render_immediate: dioxus_core::virtual_dom: Marking scope ScopeId(4, "Doggo") as dirty
2024-06-04T16:00:20.897874Z TRACE VirtualDom::render_immediate:render{scope=Doggo}: dioxus_signals::signal: Subscribing to the reactive context ReactiveContext(for scope: ScopeId(4, "Doggo"))
2024-06-04T16:00:20.897892Z TRACE VirtualDom::render_immediate:render{scope=Doggo}: dioxus_signals::signal: Subscribing to the reactive context ReactiveContext(for scope: ScopeId(4, "Doggo"))
2024-06-04T16:00:20.897911Z TRACE VirtualDom::render_immediate:render{scope=Doggo}: dioxus_core::scope_context: looking for context dioxus_core::suspense::SuspenseContext (TypeId { t: (4533244013398082440, 10897659798729036060) }) in Doggo
2024-06-04T16:00:20.897926Z TRACE VirtualDom::render_immediate:render{scope=Doggo}: dioxus_core::scope_context: looking for context dioxus_core::suspense::SuspenseContext (TypeId { t: (4533244013398082440, 10897659798729036060) }) in FrozenContext
2024-06-04T16:00:20.897939Z TRACE VirtualDom::render_immediate:render{scope=Doggo}: dioxus_core::scope_context: found context TypeId { t: (9286496122914249738, 8586425926625933774) }
2024-06-04T16:00:20.897953Z TRACE VirtualDom::render_immediate:render{scope=Doggo}: dioxus_core::scope_context: looking for context dioxus_core::suspense::SuspenseContext (TypeId { t: (4533244013398082440, 10897659798729036060) }) in SuspenseBoundary
2024-06-04T16:00:20.897967Z TRACE VirtualDom::render_immediate:render{scope=Doggo}: dioxus_core::scope_context: found context TypeId { t: (4533244013398082440, 10897659798729036060) }
2024-06-04T16:00:20.995489Z TRACE VirtualDom::wait_for_work:VirtualDom::process_events: dioxus_core::virtual_dom: Marking task Task { id: 6, unsend: PhantomData<*const ()> } (spawned in ScopeId(5)) as dirty (called from Location { file: "packages/core/src/virtual_dom.rs", line: 505, col: 58 })
2024-06-04T16:00:20.995584Z  INFO VirtualDom::wait_for_work:VirtualDom::process_events:VirtualDom::poll_tasks: dioxus_core::tasks: Polling task Task { id: 6, unsend: PhantomData<*const ()> }
2024-06-04T16:00:20.995642Z TRACE VirtualDom::wait_for_work:VirtualDom::process_events:VirtualDom::poll_tasks: dioxus_signals::signal: Write on signal at examples/suspense.rs:122:19 finished, updating subscribers
2024-06-04T16:00:20.995673Z TRACE VirtualDom::wait_for_work:VirtualDom::process_events:VirtualDom::poll_tasks: dioxus_signals::reactive_context: Marking reactive context created at packages/signals/src/reactive_context.rs:117:13 as dirty
2024-06-04T16:00:20.995689Z TRACE VirtualDom::wait_for_work:VirtualDom::process_events:VirtualDom::poll_tasks: dioxus_signals::reactive_context: Marking scope ScopeId(5, "LoadingDots") as dirty
2024-06-04T16:00:20.995726Z  INFO VirtualDom::wait_for_work:VirtualDom::process_events:VirtualDom::poll_tasks: dioxus_core::tasks: Task Task { id: 6, unsend: PhantomData<*const ()> } finished with result Pending
2024-06-04T16:00:20.995746Z TRACE VirtualDom::wait_for_work:VirtualDom::process_events:VirtualDom::poll_tasks: dioxus_core::virtual_dom: Marking scope ScopeId(5, "LoadingDots") as dirty
2024-06-04T16:00:20.995864Z TRACE VirtualDom::render_immediate:render{scope=LoadingDots}: dioxus_signals::signal: Subscribing to the reactive context ReactiveContext(for scope: ScopeId(5, "LoadingDots"))
2024-06-04T16:00:20.995902Z TRACE VirtualDom::render_immediate: dioxus_core::scope_context: looking for context dioxus_core::suspense::FrozenContext (TypeId { t: (9286496122914249738, 8586425926625933774) }) in LoadingDots
2024-06-04T16:00:20.995917Z TRACE VirtualDom::render_immediate: dioxus_core::scope_context: looking for context dioxus_core::suspense::FrozenContext (TypeId { t: (9286496122914249738, 8586425926625933774) }) in SuspenseBoundary
2024-06-04T16:00:20.995929Z TRACE VirtualDom::render_immediate: dioxus_core::scope_context: found context TypeId { t: (4533244013398082440, 10897659798729036060) }
2024-06-04T16:00:20.995943Z TRACE VirtualDom::render_immediate: dioxus_core::scope_context: looking for context dioxus_core::suspense::FrozenContext (TypeId { t: (9286496122914249738, 8586425926625933774) }) in app
2024-06-04T16:00:20.995955Z TRACE VirtualDom::render_immediate: dioxus_core::scope_context: found context TypeId { t: (3582638416876954437, 3810890675802792692) }
2024-06-04T16:00:20.995969Z TRACE VirtualDom::render_immediate: dioxus_core::scope_context: found context TypeId { t: (7946844621057603534, 4355211565432133561) }
2024-06-04T16:00:20.995982Z TRACE VirtualDom::render_immediate: dioxus_core::scope_context: found context TypeId { t: (10682502755203913650, 15985576721215419306) }
2024-06-04T16:00:20.995996Z TRACE VirtualDom::render_immediate: dioxus_core::scope_context: context dioxus_core::suspense::FrozenContext (TypeId { t: (9286496122914249738, 8586425926625933774) }) not found
2024-06-04T16:00:20.996021Z TRACE VirtualDom::render_immediate: dioxus_core::diff::node: moving mount self=VNode { vnode: VNodeInner { key: None, template: Cell { value: Template { name: "examples/suspense.rs:127:5:4128", roots: [Dynamic { id: 0 }], node_paths: [[0]], attr_paths: [] } }, dynamic_nodes: [Text(VText { value: "." })], dynamic_attrs: [] }, mount: Cell { value: MountId(7) } } new=VNode { vnode: VNodeInner { key: None, template: Cell { value: Template { name: "examples/suspense.rs:127:5:4128", roots: [Dynamic { id: 0 }], node_paths: [[0]], attr_paths: [] } }, dynamic_nodes: [Text(VText { value: ".." })], dynamic_attrs: [] }, mount: Cell { value: MountId(7) } }
2024-06-04T16:00:20.996058Z TRACE VirtualDom::render_immediate: dioxus_core::diff::node: mount id: MountId(7)
2024-06-04T16:00:20.996069Z TRACE VirtualDom::render_immediate: dioxus_core::diff::node: mounts: Slab { len: 8, cap: 8 }
2024-06-04T16:00:21.024234Z TRACE VirtualDom::wait_for_work:VirtualDom::process_events: dioxus_core::virtual_dom: Marking task Task { id: 0, unsend: PhantomData<*const ()> } (spawned in ScopeId(3)) as dirty (called from Location { file: "packages/core/src/virtual_dom.rs", line: 505, col: 58 })
2024-06-04T16:00:21.024282Z TRACE VirtualDom::wait_for_work:VirtualDom::process_events: dioxus_core::virtual_dom: Marking task Task { id: 3, unsend: PhantomData<*const ()> } (spawned in ScopeId(4)) as dirty (called from Location { file: "packages/core/src/virtual_dom.rs", line: 505, col: 58 })
2024-06-04T16:00:21.024314Z  INFO VirtualDom::wait_for_work:VirtualDom::process_events:VirtualDom::poll_tasks: dioxus_core::tasks: Polling task Task { id: 0, unsend: PhantomData<*const ()> }
2024-06-04T16:00:21.024379Z  INFO VirtualDom::wait_for_work:VirtualDom::process_events:VirtualDom::poll_tasks: dioxus_core::tasks: Task Task { id: 0, unsend: PhantomData<*const ()> } finished with result Pending
2024-06-04T16:00:21.024400Z TRACE VirtualDom::wait_for_work:VirtualDom::process_events:VirtualDom::poll_tasks: dioxus_core::virtual_dom: Marking scope ScopeId(3, "Doggo") as dirty
2024-06-04T16:00:21.024491Z TRACE VirtualDom::render_immediate:render{scope=Doggo}: dioxus_signals::signal: Subscribing to the reactive context ReactiveContext(for scope: ScopeId(3, "Doggo"))
2024-06-04T16:00:21.024523Z TRACE VirtualDom::render_immediate:render{scope=Doggo}: dioxus_signals::signal: Subscribing to the reactive context ReactiveContext(for scope: ScopeId(3, "Doggo"))
2024-06-04T16:00:21.024549Z TRACE VirtualDom::render_immediate:render{scope=Doggo}: dioxus_core::scope_context: looking for context dioxus_core::suspense::SuspenseContext (TypeId { t: (4533244013398082440, 10897659798729036060) }) in Doggo
2024-06-04T16:00:21.024571Z TRACE VirtualDom::render_immediate:render{scope=Doggo}: dioxus_core::scope_context: looking for context dioxus_core::suspense::SuspenseContext (TypeId { t: (4533244013398082440, 10897659798729036060) }) in FrozenContext
2024-06-04T16:00:21.024586Z TRACE VirtualDom::render_immediate:render{scope=Doggo}: dioxus_core::scope_context: found context TypeId { t: (9286496122914249738, 8586425926625933774) }
2024-06-04T16:00:21.024600Z TRACE VirtualDom::render_immediate:render{scope=Doggo}: dioxus_core::scope_context: looking for context dioxus_core::suspense::SuspenseContext (TypeId { t: (4533244013398082440, 10897659798729036060) }) in SuspenseBoundary
2024-06-04T16:00:21.024612Z TRACE VirtualDom::render_immediate:render{scope=Doggo}: dioxus_core::scope_context: found context TypeId { t: (4533244013398082440, 10897659798729036060) }
2024-06-04T16:00:21.024637Z  INFO VirtualDom::render_immediate: dioxus_core::tasks: Polling task Task { id: 3, unsend: PhantomData<*const ()> }
2024-06-04T16:00:21.024661Z  INFO VirtualDom::render_immediate: dioxus_core::tasks: Task Task { id: 3, unsend: PhantomData<*const ()> } finished with result Pending
2024-06-04T16:00:21.024674Z TRACE VirtualDom::render_immediate: dioxus_core::virtual_dom: Marking scope ScopeId(4, "Doggo") as dirty
2024-06-04T16:00:21.024704Z TRACE VirtualDom::render_immediate:render{scope=Doggo}: dioxus_signals::signal: Subscribing to the reactive context ReactiveContext(for scope: ScopeId(4, "Doggo"))
2024-06-04T16:00:21.024726Z TRACE VirtualDom::render_immediate:render{scope=Doggo}: dioxus_signals::signal: Subscribing to the reactive context ReactiveContext(for scope: ScopeId(4, "Doggo"))
2024-06-04T16:00:21.024747Z TRACE VirtualDom::render_immediate:render{scope=Doggo}: dioxus_core::scope_context: looking for context dioxus_core::suspense::SuspenseContext (TypeId { t: (4533244013398082440, 10897659798729036060) }) in Doggo
2024-06-04T16:00:21.024762Z TRACE VirtualDom::render_immediate:render{scope=Doggo}: dioxus_core::scope_context: looking for context dioxus_core::suspense::SuspenseContext (TypeId { t: (4533244013398082440, 10897659798729036060) }) in FrozenContext
2024-06-04T16:00:21.024775Z TRACE VirtualDom::render_immediate:render{scope=Doggo}: dioxus_core::scope_context: found context TypeId { t: (9286496122914249738, 8586425926625933774) }
2024-06-04T16:00:21.024788Z TRACE VirtualDom::render_immediate:render{scope=Doggo}: dioxus_core::scope_context: looking for context dioxus_core::suspense::SuspenseContext (TypeId { t: (4533244013398082440, 10897659798729036060) }) in SuspenseBoundary
2024-06-04T16:00:21.024802Z TRACE VirtualDom::render_immediate:render{scope=Doggo}: dioxus_core::scope_context: found context TypeId { t: (4533244013398082440, 10897659798729036060) }
2024-06-04T16:00:21.126776Z TRACE VirtualDom::wait_for_work:VirtualDom::process_events: dioxus_core::virtual_dom: Marking task Task { id: 0, unsend: PhantomData<*const ()> } (spawned in ScopeId(3)) as dirty (called from Location { file: "packages/core/src/virtual_dom.rs", line: 505, col: 58 })
2024-06-04T16:00:21.126940Z TRACE VirtualDom::wait_for_work:VirtualDom::process_events: dioxus_core::virtual_dom: Marking task Task { id: 3, unsend: PhantomData<*const ()> } (spawned in ScopeId(4)) as dirty (called from Location { file: "packages/core/src/virtual_dom.rs", line: 505, col: 58 })
2024-06-04T16:00:21.126973Z  INFO VirtualDom::wait_for_work:VirtualDom::process_events:VirtualDom::poll_tasks: dioxus_core::tasks: Polling task Task { id: 0, unsend: PhantomData<*const ()> }
2024-06-04T16:00:21.127020Z  INFO VirtualDom::wait_for_work:VirtualDom::process_events:VirtualDom::poll_tasks: dioxus_core::tasks: Task Task { id: 0, unsend: PhantomData<*const ()> } finished with result Pending
2024-06-04T16:00:21.127038Z TRACE VirtualDom::wait_for_work:VirtualDom::process_events:VirtualDom::poll_tasks: dioxus_core::virtual_dom: Marking scope ScopeId(3, "Doggo") as dirty
2024-06-04T16:00:21.127137Z TRACE VirtualDom::render_immediate:render{scope=Doggo}: dioxus_signals::signal: Subscribing to the reactive context ReactiveContext(for scope: ScopeId(3, "Doggo"))
2024-06-04T16:00:21.127171Z TRACE VirtualDom::render_immediate:render{scope=Doggo}: dioxus_signals::signal: Subscribing to the reactive context ReactiveContext(for scope: ScopeId(3, "Doggo"))
2024-06-04T16:00:21.127196Z TRACE VirtualDom::render_immediate:render{scope=Doggo}: dioxus_core::scope_context: looking for context dioxus_core::suspense::SuspenseContext (TypeId { t: (4533244013398082440, 10897659798729036060) }) in Doggo
2024-06-04T16:00:21.127215Z TRACE VirtualDom::render_immediate:render{scope=Doggo}: dioxus_core::scope_context: looking for context dioxus_core::suspense::SuspenseContext (TypeId { t: (4533244013398082440, 10897659798729036060) }) in FrozenContext
2024-06-04T16:00:21.127228Z TRACE VirtualDom::render_immediate:render{scope=Doggo}: dioxus_core::scope_context: found context TypeId { t: (9286496122914249738, 8586425926625933774) }
2024-06-04T16:00:21.127241Z TRACE VirtualDom::render_immediate:render{scope=Doggo}: dioxus_core::scope_context: looking for context dioxus_core::suspense::SuspenseContext (TypeId { t: (4533244013398082440, 10897659798729036060) }) in SuspenseBoundary
2024-06-04T16:00:21.127254Z TRACE VirtualDom::render_immediate:render{scope=Doggo}: dioxus_core::scope_context: found context TypeId { t: (4533244013398082440, 10897659798729036060) }
2024-06-04T16:00:21.127279Z  INFO VirtualDom::render_immediate: dioxus_core::tasks: Polling task Task { id: 3, unsend: PhantomData<*const ()> }
2024-06-04T16:00:21.127301Z  INFO VirtualDom::render_immediate: dioxus_core::tasks: Task Task { id: 3, unsend: PhantomData<*const ()> } finished with result Pending
2024-06-04T16:00:21.127315Z TRACE VirtualDom::render_immediate: dioxus_core::virtual_dom: Marking scope ScopeId(4, "Doggo") as dirty
2024-06-04T16:00:21.127343Z TRACE VirtualDom::render_immediate:render{scope=Doggo}: dioxus_signals::signal: Subscribing to the reactive context ReactiveContext(for scope: ScopeId(4, "Doggo"))
2024-06-04T16:00:21.127362Z TRACE VirtualDom::render_immediate:render{scope=Doggo}: dioxus_signals::signal: Subscribing to the reactive context ReactiveContext(for scope: ScopeId(4, "Doggo"))
2024-06-04T16:00:21.127379Z TRACE VirtualDom::render_immediate:render{scope=Doggo}: dioxus_core::scope_context: looking for context dioxus_core::suspense::SuspenseContext (TypeId { t: (4533244013398082440, 10897659798729036060) }) in Doggo
2024-06-04T16:00:21.127394Z TRACE VirtualDom::render_immediate:render{scope=Doggo}: dioxus_core::scope_context: looking for context dioxus_core::suspense::SuspenseContext (TypeId { t: (4533244013398082440, 10897659798729036060) }) in FrozenContext
2024-06-04T16:00:21.127409Z TRACE VirtualDom::render_immediate:render{scope=Doggo}: dioxus_core::scope_context: found context TypeId { t: (9286496122914249738, 8586425926625933774) }
2024-06-04T16:00:21.127423Z TRACE VirtualDom::render_immediate:render{scope=Doggo}: dioxus_core::scope_context: looking for context dioxus_core::suspense::SuspenseContext (TypeId { t: (4533244013398082440, 10897659798729036060) }) in SuspenseBoundary
2024-06-04T16:00:21.127441Z TRACE VirtualDom::render_immediate:render{scope=Doggo}: dioxus_core::scope_context: found context TypeId { t: (4533244013398082440, 10897659798729036060) }
2024-06-04T16:00:21.197819Z TRACE VirtualDom::wait_for_work:VirtualDom::process_events: dioxus_core::virtual_dom: Marking task Task { id: 6, unsend: PhantomData<*const ()> } (spawned in ScopeId(5)) as dirty (called from Location { file: "packages/core/src/virtual_dom.rs", line: 505, col: 58 })
2024-06-04T16:00:21.197872Z  INFO VirtualDom::wait_for_work:VirtualDom::process_events:VirtualDom::poll_tasks: dioxus_core::tasks: Polling task Task { id: 6, unsend: PhantomData<*const ()> }
2024-06-04T16:00:21.197912Z TRACE VirtualDom::wait_for_work:VirtualDom::process_events:VirtualDom::poll_tasks: dioxus_signals::signal: Write on signal at examples/suspense.rs:122:19 finished, updating subscribers
2024-06-04T16:00:21.197938Z TRACE VirtualDom::wait_for_work:VirtualDom::process_events:VirtualDom::poll_tasks: dioxus_signals::reactive_context: Marking reactive context created at packages/signals/src/reactive_context.rs:117:13 as dirty
2024-06-04T16:00:21.197953Z TRACE VirtualDom::wait_for_work:VirtualDom::process_events:VirtualDom::poll_tasks: dioxus_signals::reactive_context: Marking scope ScopeId(5, "LoadingDots") as dirty
2024-06-04T16:00:21.197983Z  INFO VirtualDom::wait_for_work:VirtualDom::process_events:VirtualDom::poll_tasks: dioxus_core::tasks: Task Task { id: 6, unsend: PhantomData<*const ()> } finished with result Pending
2024-06-04T16:00:21.197999Z TRACE VirtualDom::wait_for_work:VirtualDom::process_events:VirtualDom::poll_tasks: dioxus_core::virtual_dom: Marking scope ScopeId(5, "LoadingDots") as dirty
2024-06-04T16:00:21.198090Z TRACE VirtualDom::render_immediate:render{scope=LoadingDots}: dioxus_signals::signal: Subscribing to the reactive context ReactiveContext(for scope: ScopeId(5, "LoadingDots"))
2024-06-04T16:00:21.198122Z TRACE VirtualDom::render_immediate: dioxus_core::scope_context: looking for context dioxus_core::suspense::FrozenContext (TypeId { t: (9286496122914249738, 8586425926625933774) }) in LoadingDots
2024-06-04T16:00:21.198137Z TRACE VirtualDom::render_immediate: dioxus_core::scope_context: looking for context dioxus_core::suspense::FrozenContext (TypeId { t: (9286496122914249738, 8586425926625933774) }) in SuspenseBoundary
2024-06-04T16:00:21.198148Z TRACE VirtualDom::render_immediate: dioxus_core::scope_context: found context TypeId { t: (4533244013398082440, 10897659798729036060) }
2024-06-04T16:00:21.198158Z TRACE VirtualDom::render_immediate: dioxus_core::scope_context: looking for context dioxus_core::suspense::FrozenContext (TypeId { t: (9286496122914249738, 8586425926625933774) }) in app
2024-06-04T16:00:21.198169Z TRACE VirtualDom::render_immediate: dioxus_core::scope_context: found context TypeId { t: (3582638416876954437, 3810890675802792692) }
2024-06-04T16:00:21.198180Z TRACE VirtualDom::render_immediate: dioxus_core::scope_context: found context TypeId { t: (7946844621057603534, 4355211565432133561) }
2024-06-04T16:00:21.198190Z TRACE VirtualDom::render_immediate: dioxus_core::scope_context: found context TypeId { t: (10682502755203913650, 15985576721215419306) }
2024-06-04T16:00:21.198201Z TRACE VirtualDom::render_immediate: dioxus_core::scope_context: context dioxus_core::suspense::FrozenContext (TypeId { t: (9286496122914249738, 8586425926625933774) }) not found
2024-06-04T16:00:21.198221Z TRACE VirtualDom::render_immediate: dioxus_core::diff::node: moving mount self=VNode { vnode: VNodeInner { key: None, template: Cell { value: Template { name: "examples/suspense.rs:127:5:4128", roots: [Dynamic { id: 0 }], node_paths: [[0]], attr_paths: [] } }, dynamic_nodes: [Text(VText { value: ".." })], dynamic_attrs: [] }, mount: Cell { value: MountId(7) } } new=VNode { vnode: VNodeInner { key: None, template: Cell { value: Template { name: "examples/suspense.rs:127:5:4128", roots: [Dynamic { id: 0 }], node_paths: [[0]], attr_paths: [] } }, dynamic_nodes: [Text(VText { value: "..." })], dynamic_attrs: [] }, mount: Cell { value: MountId(7) } }
2024-06-04T16:00:21.198251Z TRACE VirtualDom::render_immediate: dioxus_core::diff::node: mount id: MountId(7)
2024-06-04T16:00:21.198263Z TRACE VirtualDom::render_immediate: dioxus_core::diff::node: mounts: Slab { len: 8, cap: 8 }
2024-06-04T16:00:21.228826Z TRACE VirtualDom::wait_for_work:VirtualDom::process_events: dioxus_core::virtual_dom: Marking task Task { id: 0, unsend: PhantomData<*const ()> } (spawned in ScopeId(3)) as dirty (called from Location { file: "packages/core/src/virtual_dom.rs", line: 505, col: 58 })
2024-06-04T16:00:21.228855Z TRACE VirtualDom::wait_for_work:VirtualDom::process_events: dioxus_core::virtual_dom: Marking task Task { id: 3, unsend: PhantomData<*const ()> } (spawned in ScopeId(4)) as dirty (called from Location { file: "packages/core/src/virtual_dom.rs", line: 505, col: 58 })
2024-06-04T16:00:21.228878Z  INFO VirtualDom::wait_for_work:VirtualDom::process_events:VirtualDom::poll_tasks: dioxus_core::tasks: Polling task Task { id: 0, unsend: PhantomData<*const ()> }
2024-06-04T16:00:21.228921Z  INFO VirtualDom::wait_for_work:VirtualDom::process_events:VirtualDom::poll_tasks: dioxus_core::tasks: Task Task { id: 0, unsend: PhantomData<*const ()> } finished with result Pending
2024-06-04T16:00:21.228937Z TRACE VirtualDom::wait_for_work:VirtualDom::process_events:VirtualDom::poll_tasks: dioxus_core::virtual_dom: Marking scope ScopeId(3, "Doggo") as dirty
2024-06-04T16:00:21.229011Z TRACE VirtualDom::render_immediate:render{scope=Doggo}: dioxus_signals::signal: Subscribing to the reactive context ReactiveContext(for scope: ScopeId(3, "Doggo"))
2024-06-04T16:00:21.229034Z TRACE VirtualDom::render_immediate:render{scope=Doggo}: dioxus_signals::signal: Subscribing to the reactive context ReactiveContext(for scope: ScopeId(3, "Doggo"))
2024-06-04T16:00:21.229056Z TRACE VirtualDom::render_immediate:render{scope=Doggo}: dioxus_core::scope_context: looking for context dioxus_core::suspense::SuspenseContext (TypeId { t: (4533244013398082440, 10897659798729036060) }) in Doggo
2024-06-04T16:00:21.229073Z TRACE VirtualDom::render_immediate:render{scope=Doggo}: dioxus_core::scope_context: looking for context dioxus_core::suspense::SuspenseContext (TypeId { t: (4533244013398082440, 10897659798729036060) }) in FrozenContext
2024-06-04T16:00:21.229087Z TRACE VirtualDom::render_immediate:render{scope=Doggo}: dioxus_core::scope_context: found context TypeId { t: (9286496122914249738, 8586425926625933774) }
2024-06-04T16:00:21.229098Z TRACE VirtualDom::render_immediate:render{scope=Doggo}: dioxus_core::scope_context: looking for context dioxus_core::suspense::SuspenseContext (TypeId { t: (4533244013398082440, 10897659798729036060) }) in SuspenseBoundary
2024-06-04T16:00:21.229111Z TRACE VirtualDom::render_immediate:render{scope=Doggo}: dioxus_core::scope_context: found context TypeId { t: (4533244013398082440, 10897659798729036060) }
2024-06-04T16:00:21.229133Z  INFO VirtualDom::render_immediate: dioxus_core::tasks: Polling task Task { id: 3, unsend: PhantomData<*const ()> }
2024-06-04T16:00:21.229155Z  INFO VirtualDom::render_immediate: dioxus_core::tasks: Task Task { id: 3, unsend: PhantomData<*const ()> } finished with result Pending
2024-06-04T16:00:21.229169Z TRACE VirtualDom::render_immediate: dioxus_core::virtual_dom: Marking scope ScopeId(4, "Doggo") as dirty
2024-06-04T16:00:21.229195Z TRACE VirtualDom::render_immediate:render{scope=Doggo}: dioxus_signals::signal: Subscribing to the reactive context ReactiveContext(for scope: ScopeId(4, "Doggo"))
2024-06-04T16:00:21.229214Z TRACE VirtualDom::render_immediate:render{scope=Doggo}: dioxus_signals::signal: Subscribing to the reactive context ReactiveContext(for scope: ScopeId(4, "Doggo"))
2024-06-04T16:00:21.229231Z TRACE VirtualDom::render_immediate:render{scope=Doggo}: dioxus_core::scope_context: looking for context dioxus_core::suspense::SuspenseContext (TypeId { t: (4533244013398082440, 10897659798729036060) }) in Doggo
2024-06-04T16:00:21.229243Z TRACE VirtualDom::render_immediate:render{scope=Doggo}: dioxus_core::scope_context: looking for context dioxus_core::suspense::SuspenseContext (TypeId { t: (4533244013398082440, 10897659798729036060) }) in FrozenContext
2024-06-04T16:00:21.229257Z TRACE VirtualDom::render_immediate:render{scope=Doggo}: dioxus_core::scope_context: found context TypeId { t: (9286496122914249738, 8586425926625933774) }
2024-06-04T16:00:21.229271Z TRACE VirtualDom::render_immediate:render{scope=Doggo}: dioxus_core::scope_context: looking for context dioxus_core::suspense::SuspenseContext (TypeId { t: (4533244013398082440, 10897659798729036060) }) in SuspenseBoundary
2024-06-04T16:00:21.229284Z TRACE VirtualDom::render_immediate:render{scope=Doggo}: dioxus_core::scope_context: found context TypeId { t: (4533244013398082440, 10897659798729036060) }
2024-06-04T16:00:21.330812Z TRACE VirtualDom::wait_for_work:VirtualDom::process_events: dioxus_core::virtual_dom: Marking task Task { id: 0, unsend: PhantomData<*const ()> } (spawned in ScopeId(3)) as dirty (called from Location { file: "packages/core/src/virtual_dom.rs", line: 505, col: 58 })
2024-06-04T16:00:21.330862Z TRACE VirtualDom::wait_for_work:VirtualDom::process_events: dioxus_core::virtual_dom: Marking task Task { id: 3, unsend: PhantomData<*const ()> } (spawned in ScopeId(4)) as dirty (called from Location { file: "packages/core/src/virtual_dom.rs", line: 505, col: 58 })
2024-06-04T16:00:21.330888Z  INFO VirtualDom::wait_for_work:VirtualDom::process_events:VirtualDom::poll_tasks: dioxus_core::tasks: Polling task Task { id: 0, unsend: PhantomData<*const ()> }
2024-06-04T16:00:21.330935Z  INFO VirtualDom::wait_for_work:VirtualDom::process_events:VirtualDom::poll_tasks: dioxus_core::tasks: Task Task { id: 0, unsend: PhantomData<*const ()> } finished with result Pending
2024-06-04T16:00:21.330953Z TRACE VirtualDom::wait_for_work:VirtualDom::process_events:VirtualDom::poll_tasks: dioxus_core::virtual_dom: Marking scope ScopeId(3, "Doggo") as dirty
2024-06-04T16:00:21.331042Z TRACE VirtualDom::render_immediate:render{scope=Doggo}: dioxus_signals::signal: Subscribing to the reactive context ReactiveContext(for scope: ScopeId(3, "Doggo"))
2024-06-04T16:00:21.331069Z TRACE VirtualDom::render_immediate:render{scope=Doggo}: dioxus_signals::signal: Subscribing to the reactive context ReactiveContext(for scope: ScopeId(3, "Doggo"))
2024-06-04T16:00:21.331091Z TRACE VirtualDom::render_immediate:render{scope=Doggo}: dioxus_core::scope_context: looking for context dioxus_core::suspense::SuspenseContext (TypeId { t: (4533244013398082440, 10897659798729036060) }) in Doggo
2024-06-04T16:00:21.331107Z TRACE VirtualDom::render_immediate:render{scope=Doggo}: dioxus_core::scope_context: looking for context dioxus_core::suspense::SuspenseContext (TypeId { t: (4533244013398082440, 10897659798729036060) }) in FrozenContext
2024-06-04T16:00:21.331120Z TRACE VirtualDom::render_immediate:render{scope=Doggo}: dioxus_core::scope_context: found context TypeId { t: (9286496122914249738, 8586425926625933774) }
2024-06-04T16:00:21.331133Z TRACE VirtualDom::render_immediate:render{scope=Doggo}: dioxus_core::scope_context: looking for context dioxus_core::suspense::SuspenseContext (TypeId { t: (4533244013398082440, 10897659798729036060) }) in SuspenseBoundary
2024-06-04T16:00:21.331145Z TRACE VirtualDom::render_immediate:render{scope=Doggo}: dioxus_core::scope_context: found context TypeId { t: (4533244013398082440, 10897659798729036060) }
2024-06-04T16:00:21.331168Z  INFO VirtualDom::render_immediate: dioxus_core::tasks: Polling task Task { id: 3, unsend: PhantomData<*const ()> }
2024-06-04T16:00:21.331189Z  INFO VirtualDom::render_immediate: dioxus_core::tasks: Task Task { id: 3, unsend: PhantomData<*const ()> } finished with result Pending
2024-06-04T16:00:21.331202Z TRACE VirtualDom::render_immediate: dioxus_core::virtual_dom: Marking scope ScopeId(4, "Doggo") as dirty
2024-06-04T16:00:21.331234Z TRACE VirtualDom::render_immediate:render{scope=Doggo}: dioxus_signals::signal: Subscribing to the reactive context ReactiveContext(for scope: ScopeId(4, "Doggo"))
2024-06-04T16:00:21.331252Z TRACE VirtualDom::render_immediate:render{scope=Doggo}: dioxus_signals::signal: Subscribing to the reactive context ReactiveContext(for scope: ScopeId(4, "Doggo"))
2024-06-04T16:00:21.331269Z TRACE VirtualDom::render_immediate:render{scope=Doggo}: dioxus_core::scope_context: looking for context dioxus_core::suspense::SuspenseContext (TypeId { t: (4533244013398082440, 10897659798729036060) }) in Doggo
2024-06-04T16:00:21.331282Z TRACE VirtualDom::render_immediate:render{scope=Doggo}: dioxus_core::scope_context: looking for context dioxus_core::suspense::SuspenseContext (TypeId { t: (4533244013398082440, 10897659798729036060) }) in FrozenContext
2024-06-04T16:00:21.331297Z TRACE VirtualDom::render_immediate:render{scope=Doggo}: dioxus_core::scope_context: found context TypeId { t: (9286496122914249738, 8586425926625933774) }
2024-06-04T16:00:21.331310Z TRACE VirtualDom::render_immediate:render{scope=Doggo}: dioxus_core::scope_context: looking for context dioxus_core::suspense::SuspenseContext (TypeId { t: (4533244013398082440, 10897659798729036060) }) in SuspenseBoundary
2024-06-04T16:00:21.331323Z TRACE VirtualDom::render_immediate:render{scope=Doggo}: dioxus_core::scope_context: found context TypeId { t: (4533244013398082440, 10897659798729036060) }
2024-06-04T16:00:21.399095Z TRACE VirtualDom::wait_for_work:VirtualDom::process_events: dioxus_core::virtual_dom: Marking task Task { id: 6, unsend: PhantomData<*const ()> } (spawned in ScopeId(5)) as dirty (called from Location { file: "packages/core/src/virtual_dom.rs", line: 505, col: 58 })
2024-06-04T16:00:21.399185Z  INFO VirtualDom::wait_for_work:VirtualDom::process_events:VirtualDom::poll_tasks: dioxus_core::tasks: Polling task Task { id: 6, unsend: PhantomData<*const ()> }
2024-06-04T16:00:21.399246Z TRACE VirtualDom::wait_for_work:VirtualDom::process_events:VirtualDom::poll_tasks: dioxus_signals::signal: Write on signal at examples/suspense.rs:122:19 finished, updating subscribers
2024-06-04T16:00:21.399277Z TRACE VirtualDom::wait_for_work:VirtualDom::process_events:VirtualDom::poll_tasks: dioxus_signals::reactive_context: Marking reactive context created at packages/signals/src/reactive_context.rs:117:13 as dirty
2024-06-04T16:00:21.399292Z TRACE VirtualDom::wait_for_work:VirtualDom::process_events:VirtualDom::poll_tasks: dioxus_signals::reactive_context: Marking scope ScopeId(5, "LoadingDots") as dirty
2024-06-04T16:00:21.399328Z  INFO VirtualDom::wait_for_work:VirtualDom::process_events:VirtualDom::poll_tasks: dioxus_core::tasks: Task Task { id: 6, unsend: PhantomData<*const ()> } finished with result Pending
2024-06-04T16:00:21.399346Z TRACE VirtualDom::wait_for_work:VirtualDom::process_events:VirtualDom::poll_tasks: dioxus_core::virtual_dom: Marking scope ScopeId(5, "LoadingDots") as dirty
2024-06-04T16:00:21.399451Z TRACE VirtualDom::render_immediate:render{scope=LoadingDots}: dioxus_signals::signal: Subscribing to the reactive context ReactiveContext(for scope: ScopeId(5, "LoadingDots"))
2024-06-04T16:00:21.399489Z TRACE VirtualDom::render_immediate: dioxus_core::scope_context: looking for context dioxus_core::suspense::FrozenContext (TypeId { t: (9286496122914249738, 8586425926625933774) }) in LoadingDots
2024-06-04T16:00:21.399505Z TRACE VirtualDom::render_immediate: dioxus_core::scope_context: looking for context dioxus_core::suspense::FrozenContext (TypeId { t: (9286496122914249738, 8586425926625933774) }) in SuspenseBoundary
2024-06-04T16:00:21.399517Z TRACE VirtualDom::render_immediate: dioxus_core::scope_context: found context TypeId { t: (4533244013398082440, 10897659798729036060) }
2024-06-04T16:00:21.399530Z TRACE VirtualDom::render_immediate: dioxus_core::scope_context: looking for context dioxus_core::suspense::FrozenContext (TypeId { t: (9286496122914249738, 8586425926625933774) }) in app
2024-06-04T16:00:21.399542Z TRACE VirtualDom::render_immediate: dioxus_core::scope_context: found context TypeId { t: (3582638416876954437, 3810890675802792692) }
2024-06-04T16:00:21.399563Z TRACE VirtualDom::render_immediate: dioxus_core::scope_context: found context TypeId { t: (7946844621057603534, 4355211565432133561) }
2024-06-04T16:00:21.399573Z TRACE VirtualDom::render_immediate: dioxus_core::scope_context: found context TypeId { t: (10682502755203913650, 15985576721215419306) }
2024-06-04T16:00:21.399584Z TRACE VirtualDom::render_immediate: dioxus_core::scope_context: context dioxus_core::suspense::FrozenContext (TypeId { t: (9286496122914249738, 8586425926625933774) }) not found
2024-06-04T16:00:21.399608Z TRACE VirtualDom::render_immediate: dioxus_core::diff::node: moving mount self=VNode { vnode: VNodeInner { key: None, template: Cell { value: Template { name: "examples/suspense.rs:127:5:4128", roots: [Dynamic { id: 0 }], node_paths: [[0]], attr_paths: [] } }, dynamic_nodes: [Text(VText { value: "..." })], dynamic_attrs: [] }, mount: Cell { value: MountId(7) } } new=VNode { vnode: VNodeInner { key: None, template: Cell { value: Template { name: "examples/suspense.rs:127:5:4128", roots: [Dynamic { id: 0 }], node_paths: [[0]], attr_paths: [] } }, dynamic_nodes: [Text(VText { value: "" })], dynamic_attrs: [] }, mount: Cell { value: MountId(7) } }
2024-06-04T16:00:21.399640Z TRACE VirtualDom::render_immediate: dioxus_core::diff::node: mount id: MountId(7)
2024-06-04T16:00:21.399650Z TRACE VirtualDom::render_immediate: dioxus_core::diff::node: mounts: Slab { len: 8, cap: 8 }
2024-06-04T16:00:21.432827Z TRACE VirtualDom::wait_for_work:VirtualDom::process_events: dioxus_core::virtual_dom: Marking task Task { id: 0, unsend: PhantomData<*const ()> } (spawned in ScopeId(3)) as dirty (called from Location { file: "packages/core/src/virtual_dom.rs", line: 505, col: 58 })
2024-06-04T16:00:21.432860Z TRACE VirtualDom::wait_for_work:VirtualDom::process_events: dioxus_core::virtual_dom: Marking task Task { id: 3, unsend: PhantomData<*const ()> } (spawned in ScopeId(4)) as dirty (called from Location { file: "packages/core/src/virtual_dom.rs", line: 505, col: 58 })
2024-06-04T16:00:21.432887Z  INFO VirtualDom::wait_for_work:VirtualDom::process_events:VirtualDom::poll_tasks: dioxus_core::tasks: Polling task Task { id: 0, unsend: PhantomData<*const ()> }
2024-06-04T16:00:21.432938Z  INFO VirtualDom::wait_for_work:VirtualDom::process_events:VirtualDom::poll_tasks: dioxus_core::tasks: Task Task { id: 0, unsend: PhantomData<*const ()> } finished with result Pending
2024-06-04T16:00:21.432956Z TRACE VirtualDom::wait_for_work:VirtualDom::process_events:VirtualDom::poll_tasks: dioxus_core::virtual_dom: Marking scope ScopeId(3, "Doggo") as dirty
2024-06-04T16:00:21.433037Z TRACE VirtualDom::render_immediate:render{scope=Doggo}: dioxus_signals::signal: Subscribing to the reactive context ReactiveContext(for scope: ScopeId(3, "Doggo"))
2024-06-04T16:00:21.433063Z TRACE VirtualDom::render_immediate:render{scope=Doggo}: dioxus_signals::signal: Subscribing to the reactive context ReactiveContext(for scope: ScopeId(3, "Doggo"))
2024-06-04T16:00:21.433085Z TRACE VirtualDom::render_immediate:render{scope=Doggo}: dioxus_core::scope_context: looking for context dioxus_core::suspense::SuspenseContext (TypeId { t: (4533244013398082440, 10897659798729036060) }) in Doggo
2024-06-04T16:00:21.433101Z TRACE VirtualDom::render_immediate:render{scope=Doggo}: dioxus_core::scope_context: looking for context dioxus_core::suspense::SuspenseContext (TypeId { t: (4533244013398082440, 10897659798729036060) }) in FrozenContext
2024-06-04T16:00:21.433114Z TRACE VirtualDom::render_immediate:render{scope=Doggo}: dioxus_core::scope_context: found context TypeId { t: (9286496122914249738, 8586425926625933774) }
2024-06-04T16:00:21.433127Z TRACE VirtualDom::render_immediate:render{scope=Doggo}: dioxus_core::scope_context: looking for context dioxus_core::suspense::SuspenseContext (TypeId { t: (4533244013398082440, 10897659798729036060) }) in SuspenseBoundary
2024-06-04T16:00:21.433141Z TRACE VirtualDom::render_immediate:render{scope=Doggo}: dioxus_core::scope_context: found context TypeId { t: (4533244013398082440, 10897659798729036060) }
2024-06-04T16:00:21.433164Z  INFO VirtualDom::render_immediate: dioxus_core::tasks: Polling task Task { id: 3, unsend: PhantomData<*const ()> }
2024-06-04T16:00:21.433185Z  INFO VirtualDom::render_immediate: dioxus_core::tasks: Task Task { id: 3, unsend: PhantomData<*const ()> } finished with result Pending
2024-06-04T16:00:21.433197Z TRACE VirtualDom::render_immediate: dioxus_core::virtual_dom: Marking scope ScopeId(4, "Doggo") as dirty
2024-06-04T16:00:21.433225Z TRACE VirtualDom::render_immediate:render{scope=Doggo}: dioxus_signals::signal: Subscribing to the reactive context ReactiveContext(for scope: ScopeId(4, "Doggo"))
2024-06-04T16:00:21.433243Z TRACE VirtualDom::render_immediate:render{scope=Doggo}: dioxus_signals::signal: Subscribing to the reactive context ReactiveContext(for scope: ScopeId(4, "Doggo"))
2024-06-04T16:00:21.433261Z TRACE VirtualDom::render_immediate:render{scope=Doggo}: dioxus_core::scope_context: looking for context dioxus_core::suspense::SuspenseContext (TypeId { t: (4533244013398082440, 10897659798729036060) }) in Doggo
2024-06-04T16:00:21.433275Z TRACE VirtualDom::render_immediate:render{scope=Doggo}: dioxus_core::scope_context: looking for context dioxus_core::suspense::SuspenseContext (TypeId { t: (4533244013398082440, 10897659798729036060) }) in FrozenContext
2024-06-04T16:00:21.433288Z TRACE VirtualDom::render_immediate:render{scope=Doggo}: dioxus_core::scope_context: found context TypeId { t: (9286496122914249738, 8586425926625933774) }
2024-06-04T16:00:21.433300Z TRACE VirtualDom::render_immediate:render{scope=Doggo}: dioxus_core::scope_context: looking for context dioxus_core::suspense::SuspenseContext (TypeId { t: (4533244013398082440, 10897659798729036060) }) in SuspenseBoundary
2024-06-04T16:00:21.433312Z TRACE VirtualDom::render_immediate:render{scope=Doggo}: dioxus_core::scope_context: found context TypeId { t: (4533244013398082440, 10897659798729036060) }
2024-06-04T16:00:21.535108Z TRACE VirtualDom::wait_for_work:VirtualDom::process_events: dioxus_core::virtual_dom: Marking task Task { id: 0, unsend: PhantomData<*const ()> } (spawned in ScopeId(3)) as dirty (called from Location { file: "packages/core/src/virtual_dom.rs", line: 505, col: 58 })
2024-06-04T16:00:21.535177Z TRACE VirtualDom::wait_for_work:VirtualDom::process_events: dioxus_core::virtual_dom: Marking task Task { id: 3, unsend: PhantomData<*const ()> } (spawned in ScopeId(4)) as dirty (called from Location { file: "packages/core/src/virtual_dom.rs", line: 505, col: 58 })
2024-06-04T16:00:21.535215Z  INFO VirtualDom::wait_for_work:VirtualDom::process_events:VirtualDom::poll_tasks: dioxus_core::tasks: Polling task Task { id: 0, unsend: PhantomData<*const ()> }
2024-06-04T16:00:21.535271Z  INFO VirtualDom::wait_for_work:VirtualDom::process_events:VirtualDom::poll_tasks: dioxus_core::tasks: Task Task { id: 0, unsend: PhantomData<*const ()> } finished with result Pending
2024-06-04T16:00:21.535291Z TRACE VirtualDom::wait_for_work:VirtualDom::process_events:VirtualDom::poll_tasks: dioxus_core::virtual_dom: Marking scope ScopeId(3, "Doggo") as dirty
2024-06-04T16:00:21.535408Z TRACE VirtualDom::render_immediate:render{scope=Doggo}: dioxus_signals::signal: Subscribing to the reactive context ReactiveContext(for scope: ScopeId(3, "Doggo"))
2024-06-04T16:00:21.535452Z TRACE VirtualDom::render_immediate:render{scope=Doggo}: dioxus_signals::signal: Subscribing to the reactive context ReactiveContext(for scope: ScopeId(3, "Doggo"))
2024-06-04T16:00:21.535481Z TRACE VirtualDom::render_immediate:render{scope=Doggo}: dioxus_core::scope_context: looking for context dioxus_core::suspense::SuspenseContext (TypeId { t: (4533244013398082440, 10897659798729036060) }) in Doggo
2024-06-04T16:00:21.535500Z TRACE VirtualDom::render_immediate:render{scope=Doggo}: dioxus_core::scope_context: looking for context dioxus_core::suspense::SuspenseContext (TypeId { t: (4533244013398082440, 10897659798729036060) }) in FrozenContext
2024-06-04T16:00:21.535517Z TRACE VirtualDom::render_immediate:render{scope=Doggo}: dioxus_core::scope_context: found context TypeId { t: (9286496122914249738, 8586425926625933774) }
2024-06-04T16:00:21.535532Z TRACE VirtualDom::render_immediate:render{scope=Doggo}: dioxus_core::scope_context: looking for context dioxus_core::suspense::SuspenseContext (TypeId { t: (4533244013398082440, 10897659798729036060) }) in SuspenseBoundary
2024-06-04T16:00:21.535547Z TRACE VirtualDom::render_immediate:render{scope=Doggo}: dioxus_core::scope_context: found context TypeId { t: (4533244013398082440, 10897659798729036060) }
2024-06-04T16:00:21.535574Z  INFO VirtualDom::render_immediate: dioxus_core::tasks: Polling task Task { id: 3, unsend: PhantomData<*const ()> }
2024-06-04T16:00:21.535600Z  INFO VirtualDom::render_immediate: dioxus_core::tasks: Task Task { id: 3, unsend: PhantomData<*const ()> } finished with result Pending
2024-06-04T16:00:21.535614Z TRACE VirtualDom::render_immediate: dioxus_core::virtual_dom: Marking scope ScopeId(4, "Doggo") as dirty
2024-06-04T16:00:21.535648Z TRACE VirtualDom::render_immediate:render{scope=Doggo}: dioxus_signals::signal: Subscribing to the reactive context ReactiveContext(for scope: ScopeId(4, "Doggo"))
2024-06-04T16:00:21.535665Z TRACE VirtualDom::render_immediate:render{scope=Doggo}: dioxus_signals::signal: Subscribing to the reactive context ReactiveContext(for scope: ScopeId(4, "Doggo"))
2024-06-04T16:00:21.535690Z TRACE VirtualDom::render_immediate:render{scope=Doggo}: dioxus_core::scope_context: looking for context dioxus_core::suspense::SuspenseContext (TypeId { t: (4533244013398082440, 10897659798729036060) }) in Doggo
2024-06-04T16:00:21.535704Z TRACE VirtualDom::render_immediate:render{scope=Doggo}: dioxus_core::scope_context: looking for context dioxus_core::suspense::SuspenseContext (TypeId { t: (4533244013398082440, 10897659798729036060) }) in FrozenContext
2024-06-04T16:00:21.535716Z TRACE VirtualDom::render_immediate:render{scope=Doggo}: dioxus_core::scope_context: found context TypeId { t: (9286496122914249738, 8586425926625933774) }
2024-06-04T16:00:21.535727Z TRACE VirtualDom::render_immediate:render{scope=Doggo}: dioxus_core::scope_context: looking for context dioxus_core::suspense::SuspenseContext (TypeId { t: (4533244013398082440, 10897659798729036060) }) in SuspenseBoundary
2024-06-04T16:00:21.535738Z TRACE VirtualDom::render_immediate:render{scope=Doggo}: dioxus_core::scope_context: found context TypeId { t: (4533244013398082440, 10897659798729036060) }
2024-06-04T16:00:21.601217Z TRACE VirtualDom::wait_for_work:VirtualDom::process_events: dioxus_core::virtual_dom: Marking task Task { id: 6, unsend: PhantomData<*const ()> } (spawned in ScopeId(5)) as dirty (called from Location { file: "packages/core/src/virtual_dom.rs", line: 505, col: 58 })
2024-06-04T16:00:21.601333Z  INFO VirtualDom::wait_for_work:VirtualDom::process_events:VirtualDom::poll_tasks: dioxus_core::tasks: Polling task Task { id: 6, unsend: PhantomData<*const ()> }
2024-06-04T16:00:21.601386Z TRACE VirtualDom::wait_for_work:VirtualDom::process_events:VirtualDom::poll_tasks: dioxus_signals::signal: Write on signal at examples/suspense.rs:122:19 finished, updating subscribers
2024-06-04T16:00:21.601416Z TRACE VirtualDom::wait_for_work:VirtualDom::process_events:VirtualDom::poll_tasks: dioxus_signals::reactive_context: Marking reactive context created at packages/signals/src/reactive_context.rs:117:13 as dirty
2024-06-04T16:00:21.601433Z TRACE VirtualDom::wait_for_work:VirtualDom::process_events:VirtualDom::poll_tasks: dioxus_signals::reactive_context: Marking scope ScopeId(5, "LoadingDots") as dirty
2024-06-04T16:00:21.601466Z  INFO VirtualDom::wait_for_work:VirtualDom::process_events:VirtualDom::poll_tasks: dioxus_core::tasks: Task Task { id: 6, unsend: PhantomData<*const ()> } finished with result Pending
2024-06-04T16:00:21.601487Z TRACE VirtualDom::wait_for_work:VirtualDom::process_events:VirtualDom::poll_tasks: dioxus_core::virtual_dom: Marking scope ScopeId(5, "LoadingDots") as dirty
2024-06-04T16:00:21.601595Z TRACE VirtualDom::render_immediate:render{scope=LoadingDots}: dioxus_signals::signal: Subscribing to the reactive context ReactiveContext(for scope: ScopeId(5, "LoadingDots"))
2024-06-04T16:00:21.601633Z TRACE VirtualDom::render_immediate: dioxus_core::scope_context: looking for context dioxus_core::suspense::FrozenContext (TypeId { t: (9286496122914249738, 8586425926625933774) }) in LoadingDots
2024-06-04T16:00:21.601650Z TRACE VirtualDom::render_immediate: dioxus_core::scope_context: looking for context dioxus_core::suspense::FrozenContext (TypeId { t: (9286496122914249738, 8586425926625933774) }) in SuspenseBoundary
2024-06-04T16:00:21.601663Z TRACE VirtualDom::render_immediate: dioxus_core::scope_context: found context TypeId { t: (4533244013398082440, 10897659798729036060) }
2024-06-04T16:00:21.601674Z TRACE VirtualDom::render_immediate: dioxus_core::scope_context: looking for context dioxus_core::suspense::FrozenContext (TypeId { t: (9286496122914249738, 8586425926625933774) }) in app
2024-06-04T16:00:21.601689Z TRACE VirtualDom::render_immediate: dioxus_core::scope_context: found context TypeId { t: (3582638416876954437, 3810890675802792692) }
2024-06-04T16:00:21.601701Z TRACE VirtualDom::render_immediate: dioxus_core::scope_context: found context TypeId { t: (7946844621057603534, 4355211565432133561) }
2024-06-04T16:00:21.601712Z TRACE VirtualDom::render_immediate: dioxus_core::scope_context: found context TypeId { t: (10682502755203913650, 15985576721215419306) }
2024-06-04T16:00:21.601725Z TRACE VirtualDom::render_immediate: dioxus_core::scope_context: context dioxus_core::suspense::FrozenContext (TypeId { t: (9286496122914249738, 8586425926625933774) }) not found
2024-06-04T16:00:21.601751Z TRACE VirtualDom::render_immediate: dioxus_core::diff::node: moving mount self=VNode { vnode: VNodeInner { key: None, template: Cell { value: Template { name: "examples/suspense.rs:127:5:4128", roots: [Dynamic { id: 0 }], node_paths: [[0]], attr_paths: [] } }, dynamic_nodes: [Text(VText { value: "" })], dynamic_attrs: [] }, mount: Cell { value: MountId(7) } } new=VNode { vnode: VNodeInner { key: None, template: Cell { value: Template { name: "examples/suspense.rs:127:5:4128", roots: [Dynamic { id: 0 }], node_paths: [[0]], attr_paths: [] } }, dynamic_nodes: [Text(VText { value: "." })], dynamic_attrs: [] }, mount: Cell { value: MountId(7) } }
2024-06-04T16:00:21.601783Z TRACE VirtualDom::render_immediate: dioxus_core::diff::node: mount id: MountId(7)
2024-06-04T16:00:21.601794Z TRACE VirtualDom::render_immediate: dioxus_core::diff::node: mounts: Slab { len: 8, cap: 8 }
2024-06-04T16:00:21.637206Z TRACE VirtualDom::wait_for_work:VirtualDom::process_events: dioxus_core::virtual_dom: Marking task Task { id: 0, unsend: PhantomData<*const ()> } (spawned in ScopeId(3)) as dirty (called from Location { file: "packages/core/src/virtual_dom.rs", line: 505, col: 58 })
2024-06-04T16:00:21.637255Z TRACE VirtualDom::wait_for_work:VirtualDom::process_events: dioxus_core::virtual_dom: Marking task Task { id: 3, unsend: PhantomData<*const ()> } (spawned in ScopeId(4)) as dirty (called from Location { file: "packages/core/src/virtual_dom.rs", line: 505, col: 58 })
2024-06-04T16:00:21.637285Z  INFO VirtualDom::wait_for_work:VirtualDom::process_events:VirtualDom::poll_tasks: dioxus_core::tasks: Polling task Task { id: 0, unsend: PhantomData<*const ()> }
2024-06-04T16:00:21.637343Z  INFO VirtualDom::wait_for_work:VirtualDom::process_events:VirtualDom::poll_tasks: dioxus_core::tasks: Task Task { id: 0, unsend: PhantomData<*const ()> } finished with result Pending
2024-06-04T16:00:21.637364Z TRACE VirtualDom::wait_for_work:VirtualDom::process_events:VirtualDom::poll_tasks: dioxus_core::virtual_dom: Marking scope ScopeId(3, "Doggo") as dirty
2024-06-04T16:00:21.637454Z TRACE VirtualDom::render_immediate:render{scope=Doggo}: dioxus_signals::signal: Subscribing to the reactive context ReactiveContext(for scope: ScopeId(3, "Doggo"))
2024-06-04T16:00:21.637487Z TRACE VirtualDom::render_immediate:render{scope=Doggo}: dioxus_signals::signal: Subscribing to the reactive context ReactiveContext(for scope: ScopeId(3, "Doggo"))
2024-06-04T16:00:21.637511Z TRACE VirtualDom::render_immediate:render{scope=Doggo}: dioxus_core::scope_context: looking for context dioxus_core::suspense::SuspenseContext (TypeId { t: (4533244013398082440, 10897659798729036060) }) in Doggo
2024-06-04T16:00:21.637541Z TRACE VirtualDom::render_immediate:render{scope=Doggo}: dioxus_core::scope_context: looking for context dioxus_core::suspense::SuspenseContext (TypeId { t: (4533244013398082440, 10897659798729036060) }) in FrozenContext
2024-06-04T16:00:21.637556Z TRACE VirtualDom::render_immediate:render{scope=Doggo}: dioxus_core::scope_context: found context TypeId { t: (9286496122914249738, 8586425926625933774) }
2024-06-04T16:00:21.637571Z TRACE VirtualDom::render_immediate:render{scope=Doggo}: dioxus_core::scope_context: looking for context dioxus_core::suspense::SuspenseContext (TypeId { t: (4533244013398082440, 10897659798729036060) }) in SuspenseBoundary
2024-06-04T16:00:21.637586Z TRACE VirtualDom::render_immediate:render{scope=Doggo}: dioxus_core::scope_context: found context TypeId { t: (4533244013398082440, 10897659798729036060) }
2024-06-04T16:00:21.637610Z  INFO VirtualDom::render_immediate: dioxus_core::tasks: Polling task Task { id: 3, unsend: PhantomData<*const ()> }
2024-06-04T16:00:21.637634Z  INFO VirtualDom::render_immediate: dioxus_core::tasks: Task Task { id: 3, unsend: PhantomData<*const ()> } finished with result Pending
2024-06-04T16:00:21.637647Z TRACE VirtualDom::render_immediate: dioxus_core::virtual_dom: Marking scope ScopeId(4, "Doggo") as dirty
2024-06-04T16:00:21.637676Z TRACE VirtualDom::render_immediate:render{scope=Doggo}: dioxus_signals::signal: Subscribing to the reactive context ReactiveContext(for scope: ScopeId(4, "Doggo"))
2024-06-04T16:00:21.637695Z TRACE VirtualDom::render_immediate:render{scope=Doggo}: dioxus_signals::signal: Subscribing to the reactive context ReactiveContext(for scope: ScopeId(4, "Doggo"))
2024-06-04T16:00:21.637714Z TRACE VirtualDom::render_immediate:render{scope=Doggo}: dioxus_core::scope_context: looking for context dioxus_core::suspense::SuspenseContext (TypeId { t: (4533244013398082440, 10897659798729036060) }) in Doggo
2024-06-04T16:00:21.637729Z TRACE VirtualDom::render_immediate:render{scope=Doggo}: dioxus_core::scope_context: looking for context dioxus_core::suspense::SuspenseContext (TypeId { t: (4533244013398082440, 10897659798729036060) }) in FrozenContext
2024-06-04T16:00:21.637745Z TRACE VirtualDom::render_immediate:render{scope=Doggo}: dioxus_core::scope_context: found context TypeId { t: (9286496122914249738, 8586425926625933774) }
2024-06-04T16:00:21.637758Z TRACE VirtualDom::render_immediate:render{scope=Doggo}: dioxus_core::scope_context: looking for context dioxus_core::suspense::SuspenseContext (TypeId { t: (4533244013398082440, 10897659798729036060) }) in SuspenseBoundary
2024-06-04T16:00:21.637774Z TRACE VirtualDom::render_immediate:render{scope=Doggo}: dioxus_core::scope_context: found context TypeId { t: (4533244013398082440, 10897659798729036060) }
2024-06-04T16:00:21.738634Z TRACE VirtualDom::wait_for_work:VirtualDom::process_events: dioxus_core::virtual_dom: Marking task Task { id: 0, unsend: PhantomData<*const ()> } (spawned in ScopeId(3)) as dirty (called from Location { file: "packages/core/src/virtual_dom.rs", line: 505, col: 58 })
2024-06-04T16:00:21.738685Z TRACE VirtualDom::wait_for_work:VirtualDom::process_events: dioxus_core::virtual_dom: Marking task Task { id: 3, unsend: PhantomData<*const ()> } (spawned in ScopeId(4)) as dirty (called from Location { file: "packages/core/src/virtual_dom.rs", line: 505, col: 58 })
2024-06-04T16:00:21.738716Z  INFO VirtualDom::wait_for_work:VirtualDom::process_events:VirtualDom::poll_tasks: dioxus_core::tasks: Polling task Task { id: 0, unsend: PhantomData<*const ()> }
2024-06-04T16:00:21.738758Z  INFO VirtualDom::wait_for_work:VirtualDom::process_events:VirtualDom::poll_tasks: dioxus_core::tasks: Task Task { id: 0, unsend: PhantomData<*const ()> } finished with result Pending
2024-06-04T16:00:21.738778Z TRACE VirtualDom::wait_for_work:VirtualDom::process_events:VirtualDom::poll_tasks: dioxus_core::virtual_dom: Marking scope ScopeId(3, "Doggo") as dirty
2024-06-04T16:00:21.738962Z TRACE VirtualDom::render_immediate:render{scope=Doggo}: dioxus_signals::signal: Subscribing to the reactive context ReactiveContext(for scope: ScopeId(3, "Doggo"))
2024-06-04T16:00:21.739001Z TRACE VirtualDom::render_immediate:render{scope=Doggo}: dioxus_signals::signal: Subscribing to the reactive context ReactiveContext(for scope: ScopeId(3, "Doggo"))
2024-06-04T16:00:21.739027Z TRACE VirtualDom::render_immediate:render{scope=Doggo}: dioxus_core::scope_context: looking for context dioxus_core::suspense::SuspenseContext (TypeId { t: (4533244013398082440, 10897659798729036060) }) in Doggo
2024-06-04T16:00:21.739047Z TRACE VirtualDom::render_immediate:render{scope=Doggo}: dioxus_core::scope_context: looking for context dioxus_core::suspense::SuspenseContext (TypeId { t: (4533244013398082440, 10897659798729036060) }) in FrozenContext
2024-06-04T16:00:21.739063Z TRACE VirtualDom::render_immediate:render{scope=Doggo}: dioxus_core::scope_context: found context TypeId { t: (9286496122914249738, 8586425926625933774) }
2024-06-04T16:00:21.739077Z TRACE VirtualDom::render_immediate:render{scope=Doggo}: dioxus_core::scope_context: looking for context dioxus_core::suspense::SuspenseContext (TypeId { t: (4533244013398082440, 10897659798729036060) }) in SuspenseBoundary
2024-06-04T16:00:21.739091Z TRACE VirtualDom::render_immediate:render{scope=Doggo}: dioxus_core::scope_context: found context TypeId { t: (4533244013398082440, 10897659798729036060) }
2024-06-04T16:00:21.739118Z  INFO VirtualDom::render_immediate: dioxus_core::tasks: Polling task Task { id: 3, unsend: PhantomData<*const ()> }
2024-06-04T16:00:21.739147Z  INFO VirtualDom::render_immediate: dioxus_core::tasks: Task Task { id: 3, unsend: PhantomData<*const ()> } finished with result Pending
2024-06-04T16:00:21.739162Z TRACE VirtualDom::render_immediate: dioxus_core::virtual_dom: Marking scope ScopeId(4, "Doggo") as dirty
2024-06-04T16:00:21.739195Z TRACE VirtualDom::render_immediate:render{scope=Doggo}: dioxus_signals::signal: Subscribing to the reactive context ReactiveContext(for scope: ScopeId(4, "Doggo"))
2024-06-04T16:00:21.739215Z TRACE VirtualDom::render_immediate:render{scope=Doggo}: dioxus_signals::signal: Subscribing to the reactive context ReactiveContext(for scope: ScopeId(4, "Doggo"))
2024-06-04T16:00:21.739234Z TRACE VirtualDom::render_immediate:render{scope=Doggo}: dioxus_core::scope_context: looking for context dioxus_core::suspense::SuspenseContext (TypeId { t: (4533244013398082440, 10897659798729036060) }) in Doggo
2024-06-04T16:00:21.739248Z TRACE VirtualDom::render_immediate:render{scope=Doggo}: dioxus_core::scope_context: looking for context dioxus_core::suspense::SuspenseContext (TypeId { t: (4533244013398082440, 10897659798729036060) }) in FrozenContext
2024-06-04T16:00:21.739260Z TRACE VirtualDom::render_immediate:render{scope=Doggo}: dioxus_core::scope_context: found context TypeId { t: (9286496122914249738, 8586425926625933774) }
2024-06-04T16:00:21.739274Z TRACE VirtualDom::render_immediate:render{scope=Doggo}: dioxus_core::scope_context: looking for context dioxus_core::suspense::SuspenseContext (TypeId { t: (4533244013398082440, 10897659798729036060) }) in SuspenseBoundary
2024-06-04T16:00:21.739288Z TRACE VirtualDom::render_immediate:render{scope=Doggo}: dioxus_core::scope_context: found context TypeId { t: (4533244013398082440, 10897659798729036060) }
2024-06-04T16:00:21.803466Z TRACE VirtualDom::wait_for_work:VirtualDom::process_events: dioxus_core::virtual_dom: Marking task Task { id: 6, unsend: PhantomData<*const ()> } (spawned in ScopeId(5)) as dirty (called from Location { file: "packages/core/src/virtual_dom.rs", line: 505, col: 58 })
2024-06-04T16:00:21.803533Z  INFO VirtualDom::wait_for_work:VirtualDom::process_events:VirtualDom::poll_tasks: dioxus_core::tasks: Polling task Task { id: 6, unsend: PhantomData<*const ()> }
2024-06-04T16:00:21.803575Z TRACE VirtualDom::wait_for_work:VirtualDom::process_events:VirtualDom::poll_tasks: dioxus_signals::signal: Write on signal at examples/suspense.rs:122:19 finished, updating subscribers
2024-06-04T16:00:21.803600Z TRACE VirtualDom::wait_for_work:VirtualDom::process_events:VirtualDom::poll_tasks: dioxus_signals::reactive_context: Marking reactive context created at packages/signals/src/reactive_context.rs:117:13 as dirty
2024-06-04T16:00:21.803617Z TRACE VirtualDom::wait_for_work:VirtualDom::process_events:VirtualDom::poll_tasks: dioxus_signals::reactive_context: Marking scope ScopeId(5, "LoadingDots") as dirty
2024-06-04T16:00:21.803646Z  INFO VirtualDom::wait_for_work:VirtualDom::process_events:VirtualDom::poll_tasks: dioxus_core::tasks: Task Task { id: 6, unsend: PhantomData<*const ()> } finished with result Pending
2024-06-04T16:00:21.803663Z TRACE VirtualDom::wait_for_work:VirtualDom::process_events:VirtualDom::poll_tasks: dioxus_core::virtual_dom: Marking scope ScopeId(5, "LoadingDots") as dirty
2024-06-04T16:00:21.803749Z TRACE VirtualDom::render_immediate:render{scope=LoadingDots}: dioxus_signals::signal: Subscribing to the reactive context ReactiveContext(for scope: ScopeId(5, "LoadingDots"))
2024-06-04T16:00:21.803781Z TRACE VirtualDom::render_immediate: dioxus_core::scope_context: looking for context dioxus_core::suspense::FrozenContext (TypeId { t: (9286496122914249738, 8586425926625933774) }) in LoadingDots
2024-06-04T16:00:21.803795Z TRACE VirtualDom::render_immediate: dioxus_core::scope_context: looking for context dioxus_core::suspense::FrozenContext (TypeId { t: (9286496122914249738, 8586425926625933774) }) in SuspenseBoundary
2024-06-04T16:00:21.803806Z TRACE VirtualDom::render_immediate: dioxus_core::scope_context: found context TypeId { t: (4533244013398082440, 10897659798729036060) }
2024-06-04T16:00:21.803817Z TRACE VirtualDom::render_immediate: dioxus_core::scope_context: looking for context dioxus_core::suspense::FrozenContext (TypeId { t: (9286496122914249738, 8586425926625933774) }) in app
2024-06-04T16:00:21.803828Z TRACE VirtualDom::render_immediate: dioxus_core::scope_context: found context TypeId { t: (3582638416876954437, 3810890675802792692) }
2024-06-04T16:00:21.803839Z TRACE VirtualDom::render_immediate: dioxus_core::scope_context: found context TypeId { t: (7946844621057603534, 4355211565432133561) }
2024-06-04T16:00:21.803849Z TRACE VirtualDom::render_immediate: dioxus_core::scope_context: found context TypeId { t: (10682502755203913650, 15985576721215419306) }
2024-06-04T16:00:21.803860Z TRACE VirtualDom::render_immediate: dioxus_core::scope_context: context dioxus_core::suspense::FrozenContext (TypeId { t: (9286496122914249738, 8586425926625933774) }) not found
2024-06-04T16:00:21.803879Z TRACE VirtualDom::render_immediate: dioxus_core::diff::node: moving mount self=VNode { vnode: VNodeInner { key: None, template: Cell { value: Template { name: "examples/suspense.rs:127:5:4128", roots: [Dynamic { id: 0 }], node_paths: [[0]], attr_paths: [] } }, dynamic_nodes: [Text(VText { value: "." })], dynamic_attrs: [] }, mount: Cell { value: MountId(7) } } new=VNode { vnode: VNodeInner { key: None, template: Cell { value: Template { name: "examples/suspense.rs:127:5:4128", roots: [Dynamic { id: 0 }], node_paths: [[0]], attr_paths: [] } }, dynamic_nodes: [Text(VText { value: ".." })], dynamic_attrs: [] }, mount: Cell { value: MountId(7) } }
2024-06-04T16:00:21.803906Z TRACE VirtualDom::render_immediate: dioxus_core::diff::node: mount id: MountId(7)
2024-06-04T16:00:21.803916Z TRACE VirtualDom::render_immediate: dioxus_core::diff::node: mounts: Slab { len: 8, cap: 8 }
2024-06-04T16:00:21.841108Z TRACE VirtualDom::wait_for_work:VirtualDom::process_events: dioxus_core::virtual_dom: Marking task Task { id: 0, unsend: PhantomData<*const ()> } (spawned in ScopeId(3)) as dirty (called from Location { file: "packages/core/src/virtual_dom.rs", line: 505, col: 58 })
2024-06-04T16:00:21.841152Z TRACE VirtualDom::wait_for_work:VirtualDom::process_events: dioxus_core::virtual_dom: Marking task Task { id: 3, unsend: PhantomData<*const ()> } (spawned in ScopeId(4)) as dirty (called from Location { file: "packages/core/src/virtual_dom.rs", line: 505, col: 58 })
2024-06-04T16:00:21.841183Z  INFO VirtualDom::wait_for_work:VirtualDom::process_events:VirtualDom::poll_tasks: dioxus_core::tasks: Polling task Task { id: 0, unsend: PhantomData<*const ()> }
2024-06-04T16:00:21.841231Z  INFO VirtualDom::wait_for_work:VirtualDom::process_events:VirtualDom::poll_tasks: dioxus_core::tasks: Task Task { id: 0, unsend: PhantomData<*const ()> } finished with result Pending
2024-06-04T16:00:21.841252Z TRACE VirtualDom::wait_for_work:VirtualDom::process_events:VirtualDom::poll_tasks: dioxus_core::virtual_dom: Marking scope ScopeId(3, "Doggo") as dirty
2024-06-04T16:00:21.841381Z TRACE VirtualDom::render_immediate:render{scope=Doggo}: dioxus_signals::signal: Subscribing to the reactive context ReactiveContext(for scope: ScopeId(3, "Doggo"))
2024-06-04T16:00:21.841426Z TRACE VirtualDom::render_immediate:render{scope=Doggo}: dioxus_signals::signal: Subscribing to the reactive context ReactiveContext(for scope: ScopeId(3, "Doggo"))
2024-06-04T16:00:21.841457Z TRACE VirtualDom::render_immediate:render{scope=Doggo}: dioxus_core::scope_context: looking for context dioxus_core::suspense::SuspenseContext (TypeId { t: (4533244013398082440, 10897659798729036060) }) in Doggo
2024-06-04T16:00:21.841478Z TRACE VirtualDom::render_immediate:render{scope=Doggo}: dioxus_core::scope_context: looking for context dioxus_core::suspense::SuspenseContext (TypeId { t: (4533244013398082440, 10897659798729036060) }) in FrozenContext
2024-06-04T16:00:21.841495Z TRACE VirtualDom::render_immediate:render{scope=Doggo}: dioxus_core::scope_context: found context TypeId { t: (9286496122914249738, 8586425926625933774) }
2024-06-04T16:00:21.841512Z TRACE VirtualDom::render_immediate:render{scope=Doggo}: dioxus_core::scope_context: looking for context dioxus_core::suspense::SuspenseContext (TypeId { t: (4533244013398082440, 10897659798729036060) }) in SuspenseBoundary
2024-06-04T16:00:21.841528Z TRACE VirtualDom::render_immediate:render{scope=Doggo}: dioxus_core::scope_context: found context TypeId { t: (4533244013398082440, 10897659798729036060) }
2024-06-04T16:00:21.841560Z  INFO VirtualDom::render_immediate: dioxus_core::tasks: Polling task Task { id: 3, unsend: PhantomData<*const ()> }
2024-06-04T16:00:21.841591Z  INFO VirtualDom::render_immediate: dioxus_core::tasks: Task Task { id: 3, unsend: PhantomData<*const ()> } finished with result Pending
2024-06-04T16:00:21.841610Z TRACE VirtualDom::render_immediate: dioxus_core::virtual_dom: Marking scope ScopeId(4, "Doggo") as dirty
2024-06-04T16:00:21.841656Z TRACE VirtualDom::render_immediate:render{scope=Doggo}: dioxus_signals::signal: Subscribing to the reactive context ReactiveContext(for scope: ScopeId(4, "Doggo"))
2024-06-04T16:00:21.841683Z TRACE VirtualDom::render_immediate:render{scope=Doggo}: dioxus_signals::signal: Subscribing to the reactive context ReactiveContext(for scope: ScopeId(4, "Doggo"))
2024-06-04T16:00:21.841705Z TRACE VirtualDom::render_immediate:render{scope=Doggo}: dioxus_core::scope_context: looking for context dioxus_core::suspense::SuspenseContext (TypeId { t: (4533244013398082440, 10897659798729036060) }) in Doggo
2024-06-04T16:00:21.841722Z TRACE VirtualDom::render_immediate:render{scope=Doggo}: dioxus_core::scope_context: looking for context dioxus_core::suspense::SuspenseContext (TypeId { t: (4533244013398082440, 10897659798729036060) }) in FrozenContext
2024-06-04T16:00:21.841737Z TRACE VirtualDom::render_immediate:render{scope=Doggo}: dioxus_core::scope_context: found context TypeId { t: (9286496122914249738, 8586425926625933774) }
2024-06-04T16:00:21.841753Z TRACE VirtualDom::render_immediate:render{scope=Doggo}: dioxus_core::scope_context: looking for context dioxus_core::suspense::SuspenseContext (TypeId { t: (4533244013398082440, 10897659798729036060) }) in SuspenseBoundary
2024-06-04T16:00:21.841769Z TRACE VirtualDom::render_immediate:render{scope=Doggo}: dioxus_core::scope_context: found context TypeId { t: (4533244013398082440, 10897659798729036060) }
2024-06-04T16:00:21.942968Z TRACE VirtualDom::wait_for_work:VirtualDom::process_events: dioxus_core::virtual_dom: Marking task Task { id: 0, unsend: PhantomData<*const ()> } (spawned in ScopeId(3)) as dirty (called from Location { file: "packages/core/src/virtual_dom.rs", line: 505, col: 58 })
2024-06-04T16:00:21.943033Z TRACE VirtualDom::wait_for_work:VirtualDom::process_events: dioxus_core::virtual_dom: Marking task Task { id: 3, unsend: PhantomData<*const ()> } (spawned in ScopeId(4)) as dirty (called from Location { file: "packages/core/src/virtual_dom.rs", line: 505, col: 58 })
2024-06-04T16:00:21.943076Z  INFO VirtualDom::wait_for_work:VirtualDom::process_events:VirtualDom::poll_tasks: dioxus_core::tasks: Polling task Task { id: 0, unsend: PhantomData<*const ()> }
2024-06-04T16:00:21.943135Z  INFO VirtualDom::wait_for_work:VirtualDom::process_events:VirtualDom::poll_tasks: dioxus_core::tasks: Task Task { id: 0, unsend: PhantomData<*const ()> } finished with result Pending
2024-06-04T16:00:21.943165Z TRACE VirtualDom::wait_for_work:VirtualDom::process_events:VirtualDom::poll_tasks: dioxus_core::virtual_dom: Marking scope ScopeId(3, "Doggo") as dirty
2024-06-04T16:00:21.943299Z TRACE VirtualDom::render_immediate:render{scope=Doggo}: dioxus_signals::signal: Subscribing to the reactive context ReactiveContext(for scope: ScopeId(3, "Doggo"))
2024-06-04T16:00:21.943337Z TRACE VirtualDom::render_immediate:render{scope=Doggo}: dioxus_signals::signal: Subscribing to the reactive context ReactiveContext(for scope: ScopeId(3, "Doggo"))
2024-06-04T16:00:21.943369Z TRACE VirtualDom::render_immediate:render{scope=Doggo}: dioxus_core::scope_context: looking for context dioxus_core::suspense::SuspenseContext (TypeId { t: (4533244013398082440, 10897659798729036060) }) in Doggo
2024-06-04T16:00:21.943394Z TRACE VirtualDom::render_immediate:render{scope=Doggo}: dioxus_core::scope_context: looking for context dioxus_core::suspense::SuspenseContext (TypeId { t: (4533244013398082440, 10897659798729036060) }) in FrozenContext
2024-06-04T16:00:21.943415Z TRACE VirtualDom::render_immediate:render{scope=Doggo}: dioxus_core::scope_context: found context TypeId { t: (9286496122914249738, 8586425926625933774) }
2024-06-04T16:00:21.943435Z TRACE VirtualDom::render_immediate:render{scope=Doggo}: dioxus_core::scope_context: looking for context dioxus_core::suspense::SuspenseContext (TypeId { t: (4533244013398082440, 10897659798729036060) }) in SuspenseBoundary
2024-06-04T16:00:21.943455Z TRACE VirtualDom::render_immediate:render{scope=Doggo}: dioxus_core::scope_context: found context TypeId { t: (4533244013398082440, 10897659798729036060) }
2024-06-04T16:00:21.943490Z  INFO VirtualDom::render_immediate: dioxus_core::tasks: Polling task Task { id: 3, unsend: PhantomData<*const ()> }
2024-06-04T16:00:21.943521Z  INFO VirtualDom::render_immediate: dioxus_core::tasks: Task Task { id: 3, unsend: PhantomData<*const ()> } finished with result Pending
2024-06-04T16:00:21.943545Z TRACE VirtualDom::render_immediate: dioxus_core::virtual_dom: Marking scope ScopeId(4, "Doggo") as dirty
2024-06-04T16:00:21.943592Z TRACE VirtualDom::render_immediate:render{scope=Doggo}: dioxus_signals::signal: Subscribing to the reactive context ReactiveContext(for scope: ScopeId(4, "Doggo"))
2024-06-04T16:00:21.943621Z TRACE VirtualDom::render_immediate:render{scope=Doggo}: dioxus_signals::signal: Subscribing to the reactive context ReactiveContext(for scope: ScopeId(4, "Doggo"))
2024-06-04T16:00:21.943648Z TRACE VirtualDom::render_immediate:render{scope=Doggo}: dioxus_core::scope_context: looking for context dioxus_core::suspense::SuspenseContext (TypeId { t: (4533244013398082440, 10897659798729036060) }) in Doggo
2024-06-04T16:00:21.943670Z TRACE VirtualDom::render_immediate:render{scope=Doggo}: dioxus_core::scope_context: looking for context dioxus_core::suspense::SuspenseContext (TypeId { t: (4533244013398082440, 10897659798729036060) }) in FrozenContext
2024-06-04T16:00:21.943689Z TRACE VirtualDom::render_immediate:render{scope=Doggo}: dioxus_core::scope_context: found context TypeId { t: (9286496122914249738, 8586425926625933774) }
2024-06-04T16:00:21.943709Z TRACE VirtualDom::render_immediate:render{scope=Doggo}: dioxus_core::scope_context: looking for context dioxus_core::suspense::SuspenseContext (TypeId { t: (4533244013398082440, 10897659798729036060) }) in SuspenseBoundary
2024-06-04T16:00:21.943727Z TRACE VirtualDom::render_immediate:render{scope=Doggo}: dioxus_core::scope_context: found context TypeId { t: (4533244013398082440, 10897659798729036060) }
2024-06-04T16:00:22.005676Z TRACE VirtualDom::wait_for_work:VirtualDom::process_events: dioxus_core::virtual_dom: Marking task Task { id: 6, unsend: PhantomData<*const ()> } (spawned in ScopeId(5)) as dirty (called from Location { file: "packages/core/src/virtual_dom.rs", line: 505, col: 58 })
2024-06-04T16:00:22.005841Z  INFO VirtualDom::wait_for_work:VirtualDom::process_events:VirtualDom::poll_tasks: dioxus_core::tasks: Polling task Task { id: 6, unsend: PhantomData<*const ()> }
2024-06-04T16:00:22.005950Z TRACE VirtualDom::wait_for_work:VirtualDom::process_events:VirtualDom::poll_tasks: dioxus_signals::signal: Write on signal at examples/suspense.rs:122:19 finished, updating subscribers
2024-06-04T16:00:22.006004Z TRACE VirtualDom::wait_for_work:VirtualDom::process_events:VirtualDom::poll_tasks: dioxus_signals::reactive_context: Marking reactive context created at packages/signals/src/reactive_context.rs:117:13 as dirty
2024-06-04T16:00:22.006029Z TRACE VirtualDom::wait_for_work:VirtualDom::process_events:VirtualDom::poll_tasks: dioxus_signals::reactive_context: Marking scope ScopeId(5, "LoadingDots") as dirty
2024-06-04T16:00:22.006094Z  INFO VirtualDom::wait_for_work:VirtualDom::process_events:VirtualDom::poll_tasks: dioxus_core::tasks: Task Task { id: 6, unsend: PhantomData<*const ()> } finished with result Pending
2024-06-04T16:00:22.006125Z TRACE VirtualDom::wait_for_work:VirtualDom::process_events:VirtualDom::poll_tasks: dioxus_core::virtual_dom: Marking scope ScopeId(5, "LoadingDots") as dirty
2024-06-04T16:00:22.006330Z TRACE VirtualDom::render_immediate:render{scope=LoadingDots}: dioxus_signals::signal: Subscribing to the reactive context ReactiveContext(for scope: ScopeId(5, "LoadingDots"))
2024-06-04T16:00:22.006395Z TRACE VirtualDom::render_immediate: dioxus_core::scope_context: looking for context dioxus_core::suspense::FrozenContext (TypeId { t: (9286496122914249738, 8586425926625933774) }) in LoadingDots
2024-06-04T16:00:22.006421Z TRACE VirtualDom::render_immediate: dioxus_core::scope_context: looking for context dioxus_core::suspense::FrozenContext (TypeId { t: (9286496122914249738, 8586425926625933774) }) in SuspenseBoundary
2024-06-04T16:00:22.006443Z TRACE VirtualDom::render_immediate: dioxus_core::scope_context: found context TypeId { t: (4533244013398082440, 10897659798729036060) }
2024-06-04T16:00:22.006460Z TRACE VirtualDom::render_immediate: dioxus_core::scope_context: looking for context dioxus_core::suspense::FrozenContext (TypeId { t: (9286496122914249738, 8586425926625933774) }) in app
2024-06-04T16:00:22.006478Z TRACE VirtualDom::render_immediate: dioxus_core::scope_context: found context TypeId { t: (3582638416876954437, 3810890675802792692) }
2024-06-04T16:00:22.006495Z TRACE VirtualDom::render_immediate: dioxus_core::scope_context: found context TypeId { t: (7946844621057603534, 4355211565432133561) }
2024-06-04T16:00:22.006511Z TRACE VirtualDom::render_immediate: dioxus_core::scope_context: found context TypeId { t: (10682502755203913650, 15985576721215419306) }
2024-06-04T16:00:22.006543Z TRACE VirtualDom::render_immediate: dioxus_core::scope_context: context dioxus_core::suspense::FrozenContext (TypeId { t: (9286496122914249738, 8586425926625933774) }) not found
2024-06-04T16:00:22.006582Z TRACE VirtualDom::render_immediate: dioxus_core::diff::node: moving mount self=VNode { vnode: VNodeInner { key: None, template: Cell { value: Template { name: "examples/suspense.rs:127:5:4128", roots: [Dynamic { id: 0 }], node_paths: [[0]], attr_paths: [] } }, dynamic_nodes: [Text(VText { value: ".." })], dynamic_attrs: [] }, mount: Cell { value: MountId(7) } } new=VNode { vnode: VNodeInner { key: None, template: Cell { value: Template { name: "examples/suspense.rs:127:5:4128", roots: [Dynamic { id: 0 }], node_paths: [[0]], attr_paths: [] } }, dynamic_nodes: [Text(VText { value: "..." })], dynamic_attrs: [] }, mount: Cell { value: MountId(7) } }
2024-06-04T16:00:22.006645Z TRACE VirtualDom::render_immediate: dioxus_core::diff::node: mount id: MountId(7)
2024-06-04T16:00:22.006661Z TRACE VirtualDom::render_immediate: dioxus_core::diff::node: mounts: Slab { len: 8, cap: 8 }
2024-06-04T16:00:22.045781Z TRACE VirtualDom::wait_for_work:VirtualDom::process_events: dioxus_core::virtual_dom: Marking task Task { id: 0, unsend: PhantomData<*const ()> } (spawned in ScopeId(3)) as dirty (called from Location { file: "packages/core/src/virtual_dom.rs", line: 505, col: 58 })
2024-06-04T16:00:22.045902Z TRACE VirtualDom::wait_for_work:VirtualDom::process_events: dioxus_core::virtual_dom: Marking task Task { id: 3, unsend: PhantomData<*const ()> } (spawned in ScopeId(4)) as dirty (called from Location { file: "packages/core/src/virtual_dom.rs", line: 505, col: 58 })
2024-06-04T16:00:22.045989Z  INFO VirtualDom::wait_for_work:VirtualDom::process_events:VirtualDom::poll_tasks: dioxus_core::tasks: Polling task Task { id: 0, unsend: PhantomData<*const ()> }
2024-06-04T16:00:22.046149Z  INFO VirtualDom::wait_for_work:VirtualDom::process_events:VirtualDom::poll_tasks: dioxus_core::tasks: Task Task { id: 0, unsend: PhantomData<*const ()> } finished with result Pending
2024-06-04T16:00:22.046201Z TRACE VirtualDom::wait_for_work:VirtualDom::process_events:VirtualDom::poll_tasks: dioxus_core::virtual_dom: Marking scope ScopeId(3, "Doggo") as dirty
2024-06-04T16:00:22.046511Z TRACE VirtualDom::render_immediate:render{scope=Doggo}: dioxus_signals::signal: Subscribing to the reactive context ReactiveContext(for scope: ScopeId(3, "Doggo"))
2024-06-04T16:00:22.046623Z TRACE VirtualDom::render_immediate:render{scope=Doggo}: dioxus_signals::signal: Subscribing to the reactive context ReactiveContext(for scope: ScopeId(3, "Doggo"))
2024-06-04T16:00:22.046719Z TRACE VirtualDom::render_immediate:render{scope=Doggo}: dioxus_core::scope_context: looking for context dioxus_core::suspense::SuspenseContext (TypeId { t: (4533244013398082440, 10897659798729036060) }) in Doggo
2024-06-04T16:00:22.046787Z TRACE VirtualDom::render_immediate:render{scope=Doggo}: dioxus_core::scope_context: looking for context dioxus_core::suspense::SuspenseContext (TypeId { t: (4533244013398082440, 10897659798729036060) }) in FrozenContext
2024-06-04T16:00:22.046849Z TRACE VirtualDom::render_immediate:render{scope=Doggo}: dioxus_core::scope_context: found context TypeId { t: (9286496122914249738, 8586425926625933774) }
2024-06-04T16:00:22.046905Z TRACE VirtualDom::render_immediate:render{scope=Doggo}: dioxus_core::scope_context: looking for context dioxus_core::suspense::SuspenseContext (TypeId { t: (4533244013398082440, 10897659798729036060) }) in SuspenseBoundary
2024-06-04T16:00:22.046961Z TRACE VirtualDom::render_immediate:render{scope=Doggo}: dioxus_core::scope_context: found context TypeId { t: (4533244013398082440, 10897659798729036060) }
2024-06-04T16:00:22.047065Z  INFO VirtualDom::render_immediate: dioxus_core::tasks: Polling task Task { id: 3, unsend: PhantomData<*const ()> }
2024-06-04T16:00:22.047144Z  INFO VirtualDom::render_immediate: dioxus_core::tasks: Task Task { id: 3, unsend: PhantomData<*const ()> } finished with result Pending
2024-06-04T16:00:22.047195Z TRACE VirtualDom::render_immediate: dioxus_core::virtual_dom: Marking scope ScopeId(4, "Doggo") as dirty
2024-06-04T16:00:22.047314Z TRACE VirtualDom::render_immediate:render{scope=Doggo}: dioxus_signals::signal: Subscribing to the reactive context ReactiveContext(for scope: ScopeId(4, "Doggo"))
2024-06-04T16:00:22.047387Z TRACE VirtualDom::render_immediate:render{scope=Doggo}: dioxus_signals::signal: Subscribing to the reactive context ReactiveContext(for scope: ScopeId(4, "Doggo"))
2024-06-04T16:00:22.047460Z TRACE VirtualDom::render_immediate:render{scope=Doggo}: dioxus_core::scope_context: looking for context dioxus_core::suspense::SuspenseContext (TypeId { t: (4533244013398082440, 10897659798729036060) }) in Doggo
2024-06-04T16:00:22.047520Z TRACE VirtualDom::render_immediate:render{scope=Doggo}: dioxus_core::scope_context: looking for context dioxus_core::suspense::SuspenseContext (TypeId { t: (4533244013398082440, 10897659798729036060) }) in FrozenContext
2024-06-04T16:00:22.047575Z TRACE VirtualDom::render_immediate:render{scope=Doggo}: dioxus_core::scope_context: found context TypeId { t: (9286496122914249738, 8586425926625933774) }
2024-06-04T16:00:22.047630Z TRACE VirtualDom::render_immediate:render{scope=Doggo}: dioxus_core::scope_context: looking for context dioxus_core::suspense::SuspenseContext (TypeId { t: (4533244013398082440, 10897659798729036060) }) in SuspenseBoundary
2024-06-04T16:00:22.047684Z TRACE VirtualDom::render_immediate:render{scope=Doggo}: dioxus_core::scope_context: found context TypeId { t: (4533244013398082440, 10897659798729036060) }
2024-06-04T16:00:22.148708Z TRACE VirtualDom::wait_for_work:VirtualDom::process_events: dioxus_core::virtual_dom: Marking task Task { id: 0, unsend: PhantomData<*const ()> } (spawned in ScopeId(3)) as dirty (called from Location { file: "packages/core/src/virtual_dom.rs", line: 505, col: 58 })
2024-06-04T16:00:22.148889Z TRACE VirtualDom::wait_for_work:VirtualDom::process_events: dioxus_core::virtual_dom: Marking task Task { id: 3, unsend: PhantomData<*const ()> } (spawned in ScopeId(4)) as dirty (called from Location { file: "packages/core/src/virtual_dom.rs", line: 505, col: 58 })
2024-06-04T16:00:22.148991Z  INFO VirtualDom::wait_for_work:VirtualDom::process_events:VirtualDom::poll_tasks: dioxus_core::tasks: Polling task Task { id: 0, unsend: PhantomData<*const ()> }
2024-06-04T16:00:22.149113Z  INFO VirtualDom::wait_for_work:VirtualDom::process_events:VirtualDom::poll_tasks: dioxus_core::tasks: Task Task { id: 0, unsend: PhantomData<*const ()> } finished with result Pending
2024-06-04T16:00:22.149154Z TRACE VirtualDom::wait_for_work:VirtualDom::process_events:VirtualDom::poll_tasks: dioxus_core::virtual_dom: Marking scope ScopeId(3, "Doggo") as dirty
2024-06-04T16:00:22.149435Z TRACE VirtualDom::render_immediate:render{scope=Doggo}: dioxus_signals::signal: Subscribing to the reactive context ReactiveContext(for scope: ScopeId(3, "Doggo"))
2024-06-04T16:00:22.149520Z TRACE VirtualDom::render_immediate:render{scope=Doggo}: dioxus_signals::signal: Subscribing to the reactive context ReactiveContext(for scope: ScopeId(3, "Doggo"))
2024-06-04T16:00:22.149569Z TRACE VirtualDom::render_immediate:render{scope=Doggo}: dioxus_core::scope_context: looking for context dioxus_core::suspense::SuspenseContext (TypeId { t: (4533244013398082440, 10897659798729036060) }) in Doggo
2024-06-04T16:00:22.149602Z TRACE VirtualDom::render_immediate:render{scope=Doggo}: dioxus_core::scope_context: looking for context dioxus_core::suspense::SuspenseContext (TypeId { t: (4533244013398082440, 10897659798729036060) }) in FrozenContext
2024-06-04T16:00:22.149627Z TRACE VirtualDom::render_immediate:render{scope=Doggo}: dioxus_core::scope_context: found context TypeId { t: (9286496122914249738, 8586425926625933774) }
2024-06-04T16:00:22.149649Z TRACE VirtualDom::render_immediate:render{scope=Doggo}: dioxus_core::scope_context: looking for context dioxus_core::suspense::SuspenseContext (TypeId { t: (4533244013398082440, 10897659798729036060) }) in SuspenseBoundary
2024-06-04T16:00:22.149672Z TRACE VirtualDom::render_immediate:render{scope=Doggo}: dioxus_core::scope_context: found context TypeId { t: (4533244013398082440, 10897659798729036060) }
2024-06-04T16:00:22.149721Z  INFO VirtualDom::render_immediate: dioxus_core::tasks: Polling task Task { id: 3, unsend: PhantomData<*const ()> }
2024-06-04T16:00:22.149757Z  INFO VirtualDom::render_immediate: dioxus_core::tasks: Task Task { id: 3, unsend: PhantomData<*const ()> } finished with result Pending
2024-06-04T16:00:22.149779Z TRACE VirtualDom::render_immediate: dioxus_core::virtual_dom: Marking scope ScopeId(4, "Doggo") as dirty
2024-06-04T16:00:22.149849Z TRACE VirtualDom::render_immediate:render{scope=Doggo}: dioxus_signals::signal: Subscribing to the reactive context ReactiveContext(for scope: ScopeId(4, "Doggo"))
2024-06-04T16:00:22.149881Z TRACE VirtualDom::render_immediate:render{scope=Doggo}: dioxus_signals::signal: Subscribing to the reactive context ReactiveContext(for scope: ScopeId(4, "Doggo"))
2024-06-04T16:00:22.149910Z TRACE VirtualDom::render_immediate:render{scope=Doggo}: dioxus_core::scope_context: looking for context dioxus_core::suspense::SuspenseContext (TypeId { t: (4533244013398082440, 10897659798729036060) }) in Doggo
2024-06-04T16:00:22.149932Z TRACE VirtualDom::render_immediate:render{scope=Doggo}: dioxus_core::scope_context: looking for context dioxus_core::suspense::SuspenseContext (TypeId { t: (4533244013398082440, 10897659798729036060) }) in FrozenContext
2024-06-04T16:00:22.149954Z TRACE VirtualDom::render_immediate:render{scope=Doggo}: dioxus_core::scope_context: found context TypeId { t: (9286496122914249738, 8586425926625933774) }
2024-06-04T16:00:22.149974Z TRACE VirtualDom::render_immediate:render{scope=Doggo}: dioxus_core::scope_context: looking for context dioxus_core::suspense::SuspenseContext (TypeId { t: (4533244013398082440, 10897659798729036060) }) in SuspenseBoundary
2024-06-04T16:00:22.149995Z TRACE VirtualDom::render_immediate:render{scope=Doggo}: dioxus_core::scope_context: found context TypeId { t: (4533244013398082440, 10897659798729036060) }
2024-06-04T16:00:22.208929Z TRACE VirtualDom::wait_for_work:VirtualDom::process_events: dioxus_core::virtual_dom: Marking task Task { id: 6, unsend: PhantomData<*const ()> } (spawned in ScopeId(5)) as dirty (called from Location { file: "packages/core/src/virtual_dom.rs", line: 505, col: 58 })
2024-06-04T16:00:22.209169Z  INFO VirtualDom::wait_for_work:VirtualDom::process_events:VirtualDom::poll_tasks: dioxus_core::tasks: Polling task Task { id: 6, unsend: PhantomData<*const ()> }
2024-06-04T16:00:22.209313Z TRACE VirtualDom::wait_for_work:VirtualDom::process_events:VirtualDom::poll_tasks: dioxus_signals::signal: Write on signal at examples/suspense.rs:122:19 finished, updating subscribers
2024-06-04T16:00:22.209379Z TRACE VirtualDom::wait_for_work:VirtualDom::process_events:VirtualDom::poll_tasks: dioxus_signals::reactive_context: Marking reactive context created at packages/signals/src/reactive_context.rs:117:13 as dirty
2024-06-04T16:00:22.209410Z TRACE VirtualDom::wait_for_work:VirtualDom::process_events:VirtualDom::poll_tasks: dioxus_signals::reactive_context: Marking scope ScopeId(5, "LoadingDots") as dirty
2024-06-04T16:00:22.209489Z  INFO VirtualDom::wait_for_work:VirtualDom::process_events:VirtualDom::poll_tasks: dioxus_core::tasks: Task Task { id: 6, unsend: PhantomData<*const ()> } finished with result Pending
2024-06-04T16:00:22.209520Z TRACE VirtualDom::wait_for_work:VirtualDom::process_events:VirtualDom::poll_tasks: dioxus_core::virtual_dom: Marking scope ScopeId(5, "LoadingDots") as dirty
2024-06-04T16:00:22.209827Z TRACE VirtualDom::render_immediate:render{scope=LoadingDots}: dioxus_signals::signal: Subscribing to the reactive context ReactiveContext(for scope: ScopeId(5, "LoadingDots"))
2024-06-04T16:00:22.209906Z TRACE VirtualDom::render_immediate: dioxus_core::scope_context: looking for context dioxus_core::suspense::FrozenContext (TypeId { t: (9286496122914249738, 8586425926625933774) }) in LoadingDots
2024-06-04T16:00:22.209935Z TRACE VirtualDom::render_immediate: dioxus_core::scope_context: looking for context dioxus_core::suspense::FrozenContext (TypeId { t: (9286496122914249738, 8586425926625933774) }) in SuspenseBoundary
2024-06-04T16:00:22.209956Z TRACE VirtualDom::render_immediate: dioxus_core::scope_context: found context TypeId { t: (4533244013398082440, 10897659798729036060) }
2024-06-04T16:00:22.209974Z TRACE VirtualDom::render_immediate: dioxus_core::scope_context: looking for context dioxus_core::suspense::FrozenContext (TypeId { t: (9286496122914249738, 8586425926625933774) }) in app
2024-06-04T16:00:22.209992Z TRACE VirtualDom::render_immediate: dioxus_core::scope_context: found context TypeId { t: (3582638416876954437, 3810890675802792692) }
2024-06-04T16:00:22.210010Z TRACE VirtualDom::render_immediate: dioxus_core::scope_context: found context TypeId { t: (7946844621057603534, 4355211565432133561) }
2024-06-04T16:00:22.210026Z TRACE VirtualDom::render_immediate: dioxus_core::scope_context: found context TypeId { t: (10682502755203913650, 15985576721215419306) }
2024-06-04T16:00:22.210044Z TRACE VirtualDom::render_immediate: dioxus_core::scope_context: context dioxus_core::suspense::FrozenContext (TypeId { t: (9286496122914249738, 8586425926625933774) }) not found
2024-06-04T16:00:22.210098Z TRACE VirtualDom::render_immediate: dioxus_core::diff::node: moving mount self=VNode { vnode: VNodeInner { key: None, template: Cell { value: Template { name: "examples/suspense.rs:127:5:4128", roots: [Dynamic { id: 0 }], node_paths: [[0]], attr_paths: [] } }, dynamic_nodes: [Text(VText { value: "..." })], dynamic_attrs: [] }, mount: Cell { value: MountId(7) } } new=VNode { vnode: VNodeInner { key: None, template: Cell { value: Template { name: "examples/suspense.rs:127:5:4128", roots: [Dynamic { id: 0 }], node_paths: [[0]], attr_paths: [] } }, dynamic_nodes: [Text(VText { value: "" })], dynamic_attrs: [] }, mount: Cell { value: MountId(7) } }
2024-06-04T16:00:22.210166Z TRACE VirtualDom::render_immediate: dioxus_core::diff::node: mount id: MountId(7)
2024-06-04T16:00:22.210182Z TRACE VirtualDom::render_immediate: dioxus_core::diff::node: mounts: Slab { len: 8, cap: 8 }
2024-06-04T16:00:22.252007Z TRACE VirtualDom::wait_for_work:VirtualDom::process_events: dioxus_core::virtual_dom: Marking task Task { id: 0, unsend: PhantomData<*const ()> } (spawned in ScopeId(3)) as dirty (called from Location { file: "packages/core/src/virtual_dom.rs", line: 505, col: 58 })
2024-06-04T16:00:22.252212Z TRACE VirtualDom::wait_for_work:VirtualDom::process_events: dioxus_core::virtual_dom: Marking task Task { id: 3, unsend: PhantomData<*const ()> } (spawned in ScopeId(4)) as dirty (called from Location { file: "packages/core/src/virtual_dom.rs", line: 505, col: 58 })
2024-06-04T16:00:22.252305Z  INFO VirtualDom::wait_for_work:VirtualDom::process_events:VirtualDom::poll_tasks: dioxus_core::tasks: Polling task Task { id: 0, unsend: PhantomData<*const ()> }
2024-06-04T16:00:22.252447Z  INFO VirtualDom::wait_for_work:VirtualDom::process_events:VirtualDom::poll_tasks: dioxus_core::tasks: Task Task { id: 0, unsend: PhantomData<*const ()> } finished with result Pending
2024-06-04T16:00:22.252500Z TRACE VirtualDom::wait_for_work:VirtualDom::process_events:VirtualDom::poll_tasks: dioxus_core::virtual_dom: Marking scope ScopeId(3, "Doggo") as dirty
2024-06-04T16:00:22.252797Z TRACE VirtualDom::render_immediate:render{scope=Doggo}: dioxus_signals::signal: Subscribing to the reactive context ReactiveContext(for scope: ScopeId(3, "Doggo"))
2024-06-04T16:00:22.252890Z TRACE VirtualDom::render_immediate:render{scope=Doggo}: dioxus_signals::signal: Subscribing to the reactive context ReactiveContext(for scope: ScopeId(3, "Doggo"))
2024-06-04T16:00:22.252950Z TRACE VirtualDom::render_immediate:render{scope=Doggo}: dioxus_core::scope_context: looking for context dioxus_core::suspense::SuspenseContext (TypeId { t: (4533244013398082440, 10897659798729036060) }) in Doggo
2024-06-04T16:00:22.253018Z TRACE VirtualDom::render_immediate:render{scope=Doggo}: dioxus_core::scope_context: looking for context dioxus_core::suspense::SuspenseContext (TypeId { t: (4533244013398082440, 10897659798729036060) }) in FrozenContext
2024-06-04T16:00:22.253053Z TRACE VirtualDom::render_immediate:render{scope=Doggo}: dioxus_core::scope_context: found context TypeId { t: (9286496122914249738, 8586425926625933774) }
2024-06-04T16:00:22.253084Z TRACE VirtualDom::render_immediate:render{scope=Doggo}: dioxus_core::scope_context: looking for context dioxus_core::suspense::SuspenseContext (TypeId { t: (4533244013398082440, 10897659798729036060) }) in SuspenseBoundary
2024-06-04T16:00:22.253116Z TRACE VirtualDom::render_immediate:render{scope=Doggo}: dioxus_core::scope_context: found context TypeId { t: (4533244013398082440, 10897659798729036060) }
2024-06-04T16:00:22.253184Z  INFO VirtualDom::render_immediate: dioxus_core::tasks: Polling task Task { id: 3, unsend: PhantomData<*const ()> }
2024-06-04T16:00:22.253235Z  INFO VirtualDom::render_immediate: dioxus_core::tasks: Task Task { id: 3, unsend: PhantomData<*const ()> } finished with result Pending
2024-06-04T16:00:22.253264Z TRACE VirtualDom::render_immediate: dioxus_core::virtual_dom: Marking scope ScopeId(4, "Doggo") as dirty
2024-06-04T16:00:22.253334Z TRACE VirtualDom::render_immediate:render{scope=Doggo}: dioxus_signals::signal: Subscribing to the reactive context ReactiveContext(for scope: ScopeId(4, "Doggo"))
2024-06-04T16:00:22.253408Z TRACE VirtualDom::render_immediate:render{scope=Doggo}: dioxus_signals::signal: Subscribing to the reactive context ReactiveContext(for scope: ScopeId(4, "Doggo"))
2024-06-04T16:00:22.253457Z TRACE VirtualDom::render_immediate:render{scope=Doggo}: dioxus_core::scope_context: looking for context dioxus_core::suspense::SuspenseContext (TypeId { t: (4533244013398082440, 10897659798729036060) }) in Doggo
2024-06-04T16:00:22.253495Z TRACE VirtualDom::render_immediate:render{scope=Doggo}: dioxus_core::scope_context: looking for context dioxus_core::suspense::SuspenseContext (TypeId { t: (4533244013398082440, 10897659798729036060) }) in FrozenContext
2024-06-04T16:00:22.253525Z TRACE VirtualDom::render_immediate:render{scope=Doggo}: dioxus_core::scope_context: found context TypeId { t: (9286496122914249738, 8586425926625933774) }
2024-06-04T16:00:22.253554Z TRACE VirtualDom::render_immediate:render{scope=Doggo}: dioxus_core::scope_context: looking for context dioxus_core::suspense::SuspenseContext (TypeId { t: (4533244013398082440, 10897659798729036060) }) in SuspenseBoundary
2024-06-04T16:00:22.253582Z TRACE VirtualDom::render_immediate:render{scope=Doggo}: dioxus_core::scope_context: found context TypeId { t: (4533244013398082440, 10897659798729036060) }
2024-06-04T16:00:22.354209Z TRACE VirtualDom::wait_for_work:VirtualDom::process_events: dioxus_core::virtual_dom: Marking task Task { id: 0, unsend: PhantomData<*const ()> } (spawned in ScopeId(3)) as dirty (called from Location { file: "packages/core/src/virtual_dom.rs", line: 505, col: 58 })
2024-06-04T16:00:22.354476Z  INFO VirtualDom::wait_for_work:VirtualDom::process_events:VirtualDom::poll_tasks: dioxus_core::tasks: Polling task Task { id: 0, unsend: PhantomData<*const ()> }
2024-06-04T16:00:22.354671Z  INFO VirtualDom::wait_for_work:VirtualDom::process_events:VirtualDom::poll_tasks: dioxus_core::tasks: Task Task { id: 0, unsend: PhantomData<*const ()> } finished with result Pending
2024-06-04T16:00:22.354749Z TRACE VirtualDom::wait_for_work:VirtualDom::process_events:VirtualDom::poll_tasks: dioxus_core::virtual_dom: Marking scope ScopeId(3, "Doggo") as dirty
2024-06-04T16:00:22.355184Z TRACE VirtualDom::render_immediate:render{scope=Doggo}: dioxus_signals::signal: Subscribing to the reactive context ReactiveContext(for scope: ScopeId(3, "Doggo"))
2024-06-04T16:00:22.355308Z TRACE VirtualDom::render_immediate:render{scope=Doggo}: dioxus_signals::signal: Subscribing to the reactive context ReactiveContext(for scope: ScopeId(3, "Doggo"))
2024-06-04T16:00:22.355404Z TRACE VirtualDom::render_immediate:render{scope=Doggo}: dioxus_core::scope_context: looking for context dioxus_core::suspense::SuspenseContext (TypeId { t: (4533244013398082440, 10897659798729036060) }) in Doggo
2024-06-04T16:00:22.355474Z TRACE VirtualDom::render_immediate:render{scope=Doggo}: dioxus_core::scope_context: looking for context dioxus_core::suspense::SuspenseContext (TypeId { t: (4533244013398082440, 10897659798729036060) }) in FrozenContext
2024-06-04T16:00:22.355533Z TRACE VirtualDom::render_immediate:render{scope=Doggo}: dioxus_core::scope_context: found context TypeId { t: (9286496122914249738, 8586425926625933774) }
2024-06-04T16:00:22.355589Z TRACE VirtualDom::render_immediate:render{scope=Doggo}: dioxus_core::scope_context: looking for context dioxus_core::suspense::SuspenseContext (TypeId { t: (4533244013398082440, 10897659798729036060) }) in SuspenseBoundary
2024-06-04T16:00:22.355645Z TRACE VirtualDom::render_immediate:render{scope=Doggo}: dioxus_core::scope_context: found context TypeId { t: (4533244013398082440, 10897659798729036060) }
2024-06-04T16:00:22.358590Z TRACE VirtualDom::wait_for_work:VirtualDom::process_events: dioxus_core::virtual_dom: Marking task Task { id: 3, unsend: PhantomData<*const ()> } (spawned in ScopeId(4)) as dirty (called from Location { file: "packages/core/src/virtual_dom.rs", line: 505, col: 58 })
2024-06-04T16:00:22.358697Z  INFO VirtualDom::wait_for_work:VirtualDom::process_events:VirtualDom::poll_tasks: dioxus_core::tasks: Polling task Task { id: 3, unsend: PhantomData<*const ()> }
2024-06-04T16:00:22.358800Z  INFO VirtualDom::wait_for_work:VirtualDom::process_events:VirtualDom::poll_tasks: dioxus_core::tasks: Task Task { id: 3, unsend: PhantomData<*const ()> } finished with result Pending
2024-06-04T16:00:22.358837Z TRACE VirtualDom::wait_for_work:VirtualDom::process_events:VirtualDom::poll_tasks: dioxus_core::virtual_dom: Marking scope ScopeId(4, "Doggo") as dirty
2024-06-04T16:00:22.359025Z TRACE VirtualDom::render_immediate:render{scope=Doggo}: dioxus_signals::signal: Subscribing to the reactive context ReactiveContext(for scope: ScopeId(4, "Doggo"))
2024-06-04T16:00:22.359086Z TRACE VirtualDom::render_immediate:render{scope=Doggo}: dioxus_signals::signal: Subscribing to the reactive context ReactiveContext(for scope: ScopeId(4, "Doggo"))
2024-06-04T16:00:22.359129Z TRACE VirtualDom::render_immediate:render{scope=Doggo}: dioxus_core::scope_context: looking for context dioxus_core::suspense::SuspenseContext (TypeId { t: (4533244013398082440, 10897659798729036060) }) in Doggo
2024-06-04T16:00:22.359161Z TRACE VirtualDom::render_immediate:render{scope=Doggo}: dioxus_core::scope_context: looking for context dioxus_core::suspense::SuspenseContext (TypeId { t: (4533244013398082440, 10897659798729036060) }) in FrozenContext
2024-06-04T16:00:22.359188Z TRACE VirtualDom::render_immediate:render{scope=Doggo}: dioxus_core::scope_context: found context TypeId { t: (9286496122914249738, 8586425926625933774) }
2024-06-04T16:00:22.359213Z TRACE VirtualDom::render_immediate:render{scope=Doggo}: dioxus_core::scope_context: looking for context dioxus_core::suspense::SuspenseContext (TypeId { t: (4533244013398082440, 10897659798729036060) }) in SuspenseBoundary
2024-06-04T16:00:22.359239Z TRACE VirtualDom::render_immediate:render{scope=Doggo}: dioxus_core::scope_context: found context TypeId { t: (4533244013398082440, 10897659798729036060) }
2024-06-04T16:00:22.411319Z TRACE VirtualDom::wait_for_work:VirtualDom::process_events: dioxus_core::virtual_dom: Marking task Task { id: 6, unsend: PhantomData<*const ()> } (spawned in ScopeId(5)) as dirty (called from Location { file: "packages/core/src/virtual_dom.rs", line: 505, col: 58 })
2024-06-04T16:00:22.411477Z  INFO VirtualDom::wait_for_work:VirtualDom::process_events:VirtualDom::poll_tasks: dioxus_core::tasks: Polling task Task { id: 6, unsend: PhantomData<*const ()> }
2024-06-04T16:00:22.411584Z TRACE VirtualDom::wait_for_work:VirtualDom::process_events:VirtualDom::poll_tasks: dioxus_signals::signal: Write on signal at examples/suspense.rs:122:19 finished, updating subscribers
2024-06-04T16:00:22.411639Z TRACE VirtualDom::wait_for_work:VirtualDom::process_events:VirtualDom::poll_tasks: dioxus_signals::reactive_context: Marking reactive context created at packages/signals/src/reactive_context.rs:117:13 as dirty
2024-06-04T16:00:22.411668Z TRACE VirtualDom::wait_for_work:VirtualDom::process_events:VirtualDom::poll_tasks: dioxus_signals::reactive_context: Marking scope ScopeId(5, "LoadingDots") as dirty
2024-06-04T16:00:22.411728Z  INFO VirtualDom::wait_for_work:VirtualDom::process_events:VirtualDom::poll_tasks: dioxus_core::tasks: Task Task { id: 6, unsend: PhantomData<*const ()> } finished with result Pending
2024-06-04T16:00:22.411772Z TRACE VirtualDom::wait_for_work:VirtualDom::process_events:VirtualDom::poll_tasks: dioxus_core::virtual_dom: Marking scope ScopeId(5, "LoadingDots") as dirty
2024-06-04T16:00:22.411948Z TRACE VirtualDom::render_immediate:render{scope=LoadingDots}: dioxus_signals::signal: Subscribing to the reactive context ReactiveContext(for scope: ScopeId(5, "LoadingDots"))
2024-06-04T16:00:22.412013Z TRACE VirtualDom::render_immediate: dioxus_core::scope_context: looking for context dioxus_core::suspense::FrozenContext (TypeId { t: (9286496122914249738, 8586425926625933774) }) in LoadingDots
2024-06-04T16:00:22.412040Z TRACE VirtualDom::render_immediate: dioxus_core::scope_context: looking for context dioxus_core::suspense::FrozenContext (TypeId { t: (9286496122914249738, 8586425926625933774) }) in SuspenseBoundary
2024-06-04T16:00:22.412061Z TRACE VirtualDom::render_immediate: dioxus_core::scope_context: found context TypeId { t: (4533244013398082440, 10897659798729036060) }
2024-06-04T16:00:22.412080Z TRACE VirtualDom::render_immediate: dioxus_core::scope_context: looking for context dioxus_core::suspense::FrozenContext (TypeId { t: (9286496122914249738, 8586425926625933774) }) in app
2024-06-04T16:00:22.412099Z TRACE VirtualDom::render_immediate: dioxus_core::scope_context: found context TypeId { t: (3582638416876954437, 3810890675802792692) }
2024-06-04T16:00:22.412118Z TRACE VirtualDom::render_immediate: dioxus_core::scope_context: found context TypeId { t: (7946844621057603534, 4355211565432133561) }
2024-06-04T16:00:22.412136Z TRACE VirtualDom::render_immediate: dioxus_core::scope_context: found context TypeId { t: (10682502755203913650, 15985576721215419306) }
2024-06-04T16:00:22.412154Z TRACE VirtualDom::render_immediate: dioxus_core::scope_context: context dioxus_core::suspense::FrozenContext (TypeId { t: (9286496122914249738, 8586425926625933774) }) not found
2024-06-04T16:00:22.412190Z TRACE VirtualDom::render_immediate: dioxus_core::diff::node: moving mount self=VNode { vnode: VNodeInner { key: None, template: Cell { value: Template { name: "examples/suspense.rs:127:5:4128", roots: [Dynamic { id: 0 }], node_paths: [[0]], attr_paths: [] } }, dynamic_nodes: [Text(VText { value: "" })], dynamic_attrs: [] }, mount: Cell { value: MountId(7) } } new=VNode { vnode: VNodeInner { key: None, template: Cell { value: Template { name: "examples/suspense.rs:127:5:4128", roots: [Dynamic { id: 0 }], node_paths: [[0]], attr_paths: [] } }, dynamic_nodes: [Text(VText { value: "." })], dynamic_attrs: [] }, mount: Cell { value: MountId(7) } }
2024-06-04T16:00:22.412242Z TRACE VirtualDom::render_immediate: dioxus_core::diff::node: mount id: MountId(7)
2024-06-04T16:00:22.412260Z TRACE VirtualDom::render_immediate: dioxus_core::diff::node: mounts: Slab { len: 8, cap: 8 }
2024-06-04T16:00:22.456422Z TRACE VirtualDom::wait_for_work:VirtualDom::process_events: dioxus_core::virtual_dom: Marking task Task { id: 0, unsend: PhantomData<*const ()> } (spawned in ScopeId(3)) as dirty (called from Location { file: "packages/core/src/virtual_dom.rs", line: 505, col: 58 })
2024-06-04T16:00:22.456760Z  INFO VirtualDom::wait_for_work:VirtualDom::process_events:VirtualDom::poll_tasks: dioxus_core::tasks: Polling task Task { id: 0, unsend: PhantomData<*const ()> }
2024-06-04T16:00:22.456974Z  INFO VirtualDom::wait_for_work:VirtualDom::process_events:VirtualDom::poll_tasks: dioxus_core::tasks: Task Task { id: 0, unsend: PhantomData<*const ()> } finished with result Pending
2024-06-04T16:00:22.457068Z TRACE VirtualDom::wait_for_work:VirtualDom::process_events:VirtualDom::poll_tasks: dioxus_core::virtual_dom: Marking scope ScopeId(3, "Doggo") as dirty
2024-06-04T16:00:22.457530Z TRACE VirtualDom::render_immediate:render{scope=Doggo}: dioxus_signals::signal: Subscribing to the reactive context ReactiveContext(for scope: ScopeId(3, "Doggo"))
2024-06-04T16:00:22.457669Z TRACE VirtualDom::render_immediate:render{scope=Doggo}: dioxus_signals::signal: Subscribing to the reactive context ReactiveContext(for scope: ScopeId(3, "Doggo"))
2024-06-04T16:00:22.457773Z TRACE VirtualDom::render_immediate:render{scope=Doggo}: dioxus_core::scope_context: looking for context dioxus_core::suspense::SuspenseContext (TypeId { t: (4533244013398082440, 10897659798729036060) }) in Doggo
2024-06-04T16:00:22.457848Z TRACE VirtualDom::render_immediate:render{scope=Doggo}: dioxus_core::scope_context: looking for context dioxus_core::suspense::SuspenseContext (TypeId { t: (4533244013398082440, 10897659798729036060) }) in FrozenContext
2024-06-04T16:00:22.457908Z TRACE VirtualDom::render_immediate:render{scope=Doggo}: dioxus_core::scope_context: found context TypeId { t: (9286496122914249738, 8586425926625933774) }
2024-06-04T16:00:22.457971Z TRACE VirtualDom::render_immediate:render{scope=Doggo}: dioxus_core::scope_context: looking for context dioxus_core::suspense::SuspenseContext (TypeId { t: (4533244013398082440, 10897659798729036060) }) in SuspenseBoundary
2024-06-04T16:00:22.458035Z TRACE VirtualDom::render_immediate:render{scope=Doggo}: dioxus_core::scope_context: found context TypeId { t: (4533244013398082440, 10897659798729036060) }
2024-06-04T16:00:22.460264Z TRACE VirtualDom::wait_for_work:VirtualDom::process_events: dioxus_core::virtual_dom: Marking task Task { id: 3, unsend: PhantomData<*const ()> } (spawned in ScopeId(4)) as dirty (called from Location { file: "packages/core/src/virtual_dom.rs", line: 505, col: 58 })
2024-06-04T16:00:22.460375Z  INFO VirtualDom::wait_for_work:VirtualDom::process_events:VirtualDom::poll_tasks: dioxus_core::tasks: Polling task Task { id: 3, unsend: PhantomData<*const ()> }
2024-06-04T16:00:22.460470Z  INFO VirtualDom::wait_for_work:VirtualDom::process_events:VirtualDom::poll_tasks: dioxus_core::tasks: Task Task { id: 3, unsend: PhantomData<*const ()> } finished with result Pending
2024-06-04T16:00:22.460519Z TRACE VirtualDom::wait_for_work:VirtualDom::process_events:VirtualDom::poll_tasks: dioxus_core::virtual_dom: Marking scope ScopeId(4, "Doggo") as dirty
2024-06-04T16:00:22.460696Z TRACE VirtualDom::render_immediate:render{scope=Doggo}: dioxus_signals::signal: Subscribing to the reactive context ReactiveContext(for scope: ScopeId(4, "Doggo"))
2024-06-04T16:00:22.460744Z TRACE VirtualDom::render_immediate:render{scope=Doggo}: dioxus_signals::signal: Subscribing to the reactive context ReactiveContext(for scope: ScopeId(4, "Doggo"))
2024-06-04T16:00:22.460784Z TRACE VirtualDom::render_immediate:render{scope=Doggo}: dioxus_core::scope_context: looking for context dioxus_core::suspense::SuspenseContext (TypeId { t: (4533244013398082440, 10897659798729036060) }) in Doggo
2024-06-04T16:00:22.460813Z TRACE VirtualDom::render_immediate:render{scope=Doggo}: dioxus_core::scope_context: looking for context dioxus_core::suspense::SuspenseContext (TypeId { t: (4533244013398082440, 10897659798729036060) }) in FrozenContext
2024-06-04T16:00:22.460840Z TRACE VirtualDom::render_immediate:render{scope=Doggo}: dioxus_core::scope_context: found context TypeId { t: (9286496122914249738, 8586425926625933774) }
2024-06-04T16:00:22.460865Z TRACE VirtualDom::render_immediate:render{scope=Doggo}: dioxus_core::scope_context: looking for context dioxus_core::suspense::SuspenseContext (TypeId { t: (4533244013398082440, 10897659798729036060) }) in SuspenseBoundary
2024-06-04T16:00:22.460891Z TRACE VirtualDom::render_immediate:render{scope=Doggo}: dioxus_core::scope_context: found context TypeId { t: (4533244013398082440, 10897659798729036060) }
2024-06-04T16:00:22.559019Z TRACE VirtualDom::wait_for_work:VirtualDom::process_events: dioxus_core::virtual_dom: Marking task Task { id: 0, unsend: PhantomData<*const ()> } (spawned in ScopeId(3)) as dirty (called from Location { file: "packages/core/src/virtual_dom.rs", line: 505, col: 58 })
2024-06-04T16:00:22.559247Z  INFO VirtualDom::wait_for_work:VirtualDom::process_events:VirtualDom::poll_tasks: dioxus_core::tasks: Polling task Task { id: 0, unsend: PhantomData<*const ()> }
2024-06-04T16:00:22.559380Z  INFO VirtualDom::wait_for_work:VirtualDom::process_events:VirtualDom::poll_tasks: dioxus_core::tasks: Task Task { id: 0, unsend: PhantomData<*const ()> } finished with result Pending
2024-06-04T16:00:22.559420Z TRACE VirtualDom::wait_for_work:VirtualDom::process_events:VirtualDom::poll_tasks: dioxus_core::virtual_dom: Marking scope ScopeId(3, "Doggo") as dirty
2024-06-04T16:00:22.559708Z TRACE VirtualDom::render_immediate:render{scope=Doggo}: dioxus_signals::signal: Subscribing to the reactive context ReactiveContext(for scope: ScopeId(3, "Doggo"))
2024-06-04T16:00:22.559800Z TRACE VirtualDom::render_immediate:render{scope=Doggo}: dioxus_signals::signal: Subscribing to the reactive context ReactiveContext(for scope: ScopeId(3, "Doggo"))
2024-06-04T16:00:22.559862Z TRACE VirtualDom::render_immediate:render{scope=Doggo}: dioxus_core::scope_context: looking for context dioxus_core::suspense::SuspenseContext (TypeId { t: (4533244013398082440, 10897659798729036060) }) in Doggo
2024-06-04T16:00:22.559897Z TRACE VirtualDom::render_immediate:render{scope=Doggo}: dioxus_core::scope_context: looking for context dioxus_core::suspense::SuspenseContext (TypeId { t: (4533244013398082440, 10897659798729036060) }) in FrozenContext
2024-06-04T16:00:22.559925Z TRACE VirtualDom::render_immediate:render{scope=Doggo}: dioxus_core::scope_context: found context TypeId { t: (9286496122914249738, 8586425926625933774) }
2024-06-04T16:00:22.559952Z TRACE VirtualDom::render_immediate:render{scope=Doggo}: dioxus_core::scope_context: looking for context dioxus_core::suspense::SuspenseContext (TypeId { t: (4533244013398082440, 10897659798729036060) }) in SuspenseBoundary
2024-06-04T16:00:22.559976Z TRACE VirtualDom::render_immediate:render{scope=Doggo}: dioxus_core::scope_context: found context TypeId { t: (4533244013398082440, 10897659798729036060) }
2024-06-04T16:00:22.562809Z TRACE VirtualDom::wait_for_work:VirtualDom::process_events: dioxus_core::virtual_dom: Marking task Task { id: 3, unsend: PhantomData<*const ()> } (spawned in ScopeId(4)) as dirty (called from Location { file: "packages/core/src/virtual_dom.rs", line: 505, col: 58 })
2024-06-04T16:00:22.562949Z  INFO VirtualDom::wait_for_work:VirtualDom::process_events:VirtualDom::poll_tasks: dioxus_core::tasks: Polling task Task { id: 3, unsend: PhantomData<*const ()> }
2024-06-04T16:00:22.563033Z  INFO VirtualDom::wait_for_work:VirtualDom::process_events:VirtualDom::poll_tasks: dioxus_core::tasks: Task Task { id: 3, unsend: PhantomData<*const ()> } finished with result Pending
2024-06-04T16:00:22.563070Z TRACE VirtualDom::wait_for_work:VirtualDom::process_events:VirtualDom::poll_tasks: dioxus_core::virtual_dom: Marking scope ScopeId(4, "Doggo") as dirty
2024-06-04T16:00:22.563233Z TRACE VirtualDom::render_immediate:render{scope=Doggo}: dioxus_signals::signal: Subscribing to the reactive context ReactiveContext(for scope: ScopeId(4, "Doggo"))
2024-06-04T16:00:22.563285Z TRACE VirtualDom::render_immediate:render{scope=Doggo}: dioxus_signals::signal: Subscribing to the reactive context ReactiveContext(for scope: ScopeId(4, "Doggo"))
2024-06-04T16:00:22.563328Z TRACE VirtualDom::render_immediate:render{scope=Doggo}: dioxus_core::scope_context: looking for context dioxus_core::suspense::SuspenseContext (TypeId { t: (4533244013398082440, 10897659798729036060) }) in Doggo
2024-06-04T16:00:22.563357Z TRACE VirtualDom::render_immediate:render{scope=Doggo}: dioxus_core::scope_context: looking for context dioxus_core::suspense::SuspenseContext (TypeId { t: (4533244013398082440, 10897659798729036060) }) in FrozenContext
2024-06-04T16:00:22.563384Z TRACE VirtualDom::render_immediate:render{scope=Doggo}: dioxus_core::scope_context: found context TypeId { t: (9286496122914249738, 8586425926625933774) }
2024-06-04T16:00:22.563407Z TRACE VirtualDom::render_immediate:render{scope=Doggo}: dioxus_core::scope_context: looking for context dioxus_core::suspense::SuspenseContext (TypeId { t: (4533244013398082440, 10897659798729036060) }) in SuspenseBoundary
2024-06-04T16:00:22.563430Z TRACE VirtualDom::render_immediate:render{scope=Doggo}: dioxus_core::scope_context: found context TypeId { t: (4533244013398082440, 10897659798729036060) }
2024-06-04T16:00:22.613423Z TRACE VirtualDom::wait_for_work:VirtualDom::process_events: dioxus_core::virtual_dom: Marking task Task { id: 6, unsend: PhantomData<*const ()> } (spawned in ScopeId(5)) as dirty (called from Location { file: "packages/core/src/virtual_dom.rs", line: 505, col: 58 })
2024-06-04T16:00:22.613592Z  INFO VirtualDom::wait_for_work:VirtualDom::process_events:VirtualDom::poll_tasks: dioxus_core::tasks: Polling task Task { id: 6, unsend: PhantomData<*const ()> }
2024-06-04T16:00:22.613689Z TRACE VirtualDom::wait_for_work:VirtualDom::process_events:VirtualDom::poll_tasks: dioxus_signals::signal: Write on signal at examples/suspense.rs:122:19 finished, updating subscribers
2024-06-04T16:00:22.613744Z TRACE VirtualDom::wait_for_work:VirtualDom::process_events:VirtualDom::poll_tasks: dioxus_signals::reactive_context: Marking reactive context created at packages/signals/src/reactive_context.rs:117:13 as dirty
2024-06-04T16:00:22.613775Z TRACE VirtualDom::wait_for_work:VirtualDom::process_events:VirtualDom::poll_tasks: dioxus_signals::reactive_context: Marking scope ScopeId(5, "LoadingDots") as dirty
2024-06-04T16:00:22.613836Z  INFO VirtualDom::wait_for_work:VirtualDom::process_events:VirtualDom::poll_tasks: dioxus_core::tasks: Task Task { id: 6, unsend: PhantomData<*const ()> } finished with result Pending
2024-06-04T16:00:22.613871Z TRACE VirtualDom::wait_for_work:VirtualDom::process_events:VirtualDom::poll_tasks: dioxus_core::virtual_dom: Marking scope ScopeId(5, "LoadingDots") as dirty
2024-06-04T16:00:22.614060Z TRACE VirtualDom::render_immediate:render{scope=LoadingDots}: dioxus_signals::signal: Subscribing to the reactive context ReactiveContext(for scope: ScopeId(5, "LoadingDots"))
2024-06-04T16:00:22.614131Z TRACE VirtualDom::render_immediate: dioxus_core::scope_context: looking for context dioxus_core::suspense::FrozenContext (TypeId { t: (9286496122914249738, 8586425926625933774) }) in LoadingDots
2024-06-04T16:00:22.614160Z TRACE VirtualDom::render_immediate: dioxus_core::scope_context: looking for context dioxus_core::suspense::FrozenContext (TypeId { t: (9286496122914249738, 8586425926625933774) }) in SuspenseBoundary
2024-06-04T16:00:22.614182Z TRACE VirtualDom::render_immediate: dioxus_core::scope_context: found context TypeId { t: (4533244013398082440, 10897659798729036060) }
2024-06-04T16:00:22.614201Z TRACE VirtualDom::render_immediate: dioxus_core::scope_context: looking for context dioxus_core::suspense::FrozenContext (TypeId { t: (9286496122914249738, 8586425926625933774) }) in app
2024-06-04T16:00:22.614221Z TRACE VirtualDom::render_immediate: dioxus_core::scope_context: found context TypeId { t: (3582638416876954437, 3810890675802792692) }
2024-06-04T16:00:22.614239Z TRACE VirtualDom::render_immediate: dioxus_core::scope_context: found context TypeId { t: (7946844621057603534, 4355211565432133561) }
2024-06-04T16:00:22.614258Z TRACE VirtualDom::render_immediate: dioxus_core::scope_context: found context TypeId { t: (10682502755203913650, 15985576721215419306) }
2024-06-04T16:00:22.614276Z TRACE VirtualDom::render_immediate: dioxus_core::scope_context: context dioxus_core::suspense::FrozenContext (TypeId { t: (9286496122914249738, 8586425926625933774) }) not found
2024-06-04T16:00:22.614311Z TRACE VirtualDom::render_immediate: dioxus_core::diff::node: moving mount self=VNode { vnode: VNodeInner { key: None, template: Cell { value: Template { name: "examples/suspense.rs:127:5:4128", roots: [Dynamic { id: 0 }], node_paths: [[0]], attr_paths: [] } }, dynamic_nodes: [Text(VText { value: "." })], dynamic_attrs: [] }, mount: Cell { value: MountId(7) } } new=VNode { vnode: VNodeInner { key: None, template: Cell { value: Template { name: "examples/suspense.rs:127:5:4128", roots: [Dynamic { id: 0 }], node_paths: [[0]], attr_paths: [] } }, dynamic_nodes: [Text(VText { value: ".." })], dynamic_attrs: [] }, mount: Cell { value: MountId(7) } }
2024-06-04T16:00:22.614366Z TRACE VirtualDom::render_immediate: dioxus_core::diff::node: mount id: MountId(7)
2024-06-04T16:00:22.614389Z TRACE VirtualDom::render_immediate: dioxus_core::diff::node: mounts: Slab { len: 8, cap: 8 }
2024-06-04T16:00:22.661712Z TRACE VirtualDom::wait_for_work:VirtualDom::process_events: dioxus_core::virtual_dom: Marking task Task { id: 0, unsend: PhantomData<*const ()> } (spawned in ScopeId(3)) as dirty (called from Location { file: "packages/core/src/virtual_dom.rs", line: 505, col: 58 })
2024-06-04T16:00:22.662068Z  INFO VirtualDom::wait_for_work:VirtualDom::process_events:VirtualDom::poll_tasks: dioxus_core::tasks: Polling task Task { id: 0, unsend: PhantomData<*const ()> }
2024-06-04T16:00:22.662207Z  INFO VirtualDom::wait_for_work:VirtualDom::process_events:VirtualDom::poll_tasks: dioxus_core::tasks: Task Task { id: 0, unsend: PhantomData<*const ()> } finished with result Pending
2024-06-04T16:00:22.662268Z TRACE VirtualDom::wait_for_work:VirtualDom::process_events:VirtualDom::poll_tasks: dioxus_core::virtual_dom: Marking scope ScopeId(3, "Doggo") as dirty
2024-06-04T16:00:22.662536Z TRACE VirtualDom::render_immediate:render{scope=Doggo}: dioxus_signals::signal: Subscribing to the reactive context ReactiveContext(for scope: ScopeId(3, "Doggo"))
2024-06-04T16:00:22.662637Z TRACE VirtualDom::render_immediate:render{scope=Doggo}: dioxus_signals::signal: Subscribing to the reactive context ReactiveContext(for scope: ScopeId(3, "Doggo"))
2024-06-04T16:00:22.662705Z TRACE VirtualDom::render_immediate:render{scope=Doggo}: dioxus_core::scope_context: looking for context dioxus_core::suspense::SuspenseContext (TypeId { t: (4533244013398082440, 10897659798729036060) }) in Doggo
2024-06-04T16:00:22.662747Z TRACE VirtualDom::render_immediate:render{scope=Doggo}: dioxus_core::scope_context: looking for context dioxus_core::suspense::SuspenseContext (TypeId { t: (4533244013398082440, 10897659798729036060) }) in FrozenContext
2024-06-04T16:00:22.662780Z TRACE VirtualDom::render_immediate:render{scope=Doggo}: dioxus_core::scope_context: found context TypeId { t: (9286496122914249738, 8586425926625933774) }
2024-06-04T16:00:22.662809Z TRACE VirtualDom::render_immediate:render{scope=Doggo}: dioxus_core::scope_context: looking for context dioxus_core::suspense::SuspenseContext (TypeId { t: (4533244013398082440, 10897659798729036060) }) in SuspenseBoundary
2024-06-04T16:00:22.662839Z TRACE VirtualDom::render_immediate:render{scope=Doggo}: dioxus_core::scope_context: found context TypeId { t: (4533244013398082440, 10897659798729036060) }
2024-06-04T16:00:22.691077Z TRACE VirtualDom::wait_for_work:VirtualDom::process_events: dioxus_core::virtual_dom: Marking task Task { id: 3, unsend: PhantomData<*const ()> } (spawned in ScopeId(4)) as dirty (called from Location { file: "packages/core/src/virtual_dom.rs", line: 505, col: 58 })
2024-06-04T16:00:22.691213Z  INFO VirtualDom::wait_for_work:VirtualDom::process_events:VirtualDom::poll_tasks: dioxus_core::tasks: Polling task Task { id: 3, unsend: PhantomData<*const ()> }
2024-06-04T16:00:22.691314Z  INFO VirtualDom::wait_for_work:VirtualDom::process_events:VirtualDom::poll_tasks: dioxus_core::tasks: Task Task { id: 3, unsend: PhantomData<*const ()> } finished with result Pending
2024-06-04T16:00:22.691358Z TRACE VirtualDom::wait_for_work:VirtualDom::process_events:VirtualDom::poll_tasks: dioxus_core::virtual_dom: Marking scope ScopeId(4, "Doggo") as dirty
2024-06-04T16:00:22.691546Z TRACE VirtualDom::render_immediate:render{scope=Doggo}: dioxus_signals::signal: Subscribing to the reactive context ReactiveContext(for scope: ScopeId(4, "Doggo"))
2024-06-04T16:00:22.691607Z TRACE VirtualDom::render_immediate:render{scope=Doggo}: dioxus_signals::signal: Subscribing to the reactive context ReactiveContext(for scope: ScopeId(4, "Doggo"))
2024-06-04T16:00:22.691669Z TRACE VirtualDom::render_immediate:render{scope=Doggo}: dioxus_core::scope_context: looking for context dioxus_core::suspense::SuspenseContext (TypeId { t: (4533244013398082440, 10897659798729036060) }) in Doggo
2024-06-04T16:00:22.691698Z TRACE VirtualDom::render_immediate:render{scope=Doggo}: dioxus_core::scope_context: looking for context dioxus_core::suspense::SuspenseContext (TypeId { t: (4533244013398082440, 10897659798729036060) }) in FrozenContext
2024-06-04T16:00:22.691759Z TRACE VirtualDom::render_immediate:render{scope=Doggo}: dioxus_core::scope_context: found context TypeId { t: (9286496122914249738, 8586425926625933774) }
2024-06-04T16:00:22.691782Z TRACE VirtualDom::render_immediate:render{scope=Doggo}: dioxus_core::scope_context: looking for context dioxus_core::suspense::SuspenseContext (TypeId { t: (4533244013398082440, 10897659798729036060) }) in SuspenseBoundary
2024-06-04T16:00:22.691805Z TRACE VirtualDom::render_immediate:render{scope=Doggo}: dioxus_core::scope_context: found context TypeId { t: (4533244013398082440, 10897659798729036060) }
2024-06-04T16:00:22.765021Z TRACE VirtualDom::wait_for_work:VirtualDom::process_events: dioxus_core::virtual_dom: Marking task Task { id: 0, unsend: PhantomData<*const ()> } (spawned in ScopeId(3)) as dirty (called from Location { file: "packages/core/src/virtual_dom.rs", line: 505, col: 58 })
2024-06-04T16:00:22.765145Z  INFO VirtualDom::wait_for_work:VirtualDom::process_events:VirtualDom::poll_tasks: dioxus_core::tasks: Polling task Task { id: 0, unsend: PhantomData<*const ()> }
2024-06-04T16:00:22.765228Z  INFO VirtualDom::wait_for_work:VirtualDom::process_events:VirtualDom::poll_tasks: dioxus_core::tasks: Task Task { id: 0, unsend: PhantomData<*const ()> } finished with result Pending
2024-06-04T16:00:22.765261Z TRACE VirtualDom::wait_for_work:VirtualDom::process_events:VirtualDom::poll_tasks: dioxus_core::virtual_dom: Marking scope ScopeId(3, "Doggo") as dirty
2024-06-04T16:00:22.765426Z TRACE VirtualDom::render_immediate:render{scope=Doggo}: dioxus_signals::signal: Subscribing to the reactive context ReactiveContext(for scope: ScopeId(3, "Doggo"))
2024-06-04T16:00:22.765486Z TRACE VirtualDom::render_immediate:render{scope=Doggo}: dioxus_signals::signal: Subscribing to the reactive context ReactiveContext(for scope: ScopeId(3, "Doggo"))
2024-06-04T16:00:22.765523Z TRACE VirtualDom::render_immediate:render{scope=Doggo}: dioxus_core::scope_context: looking for context dioxus_core::suspense::SuspenseContext (TypeId { t: (4533244013398082440, 10897659798729036060) }) in Doggo
2024-06-04T16:00:22.765548Z TRACE VirtualDom::render_immediate:render{scope=Doggo}: dioxus_core::scope_context: looking for context dioxus_core::suspense::SuspenseContext (TypeId { t: (4533244013398082440, 10897659798729036060) }) in FrozenContext
2024-06-04T16:00:22.765570Z TRACE VirtualDom::render_immediate:render{scope=Doggo}: dioxus_core::scope_context: found context TypeId { t: (9286496122914249738, 8586425926625933774) }
2024-06-04T16:00:22.765593Z TRACE VirtualDom::render_immediate:render{scope=Doggo}: dioxus_core::scope_context: looking for context dioxus_core::suspense::SuspenseContext (TypeId { t: (4533244013398082440, 10897659798729036060) }) in SuspenseBoundary
2024-06-04T16:00:22.765612Z TRACE VirtualDom::render_immediate:render{scope=Doggo}: dioxus_core::scope_context: found context TypeId { t: (4533244013398082440, 10897659798729036060) }
2024-06-04T16:00:22.793570Z TRACE VirtualDom::wait_for_work:VirtualDom::process_events: dioxus_core::virtual_dom: Marking task Task { id: 3, unsend: PhantomData<*const ()> } (spawned in ScopeId(4)) as dirty (called from Location { file: "packages/core/src/virtual_dom.rs", line: 505, col: 58 })
2024-06-04T16:00:22.793644Z  INFO VirtualDom::wait_for_work:VirtualDom::process_events:VirtualDom::poll_tasks: dioxus_core::tasks: Polling task Task { id: 3, unsend: PhantomData<*const ()> }
2024-06-04T16:00:22.793700Z  INFO VirtualDom::wait_for_work:VirtualDom::process_events:VirtualDom::poll_tasks: dioxus_core::tasks: Task Task { id: 3, unsend: PhantomData<*const ()> } finished with result Pending
2024-06-04T16:00:22.793726Z TRACE VirtualDom::wait_for_work:VirtualDom::process_events:VirtualDom::poll_tasks: dioxus_core::virtual_dom: Marking scope ScopeId(4, "Doggo") as dirty
2024-06-04T16:00:22.793850Z TRACE VirtualDom::render_immediate:render{scope=Doggo}: dioxus_signals::signal: Subscribing to the reactive context ReactiveContext(for scope: ScopeId(4, "Doggo"))
2024-06-04T16:00:22.793889Z TRACE VirtualDom::render_immediate:render{scope=Doggo}: dioxus_signals::signal: Subscribing to the reactive context ReactiveContext(for scope: ScopeId(4, "Doggo"))
2024-06-04T16:00:22.793918Z TRACE VirtualDom::render_immediate:render{scope=Doggo}: dioxus_core::scope_context: looking for context dioxus_core::suspense::SuspenseContext (TypeId { t: (4533244013398082440, 10897659798729036060) }) in Doggo
2024-06-04T16:00:22.793937Z TRACE VirtualDom::render_immediate:render{scope=Doggo}: dioxus_core::scope_context: looking for context dioxus_core::suspense::SuspenseContext (TypeId { t: (4533244013398082440, 10897659798729036060) }) in FrozenContext
2024-06-04T16:00:22.793953Z TRACE VirtualDom::render_immediate:render{scope=Doggo}: dioxus_core::scope_context: found context TypeId { t: (9286496122914249738, 8586425926625933774) }
2024-06-04T16:00:22.793969Z TRACE VirtualDom::render_immediate:render{scope=Doggo}: dioxus_core::scope_context: looking for context dioxus_core::suspense::SuspenseContext (TypeId { t: (4533244013398082440, 10897659798729036060) }) in SuspenseBoundary
2024-06-04T16:00:22.793984Z TRACE VirtualDom::render_immediate:render{scope=Doggo}: dioxus_core::scope_context: found context TypeId { t: (4533244013398082440, 10897659798729036060) }
2024-06-04T16:00:22.824133Z TRACE VirtualDom::wait_for_work:VirtualDom::process_events: dioxus_core::virtual_dom: Marking task Task { id: 6, unsend: PhantomData<*const ()> } (spawned in ScopeId(5)) as dirty (called from Location { file: "packages/core/src/virtual_dom.rs", line: 505, col: 58 })
2024-06-04T16:00:22.824193Z  INFO VirtualDom::wait_for_work:VirtualDom::process_events:VirtualDom::poll_tasks: dioxus_core::tasks: Polling task Task { id: 6, unsend: PhantomData<*const ()> }
2024-06-04T16:00:22.824231Z TRACE VirtualDom::wait_for_work:VirtualDom::process_events:VirtualDom::poll_tasks: dioxus_signals::signal: Write on signal at examples/suspense.rs:122:19 finished, updating subscribers
2024-06-04T16:00:22.824255Z TRACE VirtualDom::wait_for_work:VirtualDom::process_events:VirtualDom::poll_tasks: dioxus_signals::reactive_context: Marking reactive context created at packages/signals/src/reactive_context.rs:117:13 as dirty
2024-06-04T16:00:22.824288Z TRACE VirtualDom::wait_for_work:VirtualDom::process_events:VirtualDom::poll_tasks: dioxus_signals::reactive_context: Marking scope ScopeId(5, "LoadingDots") as dirty
2024-06-04T16:00:22.824329Z  INFO VirtualDom::wait_for_work:VirtualDom::process_events:VirtualDom::poll_tasks: dioxus_core::tasks: Task Task { id: 6, unsend: PhantomData<*const ()> } finished with result Pending
2024-06-04T16:00:22.824348Z TRACE VirtualDom::wait_for_work:VirtualDom::process_events:VirtualDom::poll_tasks: dioxus_core::virtual_dom: Marking scope ScopeId(5, "LoadingDots") as dirty
2024-06-04T16:00:22.824443Z TRACE VirtualDom::render_immediate:render{scope=LoadingDots}: dioxus_signals::signal: Subscribing to the reactive context ReactiveContext(for scope: ScopeId(5, "LoadingDots"))
2024-06-04T16:00:22.824478Z TRACE VirtualDom::render_immediate: dioxus_core::scope_context: looking for context dioxus_core::suspense::FrozenContext (TypeId { t: (9286496122914249738, 8586425926625933774) }) in LoadingDots
2024-06-04T16:00:22.824493Z TRACE VirtualDom::render_immediate: dioxus_core::scope_context: looking for context dioxus_core::suspense::FrozenContext (TypeId { t: (9286496122914249738, 8586425926625933774) }) in SuspenseBoundary
2024-06-04T16:00:22.824504Z TRACE VirtualDom::render_immediate: dioxus_core::scope_context: found context TypeId { t: (4533244013398082440, 10897659798729036060) }
2024-06-04T16:00:22.824516Z TRACE VirtualDom::render_immediate: dioxus_core::scope_context: looking for context dioxus_core::suspense::FrozenContext (TypeId { t: (9286496122914249738, 8586425926625933774) }) in app
2024-06-04T16:00:22.824527Z TRACE VirtualDom::render_immediate: dioxus_core::scope_context: found context TypeId { t: (3582638416876954437, 3810890675802792692) }
2024-06-04T16:00:22.824538Z TRACE VirtualDom::render_immediate: dioxus_core::scope_context: found context TypeId { t: (7946844621057603534, 4355211565432133561) }
2024-06-04T16:00:22.824549Z TRACE VirtualDom::render_immediate: dioxus_core::scope_context: found context TypeId { t: (10682502755203913650, 15985576721215419306) }
2024-06-04T16:00:22.824560Z TRACE VirtualDom::render_immediate: dioxus_core::scope_context: context dioxus_core::suspense::FrozenContext (TypeId { t: (9286496122914249738, 8586425926625933774) }) not found
2024-06-04T16:00:22.824579Z TRACE VirtualDom::render_immediate: dioxus_core::diff::node: moving mount self=VNode { vnode: VNodeInner { key: None, template: Cell { value: Template { name: "examples/suspense.rs:127:5:4128", roots: [Dynamic { id: 0 }], node_paths: [[0]], attr_paths: [] } }, dynamic_nodes: [Text(VText { value: ".." })], dynamic_attrs: [] }, mount: Cell { value: MountId(7) } } new=VNode { vnode: VNodeInner { key: None, template: Cell { value: Template { name: "examples/suspense.rs:127:5:4128", roots: [Dynamic { id: 0 }], node_paths: [[0]], attr_paths: [] } }, dynamic_nodes: [Text(VText { value: "..." })], dynamic_attrs: [] }, mount: Cell { value: MountId(7) } }
2024-06-04T16:00:22.824608Z TRACE VirtualDom::render_immediate: dioxus_core::diff::node: mount id: MountId(7)
2024-06-04T16:00:22.824618Z TRACE VirtualDom::render_immediate: dioxus_core::diff::node: mounts: Slab { len: 8, cap: 8 }
2024-06-04T16:00:22.867446Z TRACE VirtualDom::wait_for_work:VirtualDom::process_events: dioxus_core::virtual_dom: Marking task Task { id: 0, unsend: PhantomData<*const ()> } (spawned in ScopeId(3)) as dirty (called from Location { file: "packages/core/src/virtual_dom.rs", line: 505, col: 58 })
2024-06-04T16:00:22.867516Z  INFO VirtualDom::wait_for_work:VirtualDom::process_events:VirtualDom::poll_tasks: dioxus_core::tasks: Polling task Task { id: 0, unsend: PhantomData<*const ()> }
2024-06-04T16:00:22.867566Z  INFO VirtualDom::wait_for_work:VirtualDom::process_events:VirtualDom::poll_tasks: dioxus_core::tasks: Task Task { id: 0, unsend: PhantomData<*const ()> } finished with result Pending
2024-06-04T16:00:22.867587Z TRACE VirtualDom::wait_for_work:VirtualDom::process_events:VirtualDom::poll_tasks: dioxus_core::virtual_dom: Marking scope ScopeId(3, "Doggo") as dirty
2024-06-04T16:00:22.867677Z TRACE VirtualDom::render_immediate:render{scope=Doggo}: dioxus_signals::signal: Subscribing to the reactive context ReactiveContext(for scope: ScopeId(3, "Doggo"))
2024-06-04T16:00:22.867707Z TRACE VirtualDom::render_immediate:render{scope=Doggo}: dioxus_signals::signal: Subscribing to the reactive context ReactiveContext(for scope: ScopeId(3, "Doggo"))
2024-06-04T16:00:22.867729Z TRACE VirtualDom::render_immediate:render{scope=Doggo}: dioxus_core::scope_context: looking for context dioxus_core::suspense::SuspenseContext (TypeId { t: (4533244013398082440, 10897659798729036060) }) in Doggo
2024-06-04T16:00:22.867747Z TRACE VirtualDom::render_immediate:render{scope=Doggo}: dioxus_core::scope_context: looking for context dioxus_core::suspense::SuspenseContext (TypeId { t: (4533244013398082440, 10897659798729036060) }) in FrozenContext
2024-06-04T16:00:22.867759Z TRACE VirtualDom::render_immediate:render{scope=Doggo}: dioxus_core::scope_context: found context TypeId { t: (9286496122914249738, 8586425926625933774) }
2024-06-04T16:00:22.867770Z TRACE VirtualDom::render_immediate:render{scope=Doggo}: dioxus_core::scope_context: looking for context dioxus_core::suspense::SuspenseContext (TypeId { t: (4533244013398082440, 10897659798729036060) }) in SuspenseBoundary
2024-06-04T16:00:22.867782Z TRACE VirtualDom::render_immediate:render{scope=Doggo}: dioxus_core::scope_context: found context TypeId { t: (4533244013398082440, 10897659798729036060) }
2024-06-04T16:00:22.895153Z TRACE VirtualDom::wait_for_work:VirtualDom::process_events: dioxus_core::virtual_dom: Marking task Task { id: 3, unsend: PhantomData<*const ()> } (spawned in ScopeId(4)) as dirty (called from Location { file: "packages/core/src/virtual_dom.rs", line: 505, col: 58 })
2024-06-04T16:00:22.895222Z  INFO VirtualDom::wait_for_work:VirtualDom::process_events:VirtualDom::poll_tasks: dioxus_core::tasks: Polling task Task { id: 3, unsend: PhantomData<*const ()> }
2024-06-04T16:00:22.895292Z  INFO VirtualDom::wait_for_work:VirtualDom::process_events:VirtualDom::poll_tasks: dioxus_core::tasks: Task Task { id: 3, unsend: PhantomData<*const ()> } finished with result Pending
2024-06-04T16:00:22.895310Z TRACE VirtualDom::wait_for_work:VirtualDom::process_events:VirtualDom::poll_tasks: dioxus_core::virtual_dom: Marking scope ScopeId(4, "Doggo") as dirty
2024-06-04T16:00:22.895432Z TRACE VirtualDom::render_immediate:render{scope=Doggo}: dioxus_signals::signal: Subscribing to the reactive context ReactiveContext(for scope: ScopeId(4, "Doggo"))
2024-06-04T16:00:22.895469Z TRACE VirtualDom::render_immediate:render{scope=Doggo}: dioxus_signals::signal: Subscribing to the reactive context ReactiveContext(for scope: ScopeId(4, "Doggo"))
2024-06-04T16:00:22.895488Z TRACE VirtualDom::render_immediate:render{scope=Doggo}: dioxus_core::scope_context: looking for context dioxus_core::suspense::SuspenseContext (TypeId { t: (4533244013398082440, 10897659798729036060) }) in Doggo
2024-06-04T16:00:22.895510Z TRACE VirtualDom::render_immediate:render{scope=Doggo}: dioxus_core::scope_context: looking for context dioxus_core::suspense::SuspenseContext (TypeId { t: (4533244013398082440, 10897659798729036060) }) in FrozenContext
2024-06-04T16:00:22.895525Z TRACE VirtualDom::render_immediate:render{scope=Doggo}: dioxus_core::scope_context: found context TypeId { t: (9286496122914249738, 8586425926625933774) }
2024-06-04T16:00:22.895539Z TRACE VirtualDom::render_immediate:render{scope=Doggo}: dioxus_core::scope_context: looking for context dioxus_core::suspense::SuspenseContext (TypeId { t: (4533244013398082440, 10897659798729036060) }) in SuspenseBoundary
2024-06-04T16:00:22.895551Z TRACE VirtualDom::render_immediate:render{scope=Doggo}: dioxus_core::scope_context: found context TypeId { t: (4533244013398082440, 10897659798729036060) }
2024-06-04T16:00:22.969101Z TRACE VirtualDom::wait_for_work:VirtualDom::process_events: dioxus_core::virtual_dom: Marking task Task { id: 0, unsend: PhantomData<*const ()> } (spawned in ScopeId(3)) as dirty (called from Location { file: "packages/core/src/virtual_dom.rs", line: 505, col: 58 })
2024-06-04T16:00:22.969154Z  INFO VirtualDom::wait_for_work:VirtualDom::process_events:VirtualDom::poll_tasks: dioxus_core::tasks: Polling task Task { id: 0, unsend: PhantomData<*const ()> }
2024-06-04T16:00:22.969194Z  INFO VirtualDom::wait_for_work:VirtualDom::process_events:VirtualDom::poll_tasks: dioxus_core::tasks: Task Task { id: 0, unsend: PhantomData<*const ()> } finished with result Pending
2024-06-04T16:00:22.969212Z TRACE VirtualDom::wait_for_work:VirtualDom::process_events:VirtualDom::poll_tasks: dioxus_core::virtual_dom: Marking scope ScopeId(3, "Doggo") as dirty
2024-06-04T16:00:22.969301Z TRACE VirtualDom::render_immediate:render{scope=Doggo}: dioxus_signals::signal: Subscribing to the reactive context ReactiveContext(for scope: ScopeId(3, "Doggo"))
2024-06-04T16:00:22.969330Z TRACE VirtualDom::render_immediate:render{scope=Doggo}: dioxus_signals::signal: Subscribing to the reactive context ReactiveContext(for scope: ScopeId(3, "Doggo"))
2024-06-04T16:00:22.969353Z TRACE VirtualDom::render_immediate:render{scope=Doggo}: dioxus_core::scope_context: looking for context dioxus_core::suspense::SuspenseContext (TypeId { t: (4533244013398082440, 10897659798729036060) }) in Doggo
2024-06-04T16:00:22.969370Z TRACE VirtualDom::render_immediate:render{scope=Doggo}: dioxus_core::scope_context: looking for context dioxus_core::suspense::SuspenseContext (TypeId { t: (4533244013398082440, 10897659798729036060) }) in FrozenContext
2024-06-04T16:00:22.969384Z TRACE VirtualDom::render_immediate:render{scope=Doggo}: dioxus_core::scope_context: found context TypeId { t: (9286496122914249738, 8586425926625933774) }
2024-06-04T16:00:22.969399Z TRACE VirtualDom::render_immediate:render{scope=Doggo}: dioxus_core::scope_context: looking for context dioxus_core::suspense::SuspenseContext (TypeId { t: (4533244013398082440, 10897659798729036060) }) in SuspenseBoundary
2024-06-04T16:00:22.969413Z TRACE VirtualDom::render_immediate:render{scope=Doggo}: dioxus_core::scope_context: found context TypeId { t: (4533244013398082440, 10897659798729036060) }
2024-06-04T16:00:22.997141Z TRACE VirtualDom::wait_for_work:VirtualDom::process_events: dioxus_core::virtual_dom: Marking task Task { id: 3, unsend: PhantomData<*const ()> } (spawned in ScopeId(4)) as dirty (called from Location { file: "packages/core/src/virtual_dom.rs", line: 505, col: 58 })
2024-06-04T16:00:22.997202Z  INFO VirtualDom::wait_for_work:VirtualDom::process_events:VirtualDom::poll_tasks: dioxus_core::tasks: Polling task Task { id: 3, unsend: PhantomData<*const ()> }
2024-06-04T16:00:22.997248Z  INFO VirtualDom::wait_for_work:VirtualDom::process_events:VirtualDom::poll_tasks: dioxus_core::tasks: Task Task { id: 3, unsend: PhantomData<*const ()> } finished with result Pending
2024-06-04T16:00:22.997265Z TRACE VirtualDom::wait_for_work:VirtualDom::process_events:VirtualDom::poll_tasks: dioxus_core::virtual_dom: Marking scope ScopeId(4, "Doggo") as dirty
2024-06-04T16:00:22.997357Z TRACE VirtualDom::render_immediate:render{scope=Doggo}: dioxus_signals::signal: Subscribing to the reactive context ReactiveContext(for scope: ScopeId(4, "Doggo"))
2024-06-04T16:00:22.997385Z TRACE VirtualDom::render_immediate:render{scope=Doggo}: dioxus_signals::signal: Subscribing to the reactive context ReactiveContext(for scope: ScopeId(4, "Doggo"))
2024-06-04T16:00:22.997409Z TRACE VirtualDom::render_immediate:render{scope=Doggo}: dioxus_core::scope_context: looking for context dioxus_core::suspense::SuspenseContext (TypeId { t: (4533244013398082440, 10897659798729036060) }) in Doggo
2024-06-04T16:00:22.997423Z TRACE VirtualDom::render_immediate:render{scope=Doggo}: dioxus_core::scope_context: looking for context dioxus_core::suspense::SuspenseContext (TypeId { t: (4533244013398082440, 10897659798729036060) }) in FrozenContext
2024-06-04T16:00:22.997436Z TRACE VirtualDom::render_immediate:render{scope=Doggo}: dioxus_core::scope_context: found context TypeId { t: (9286496122914249738, 8586425926625933774) }
2024-06-04T16:00:22.997447Z TRACE VirtualDom::render_immediate:render{scope=Doggo}: dioxus_core::scope_context: looking for context dioxus_core::suspense::SuspenseContext (TypeId { t: (4533244013398082440, 10897659798729036060) }) in SuspenseBoundary
2024-06-04T16:00:22.997458Z TRACE VirtualDom::render_immediate:render{scope=Doggo}: dioxus_core::scope_context: found context TypeId { t: (4533244013398082440, 10897659798729036060) }
2024-06-04T16:00:23.025900Z TRACE VirtualDom::wait_for_work:VirtualDom::process_events: dioxus_core::virtual_dom: Marking task Task { id: 6, unsend: PhantomData<*const ()> } (spawned in ScopeId(5)) as dirty (called from Location { file: "packages/core/src/virtual_dom.rs", line: 505, col: 58 })
2024-06-04T16:00:23.026001Z  INFO VirtualDom::wait_for_work:VirtualDom::process_events:VirtualDom::poll_tasks: dioxus_core::tasks: Polling task Task { id: 6, unsend: PhantomData<*const ()> }
2024-06-04T16:00:23.026052Z TRACE VirtualDom::wait_for_work:VirtualDom::process_events:VirtualDom::poll_tasks: dioxus_signals::signal: Write on signal at examples/suspense.rs:122:19 finished, updating subscribers
2024-06-04T16:00:23.026079Z TRACE VirtualDom::wait_for_work:VirtualDom::process_events:VirtualDom::poll_tasks: dioxus_signals::reactive_context: Marking reactive context created at packages/signals/src/reactive_context.rs:117:13 as dirty
2024-06-04T16:00:23.026096Z TRACE VirtualDom::wait_for_work:VirtualDom::process_events:VirtualDom::poll_tasks: dioxus_signals::reactive_context: Marking scope ScopeId(5, "LoadingDots") as dirty
2024-06-04T16:00:23.026126Z  INFO VirtualDom::wait_for_work:VirtualDom::process_events:VirtualDom::poll_tasks: dioxus_core::tasks: Task Task { id: 6, unsend: PhantomData<*const ()> } finished with result Pending
2024-06-04T16:00:23.026141Z TRACE VirtualDom::wait_for_work:VirtualDom::process_events:VirtualDom::poll_tasks: dioxus_core::virtual_dom: Marking scope ScopeId(5, "LoadingDots") as dirty
2024-06-04T16:00:23.026228Z TRACE VirtualDom::render_immediate:render{scope=LoadingDots}: dioxus_signals::signal: Subscribing to the reactive context ReactiveContext(for scope: ScopeId(5, "LoadingDots"))
2024-06-04T16:00:23.026266Z TRACE VirtualDom::render_immediate: dioxus_core::scope_context: looking for context dioxus_core::suspense::FrozenContext (TypeId { t: (9286496122914249738, 8586425926625933774) }) in LoadingDots
2024-06-04T16:00:23.026280Z TRACE VirtualDom::render_immediate: dioxus_core::scope_context: looking for context dioxus_core::suspense::FrozenContext (TypeId { t: (9286496122914249738, 8586425926625933774) }) in SuspenseBoundary
2024-06-04T16:00:23.026290Z TRACE VirtualDom::render_immediate: dioxus_core::scope_context: found context TypeId { t: (4533244013398082440, 10897659798729036060) }
2024-06-04T16:00:23.026300Z TRACE VirtualDom::render_immediate: dioxus_core::scope_context: looking for context dioxus_core::suspense::FrozenContext (TypeId { t: (9286496122914249738, 8586425926625933774) }) in app
2024-06-04T16:00:23.026309Z TRACE VirtualDom::render_immediate: dioxus_core::scope_context: found context TypeId { t: (3582638416876954437, 3810890675802792692) }
2024-06-04T16:00:23.026324Z TRACE VirtualDom::render_immediate: dioxus_core::scope_context: found context TypeId { t: (7946844621057603534, 4355211565432133561) }
2024-06-04T16:00:23.026333Z TRACE VirtualDom::render_immediate: dioxus_core::scope_context: found context TypeId { t: (10682502755203913650, 15985576721215419306) }
2024-06-04T16:00:23.026342Z TRACE VirtualDom::render_immediate: dioxus_core::scope_context: context dioxus_core::suspense::FrozenContext (TypeId { t: (9286496122914249738, 8586425926625933774) }) not found
2024-06-04T16:00:23.026362Z TRACE VirtualDom::render_immediate: dioxus_core::diff::node: moving mount self=VNode { vnode: VNodeInner { key: None, template: Cell { value: Template { name: "examples/suspense.rs:127:5:4128", roots: [Dynamic { id: 0 }], node_paths: [[0]], attr_paths: [] } }, dynamic_nodes: [Text(VText { value: "..." })], dynamic_attrs: [] }, mount: Cell { value: MountId(7) } } new=VNode { vnode: VNodeInner { key: None, template: Cell { value: Template { name: "examples/suspense.rs:127:5:4128", roots: [Dynamic { id: 0 }], node_paths: [[0]], attr_paths: [] } }, dynamic_nodes: [Text(VText { value: "" })], dynamic_attrs: [] }, mount: Cell { value: MountId(7) } }
2024-06-04T16:00:23.026389Z TRACE VirtualDom::render_immediate: dioxus_core::diff::node: mount id: MountId(7)
2024-06-04T16:00:23.026398Z TRACE VirtualDom::render_immediate: dioxus_core::diff::node: mounts: Slab { len: 8, cap: 8 }
2024-06-04T16:00:23.071911Z TRACE VirtualDom::wait_for_work:VirtualDom::process_events: dioxus_core::virtual_dom: Marking task Task { id: 0, unsend: PhantomData<*const ()> } (spawned in ScopeId(3)) as dirty (called from Location { file: "packages/core/src/virtual_dom.rs", line: 505, col: 58 })
2024-06-04T16:00:23.071965Z  INFO VirtualDom::wait_for_work:VirtualDom::process_events:VirtualDom::poll_tasks: dioxus_core::tasks: Polling task Task { id: 0, unsend: PhantomData<*const ()> }
2024-06-04T16:00:23.072013Z  INFO VirtualDom::wait_for_work:VirtualDom::process_events:VirtualDom::poll_tasks: dioxus_core::tasks: Task Task { id: 0, unsend: PhantomData<*const ()> } finished with result Pending
2024-06-04T16:00:23.072039Z TRACE VirtualDom::wait_for_work:VirtualDom::process_events:VirtualDom::poll_tasks: dioxus_core::virtual_dom: Marking scope ScopeId(3, "Doggo") as dirty
2024-06-04T16:00:23.072143Z TRACE VirtualDom::render_immediate:render{scope=Doggo}: dioxus_signals::signal: Subscribing to the reactive context ReactiveContext(for scope: ScopeId(3, "Doggo"))
2024-06-04T16:00:23.072174Z TRACE VirtualDom::render_immediate:render{scope=Doggo}: dioxus_signals::signal: Subscribing to the reactive context ReactiveContext(for scope: ScopeId(3, "Doggo"))
2024-06-04T16:00:23.072198Z TRACE VirtualDom::render_immediate:render{scope=Doggo}: dioxus_core::scope_context: looking for context dioxus_core::suspense::SuspenseContext (TypeId { t: (4533244013398082440, 10897659798729036060) }) in Doggo
2024-06-04T16:00:23.072214Z TRACE VirtualDom::render_immediate:render{scope=Doggo}: dioxus_core::scope_context: looking for context dioxus_core::suspense::SuspenseContext (TypeId { t: (4533244013398082440, 10897659798729036060) }) in FrozenContext
2024-06-04T16:00:23.072227Z TRACE VirtualDom::render_immediate:render{scope=Doggo}: dioxus_core::scope_context: found context TypeId { t: (9286496122914249738, 8586425926625933774) }
2024-06-04T16:00:23.072239Z TRACE VirtualDom::render_immediate:render{scope=Doggo}: dioxus_core::scope_context: looking for context dioxus_core::suspense::SuspenseContext (TypeId { t: (4533244013398082440, 10897659798729036060) }) in SuspenseBoundary
2024-06-04T16:00:23.072252Z TRACE VirtualDom::render_immediate:render{scope=Doggo}: dioxus_core::scope_context: found context TypeId { t: (4533244013398082440, 10897659798729036060) }
2024-06-04T16:00:23.099967Z TRACE VirtualDom::wait_for_work:VirtualDom::process_events: dioxus_core::virtual_dom: Marking task Task { id: 3, unsend: PhantomData<*const ()> } (spawned in ScopeId(4)) as dirty (called from Location { file: "packages/core/src/virtual_dom.rs", line: 505, col: 58 })
2024-06-04T16:00:23.100042Z  INFO VirtualDom::wait_for_work:VirtualDom::process_events:VirtualDom::poll_tasks: dioxus_core::tasks: Polling task Task { id: 3, unsend: PhantomData<*const ()> }
2024-06-04T16:00:23.100090Z  INFO VirtualDom::wait_for_work:VirtualDom::process_events:VirtualDom::poll_tasks: dioxus_core::tasks: Task Task { id: 3, unsend: PhantomData<*const ()> } finished with result Pending
2024-06-04T16:00:23.100110Z TRACE VirtualDom::wait_for_work:VirtualDom::process_events:VirtualDom::poll_tasks: dioxus_core::virtual_dom: Marking scope ScopeId(4, "Doggo") as dirty
2024-06-04T16:00:23.100216Z TRACE VirtualDom::render_immediate:render{scope=Doggo}: dioxus_signals::signal: Subscribing to the reactive context ReactiveContext(for scope: ScopeId(4, "Doggo"))
2024-06-04T16:00:23.100248Z TRACE VirtualDom::render_immediate:render{scope=Doggo}: dioxus_signals::signal: Subscribing to the reactive context ReactiveContext(for scope: ScopeId(4, "Doggo"))
2024-06-04T16:00:23.100268Z TRACE VirtualDom::render_immediate:render{scope=Doggo}: dioxus_core::scope_context: looking for context dioxus_core::suspense::SuspenseContext (TypeId { t: (4533244013398082440, 10897659798729036060) }) in Doggo
2024-06-04T16:00:23.100291Z TRACE VirtualDom::render_immediate:render{scope=Doggo}: dioxus_core::scope_context: looking for context dioxus_core::suspense::SuspenseContext (TypeId { t: (4533244013398082440, 10897659798729036060) }) in FrozenContext
2024-06-04T16:00:23.100307Z TRACE VirtualDom::render_immediate:render{scope=Doggo}: dioxus_core::scope_context: found context TypeId { t: (9286496122914249738, 8586425926625933774) }
2024-06-04T16:00:23.100320Z TRACE VirtualDom::render_immediate:render{scope=Doggo}: dioxus_core::scope_context: looking for context dioxus_core::suspense::SuspenseContext (TypeId { t: (4533244013398082440, 10897659798729036060) }) in SuspenseBoundary
2024-06-04T16:00:23.100332Z TRACE VirtualDom::render_immediate:render{scope=Doggo}: dioxus_core::scope_context: found context TypeId { t: (4533244013398082440, 10897659798729036060) }
2024-06-04T16:00:23.174057Z TRACE VirtualDom::wait_for_work:VirtualDom::process_events: dioxus_core::virtual_dom: Marking task Task { id: 0, unsend: PhantomData<*const ()> } (spawned in ScopeId(3)) as dirty (called from Location { file: "packages/core/src/virtual_dom.rs", line: 505, col: 58 })
2024-06-04T16:00:23.174149Z  INFO VirtualDom::wait_for_work:VirtualDom::process_events:VirtualDom::poll_tasks: dioxus_core::tasks: Polling task Task { id: 0, unsend: PhantomData<*const ()> }
2024-06-04T16:00:23.174217Z  INFO VirtualDom::wait_for_work:VirtualDom::process_events:VirtualDom::poll_tasks: dioxus_core::tasks: Task Task { id: 0, unsend: PhantomData<*const ()> } finished with result Pending
2024-06-04T16:00:23.174252Z TRACE VirtualDom::wait_for_work:VirtualDom::process_events:VirtualDom::poll_tasks: dioxus_core::virtual_dom: Marking scope ScopeId(3, "Doggo") as dirty
2024-06-04T16:00:23.174376Z TRACE VirtualDom::render_immediate:render{scope=Doggo}: dioxus_signals::signal: Subscribing to the reactive context ReactiveContext(for scope: ScopeId(3, "Doggo"))
2024-06-04T16:00:23.174417Z TRACE VirtualDom::render_immediate:render{scope=Doggo}: dioxus_signals::signal: Subscribing to the reactive context ReactiveContext(for scope: ScopeId(3, "Doggo"))
2024-06-04T16:00:23.174448Z TRACE VirtualDom::render_immediate:render{scope=Doggo}: dioxus_core::scope_context: looking for context dioxus_core::suspense::SuspenseContext (TypeId { t: (4533244013398082440, 10897659798729036060) }) in Doggo
2024-06-04T16:00:23.174472Z TRACE VirtualDom::render_immediate:render{scope=Doggo}: dioxus_core::scope_context: looking for context dioxus_core::suspense::SuspenseContext (TypeId { t: (4533244013398082440, 10897659798729036060) }) in FrozenContext
2024-06-04T16:00:23.174492Z TRACE VirtualDom::render_immediate:render{scope=Doggo}: dioxus_core::scope_context: found context TypeId { t: (9286496122914249738, 8586425926625933774) }
2024-06-04T16:00:23.174520Z TRACE VirtualDom::render_immediate:render{scope=Doggo}: dioxus_core::scope_context: looking for context dioxus_core::suspense::SuspenseContext (TypeId { t: (4533244013398082440, 10897659798729036060) }) in SuspenseBoundary
2024-06-04T16:00:23.174539Z TRACE VirtualDom::render_immediate:render{scope=Doggo}: dioxus_core::scope_context: found context TypeId { t: (4533244013398082440, 10897659798729036060) }
2024-06-04T16:00:23.203092Z TRACE VirtualDom::wait_for_work:VirtualDom::process_events: dioxus_core::virtual_dom: Marking task Task { id: 3, unsend: PhantomData<*const ()> } (spawned in ScopeId(4)) as dirty (called from Location { file: "packages/core/src/virtual_dom.rs", line: 505, col: 58 })
2024-06-04T16:00:23.203156Z  INFO VirtualDom::wait_for_work:VirtualDom::process_events:VirtualDom::poll_tasks: dioxus_core::tasks: Polling task Task { id: 3, unsend: PhantomData<*const ()> }
2024-06-04T16:00:23.203214Z  INFO VirtualDom::wait_for_work:VirtualDom::process_events:VirtualDom::poll_tasks: dioxus_core::tasks: Task Task { id: 3, unsend: PhantomData<*const ()> } finished with result Pending
2024-06-04T16:00:23.203240Z TRACE VirtualDom::wait_for_work:VirtualDom::process_events:VirtualDom::poll_tasks: dioxus_core::virtual_dom: Marking scope ScopeId(4, "Doggo") as dirty
2024-06-04T16:00:23.203369Z TRACE VirtualDom::render_immediate:render{scope=Doggo}: dioxus_signals::signal: Subscribing to the reactive context ReactiveContext(for scope: ScopeId(4, "Doggo"))
2024-06-04T16:00:23.203404Z TRACE VirtualDom::render_immediate:render{scope=Doggo}: dioxus_signals::signal: Subscribing to the reactive context ReactiveContext(for scope: ScopeId(4, "Doggo"))
2024-06-04T16:00:23.203435Z TRACE VirtualDom::render_immediate:render{scope=Doggo}: dioxus_core::scope_context: looking for context dioxus_core::suspense::SuspenseContext (TypeId { t: (4533244013398082440, 10897659798729036060) }) in Doggo
2024-06-04T16:00:23.203457Z TRACE VirtualDom::render_immediate:render{scope=Doggo}: dioxus_core::scope_context: looking for context dioxus_core::suspense::SuspenseContext (TypeId { t: (4533244013398082440, 10897659798729036060) }) in FrozenContext
2024-06-04T16:00:23.203480Z TRACE VirtualDom::render_immediate:render{scope=Doggo}: dioxus_core::scope_context: found context TypeId { t: (9286496122914249738, 8586425926625933774) }
2024-06-04T16:00:23.203499Z TRACE VirtualDom::render_immediate:render{scope=Doggo}: dioxus_core::scope_context: looking for context dioxus_core::suspense::SuspenseContext (TypeId { t: (4533244013398082440, 10897659798729036060) }) in SuspenseBoundary
2024-06-04T16:00:23.203518Z TRACE VirtualDom::render_immediate:render{scope=Doggo}: dioxus_core::scope_context: found context TypeId { t: (4533244013398082440, 10897659798729036060) }
2024-06-04T16:00:23.228167Z TRACE VirtualDom::wait_for_work:VirtualDom::process_events: dioxus_core::virtual_dom: Marking task Task { id: 6, unsend: PhantomData<*const ()> } (spawned in ScopeId(5)) as dirty (called from Location { file: "packages/core/src/virtual_dom.rs", line: 505, col: 58 })
2024-06-04T16:00:23.228257Z  INFO VirtualDom::wait_for_work:VirtualDom::process_events:VirtualDom::poll_tasks: dioxus_core::tasks: Polling task Task { id: 6, unsend: PhantomData<*const ()> }
2024-06-04T16:00:23.228340Z TRACE VirtualDom::wait_for_work:VirtualDom::process_events:VirtualDom::poll_tasks: dioxus_signals::signal: Write on signal at examples/suspense.rs:122:19 finished, updating subscribers
2024-06-04T16:00:23.228385Z TRACE VirtualDom::wait_for_work:VirtualDom::process_events:VirtualDom::poll_tasks: dioxus_signals::reactive_context: Marking reactive context created at packages/signals/src/reactive_context.rs:117:13 as dirty
2024-06-04T16:00:23.228410Z TRACE VirtualDom::wait_for_work:VirtualDom::process_events:VirtualDom::poll_tasks: dioxus_signals::reactive_context: Marking scope ScopeId(5, "LoadingDots") as dirty
2024-06-04T16:00:23.228457Z  INFO VirtualDom::wait_for_work:VirtualDom::process_events:VirtualDom::poll_tasks: dioxus_core::tasks: Task Task { id: 6, unsend: PhantomData<*const ()> } finished with result Pending
2024-06-04T16:00:23.228478Z TRACE VirtualDom::wait_for_work:VirtualDom::process_events:VirtualDom::poll_tasks: dioxus_core::virtual_dom: Marking scope ScopeId(5, "LoadingDots") as dirty
2024-06-04T16:00:23.228604Z TRACE VirtualDom::render_immediate:render{scope=LoadingDots}: dioxus_signals::signal: Subscribing to the reactive context ReactiveContext(for scope: ScopeId(5, "LoadingDots"))
2024-06-04T16:00:23.228649Z TRACE VirtualDom::render_immediate: dioxus_core::scope_context: looking for context dioxus_core::suspense::FrozenContext (TypeId { t: (9286496122914249738, 8586425926625933774) }) in LoadingDots
2024-06-04T16:00:23.228673Z TRACE VirtualDom::render_immediate: dioxus_core::scope_context: looking for context dioxus_core::suspense::FrozenContext (TypeId { t: (9286496122914249738, 8586425926625933774) }) in SuspenseBoundary
2024-06-04T16:00:23.228694Z TRACE VirtualDom::render_immediate: dioxus_core::scope_context: found context TypeId { t: (4533244013398082440, 10897659798729036060) }
2024-06-04T16:00:23.228731Z TRACE VirtualDom::render_immediate: dioxus_core::scope_context: looking for context dioxus_core::suspense::FrozenContext (TypeId { t: (9286496122914249738, 8586425926625933774) }) in app
2024-06-04T16:00:23.228751Z TRACE VirtualDom::render_immediate: dioxus_core::scope_context: found context TypeId { t: (3582638416876954437, 3810890675802792692) }
2024-06-04T16:00:23.228764Z TRACE VirtualDom::render_immediate: dioxus_core::scope_context: found context TypeId { t: (7946844621057603534, 4355211565432133561) }
2024-06-04T16:00:23.228776Z TRACE VirtualDom::render_immediate: dioxus_core::scope_context: found context TypeId { t: (10682502755203913650, 15985576721215419306) }
2024-06-04T16:00:23.228791Z TRACE VirtualDom::render_immediate: dioxus_core::scope_context: context dioxus_core::suspense::FrozenContext (TypeId { t: (9286496122914249738, 8586425926625933774) }) not found
2024-06-04T16:00:23.228817Z TRACE VirtualDom::render_immediate: dioxus_core::diff::node: moving mount self=VNode { vnode: VNodeInner { key: None, template: Cell { value: Template { name: "examples/suspense.rs:127:5:4128", roots: [Dynamic { id: 0 }], node_paths: [[0]], attr_paths: [] } }, dynamic_nodes: [Text(VText { value: "" })], dynamic_attrs: [] }, mount: Cell { value: MountId(7) } } new=VNode { vnode: VNodeInner { key: None, template: Cell { value: Template { name: "examples/suspense.rs:127:5:4128", roots: [Dynamic { id: 0 }], node_paths: [[0]], attr_paths: [] } }, dynamic_nodes: [Text(VText { value: "." })], dynamic_attrs: [] }, mount: Cell { value: MountId(7) } }
2024-06-04T16:00:23.228872Z TRACE VirtualDom::render_immediate: dioxus_core::diff::node: mount id: MountId(7)
2024-06-04T16:00:23.228884Z TRACE VirtualDom::render_immediate: dioxus_core::diff::node: mounts: Slab { len: 8, cap: 8 }
2024-06-04T16:00:23.276409Z TRACE VirtualDom::wait_for_work:VirtualDom::process_events: dioxus_core::virtual_dom: Marking task Task { id: 0, unsend: PhantomData<*const ()> } (spawned in ScopeId(3)) as dirty (called from Location { file: "packages/core/src/virtual_dom.rs", line: 505, col: 58 })
2024-06-04T16:00:23.276617Z  INFO VirtualDom::wait_for_work:VirtualDom::process_events:VirtualDom::poll_tasks: dioxus_core::tasks: Polling task Task { id: 0, unsend: PhantomData<*const ()> }
2024-06-04T16:00:23.276742Z  INFO VirtualDom::wait_for_work:VirtualDom::process_events:VirtualDom::poll_tasks: dioxus_core::tasks: Task Task { id: 0, unsend: PhantomData<*const ()> } finished with result Pending
2024-06-04T16:00:23.276783Z TRACE VirtualDom::wait_for_work:VirtualDom::process_events:VirtualDom::poll_tasks: dioxus_core::virtual_dom: Marking scope ScopeId(3, "Doggo") as dirty
2024-06-04T16:00:23.277032Z TRACE VirtualDom::render_immediate:render{scope=Doggo}: dioxus_signals::signal: Subscribing to the reactive context ReactiveContext(for scope: ScopeId(3, "Doggo"))
2024-06-04T16:00:23.277103Z TRACE VirtualDom::render_immediate:render{scope=Doggo}: dioxus_signals::signal: Subscribing to the reactive context ReactiveContext(for scope: ScopeId(3, "Doggo"))
2024-06-04T16:00:23.277160Z TRACE VirtualDom::render_immediate:render{scope=Doggo}: dioxus_core::scope_context: looking for context dioxus_core::suspense::SuspenseContext (TypeId { t: (4533244013398082440, 10897659798729036060) }) in Doggo
2024-06-04T16:00:23.277225Z TRACE VirtualDom::render_immediate:render{scope=Doggo}: dioxus_core::scope_context: looking for context dioxus_core::suspense::SuspenseContext (TypeId { t: (4533244013398082440, 10897659798729036060) }) in FrozenContext
2024-06-04T16:00:23.277254Z TRACE VirtualDom::render_immediate:render{scope=Doggo}: dioxus_core::scope_context: found context TypeId { t: (9286496122914249738, 8586425926625933774) }
2024-06-04T16:00:23.277279Z TRACE VirtualDom::render_immediate:render{scope=Doggo}: dioxus_core::scope_context: looking for context dioxus_core::suspense::SuspenseContext (TypeId { t: (4533244013398082440, 10897659798729036060) }) in SuspenseBoundary
2024-06-04T16:00:23.277305Z TRACE VirtualDom::render_immediate:render{scope=Doggo}: dioxus_core::scope_context: found context TypeId { t: (4533244013398082440, 10897659798729036060) }
2024-06-04T16:00:23.305765Z TRACE VirtualDom::wait_for_work:VirtualDom::process_events: dioxus_core::virtual_dom: Marking task Task { id: 3, unsend: PhantomData<*const ()> } (spawned in ScopeId(4)) as dirty (called from Location { file: "packages/core/src/virtual_dom.rs", line: 505, col: 58 })
2024-06-04T16:00:23.305854Z  INFO VirtualDom::wait_for_work:VirtualDom::process_events:VirtualDom::poll_tasks: dioxus_core::tasks: Polling task Task { id: 3, unsend: PhantomData<*const ()> }
2024-06-04T16:00:23.305918Z  INFO VirtualDom::wait_for_work:VirtualDom::process_events:VirtualDom::poll_tasks: dioxus_core::tasks: Task Task { id: 3, unsend: PhantomData<*const ()> } finished with result Pending
2024-06-04T16:00:23.305951Z TRACE VirtualDom::wait_for_work:VirtualDom::process_events:VirtualDom::poll_tasks: dioxus_core::virtual_dom: Marking scope ScopeId(4, "Doggo") as dirty
2024-06-04T16:00:23.306109Z TRACE VirtualDom::render_immediate:render{scope=Doggo}: dioxus_signals::signal: Subscribing to the reactive context ReactiveContext(for scope: ScopeId(4, "Doggo"))
2024-06-04T16:00:23.306150Z TRACE VirtualDom::render_immediate:render{scope=Doggo}: dioxus_signals::signal: Subscribing to the reactive context ReactiveContext(for scope: ScopeId(4, "Doggo"))
2024-06-04T16:00:23.306185Z TRACE VirtualDom::render_immediate:render{scope=Doggo}: dioxus_core::scope_context: looking for context dioxus_core::suspense::SuspenseContext (TypeId { t: (4533244013398082440, 10897659798729036060) }) in Doggo
2024-06-04T16:00:23.306209Z TRACE VirtualDom::render_immediate:render{scope=Doggo}: dioxus_core::scope_context: looking for context dioxus_core::suspense::SuspenseContext (TypeId { t: (4533244013398082440, 10897659798729036060) }) in FrozenContext
2024-06-04T16:00:23.306243Z TRACE VirtualDom::render_immediate:render{scope=Doggo}: dioxus_core::scope_context: found context TypeId { t: (9286496122914249738, 8586425926625933774) }
2024-06-04T16:00:23.306262Z TRACE VirtualDom::render_immediate:render{scope=Doggo}: dioxus_core::scope_context: looking for context dioxus_core::suspense::SuspenseContext (TypeId { t: (4533244013398082440, 10897659798729036060) }) in SuspenseBoundary
2024-06-04T16:00:23.306281Z TRACE VirtualDom::render_immediate:render{scope=Doggo}: dioxus_core::scope_context: found context TypeId { t: (4533244013398082440, 10897659798729036060) }
2024-06-04T16:00:23.378560Z TRACE VirtualDom::wait_for_work:VirtualDom::process_events: dioxus_core::virtual_dom: Marking task Task { id: 0, unsend: PhantomData<*const ()> } (spawned in ScopeId(3)) as dirty (called from Location { file: "packages/core/src/virtual_dom.rs", line: 505, col: 58 })
2024-06-04T16:00:23.378822Z  INFO VirtualDom::wait_for_work:VirtualDom::process_events:VirtualDom::poll_tasks: dioxus_core::tasks: Polling task Task { id: 0, unsend: PhantomData<*const ()> }
2024-06-04T16:00:23.378947Z  INFO VirtualDom::wait_for_work:VirtualDom::process_events:VirtualDom::poll_tasks: dioxus_core::tasks: Task Task { id: 0, unsend: PhantomData<*const ()> } finished with result Pending
2024-06-04T16:00:23.378979Z TRACE VirtualDom::wait_for_work:VirtualDom::process_events:VirtualDom::poll_tasks: dioxus_core::virtual_dom: Marking scope ScopeId(3, "Doggo") as dirty
2024-06-04T16:00:23.379246Z TRACE VirtualDom::render_immediate:render{scope=Doggo}: dioxus_signals::signal: Subscribing to the reactive context ReactiveContext(for scope: ScopeId(3, "Doggo"))
2024-06-04T16:00:23.379335Z TRACE VirtualDom::render_immediate:render{scope=Doggo}: dioxus_signals::signal: Subscribing to the reactive context ReactiveContext(for scope: ScopeId(3, "Doggo"))
2024-06-04T16:00:23.379393Z TRACE VirtualDom::render_immediate:render{scope=Doggo}: dioxus_core::scope_context: looking for context dioxus_core::suspense::SuspenseContext (TypeId { t: (4533244013398082440, 10897659798729036060) }) in Doggo
2024-06-04T16:00:23.379428Z TRACE VirtualDom::render_immediate:render{scope=Doggo}: dioxus_core::scope_context: looking for context dioxus_core::suspense::SuspenseContext (TypeId { t: (4533244013398082440, 10897659798729036060) }) in FrozenContext
2024-06-04T16:00:23.379456Z TRACE VirtualDom::render_immediate:render{scope=Doggo}: dioxus_core::scope_context: found context TypeId { t: (9286496122914249738, 8586425926625933774) }
2024-06-04T16:00:23.379478Z TRACE VirtualDom::render_immediate:render{scope=Doggo}: dioxus_core::scope_context: looking for context dioxus_core::suspense::SuspenseContext (TypeId { t: (4533244013398082440, 10897659798729036060) }) in SuspenseBoundary
2024-06-04T16:00:23.379503Z TRACE VirtualDom::render_immediate:render{scope=Doggo}: dioxus_core::scope_context: found context TypeId { t: (4533244013398082440, 10897659798729036060) }
2024-06-04T16:00:23.407520Z TRACE VirtualDom::wait_for_work:VirtualDom::process_events: dioxus_core::virtual_dom: Marking task Task { id: 3, unsend: PhantomData<*const ()> } (spawned in ScopeId(4)) as dirty (called from Location { file: "packages/core/src/virtual_dom.rs", line: 505, col: 58 })
2024-06-04T16:00:23.407627Z  INFO VirtualDom::wait_for_work:VirtualDom::process_events:VirtualDom::poll_tasks: dioxus_core::tasks: Polling task Task { id: 3, unsend: PhantomData<*const ()> }
2024-06-04T16:00:23.407703Z  INFO VirtualDom::wait_for_work:VirtualDom::process_events:VirtualDom::poll_tasks: dioxus_core::tasks: Task Task { id: 3, unsend: PhantomData<*const ()> } finished with result Pending
2024-06-04T16:00:23.407734Z TRACE VirtualDom::wait_for_work:VirtualDom::process_events:VirtualDom::poll_tasks: dioxus_core::virtual_dom: Marking scope ScopeId(4, "Doggo") as dirty
2024-06-04T16:00:23.407884Z TRACE VirtualDom::render_immediate:render{scope=Doggo}: dioxus_signals::signal: Subscribing to the reactive context ReactiveContext(for scope: ScopeId(4, "Doggo"))
2024-06-04T16:00:23.407955Z TRACE VirtualDom::render_immediate:render{scope=Doggo}: dioxus_signals::signal: Subscribing to the reactive context ReactiveContext(for scope: ScopeId(4, "Doggo"))
2024-06-04T16:00:23.408004Z TRACE VirtualDom::render_immediate:render{scope=Doggo}: dioxus_core::scope_context: looking for context dioxus_core::suspense::SuspenseContext (TypeId { t: (4533244013398082440, 10897659798729036060) }) in Doggo
2024-06-04T16:00:23.408037Z TRACE VirtualDom::render_immediate:render{scope=Doggo}: dioxus_core::scope_context: looking for context dioxus_core::suspense::SuspenseContext (TypeId { t: (4533244013398082440, 10897659798729036060) }) in FrozenContext
2024-06-04T16:00:23.408079Z TRACE VirtualDom::render_immediate:render{scope=Doggo}: dioxus_core::scope_context: found context TypeId { t: (9286496122914249738, 8586425926625933774) }
2024-06-04T16:00:23.408097Z TRACE VirtualDom::render_immediate:render{scope=Doggo}: dioxus_core::scope_context: looking for context dioxus_core::suspense::SuspenseContext (TypeId { t: (4533244013398082440, 10897659798729036060) }) in SuspenseBoundary
2024-06-04T16:00:23.408128Z TRACE VirtualDom::render_immediate:render{scope=Doggo}: dioxus_core::scope_context: found context TypeId { t: (4533244013398082440, 10897659798729036060) }
2024-06-04T16:00:23.430741Z TRACE VirtualDom::wait_for_work:VirtualDom::process_events: dioxus_core::virtual_dom: Marking task Task { id: 6, unsend: PhantomData<*const ()> } (spawned in ScopeId(5)) as dirty (called from Location { file: "packages/core/src/virtual_dom.rs", line: 505, col: 58 })
2024-06-04T16:00:23.430861Z  INFO VirtualDom::wait_for_work:VirtualDom::process_events:VirtualDom::poll_tasks: dioxus_core::tasks: Polling task Task { id: 6, unsend: PhantomData<*const ()> }
2024-06-04T16:00:23.430935Z TRACE VirtualDom::wait_for_work:VirtualDom::process_events:VirtualDom::poll_tasks: dioxus_signals::signal: Write on signal at examples/suspense.rs:122:19 finished, updating subscribers
2024-06-04T16:00:23.430977Z TRACE VirtualDom::wait_for_work:VirtualDom::process_events:VirtualDom::poll_tasks: dioxus_signals::reactive_context: Marking reactive context created at packages/signals/src/reactive_context.rs:117:13 as dirty
2024-06-04T16:00:23.430998Z TRACE VirtualDom::wait_for_work:VirtualDom::process_events:VirtualDom::poll_tasks: dioxus_signals::reactive_context: Marking scope ScopeId(5, "LoadingDots") as dirty
2024-06-04T16:00:23.431050Z  INFO VirtualDom::wait_for_work:VirtualDom::process_events:VirtualDom::poll_tasks: dioxus_core::tasks: Task Task { id: 6, unsend: PhantomData<*const ()> } finished with result Pending
2024-06-04T16:00:23.431079Z TRACE VirtualDom::wait_for_work:VirtualDom::process_events:VirtualDom::poll_tasks: dioxus_core::virtual_dom: Marking scope ScopeId(5, "LoadingDots") as dirty
2024-06-04T16:00:23.431218Z TRACE VirtualDom::render_immediate:render{scope=LoadingDots}: dioxus_signals::signal: Subscribing to the reactive context ReactiveContext(for scope: ScopeId(5, "LoadingDots"))
2024-06-04T16:00:23.431272Z TRACE VirtualDom::render_immediate: dioxus_core::scope_context: looking for context dioxus_core::suspense::FrozenContext (TypeId { t: (9286496122914249738, 8586425926625933774) }) in LoadingDots
2024-06-04T16:00:23.431294Z TRACE VirtualDom::render_immediate: dioxus_core::scope_context: looking for context dioxus_core::suspense::FrozenContext (TypeId { t: (9286496122914249738, 8586425926625933774) }) in SuspenseBoundary
2024-06-04T16:00:23.431318Z TRACE VirtualDom::render_immediate: dioxus_core::scope_context: found context TypeId { t: (4533244013398082440, 10897659798729036060) }
2024-06-04T16:00:23.431334Z TRACE VirtualDom::render_immediate: dioxus_core::scope_context: looking for context dioxus_core::suspense::FrozenContext (TypeId { t: (9286496122914249738, 8586425926625933774) }) in app
2024-06-04T16:00:23.431350Z TRACE VirtualDom::render_immediate: dioxus_core::scope_context: found context TypeId { t: (3582638416876954437, 3810890675802792692) }
2024-06-04T16:00:23.431365Z TRACE VirtualDom::render_immediate: dioxus_core::scope_context: found context TypeId { t: (7946844621057603534, 4355211565432133561) }
2024-06-04T16:00:23.431380Z TRACE VirtualDom::render_immediate: dioxus_core::scope_context: found context TypeId { t: (10682502755203913650, 15985576721215419306) }
2024-06-04T16:00:23.431396Z TRACE VirtualDom::render_immediate: dioxus_core::scope_context: context dioxus_core::suspense::FrozenContext (TypeId { t: (9286496122914249738, 8586425926625933774) }) not found
2024-06-04T16:00:23.431428Z TRACE VirtualDom::render_immediate: dioxus_core::diff::node: moving mount self=VNode { vnode: VNodeInner { key: None, template: Cell { value: Template { name: "examples/suspense.rs:127:5:4128", roots: [Dynamic { id: 0 }], node_paths: [[0]], attr_paths: [] } }, dynamic_nodes: [Text(VText { value: "." })], dynamic_attrs: [] }, mount: Cell { value: MountId(7) } } new=VNode { vnode: VNodeInner { key: None, template: Cell { value: Template { name: "examples/suspense.rs:127:5:4128", roots: [Dynamic { id: 0 }], node_paths: [[0]], attr_paths: [] } }, dynamic_nodes: [Text(VText { value: ".." })], dynamic_attrs: [] }, mount: Cell { value: MountId(7) } }
2024-06-04T16:00:23.431475Z TRACE VirtualDom::render_immediate: dioxus_core::diff::node: mount id: MountId(7)
2024-06-04T16:00:23.431489Z TRACE VirtualDom::render_immediate: dioxus_core::diff::node: mounts: Slab { len: 8, cap: 8 }
2024-06-04T16:00:23.480535Z TRACE VirtualDom::wait_for_work:VirtualDom::process_events: dioxus_core::virtual_dom: Marking task Task { id: 0, unsend: PhantomData<*const ()> } (spawned in ScopeId(3)) as dirty (called from Location { file: "packages/core/src/virtual_dom.rs", line: 505, col: 58 })
2024-06-04T16:00:23.480625Z  INFO VirtualDom::wait_for_work:VirtualDom::process_events:VirtualDom::poll_tasks: dioxus_core::tasks: Polling task Task { id: 0, unsend: PhantomData<*const ()> }
2024-06-04T16:00:23.480681Z  INFO VirtualDom::wait_for_work:VirtualDom::process_events:VirtualDom::poll_tasks: dioxus_core::tasks: Task Task { id: 0, unsend: PhantomData<*const ()> } finished with result Pending
2024-06-04T16:00:23.480703Z TRACE VirtualDom::wait_for_work:VirtualDom::process_events:VirtualDom::poll_tasks: dioxus_core::virtual_dom: Marking scope ScopeId(3, "Doggo") as dirty
2024-06-04T16:00:23.480820Z TRACE VirtualDom::render_immediate:render{scope=Doggo}: dioxus_signals::signal: Subscribing to the reactive context ReactiveContext(for scope: ScopeId(3, "Doggo"))
2024-06-04T16:00:23.480862Z TRACE VirtualDom::render_immediate:render{scope=Doggo}: dioxus_signals::signal: Subscribing to the reactive context ReactiveContext(for scope: ScopeId(3, "Doggo"))
2024-06-04T16:00:23.480891Z TRACE VirtualDom::render_immediate:render{scope=Doggo}: dioxus_core::scope_context: looking for context dioxus_core::suspense::SuspenseContext (TypeId { t: (4533244013398082440, 10897659798729036060) }) in Doggo
2024-06-04T16:00:23.480908Z TRACE VirtualDom::render_immediate:render{scope=Doggo}: dioxus_core::scope_context: looking for context dioxus_core::suspense::SuspenseContext (TypeId { t: (4533244013398082440, 10897659798729036060) }) in FrozenContext
2024-06-04T16:00:23.480923Z TRACE VirtualDom::render_immediate:render{scope=Doggo}: dioxus_core::scope_context: found context TypeId { t: (9286496122914249738, 8586425926625933774) }
2024-06-04T16:00:23.480935Z TRACE VirtualDom::render_immediate:render{scope=Doggo}: dioxus_core::scope_context: looking for context dioxus_core::suspense::SuspenseContext (TypeId { t: (4533244013398082440, 10897659798729036060) }) in SuspenseBoundary
2024-06-04T16:00:23.480948Z TRACE VirtualDom::render_immediate:render{scope=Doggo}: dioxus_core::scope_context: found context TypeId { t: (4533244013398082440, 10897659798729036060) }
2024-06-04T16:00:23.509570Z TRACE VirtualDom::wait_for_work:VirtualDom::process_events: dioxus_core::virtual_dom: Marking task Task { id: 3, unsend: PhantomData<*const ()> } (spawned in ScopeId(4)) as dirty (called from Location { file: "packages/core/src/virtual_dom.rs", line: 505, col: 58 })
2024-06-04T16:00:23.509657Z  INFO VirtualDom::wait_for_work:VirtualDom::process_events:VirtualDom::poll_tasks: dioxus_core::tasks: Polling task Task { id: 3, unsend: PhantomData<*const ()> }
2024-06-04T16:00:23.509711Z  INFO VirtualDom::wait_for_work:VirtualDom::process_events:VirtualDom::poll_tasks: dioxus_core::tasks: Task Task { id: 3, unsend: PhantomData<*const ()> } finished with result Pending
2024-06-04T16:00:23.509742Z TRACE VirtualDom::wait_for_work:VirtualDom::process_events:VirtualDom::poll_tasks: dioxus_core::virtual_dom: Marking scope ScopeId(4, "Doggo") as dirty
2024-06-04T16:00:23.509844Z TRACE VirtualDom::render_immediate:render{scope=Doggo}: dioxus_signals::signal: Subscribing to the reactive context ReactiveContext(for scope: ScopeId(4, "Doggo"))
2024-06-04T16:00:23.509878Z TRACE VirtualDom::render_immediate:render{scope=Doggo}: dioxus_signals::signal: Subscribing to the reactive context ReactiveContext(for scope: ScopeId(4, "Doggo"))
2024-06-04T16:00:23.509904Z TRACE VirtualDom::render_immediate:render{scope=Doggo}: dioxus_core::scope_context: looking for context dioxus_core::suspense::SuspenseContext (TypeId { t: (4533244013398082440, 10897659798729036060) }) in Doggo
2024-06-04T16:00:23.509921Z TRACE VirtualDom::render_immediate:render{scope=Doggo}: dioxus_core::scope_context: looking for context dioxus_core::suspense::SuspenseContext (TypeId { t: (4533244013398082440, 10897659798729036060) }) in FrozenContext
2024-06-04T16:00:23.509934Z TRACE VirtualDom::render_immediate:render{scope=Doggo}: dioxus_core::scope_context: found context TypeId { t: (9286496122914249738, 8586425926625933774) }
2024-06-04T16:00:23.509947Z TRACE VirtualDom::render_immediate:render{scope=Doggo}: dioxus_core::scope_context: looking for context dioxus_core::suspense::SuspenseContext (TypeId { t: (4533244013398082440, 10897659798729036060) }) in SuspenseBoundary
2024-06-04T16:00:23.509960Z TRACE VirtualDom::render_immediate:render{scope=Doggo}: dioxus_core::scope_context: found context TypeId { t: (4533244013398082440, 10897659798729036060) }
2024-06-04T16:00:23.582629Z TRACE VirtualDom::wait_for_work:VirtualDom::process_events: dioxus_core::virtual_dom: Marking task Task { id: 0, unsend: PhantomData<*const ()> } (spawned in ScopeId(3)) as dirty (called from Location { file: "packages/core/src/virtual_dom.rs", line: 505, col: 58 })
2024-06-04T16:00:23.582706Z  INFO VirtualDom::wait_for_work:VirtualDom::process_events:VirtualDom::poll_tasks: dioxus_core::tasks: Polling task Task { id: 0, unsend: PhantomData<*const ()> }
2024-06-04T16:00:23.582771Z  INFO VirtualDom::wait_for_work:VirtualDom::process_events:VirtualDom::poll_tasks: dioxus_core::tasks: Task Task { id: 0, unsend: PhantomData<*const ()> } finished with result Pending
2024-06-04T16:00:23.582797Z TRACE VirtualDom::wait_for_work:VirtualDom::process_events:VirtualDom::poll_tasks: dioxus_core::virtual_dom: Marking scope ScopeId(3, "Doggo") as dirty
2024-06-04T16:00:23.582926Z TRACE VirtualDom::render_immediate:render{scope=Doggo}: dioxus_signals::signal: Subscribing to the reactive context ReactiveContext(for scope: ScopeId(3, "Doggo"))
2024-06-04T16:00:23.582962Z TRACE VirtualDom::render_immediate:render{scope=Doggo}: dioxus_signals::signal: Subscribing to the reactive context ReactiveContext(for scope: ScopeId(3, "Doggo"))
2024-06-04T16:00:23.582992Z TRACE VirtualDom::render_immediate:render{scope=Doggo}: dioxus_core::scope_context: looking for context dioxus_core::suspense::SuspenseContext (TypeId { t: (4533244013398082440, 10897659798729036060) }) in Doggo
2024-06-04T16:00:23.583012Z TRACE VirtualDom::render_immediate:render{scope=Doggo}: dioxus_core::scope_context: looking for context dioxus_core::suspense::SuspenseContext (TypeId { t: (4533244013398082440, 10897659798729036060) }) in FrozenContext
2024-06-04T16:00:23.583029Z TRACE VirtualDom::render_immediate:render{scope=Doggo}: dioxus_core::scope_context: found context TypeId { t: (9286496122914249738, 8586425926625933774) }
2024-06-04T16:00:23.583045Z TRACE VirtualDom::render_immediate:render{scope=Doggo}: dioxus_core::scope_context: looking for context dioxus_core::suspense::SuspenseContext (TypeId { t: (4533244013398082440, 10897659798729036060) }) in SuspenseBoundary
2024-06-04T16:00:23.583060Z TRACE VirtualDom::render_immediate:render{scope=Doggo}: dioxus_core::scope_context: found context TypeId { t: (4533244013398082440, 10897659798729036060) }
2024-06-04T16:00:23.611538Z TRACE VirtualDom::wait_for_work:VirtualDom::process_events: dioxus_core::virtual_dom: Marking task Task { id: 3, unsend: PhantomData<*const ()> } (spawned in ScopeId(4)) as dirty (called from Location { file: "packages/core/src/virtual_dom.rs", line: 505, col: 58 })
2024-06-04T16:00:23.611625Z  INFO VirtualDom::wait_for_work:VirtualDom::process_events:VirtualDom::poll_tasks: dioxus_core::tasks: Polling task Task { id: 3, unsend: PhantomData<*const ()> }
2024-06-04T16:00:23.611715Z  INFO VirtualDom::wait_for_work:VirtualDom::process_events:VirtualDom::poll_tasks: dioxus_core::tasks: Task Task { id: 3, unsend: PhantomData<*const ()> } finished with result Pending
2024-06-04T16:00:23.611749Z TRACE VirtualDom::wait_for_work:VirtualDom::process_events:VirtualDom::poll_tasks: dioxus_core::virtual_dom: Marking scope ScopeId(4, "Doggo") as dirty
2024-06-04T16:00:23.611892Z TRACE VirtualDom::render_immediate:render{scope=Doggo}: dioxus_signals::signal: Subscribing to the reactive context ReactiveContext(for scope: ScopeId(4, "Doggo"))
2024-06-04T16:00:23.611926Z TRACE VirtualDom::render_immediate:render{scope=Doggo}: dioxus_signals::signal: Subscribing to the reactive context ReactiveContext(for scope: ScopeId(4, "Doggo"))
2024-06-04T16:00:23.611950Z TRACE VirtualDom::render_immediate:render{scope=Doggo}: dioxus_core::scope_context: looking for context dioxus_core::suspense::SuspenseContext (TypeId { t: (4533244013398082440, 10897659798729036060) }) in Doggo
2024-06-04T16:00:23.611968Z TRACE VirtualDom::render_immediate:render{scope=Doggo}: dioxus_core::scope_context: looking for context dioxus_core::suspense::SuspenseContext (TypeId { t: (4533244013398082440, 10897659798729036060) }) in FrozenContext
2024-06-04T16:00:23.611983Z TRACE VirtualDom::render_immediate:render{scope=Doggo}: dioxus_core::scope_context: found context TypeId { t: (9286496122914249738, 8586425926625933774) }
2024-06-04T16:00:23.611997Z TRACE VirtualDom::render_immediate:render{scope=Doggo}: dioxus_core::scope_context: looking for context dioxus_core::suspense::SuspenseContext (TypeId { t: (4533244013398082440, 10897659798729036060) }) in SuspenseBoundary
2024-06-04T16:00:23.612011Z TRACE VirtualDom::render_immediate:render{scope=Doggo}: dioxus_core::scope_context: found context TypeId { t: (4533244013398082440, 10897659798729036060) }
2024-06-04T16:00:23.632601Z TRACE VirtualDom::wait_for_work:VirtualDom::process_events: dioxus_core::virtual_dom: Marking task Task { id: 6, unsend: PhantomData<*const ()> } (spawned in ScopeId(5)) as dirty (called from Location { file: "packages/core/src/virtual_dom.rs", line: 505, col: 58 })
2024-06-04T16:00:23.632685Z  INFO VirtualDom::wait_for_work:VirtualDom::process_events:VirtualDom::poll_tasks: dioxus_core::tasks: Polling task Task { id: 6, unsend: PhantomData<*const ()> }
2024-06-04T16:00:23.632739Z TRACE VirtualDom::wait_for_work:VirtualDom::process_events:VirtualDom::poll_tasks: dioxus_signals::signal: Write on signal at examples/suspense.rs:122:19 finished, updating subscribers
2024-06-04T16:00:23.632773Z TRACE VirtualDom::wait_for_work:VirtualDom::process_events:VirtualDom::poll_tasks: dioxus_signals::reactive_context: Marking reactive context created at packages/signals/src/reactive_context.rs:117:13 as dirty
2024-06-04T16:00:23.632793Z TRACE VirtualDom::wait_for_work:VirtualDom::process_events:VirtualDom::poll_tasks: dioxus_signals::reactive_context: Marking scope ScopeId(5, "LoadingDots") as dirty
2024-06-04T16:00:23.632832Z  INFO VirtualDom::wait_for_work:VirtualDom::process_events:VirtualDom::poll_tasks: dioxus_core::tasks: Task Task { id: 6, unsend: PhantomData<*const ()> } finished with result Pending
2024-06-04T16:00:23.632852Z TRACE VirtualDom::wait_for_work:VirtualDom::process_events:VirtualDom::poll_tasks: dioxus_core::virtual_dom: Marking scope ScopeId(5, "LoadingDots") as dirty
2024-06-04T16:00:23.632970Z TRACE VirtualDom::render_immediate:render{scope=LoadingDots}: dioxus_signals::signal: Subscribing to the reactive context ReactiveContext(for scope: ScopeId(5, "LoadingDots"))
2024-06-04T16:00:23.633009Z TRACE VirtualDom::render_immediate: dioxus_core::scope_context: looking for context dioxus_core::suspense::FrozenContext (TypeId { t: (9286496122914249738, 8586425926625933774) }) in LoadingDots
2024-06-04T16:00:23.633025Z TRACE VirtualDom::render_immediate: dioxus_core::scope_context: looking for context dioxus_core::suspense::FrozenContext (TypeId { t: (9286496122914249738, 8586425926625933774) }) in SuspenseBoundary
2024-06-04T16:00:23.633037Z TRACE VirtualDom::render_immediate: dioxus_core::scope_context: found context TypeId { t: (4533244013398082440, 10897659798729036060) }
2024-06-04T16:00:23.633049Z TRACE VirtualDom::render_immediate: dioxus_core::scope_context: looking for context dioxus_core::suspense::FrozenContext (TypeId { t: (9286496122914249738, 8586425926625933774) }) in app
2024-06-04T16:00:23.633060Z TRACE VirtualDom::render_immediate: dioxus_core::scope_context: found context TypeId { t: (3582638416876954437, 3810890675802792692) }
2024-06-04T16:00:23.633072Z TRACE VirtualDom::render_immediate: dioxus_core::scope_context: found context TypeId { t: (7946844621057603534, 4355211565432133561) }
2024-06-04T16:00:23.633083Z TRACE VirtualDom::render_immediate: dioxus_core::scope_context: found context TypeId { t: (10682502755203913650, 15985576721215419306) }
2024-06-04T16:00:23.633094Z TRACE VirtualDom::render_immediate: dioxus_core::scope_context: context dioxus_core::suspense::FrozenContext (TypeId { t: (9286496122914249738, 8586425926625933774) }) not found
2024-06-04T16:00:23.633121Z TRACE VirtualDom::render_immediate: dioxus_core::diff::node: moving mount self=VNode { vnode: VNodeInner { key: None, template: Cell { value: Template { name: "examples/suspense.rs:127:5:4128", roots: [Dynamic { id: 0 }], node_paths: [[0]], attr_paths: [] } }, dynamic_nodes: [Text(VText { value: ".." })], dynamic_attrs: [] }, mount: Cell { value: MountId(7) } } new=VNode { vnode: VNodeInner { key: None, template: Cell { value: Template { name: "examples/suspense.rs:127:5:4128", roots: [Dynamic { id: 0 }], node_paths: [[0]], attr_paths: [] } }, dynamic_nodes: [Text(VText { value: "..." })], dynamic_attrs: [] }, mount: Cell { value: MountId(7) } }
2024-06-04T16:00:23.633156Z TRACE VirtualDom::render_immediate: dioxus_core::diff::node: mount id: MountId(7)
2024-06-04T16:00:23.633166Z TRACE VirtualDom::render_immediate: dioxus_core::diff::node: mounts: Slab { len: 8, cap: 8 }
2024-06-04T16:00:23.684612Z TRACE VirtualDom::wait_for_work:VirtualDom::process_events: dioxus_core::virtual_dom: Marking task Task { id: 0, unsend: PhantomData<*const ()> } (spawned in ScopeId(3)) as dirty (called from Location { file: "packages/core/src/virtual_dom.rs", line: 505, col: 58 })
2024-06-04T16:00:23.684667Z  INFO VirtualDom::wait_for_work:VirtualDom::process_events:VirtualDom::poll_tasks: dioxus_core::tasks: Polling task Task { id: 0, unsend: PhantomData<*const ()> }
2024-06-04T16:00:23.684721Z  INFO VirtualDom::wait_for_work:VirtualDom::process_events:VirtualDom::poll_tasks: dioxus_core::tasks: Task Task { id: 0, unsend: PhantomData<*const ()> } finished with result Pending
2024-06-04T16:00:23.684744Z TRACE VirtualDom::wait_for_work:VirtualDom::process_events:VirtualDom::poll_tasks: dioxus_core::virtual_dom: Marking scope ScopeId(3, "Doggo") as dirty
2024-06-04T16:00:23.684854Z TRACE VirtualDom::render_immediate:render{scope=Doggo}: dioxus_signals::signal: Subscribing to the reactive context ReactiveContext(for scope: ScopeId(3, "Doggo"))
2024-06-04T16:00:23.684887Z TRACE VirtualDom::render_immediate:render{scope=Doggo}: dioxus_signals::signal: Subscribing to the reactive context ReactiveContext(for scope: ScopeId(3, "Doggo"))
2024-06-04T16:00:23.684915Z TRACE VirtualDom::render_immediate:render{scope=Doggo}: dioxus_core::scope_context: looking for context dioxus_core::suspense::SuspenseContext (TypeId { t: (4533244013398082440, 10897659798729036060) }) in Doggo
2024-06-04T16:00:23.684965Z TRACE VirtualDom::render_immediate:render{scope=Doggo}: dioxus_core::scope_context: looking for context dioxus_core::suspense::SuspenseContext (TypeId { t: (4533244013398082440, 10897659798729036060) }) in FrozenContext
2024-06-04T16:00:23.684982Z TRACE VirtualDom::render_immediate:render{scope=Doggo}: dioxus_core::scope_context: found context TypeId { t: (9286496122914249738, 8586425926625933774) }
2024-06-04T16:00:23.684998Z TRACE VirtualDom::render_immediate:render{scope=Doggo}: dioxus_core::scope_context: looking for context dioxus_core::suspense::SuspenseContext (TypeId { t: (4533244013398082440, 10897659798729036060) }) in SuspenseBoundary
2024-06-04T16:00:23.685013Z TRACE VirtualDom::render_immediate:render{scope=Doggo}: dioxus_core::scope_context: found context TypeId { t: (4533244013398082440, 10897659798729036060) }
2024-06-04T16:00:23.713687Z TRACE VirtualDom::wait_for_work:VirtualDom::process_events: dioxus_core::virtual_dom: Marking task Task { id: 3, unsend: PhantomData<*const ()> } (spawned in ScopeId(4)) as dirty (called from Location { file: "packages/core/src/virtual_dom.rs", line: 505, col: 58 })
2024-06-04T16:00:23.713776Z  INFO VirtualDom::wait_for_work:VirtualDom::process_events:VirtualDom::poll_tasks: dioxus_core::tasks: Polling task Task { id: 3, unsend: PhantomData<*const ()> }
2024-06-04T16:00:23.713839Z  INFO VirtualDom::wait_for_work:VirtualDom::process_events:VirtualDom::poll_tasks: dioxus_core::tasks: Task Task { id: 3, unsend: PhantomData<*const ()> } finished with result Pending
2024-06-04T16:00:23.713865Z TRACE VirtualDom::wait_for_work:VirtualDom::process_events:VirtualDom::poll_tasks: dioxus_core::virtual_dom: Marking scope ScopeId(4, "Doggo") as dirty
2024-06-04T16:00:23.713988Z TRACE VirtualDom::render_immediate:render{scope=Doggo}: dioxus_signals::signal: Subscribing to the reactive context ReactiveContext(for scope: ScopeId(4, "Doggo"))
2024-06-04T16:00:23.714029Z TRACE VirtualDom::render_immediate:render{scope=Doggo}: dioxus_signals::signal: Subscribing to the reactive context ReactiveContext(for scope: ScopeId(4, "Doggo"))
2024-06-04T16:00:23.714059Z TRACE VirtualDom::render_immediate:render{scope=Doggo}: dioxus_core::scope_context: looking for context dioxus_core::suspense::SuspenseContext (TypeId { t: (4533244013398082440, 10897659798729036060) }) in Doggo
2024-06-04T16:00:23.714080Z TRACE VirtualDom::render_immediate:render{scope=Doggo}: dioxus_core::scope_context: looking for context dioxus_core::suspense::SuspenseContext (TypeId { t: (4533244013398082440, 10897659798729036060) }) in FrozenContext
2024-06-04T16:00:23.714098Z TRACE VirtualDom::render_immediate:render{scope=Doggo}: dioxus_core::scope_context: found context TypeId { t: (9286496122914249738, 8586425926625933774) }
2024-06-04T16:00:23.714114Z TRACE VirtualDom::render_immediate:render{scope=Doggo}: dioxus_core::scope_context: looking for context dioxus_core::suspense::SuspenseContext (TypeId { t: (4533244013398082440, 10897659798729036060) }) in SuspenseBoundary
2024-06-04T16:00:23.714130Z TRACE VirtualDom::render_immediate:render{scope=Doggo}: dioxus_core::scope_context: found context TypeId { t: (4533244013398082440, 10897659798729036060) }
2024-06-04T16:00:23.786753Z TRACE VirtualDom::wait_for_work:VirtualDom::process_events: dioxus_core::virtual_dom: Marking task Task { id: 0, unsend: PhantomData<*const ()> } (spawned in ScopeId(3)) as dirty (called from Location { file: "packages/core/src/virtual_dom.rs", line: 505, col: 58 })
2024-06-04T16:00:23.786850Z  INFO VirtualDom::wait_for_work:VirtualDom::process_events:VirtualDom::poll_tasks: dioxus_core::tasks: Polling task Task { id: 0, unsend: PhantomData<*const ()> }
2024-06-04T16:00:23.786919Z  INFO VirtualDom::wait_for_work:VirtualDom::process_events:VirtualDom::poll_tasks: dioxus_core::tasks: Task Task { id: 0, unsend: PhantomData<*const ()> } finished with result Pending
2024-06-04T16:00:23.786951Z TRACE VirtualDom::wait_for_work:VirtualDom::process_events:VirtualDom::poll_tasks: dioxus_core::virtual_dom: Marking scope ScopeId(3, "Doggo") as dirty
2024-06-04T16:00:23.787097Z TRACE VirtualDom::render_immediate:render{scope=Doggo}: dioxus_signals::signal: Subscribing to the reactive context ReactiveContext(for scope: ScopeId(3, "Doggo"))
2024-06-04T16:00:23.787141Z TRACE VirtualDom::render_immediate:render{scope=Doggo}: dioxus_signals::signal: Subscribing to the reactive context ReactiveContext(for scope: ScopeId(3, "Doggo"))
2024-06-04T16:00:23.787174Z TRACE VirtualDom::render_immediate:render{scope=Doggo}: dioxus_core::scope_context: looking for context dioxus_core::suspense::SuspenseContext (TypeId { t: (4533244013398082440, 10897659798729036060) }) in Doggo
2024-06-04T16:00:23.787198Z TRACE VirtualDom::render_immediate:render{scope=Doggo}: dioxus_core::scope_context: looking for context dioxus_core::suspense::SuspenseContext (TypeId { t: (4533244013398082440, 10897659798729036060) }) in FrozenContext
2024-06-04T16:00:23.787218Z TRACE VirtualDom::render_immediate:render{scope=Doggo}: dioxus_core::scope_context: found context TypeId { t: (9286496122914249738, 8586425926625933774) }
2024-06-04T16:00:23.787236Z TRACE VirtualDom::render_immediate:render{scope=Doggo}: dioxus_core::scope_context: looking for context dioxus_core::suspense::SuspenseContext (TypeId { t: (4533244013398082440, 10897659798729036060) }) in SuspenseBoundary
2024-06-04T16:00:23.787255Z TRACE VirtualDom::render_immediate:render{scope=Doggo}: dioxus_core::scope_context: found context TypeId { t: (4533244013398082440, 10897659798729036060) }
2024-06-04T16:00:23.815489Z TRACE VirtualDom::wait_for_work:VirtualDom::process_events: dioxus_core::virtual_dom: Marking task Task { id: 3, unsend: PhantomData<*const ()> } (spawned in ScopeId(4)) as dirty (called from Location { file: "packages/core/src/virtual_dom.rs", line: 505, col: 58 })
2024-06-04T16:00:23.815618Z  INFO VirtualDom::wait_for_work:VirtualDom::process_events:VirtualDom::poll_tasks: dioxus_core::tasks: Polling task Task { id: 3, unsend: PhantomData<*const ()> }
2024-06-04T16:00:23.815692Z  INFO VirtualDom::wait_for_work:VirtualDom::process_events:VirtualDom::poll_tasks: dioxus_core::tasks: Task Task { id: 3, unsend: PhantomData<*const ()> } finished with result Pending
2024-06-04T16:00:23.815721Z TRACE VirtualDom::wait_for_work:VirtualDom::process_events:VirtualDom::poll_tasks: dioxus_core::virtual_dom: Marking scope ScopeId(4, "Doggo") as dirty
2024-06-04T16:00:23.815869Z TRACE VirtualDom::render_immediate:render{scope=Doggo}: dioxus_signals::signal: Subscribing to the reactive context ReactiveContext(for scope: ScopeId(4, "Doggo"))
2024-06-04T16:00:23.815917Z TRACE VirtualDom::render_immediate:render{scope=Doggo}: dioxus_signals::signal: Subscribing to the reactive context ReactiveContext(for scope: ScopeId(4, "Doggo"))
2024-06-04T16:00:23.815947Z TRACE VirtualDom::render_immediate:render{scope=Doggo}: dioxus_core::scope_context: looking for context dioxus_core::suspense::SuspenseContext (TypeId { t: (4533244013398082440, 10897659798729036060) }) in Doggo
2024-06-04T16:00:23.815968Z TRACE VirtualDom::render_immediate:render{scope=Doggo}: dioxus_core::scope_context: looking for context dioxus_core::suspense::SuspenseContext (TypeId { t: (4533244013398082440, 10897659798729036060) }) in FrozenContext
2024-06-04T16:00:23.815985Z TRACE VirtualDom::render_immediate:render{scope=Doggo}: dioxus_core::scope_context: found context TypeId { t: (9286496122914249738, 8586425926625933774) }
2024-06-04T16:00:23.816001Z TRACE VirtualDom::render_immediate:render{scope=Doggo}: dioxus_core::scope_context: looking for context dioxus_core::suspense::SuspenseContext (TypeId { t: (4533244013398082440, 10897659798729036060) }) in SuspenseBoundary
2024-06-04T16:00:23.816017Z TRACE VirtualDom::render_immediate:render{scope=Doggo}: dioxus_core::scope_context: found context TypeId { t: (4533244013398082440, 10897659798729036060) }
2024-06-04T16:00:23.834509Z TRACE VirtualDom::wait_for_work:VirtualDom::process_events: dioxus_core::virtual_dom: Marking task Task { id: 6, unsend: PhantomData<*const ()> } (spawned in ScopeId(5)) as dirty (called from Location { file: "packages/core/src/virtual_dom.rs", line: 505, col: 58 })
2024-06-04T16:00:23.834594Z  INFO VirtualDom::wait_for_work:VirtualDom::process_events:VirtualDom::poll_tasks: dioxus_core::tasks: Polling task Task { id: 6, unsend: PhantomData<*const ()> }
2024-06-04T16:00:23.834649Z TRACE VirtualDom::wait_for_work:VirtualDom::process_events:VirtualDom::poll_tasks: dioxus_signals::signal: Write on signal at examples/suspense.rs:122:19 finished, updating subscribers
2024-06-04T16:00:23.834681Z TRACE VirtualDom::wait_for_work:VirtualDom::process_events:VirtualDom::poll_tasks: dioxus_signals::reactive_context: Marking reactive context created at packages/signals/src/reactive_context.rs:117:13 as dirty
2024-06-04T16:00:23.834700Z TRACE VirtualDom::wait_for_work:VirtualDom::process_events:VirtualDom::poll_tasks: dioxus_signals::reactive_context: Marking scope ScopeId(5, "LoadingDots") as dirty
2024-06-04T16:00:23.834739Z  INFO VirtualDom::wait_for_work:VirtualDom::process_events:VirtualDom::poll_tasks: dioxus_core::tasks: Task Task { id: 6, unsend: PhantomData<*const ()> } finished with result Pending
2024-06-04T16:00:23.834762Z TRACE VirtualDom::wait_for_work:VirtualDom::process_events:VirtualDom::poll_tasks: dioxus_core::virtual_dom: Marking scope ScopeId(5, "LoadingDots") as dirty
2024-06-04T16:00:23.834875Z TRACE VirtualDom::render_immediate:render{scope=LoadingDots}: dioxus_signals::signal: Subscribing to the reactive context ReactiveContext(for scope: ScopeId(5, "LoadingDots"))
2024-06-04T16:00:23.834920Z TRACE VirtualDom::render_immediate: dioxus_core::scope_context: looking for context dioxus_core::suspense::FrozenContext (TypeId { t: (9286496122914249738, 8586425926625933774) }) in LoadingDots
2024-06-04T16:00:23.834938Z TRACE VirtualDom::render_immediate: dioxus_core::scope_context: looking for context dioxus_core::suspense::FrozenContext (TypeId { t: (9286496122914249738, 8586425926625933774) }) in SuspenseBoundary
2024-06-04T16:00:23.834952Z TRACE VirtualDom::render_immediate: dioxus_core::scope_context: found context TypeId { t: (4533244013398082440, 10897659798729036060) }
2024-06-04T16:00:23.834966Z TRACE VirtualDom::render_immediate: dioxus_core::scope_context: looking for context dioxus_core::suspense::FrozenContext (TypeId { t: (9286496122914249738, 8586425926625933774) }) in app
2024-06-04T16:00:23.834979Z TRACE VirtualDom::render_immediate: dioxus_core::scope_context: found context TypeId { t: (3582638416876954437, 3810890675802792692) }
2024-06-04T16:00:23.834992Z TRACE VirtualDom::render_immediate: dioxus_core::scope_context: found context TypeId { t: (7946844621057603534, 4355211565432133561) }
2024-06-04T16:00:23.835004Z TRACE VirtualDom::render_immediate: dioxus_core::scope_context: found context TypeId { t: (10682502755203913650, 15985576721215419306) }
2024-06-04T16:00:23.835017Z TRACE VirtualDom::render_immediate: dioxus_core::scope_context: context dioxus_core::suspense::FrozenContext (TypeId { t: (9286496122914249738, 8586425926625933774) }) not found
2024-06-04T16:00:23.835047Z TRACE VirtualDom::render_immediate: dioxus_core::diff::node: moving mount self=VNode { vnode: VNodeInner { key: None, template: Cell { value: Template { name: "examples/suspense.rs:127:5:4128", roots: [Dynamic { id: 0 }], node_paths: [[0]], attr_paths: [] } }, dynamic_nodes: [Text(VText { value: "..." })], dynamic_attrs: [] }, mount: Cell { value: MountId(7) } } new=VNode { vnode: VNodeInner { key: None, template: Cell { value: Template { name: "examples/suspense.rs:127:5:4128", roots: [Dynamic { id: 0 }], node_paths: [[0]], attr_paths: [] } }, dynamic_nodes: [Text(VText { value: "" })], dynamic_attrs: [] }, mount: Cell { value: MountId(7) } }
2024-06-04T16:00:23.835087Z TRACE VirtualDom::render_immediate: dioxus_core::diff::node: mount id: MountId(7)
2024-06-04T16:00:23.835099Z TRACE VirtualDom::render_immediate: dioxus_core::diff::node: mounts: Slab { len: 8, cap: 8 }
2024-06-04T16:00:23.888562Z TRACE VirtualDom::wait_for_work:VirtualDom::process_events: dioxus_core::virtual_dom: Marking task Task { id: 0, unsend: PhantomData<*const ()> } (spawned in ScopeId(3)) as dirty (called from Location { file: "packages/core/src/virtual_dom.rs", line: 505, col: 58 })
2024-06-04T16:00:23.888643Z  INFO VirtualDom::wait_for_work:VirtualDom::process_events:VirtualDom::poll_tasks: dioxus_core::tasks: Polling task Task { id: 0, unsend: PhantomData<*const ()> }
2024-06-04T16:00:23.888699Z  INFO VirtualDom::wait_for_work:VirtualDom::process_events:VirtualDom::poll_tasks: dioxus_core::tasks: Task Task { id: 0, unsend: PhantomData<*const ()> } finished with result Pending
2024-06-04T16:00:23.888727Z TRACE VirtualDom::wait_for_work:VirtualDom::process_events:VirtualDom::poll_tasks: dioxus_core::virtual_dom: Marking scope ScopeId(3, "Doggo") as dirty
2024-06-04T16:00:23.888846Z TRACE VirtualDom::render_immediate:render{scope=Doggo}: dioxus_signals::signal: Subscribing to the reactive context ReactiveContext(for scope: ScopeId(3, "Doggo"))
2024-06-04T16:00:23.888906Z TRACE VirtualDom::render_immediate:render{scope=Doggo}: dioxus_signals::signal: Subscribing to the reactive context ReactiveContext(for scope: ScopeId(3, "Doggo"))
2024-06-04T16:00:23.888939Z TRACE VirtualDom::render_immediate:render{scope=Doggo}: dioxus_core::scope_context: looking for context dioxus_core::suspense::SuspenseContext (TypeId { t: (4533244013398082440, 10897659798729036060) }) in Doggo
2024-06-04T16:00:23.888962Z TRACE VirtualDom::render_immediate:render{scope=Doggo}: dioxus_core::scope_context: looking for context dioxus_core::suspense::SuspenseContext (TypeId { t: (4533244013398082440, 10897659798729036060) }) in FrozenContext
2024-06-04T16:00:23.888981Z TRACE VirtualDom::render_immediate:render{scope=Doggo}: dioxus_core::scope_context: found context TypeId { t: (9286496122914249738, 8586425926625933774) }
2024-06-04T16:00:23.889000Z TRACE VirtualDom::render_immediate:render{scope=Doggo}: dioxus_core::scope_context: looking for context dioxus_core::suspense::SuspenseContext (TypeId { t: (4533244013398082440, 10897659798729036060) }) in SuspenseBoundary
2024-06-04T16:00:23.889018Z TRACE VirtualDom::render_immediate:render{scope=Doggo}: dioxus_core::scope_context: found context TypeId { t: (4533244013398082440, 10897659798729036060) }
2024-06-04T16:00:23.917638Z TRACE VirtualDom::wait_for_work:VirtualDom::process_events: dioxus_core::virtual_dom: Marking task Task { id: 3, unsend: PhantomData<*const ()> } (spawned in ScopeId(4)) as dirty (called from Location { file: "packages/core/src/virtual_dom.rs", line: 505, col: 58 })
2024-06-04T16:00:23.917723Z  INFO VirtualDom::wait_for_work:VirtualDom::process_events:VirtualDom::poll_tasks: dioxus_core::tasks: Polling task Task { id: 3, unsend: PhantomData<*const ()> }
2024-06-04T16:00:23.917785Z  INFO VirtualDom::wait_for_work:VirtualDom::process_events:VirtualDom::poll_tasks: dioxus_core::tasks: Task Task { id: 3, unsend: PhantomData<*const ()> } finished with result Pending
2024-06-04T16:00:23.917814Z TRACE VirtualDom::wait_for_work:VirtualDom::process_events:VirtualDom::poll_tasks: dioxus_core::virtual_dom: Marking scope ScopeId(4, "Doggo") as dirty
2024-06-04T16:00:23.917965Z TRACE VirtualDom::render_immediate:render{scope=Doggo}: dioxus_signals::signal: Subscribing to the reactive context ReactiveContext(for scope: ScopeId(4, "Doggo"))
2024-06-04T16:00:23.918007Z TRACE VirtualDom::render_immediate:render{scope=Doggo}: dioxus_signals::signal: Subscribing to the reactive context ReactiveContext(for scope: ScopeId(4, "Doggo"))
2024-06-04T16:00:23.918039Z TRACE VirtualDom::render_immediate:render{scope=Doggo}: dioxus_core::scope_context: looking for context dioxus_core::suspense::SuspenseContext (TypeId { t: (4533244013398082440, 10897659798729036060) }) in Doggo
2024-06-04T16:00:23.918062Z TRACE VirtualDom::render_immediate:render{scope=Doggo}: dioxus_core::scope_context: looking for context dioxus_core::suspense::SuspenseContext (TypeId { t: (4533244013398082440, 10897659798729036060) }) in FrozenContext
2024-06-04T16:00:23.918081Z TRACE VirtualDom::render_immediate:render{scope=Doggo}: dioxus_core::scope_context: found context TypeId { t: (9286496122914249738, 8586425926625933774) }
2024-06-04T16:00:23.918112Z TRACE VirtualDom::render_immediate:render{scope=Doggo}: dioxus_core::scope_context: looking for context dioxus_core::suspense::SuspenseContext (TypeId { t: (4533244013398082440, 10897659798729036060) }) in SuspenseBoundary
2024-06-04T16:00:23.918130Z TRACE VirtualDom::render_immediate:render{scope=Doggo}: dioxus_core::scope_context: found context TypeId { t: (4533244013398082440, 10897659798729036060) }
2024-06-04T16:00:23.990249Z TRACE VirtualDom::wait_for_work:VirtualDom::process_events: dioxus_core::virtual_dom: Marking task Task { id: 0, unsend: PhantomData<*const ()> } (spawned in ScopeId(3)) as dirty (called from Location { file: "packages/core/src/virtual_dom.rs", line: 505, col: 58 })
2024-06-04T16:00:23.990361Z  INFO VirtualDom::wait_for_work:VirtualDom::process_events:VirtualDom::poll_tasks: dioxus_core::tasks: Polling task Task { id: 0, unsend: PhantomData<*const ()> }
2024-06-04T16:00:23.990445Z  INFO VirtualDom::wait_for_work:VirtualDom::process_events:VirtualDom::poll_tasks: dioxus_core::tasks: Task Task { id: 0, unsend: PhantomData<*const ()> } finished with result Pending
2024-06-04T16:00:23.990480Z TRACE VirtualDom::wait_for_work:VirtualDom::process_events:VirtualDom::poll_tasks: dioxus_core::virtual_dom: Marking scope ScopeId(3, "Doggo") as dirty
2024-06-04T16:00:23.990650Z TRACE VirtualDom::render_immediate:render{scope=Doggo}: dioxus_signals::signal: Subscribing to the reactive context ReactiveContext(for scope: ScopeId(3, "Doggo"))
2024-06-04T16:00:23.990701Z TRACE VirtualDom::render_immediate:render{scope=Doggo}: dioxus_signals::signal: Subscribing to the reactive context ReactiveContext(for scope: ScopeId(3, "Doggo"))
2024-06-04T16:00:23.990741Z TRACE VirtualDom::render_immediate:render{scope=Doggo}: dioxus_core::scope_context: looking for context dioxus_core::suspense::SuspenseContext (TypeId { t: (4533244013398082440, 10897659798729036060) }) in Doggo
2024-06-04T16:00:23.990771Z TRACE VirtualDom::render_immediate:render{scope=Doggo}: dioxus_core::scope_context: looking for context dioxus_core::suspense::SuspenseContext (TypeId { t: (4533244013398082440, 10897659798729036060) }) in FrozenContext
2024-06-04T16:00:23.990796Z TRACE VirtualDom::render_immediate:render{scope=Doggo}: dioxus_core::scope_context: found context TypeId { t: (9286496122914249738, 8586425926625933774) }
2024-06-04T16:00:23.990820Z TRACE VirtualDom::render_immediate:render{scope=Doggo}: dioxus_core::scope_context: looking for context dioxus_core::suspense::SuspenseContext (TypeId { t: (4533244013398082440, 10897659798729036060) }) in SuspenseBoundary
2024-06-04T16:00:23.990844Z TRACE VirtualDom::render_immediate:render{scope=Doggo}: dioxus_core::scope_context: found context TypeId { t: (4533244013398082440, 10897659798729036060) }
2024-06-04T16:00:24.019276Z TRACE VirtualDom::wait_for_work:VirtualDom::process_events: dioxus_core::virtual_dom: Marking task Task { id: 3, unsend: PhantomData<*const ()> } (spawned in ScopeId(4)) as dirty (called from Location { file: "packages/core/src/virtual_dom.rs", line: 505, col: 58 })
2024-06-04T16:00:24.019369Z  INFO VirtualDom::wait_for_work:VirtualDom::process_events:VirtualDom::poll_tasks: dioxus_core::tasks: Polling task Task { id: 3, unsend: PhantomData<*const ()> }
2024-06-04T16:00:24.019433Z  INFO VirtualDom::wait_for_work:VirtualDom::process_events:VirtualDom::poll_tasks: dioxus_core::tasks: Task Task { id: 3, unsend: PhantomData<*const ()> } finished with result Pending
2024-06-04T16:00:24.019461Z TRACE VirtualDom::wait_for_work:VirtualDom::process_events:VirtualDom::poll_tasks: dioxus_core::virtual_dom: Marking scope ScopeId(4, "Doggo") as dirty
2024-06-04T16:00:24.019584Z TRACE VirtualDom::render_immediate:render{scope=Doggo}: dioxus_signals::signal: Subscribing to the reactive context ReactiveContext(for scope: ScopeId(4, "Doggo"))
2024-06-04T16:00:24.019629Z TRACE VirtualDom::render_immediate:render{scope=Doggo}: dioxus_signals::signal: Subscribing to the reactive context ReactiveContext(for scope: ScopeId(4, "Doggo"))
2024-06-04T16:00:24.019664Z TRACE VirtualDom::render_immediate:render{scope=Doggo}: dioxus_core::scope_context: looking for context dioxus_core::suspense::SuspenseContext (TypeId { t: (4533244013398082440, 10897659798729036060) }) in Doggo
2024-06-04T16:00:24.019690Z TRACE VirtualDom::render_immediate:render{scope=Doggo}: dioxus_core::scope_context: looking for context dioxus_core::suspense::SuspenseContext (TypeId { t: (4533244013398082440, 10897659798729036060) }) in FrozenContext
2024-06-04T16:00:24.019712Z TRACE VirtualDom::render_immediate:render{scope=Doggo}: dioxus_core::scope_context: found context TypeId { t: (9286496122914249738, 8586425926625933774) }
2024-06-04T16:00:24.019731Z TRACE VirtualDom::render_immediate:render{scope=Doggo}: dioxus_core::scope_context: looking for context dioxus_core::suspense::SuspenseContext (TypeId { t: (4533244013398082440, 10897659798729036060) }) in SuspenseBoundary
2024-06-04T16:00:24.019759Z TRACE VirtualDom::render_immediate:render{scope=Doggo}: dioxus_core::scope_context: found context TypeId { t: (4533244013398082440, 10897659798729036060) }
2024-06-04T16:00:24.036207Z TRACE VirtualDom::wait_for_work:VirtualDom::process_events: dioxus_core::virtual_dom: Marking task Task { id: 6, unsend: PhantomData<*const ()> } (spawned in ScopeId(5)) as dirty (called from Location { file: "packages/core/src/virtual_dom.rs", line: 505, col: 58 })
2024-06-04T16:00:24.036301Z  INFO VirtualDom::wait_for_work:VirtualDom::process_events:VirtualDom::poll_tasks: dioxus_core::tasks: Polling task Task { id: 6, unsend: PhantomData<*const ()> }
2024-06-04T16:00:24.036363Z TRACE VirtualDom::wait_for_work:VirtualDom::process_events:VirtualDom::poll_tasks: dioxus_signals::signal: Write on signal at examples/suspense.rs:122:19 finished, updating subscribers
2024-06-04T16:00:24.036405Z TRACE VirtualDom::wait_for_work:VirtualDom::process_events:VirtualDom::poll_tasks: dioxus_signals::reactive_context: Marking reactive context created at packages/signals/src/reactive_context.rs:117:13 as dirty
2024-06-04T16:00:24.036429Z TRACE VirtualDom::wait_for_work:VirtualDom::process_events:VirtualDom::poll_tasks: dioxus_signals::reactive_context: Marking scope ScopeId(5, "LoadingDots") as dirty
2024-06-04T16:00:24.036474Z  INFO VirtualDom::wait_for_work:VirtualDom::process_events:VirtualDom::poll_tasks: dioxus_core::tasks: Task Task { id: 6, unsend: PhantomData<*const ()> } finished with result Pending
2024-06-04T16:00:24.036508Z TRACE VirtualDom::wait_for_work:VirtualDom::process_events:VirtualDom::poll_tasks: dioxus_core::virtual_dom: Marking scope ScopeId(5, "LoadingDots") as dirty
2024-06-04T16:00:24.036631Z TRACE VirtualDom::render_immediate:render{scope=LoadingDots}: dioxus_signals::signal: Subscribing to the reactive context ReactiveContext(for scope: ScopeId(5, "LoadingDots"))
2024-06-04T16:00:24.036680Z TRACE VirtualDom::render_immediate: dioxus_core::scope_context: looking for context dioxus_core::suspense::FrozenContext (TypeId { t: (9286496122914249738, 8586425926625933774) }) in LoadingDots
2024-06-04T16:00:24.036701Z TRACE VirtualDom::render_immediate: dioxus_core::scope_context: looking for context dioxus_core::suspense::FrozenContext (TypeId { t: (9286496122914249738, 8586425926625933774) }) in SuspenseBoundary
2024-06-04T16:00:24.036719Z TRACE VirtualDom::render_immediate: dioxus_core::scope_context: found context TypeId { t: (4533244013398082440, 10897659798729036060) }
2024-06-04T16:00:24.036735Z TRACE VirtualDom::render_immediate: dioxus_core::scope_context: looking for context dioxus_core::suspense::FrozenContext (TypeId { t: (9286496122914249738, 8586425926625933774) }) in app
2024-06-04T16:00:24.036751Z TRACE VirtualDom::render_immediate: dioxus_core::scope_context: found context TypeId { t: (3582638416876954437, 3810890675802792692) }
2024-06-04T16:00:24.036767Z TRACE VirtualDom::render_immediate: dioxus_core::scope_context: found context TypeId { t: (7946844621057603534, 4355211565432133561) }
2024-06-04T16:00:24.036781Z TRACE VirtualDom::render_immediate: dioxus_core::scope_context: found context TypeId { t: (10682502755203913650, 15985576721215419306) }
2024-06-04T16:00:24.036797Z TRACE VirtualDom::render_immediate: dioxus_core::scope_context: context dioxus_core::suspense::FrozenContext (TypeId { t: (9286496122914249738, 8586425926625933774) }) not found
2024-06-04T16:00:24.036828Z TRACE VirtualDom::render_immediate: dioxus_core::diff::node: moving mount self=VNode { vnode: VNodeInner { key: None, template: Cell { value: Template { name: "examples/suspense.rs:127:5:4128", roots: [Dynamic { id: 0 }], node_paths: [[0]], attr_paths: [] } }, dynamic_nodes: [Text(VText { value: "" })], dynamic_attrs: [] }, mount: Cell { value: MountId(7) } } new=VNode { vnode: VNodeInner { key: None, template: Cell { value: Template { name: "examples/suspense.rs:127:5:4128", roots: [Dynamic { id: 0 }], node_paths: [[0]], attr_paths: [] } }, dynamic_nodes: [Text(VText { value: "." })], dynamic_attrs: [] }, mount: Cell { value: MountId(7) } }
2024-06-04T16:00:24.036875Z TRACE VirtualDom::render_immediate: dioxus_core::diff::node: mount id: MountId(7)
2024-06-04T16:00:24.036889Z TRACE VirtualDom::render_immediate: dioxus_core::diff::node: mounts: Slab { len: 8, cap: 8 }
2024-06-04T16:00:24.092268Z TRACE VirtualDom::wait_for_work:VirtualDom::process_events: dioxus_core::virtual_dom: Marking task Task { id: 0, unsend: PhantomData<*const ()> } (spawned in ScopeId(3)) as dirty (called from Location { file: "packages/core/src/virtual_dom.rs", line: 505, col: 58 })
2024-06-04T16:00:24.092338Z  INFO VirtualDom::wait_for_work:VirtualDom::process_events:VirtualDom::poll_tasks: dioxus_core::tasks: Polling task Task { id: 0, unsend: PhantomData<*const ()> }
2024-06-04T16:00:24.092400Z  INFO VirtualDom::wait_for_work:VirtualDom::process_events:VirtualDom::poll_tasks: dioxus_core::tasks: Task Task { id: 0, unsend: PhantomData<*const ()> } finished with result Pending
2024-06-04T16:00:24.092429Z TRACE VirtualDom::wait_for_work:VirtualDom::process_events:VirtualDom::poll_tasks: dioxus_core::virtual_dom: Marking scope ScopeId(3, "Doggo") as dirty
2024-06-04T16:00:24.092586Z TRACE VirtualDom::render_immediate:render{scope=Doggo}: dioxus_signals::signal: Subscribing to the reactive context ReactiveContext(for scope: ScopeId(3, "Doggo"))
2024-06-04T16:00:24.092634Z TRACE VirtualDom::render_immediate:render{scope=Doggo}: dioxus_signals::signal: Subscribing to the reactive context ReactiveContext(for scope: ScopeId(3, "Doggo"))
2024-06-04T16:00:24.092672Z TRACE VirtualDom::render_immediate:render{scope=Doggo}: dioxus_core::scope_context: looking for context dioxus_core::suspense::SuspenseContext (TypeId { t: (4533244013398082440, 10897659798729036060) }) in Doggo
2024-06-04T16:00:24.092700Z TRACE VirtualDom::render_immediate:render{scope=Doggo}: dioxus_core::scope_context: looking for context dioxus_core::suspense::SuspenseContext (TypeId { t: (4533244013398082440, 10897659798729036060) }) in FrozenContext
2024-06-04T16:00:24.092725Z TRACE VirtualDom::render_immediate:render{scope=Doggo}: dioxus_core::scope_context: found context TypeId { t: (9286496122914249738, 8586425926625933774) }
2024-06-04T16:00:24.092747Z TRACE VirtualDom::render_immediate:render{scope=Doggo}: dioxus_core::scope_context: looking for context dioxus_core::suspense::SuspenseContext (TypeId { t: (4533244013398082440, 10897659798729036060) }) in SuspenseBoundary
2024-06-04T16:00:24.092770Z TRACE VirtualDom::render_immediate:render{scope=Doggo}: dioxus_core::scope_context: found context TypeId { t: (4533244013398082440, 10897659798729036060) }
2024-06-04T16:00:24.124462Z TRACE VirtualDom::wait_for_work:VirtualDom::process_events: dioxus_core::virtual_dom: Marking task Task { id: 3, unsend: PhantomData<*const ()> } (spawned in ScopeId(4)) as dirty (called from Location { file: "packages/core/src/virtual_dom.rs", line: 505, col: 58 })
2024-06-04T16:00:24.124559Z  INFO VirtualDom::wait_for_work:VirtualDom::process_events:VirtualDom::poll_tasks: dioxus_core::tasks: Polling task Task { id: 3, unsend: PhantomData<*const ()> }
2024-06-04T16:00:24.124663Z  INFO VirtualDom::wait_for_work:VirtualDom::process_events:VirtualDom::poll_tasks: dioxus_core::tasks: Task Task { id: 3, unsend: PhantomData<*const ()> } finished with result Pending
2024-06-04T16:00:24.124692Z TRACE VirtualDom::wait_for_work:VirtualDom::process_events:VirtualDom::poll_tasks: dioxus_core::virtual_dom: Marking scope ScopeId(4, "Doggo") as dirty
2024-06-04T16:00:24.124825Z TRACE VirtualDom::render_immediate:render{scope=Doggo}: dioxus_signals::signal: Subscribing to the reactive context ReactiveContext(for scope: ScopeId(4, "Doggo"))
2024-06-04T16:00:24.124877Z TRACE VirtualDom::render_immediate:render{scope=Doggo}: dioxus_signals::signal: Subscribing to the reactive context ReactiveContext(for scope: ScopeId(4, "Doggo"))
2024-06-04T16:00:24.124930Z TRACE VirtualDom::render_immediate:render{scope=Doggo}: dioxus_core::scope_context: looking for context dioxus_core::suspense::SuspenseContext (TypeId { t: (4533244013398082440, 10897659798729036060) }) in Doggo
2024-06-04T16:00:24.124952Z TRACE VirtualDom::render_immediate:render{scope=Doggo}: dioxus_core::scope_context: looking for context dioxus_core::suspense::SuspenseContext (TypeId { t: (4533244013398082440, 10897659798729036060) }) in FrozenContext
2024-06-04T16:00:24.124972Z TRACE VirtualDom::render_immediate:render{scope=Doggo}: dioxus_core::scope_context: found context TypeId { t: (9286496122914249738, 8586425926625933774) }
2024-06-04T16:00:24.124990Z TRACE VirtualDom::render_immediate:render{scope=Doggo}: dioxus_core::scope_context: looking for context dioxus_core::suspense::SuspenseContext (TypeId { t: (4533244013398082440, 10897659798729036060) }) in SuspenseBoundary
2024-06-04T16:00:24.125009Z TRACE VirtualDom::render_immediate:render{scope=Doggo}: dioxus_core::scope_context: found context TypeId { t: (4533244013398082440, 10897659798729036060) }
2024-06-04T16:00:24.194557Z TRACE VirtualDom::wait_for_work:VirtualDom::process_events: dioxus_core::virtual_dom: Marking task Task { id: 0, unsend: PhantomData<*const ()> } (spawned in ScopeId(3)) as dirty (called from Location { file: "packages/core/src/virtual_dom.rs", line: 505, col: 58 })
2024-06-04T16:00:24.194798Z  INFO VirtualDom::wait_for_work:VirtualDom::process_events:VirtualDom::poll_tasks: dioxus_core::tasks: Polling task Task { id: 0, unsend: PhantomData<*const ()> }
2024-06-04T16:00:24.194927Z  INFO VirtualDom::wait_for_work:VirtualDom::process_events:VirtualDom::poll_tasks: dioxus_core::tasks: Task Task { id: 0, unsend: PhantomData<*const ()> } finished with result Pending
2024-06-04T16:00:24.194964Z TRACE VirtualDom::wait_for_work:VirtualDom::process_events:VirtualDom::poll_tasks: dioxus_core::virtual_dom: Marking scope ScopeId(3, "Doggo") as dirty
2024-06-04T16:00:24.195359Z TRACE VirtualDom::render_immediate:render{scope=Doggo}: dioxus_signals::signal: Subscribing to the reactive context ReactiveContext(for scope: ScopeId(3, "Doggo"))
2024-06-04T16:00:24.195468Z TRACE VirtualDom::render_immediate:render{scope=Doggo}: dioxus_signals::signal: Subscribing to the reactive context ReactiveContext(for scope: ScopeId(3, "Doggo"))
2024-06-04T16:00:24.195541Z TRACE VirtualDom::render_immediate:render{scope=Doggo}: dioxus_core::scope_context: looking for context dioxus_core::suspense::SuspenseContext (TypeId { t: (4533244013398082440, 10897659798729036060) }) in Doggo
2024-06-04T16:00:24.195609Z TRACE VirtualDom::render_immediate:render{scope=Doggo}: dioxus_core::scope_context: looking for context dioxus_core::suspense::SuspenseContext (TypeId { t: (4533244013398082440, 10897659798729036060) }) in FrozenContext
2024-06-04T16:00:24.195654Z TRACE VirtualDom::render_immediate:render{scope=Doggo}: dioxus_core::scope_context: found context TypeId { t: (9286496122914249738, 8586425926625933774) }
2024-06-04T16:00:24.195677Z TRACE VirtualDom::render_immediate:render{scope=Doggo}: dioxus_core::scope_context: looking for context dioxus_core::suspense::SuspenseContext (TypeId { t: (4533244013398082440, 10897659798729036060) }) in SuspenseBoundary
2024-06-04T16:00:24.195716Z TRACE VirtualDom::render_immediate:render{scope=Doggo}: dioxus_core::scope_context: found context TypeId { t: (4533244013398082440, 10897659798729036060) }
2024-06-04T16:00:24.226508Z TRACE VirtualDom::wait_for_work:VirtualDom::process_events: dioxus_core::virtual_dom: Marking task Task { id: 3, unsend: PhantomData<*const ()> } (spawned in ScopeId(4)) as dirty (called from Location { file: "packages/core/src/virtual_dom.rs", line: 505, col: 58 })
2024-06-04T16:00:24.226654Z  INFO VirtualDom::wait_for_work:VirtualDom::process_events:VirtualDom::poll_tasks: dioxus_core::tasks: Polling task Task { id: 3, unsend: PhantomData<*const ()> }
2024-06-04T16:00:24.226747Z  INFO VirtualDom::wait_for_work:VirtualDom::process_events:VirtualDom::poll_tasks: dioxus_core::tasks: Task Task { id: 3, unsend: PhantomData<*const ()> } finished with result Pending
2024-06-04T16:00:24.226783Z TRACE VirtualDom::wait_for_work:VirtualDom::process_events:VirtualDom::poll_tasks: dioxus_core::virtual_dom: Marking scope ScopeId(4, "Doggo") as dirty
2024-06-04T16:00:24.226967Z TRACE VirtualDom::render_immediate:render{scope=Doggo}: dioxus_signals::signal: Subscribing to the reactive context ReactiveContext(for scope: ScopeId(4, "Doggo"))
2024-06-04T16:00:24.227022Z TRACE VirtualDom::render_immediate:render{scope=Doggo}: dioxus_signals::signal: Subscribing to the reactive context ReactiveContext(for scope: ScopeId(4, "Doggo"))
2024-06-04T16:00:24.227063Z TRACE VirtualDom::render_immediate:render{scope=Doggo}: dioxus_core::scope_context: looking for context dioxus_core::suspense::SuspenseContext (TypeId { t: (4533244013398082440, 10897659798729036060) }) in Doggo
2024-06-04T16:00:24.227092Z TRACE VirtualDom::render_immediate:render{scope=Doggo}: dioxus_core::scope_context: looking for context dioxus_core::suspense::SuspenseContext (TypeId { t: (4533244013398082440, 10897659798729036060) }) in FrozenContext
2024-06-04T16:00:24.227117Z TRACE VirtualDom::render_immediate:render{scope=Doggo}: dioxus_core::scope_context: found context TypeId { t: (9286496122914249738, 8586425926625933774) }
2024-06-04T16:00:24.227140Z TRACE VirtualDom::render_immediate:render{scope=Doggo}: dioxus_core::scope_context: looking for context dioxus_core::suspense::SuspenseContext (TypeId { t: (4533244013398082440, 10897659798729036060) }) in SuspenseBoundary
2024-06-04T16:00:24.227164Z TRACE VirtualDom::render_immediate:render{scope=Doggo}: dioxus_core::scope_context: found context TypeId { t: (4533244013398082440, 10897659798729036060) }
2024-06-04T16:00:24.238547Z TRACE VirtualDom::wait_for_work:VirtualDom::process_events: dioxus_core::virtual_dom: Marking task Task { id: 6, unsend: PhantomData<*const ()> } (spawned in ScopeId(5)) as dirty (called from Location { file: "packages/core/src/virtual_dom.rs", line: 505, col: 58 })
2024-06-04T16:00:24.238631Z  INFO VirtualDom::wait_for_work:VirtualDom::process_events:VirtualDom::poll_tasks: dioxus_core::tasks: Polling task Task { id: 6, unsend: PhantomData<*const ()> }
2024-06-04T16:00:24.238693Z TRACE VirtualDom::wait_for_work:VirtualDom::process_events:VirtualDom::poll_tasks: dioxus_signals::signal: Write on signal at examples/suspense.rs:122:19 finished, updating subscribers
2024-06-04T16:00:24.238730Z TRACE VirtualDom::wait_for_work:VirtualDom::process_events:VirtualDom::poll_tasks: dioxus_signals::reactive_context: Marking reactive context created at packages/signals/src/reactive_context.rs:117:13 as dirty
2024-06-04T16:00:24.238755Z TRACE VirtualDom::wait_for_work:VirtualDom::process_events:VirtualDom::poll_tasks: dioxus_signals::reactive_context: Marking scope ScopeId(5, "LoadingDots") as dirty
2024-06-04T16:00:24.238802Z  INFO VirtualDom::wait_for_work:VirtualDom::process_events:VirtualDom::poll_tasks: dioxus_core::tasks: Task Task { id: 6, unsend: PhantomData<*const ()> } finished with result Pending
2024-06-04T16:00:24.238829Z TRACE VirtualDom::wait_for_work:VirtualDom::process_events:VirtualDom::poll_tasks: dioxus_core::virtual_dom: Marking scope ScopeId(5, "LoadingDots") as dirty
2024-06-04T16:00:24.238947Z TRACE VirtualDom::render_immediate:render{scope=LoadingDots}: dioxus_signals::signal: Subscribing to the reactive context ReactiveContext(for scope: ScopeId(5, "LoadingDots"))
2024-06-04T16:00:24.238997Z TRACE VirtualDom::render_immediate: dioxus_core::scope_context: looking for context dioxus_core::suspense::FrozenContext (TypeId { t: (9286496122914249738, 8586425926625933774) }) in LoadingDots
2024-06-04T16:00:24.239019Z TRACE VirtualDom::render_immediate: dioxus_core::scope_context: looking for context dioxus_core::suspense::FrozenContext (TypeId { t: (9286496122914249738, 8586425926625933774) }) in SuspenseBoundary
2024-06-04T16:00:24.239037Z TRACE VirtualDom::render_immediate: dioxus_core::scope_context: found context TypeId { t: (4533244013398082440, 10897659798729036060) }
2024-06-04T16:00:24.239053Z TRACE VirtualDom::render_immediate: dioxus_core::scope_context: looking for context dioxus_core::suspense::FrozenContext (TypeId { t: (9286496122914249738, 8586425926625933774) }) in app
2024-06-04T16:00:24.239069Z TRACE VirtualDom::render_immediate: dioxus_core::scope_context: found context TypeId { t: (3582638416876954437, 3810890675802792692) }
2024-06-04T16:00:24.239084Z TRACE VirtualDom::render_immediate: dioxus_core::scope_context: found context TypeId { t: (7946844621057603534, 4355211565432133561) }
2024-06-04T16:00:24.239098Z TRACE VirtualDom::render_immediate: dioxus_core::scope_context: found context TypeId { t: (10682502755203913650, 15985576721215419306) }
2024-06-04T16:00:24.239114Z TRACE VirtualDom::render_immediate: dioxus_core::scope_context: context dioxus_core::suspense::FrozenContext (TypeId { t: (9286496122914249738, 8586425926625933774) }) not found
2024-06-04T16:00:24.239143Z TRACE VirtualDom::render_immediate: dioxus_core::diff::node: moving mount self=VNode { vnode: VNodeInner { key: None, template: Cell { value: Template { name: "examples/suspense.rs:127:5:4128", roots: [Dynamic { id: 0 }], node_paths: [[0]], attr_paths: [] } }, dynamic_nodes: [Text(VText { value: "." })], dynamic_attrs: [] }, mount: Cell { value: MountId(7) } } new=VNode { vnode: VNodeInner { key: None, template: Cell { value: Template { name: "examples/suspense.rs:127:5:4128", roots: [Dynamic { id: 0 }], node_paths: [[0]], attr_paths: [] } }, dynamic_nodes: [Text(VText { value: ".." })], dynamic_attrs: [] }, mount: Cell { value: MountId(7) } }
2024-06-04T16:00:24.239189Z TRACE VirtualDom::render_immediate: dioxus_core::diff::node: mount id: MountId(7)
2024-06-04T16:00:24.239204Z TRACE VirtualDom::render_immediate: dioxus_core::diff::node: mounts: Slab { len: 8, cap: 8 }
2024-06-04T16:00:24.297096Z TRACE VirtualDom::wait_for_work:VirtualDom::process_events: dioxus_core::virtual_dom: Marking task Task { id: 0, unsend: PhantomData<*const ()> } (spawned in ScopeId(3)) as dirty (called from Location { file: "packages/core/src/virtual_dom.rs", line: 505, col: 58 })
2024-06-04T16:00:24.297314Z  INFO VirtualDom::wait_for_work:VirtualDom::process_events:VirtualDom::poll_tasks: dioxus_core::tasks: Polling task Task { id: 0, unsend: PhantomData<*const ()> }
2024-06-04T16:00:24.297441Z  INFO VirtualDom::wait_for_work:VirtualDom::process_events:VirtualDom::poll_tasks: dioxus_core::tasks: Task Task { id: 0, unsend: PhantomData<*const ()> } finished with result Pending
2024-06-04T16:00:24.297483Z TRACE VirtualDom::wait_for_work:VirtualDom::process_events:VirtualDom::poll_tasks: dioxus_core::virtual_dom: Marking scope ScopeId(3, "Doggo") as dirty
2024-06-04T16:00:24.297778Z TRACE VirtualDom::render_immediate:render{scope=Doggo}: dioxus_signals::signal: Subscribing to the reactive context ReactiveContext(for scope: ScopeId(3, "Doggo"))
2024-06-04T16:00:24.297865Z TRACE VirtualDom::render_immediate:render{scope=Doggo}: dioxus_signals::signal: Subscribing to the reactive context ReactiveContext(for scope: ScopeId(3, "Doggo"))
2024-06-04T16:00:24.297924Z TRACE VirtualDom::render_immediate:render{scope=Doggo}: dioxus_core::scope_context: looking for context dioxus_core::suspense::SuspenseContext (TypeId { t: (4533244013398082440, 10897659798729036060) }) in Doggo
2024-06-04T16:00:24.297964Z TRACE VirtualDom::render_immediate:render{scope=Doggo}: dioxus_core::scope_context: looking for context dioxus_core::suspense::SuspenseContext (TypeId { t: (4533244013398082440, 10897659798729036060) }) in FrozenContext
2024-06-04T16:00:24.297994Z TRACE VirtualDom::render_immediate:render{scope=Doggo}: dioxus_core::scope_context: found context TypeId { t: (9286496122914249738, 8586425926625933774) }
2024-06-04T16:00:24.298022Z TRACE VirtualDom::render_immediate:render{scope=Doggo}: dioxus_core::scope_context: looking for context dioxus_core::suspense::SuspenseContext (TypeId { t: (4533244013398082440, 10897659798729036060) }) in SuspenseBoundary
2024-06-04T16:00:24.298050Z TRACE VirtualDom::render_immediate:render{scope=Doggo}: dioxus_core::scope_context: found context TypeId { t: (4533244013398082440, 10897659798729036060) }
2024-06-04T16:00:24.328684Z TRACE VirtualDom::wait_for_work:VirtualDom::process_events: dioxus_core::virtual_dom: Marking task Task { id: 3, unsend: PhantomData<*const ()> } (spawned in ScopeId(4)) as dirty (called from Location { file: "packages/core/src/virtual_dom.rs", line: 505, col: 58 })
2024-06-04T16:00:24.328801Z  INFO VirtualDom::wait_for_work:VirtualDom::process_events:VirtualDom::poll_tasks: dioxus_core::tasks: Polling task Task { id: 3, unsend: PhantomData<*const ()> }
2024-06-04T16:00:24.328905Z  INFO VirtualDom::wait_for_work:VirtualDom::process_events:VirtualDom::poll_tasks: dioxus_core::tasks: Task Task { id: 3, unsend: PhantomData<*const ()> } finished with result Pending
2024-06-04T16:00:24.328950Z TRACE VirtualDom::wait_for_work:VirtualDom::process_events:VirtualDom::poll_tasks: dioxus_core::virtual_dom: Marking scope ScopeId(4, "Doggo") as dirty
2024-06-04T16:00:24.329100Z TRACE VirtualDom::render_immediate:render{scope=Doggo}: dioxus_signals::signal: Subscribing to the reactive context ReactiveContext(for scope: ScopeId(4, "Doggo"))
2024-06-04T16:00:24.329181Z TRACE VirtualDom::render_immediate:render{scope=Doggo}: dioxus_signals::signal: Subscribing to the reactive context ReactiveContext(for scope: ScopeId(4, "Doggo"))
2024-06-04T16:00:24.329213Z TRACE VirtualDom::render_immediate:render{scope=Doggo}: dioxus_core::scope_context: looking for context dioxus_core::suspense::SuspenseContext (TypeId { t: (4533244013398082440, 10897659798729036060) }) in Doggo
2024-06-04T16:00:24.329246Z TRACE VirtualDom::render_immediate:render{scope=Doggo}: dioxus_core::scope_context: looking for context dioxus_core::suspense::SuspenseContext (TypeId { t: (4533244013398082440, 10897659798729036060) }) in FrozenContext
2024-06-04T16:00:24.329269Z TRACE VirtualDom::render_immediate:render{scope=Doggo}: dioxus_core::scope_context: found context TypeId { t: (9286496122914249738, 8586425926625933774) }
2024-06-04T16:00:24.329302Z TRACE VirtualDom::render_immediate:render{scope=Doggo}: dioxus_core::scope_context: looking for context dioxus_core::suspense::SuspenseContext (TypeId { t: (4533244013398082440, 10897659798729036060) }) in SuspenseBoundary
2024-06-04T16:00:24.329324Z TRACE VirtualDom::render_immediate:render{scope=Doggo}: dioxus_core::scope_context: found context TypeId { t: (4533244013398082440, 10897659798729036060) }
2024-06-04T16:00:24.423484Z TRACE VirtualDom::wait_for_work:VirtualDom::process_events: dioxus_core::virtual_dom: Marking task Task { id: 0, unsend: PhantomData<*const ()> } (spawned in ScopeId(3)) as dirty (called from Location { file: "packages/core/src/virtual_dom.rs", line: 505, col: 58 })
2024-06-04T16:00:24.423624Z  INFO VirtualDom::wait_for_work:VirtualDom::process_events:VirtualDom::poll_tasks: dioxus_core::tasks: Polling task Task { id: 0, unsend: PhantomData<*const ()> }
2024-06-04T16:00:24.423724Z  INFO VirtualDom::wait_for_work:VirtualDom::process_events:VirtualDom::poll_tasks: dioxus_core::tasks: Task Task { id: 0, unsend: PhantomData<*const ()> } finished with result Pending
2024-06-04T16:00:24.423759Z TRACE VirtualDom::wait_for_work:VirtualDom::process_events:VirtualDom::poll_tasks: dioxus_core::virtual_dom: Marking scope ScopeId(3, "Doggo") as dirty
2024-06-04T16:00:24.423901Z TRACE VirtualDom::render_immediate:render{scope=Doggo}: dioxus_signals::signal: Subscribing to the reactive context ReactiveContext(for scope: ScopeId(3, "Doggo"))
2024-06-04T16:00:24.423941Z TRACE VirtualDom::render_immediate:render{scope=Doggo}: dioxus_signals::signal: Subscribing to the reactive context ReactiveContext(for scope: ScopeId(3, "Doggo"))
2024-06-04T16:00:24.423974Z TRACE VirtualDom::render_immediate:render{scope=Doggo}: dioxus_core::scope_context: looking for context dioxus_core::suspense::SuspenseContext (TypeId { t: (4533244013398082440, 10897659798729036060) }) in Doggo
2024-06-04T16:00:24.424003Z TRACE VirtualDom::render_immediate:render{scope=Doggo}: dioxus_core::scope_context: looking for context dioxus_core::suspense::SuspenseContext (TypeId { t: (4533244013398082440, 10897659798729036060) }) in FrozenContext
2024-06-04T16:00:24.424024Z TRACE VirtualDom::render_immediate:render{scope=Doggo}: dioxus_core::scope_context: found context TypeId { t: (9286496122914249738, 8586425926625933774) }
2024-06-04T16:00:24.424043Z TRACE VirtualDom::render_immediate:render{scope=Doggo}: dioxus_core::scope_context: looking for context dioxus_core::suspense::SuspenseContext (TypeId { t: (4533244013398082440, 10897659798729036060) }) in SuspenseBoundary
2024-06-04T16:00:24.424061Z TRACE VirtualDom::render_immediate:render{scope=Doggo}: dioxus_core::scope_context: found context TypeId { t: (4533244013398082440, 10897659798729036060) }
2024-06-04T16:00:24.430905Z TRACE VirtualDom::wait_for_work:VirtualDom::process_events: dioxus_core::virtual_dom: Marking task Task { id: 3, unsend: PhantomData<*const ()> } (spawned in ScopeId(4)) as dirty (called from Location { file: "packages/core/src/virtual_dom.rs", line: 505, col: 58 })
2024-06-04T16:00:24.430956Z  INFO VirtualDom::wait_for_work:VirtualDom::process_events:VirtualDom::poll_tasks: dioxus_core::tasks: Polling task Task { id: 3, unsend: PhantomData<*const ()> }
2024-06-04T16:00:24.431003Z  INFO VirtualDom::wait_for_work:VirtualDom::process_events:VirtualDom::poll_tasks: dioxus_core::tasks: Task Task { id: 3, unsend: PhantomData<*const ()> } finished with result Pending
2024-06-04T16:00:24.431028Z TRACE VirtualDom::wait_for_work:VirtualDom::process_events:VirtualDom::poll_tasks: dioxus_core::virtual_dom: Marking scope ScopeId(4, "Doggo") as dirty
2024-06-04T16:00:24.431111Z TRACE VirtualDom::render_immediate:render{scope=Doggo}: dioxus_signals::signal: Subscribing to the reactive context ReactiveContext(for scope: ScopeId(4, "Doggo"))
2024-06-04T16:00:24.431139Z TRACE VirtualDom::render_immediate:render{scope=Doggo}: dioxus_signals::signal: Subscribing to the reactive context ReactiveContext(for scope: ScopeId(4, "Doggo"))
2024-06-04T16:00:24.431171Z TRACE VirtualDom::render_immediate:render{scope=Doggo}: dioxus_core::scope_context: looking for context dioxus_core::suspense::SuspenseContext (TypeId { t: (4533244013398082440, 10897659798729036060) }) in Doggo
2024-06-04T16:00:24.431191Z TRACE VirtualDom::render_immediate:render{scope=Doggo}: dioxus_core::scope_context: looking for context dioxus_core::suspense::SuspenseContext (TypeId { t: (4533244013398082440, 10897659798729036060) }) in FrozenContext
2024-06-04T16:00:24.431208Z TRACE VirtualDom::render_immediate:render{scope=Doggo}: dioxus_core::scope_context: found context TypeId { t: (9286496122914249738, 8586425926625933774) }
2024-06-04T16:00:24.431225Z TRACE VirtualDom::render_immediate:render{scope=Doggo}: dioxus_core::scope_context: looking for context dioxus_core::suspense::SuspenseContext (TypeId { t: (4533244013398082440, 10897659798729036060) }) in SuspenseBoundary
2024-06-04T16:00:24.431241Z TRACE VirtualDom::render_immediate:render{scope=Doggo}: dioxus_core::scope_context: found context TypeId { t: (4533244013398082440, 10897659798729036060) }
2024-06-04T16:00:24.457571Z TRACE VirtualDom::wait_for_work:VirtualDom::process_events: dioxus_core::virtual_dom: Marking task Task { id: 6, unsend: PhantomData<*const ()> } (spawned in ScopeId(5)) as dirty (called from Location { file: "packages/core/src/virtual_dom.rs", line: 505, col: 58 })
2024-06-04T16:00:24.457640Z  INFO VirtualDom::wait_for_work:VirtualDom::process_events:VirtualDom::poll_tasks: dioxus_core::tasks: Polling task Task { id: 6, unsend: PhantomData<*const ()> }
2024-06-04T16:00:24.457682Z TRACE VirtualDom::wait_for_work:VirtualDom::process_events:VirtualDom::poll_tasks: dioxus_signals::signal: Write on signal at examples/suspense.rs:122:19 finished, updating subscribers
2024-06-04T16:00:24.457707Z TRACE VirtualDom::wait_for_work:VirtualDom::process_events:VirtualDom::poll_tasks: dioxus_signals::reactive_context: Marking reactive context created at packages/signals/src/reactive_context.rs:117:13 as dirty
2024-06-04T16:00:24.457722Z TRACE VirtualDom::wait_for_work:VirtualDom::process_events:VirtualDom::poll_tasks: dioxus_signals::reactive_context: Marking scope ScopeId(5, "LoadingDots") as dirty
2024-06-04T16:00:24.457755Z  INFO VirtualDom::wait_for_work:VirtualDom::process_events:VirtualDom::poll_tasks: dioxus_core::tasks: Task Task { id: 6, unsend: PhantomData<*const ()> } finished with result Pending
2024-06-04T16:00:24.457772Z TRACE VirtualDom::wait_for_work:VirtualDom::process_events:VirtualDom::poll_tasks: dioxus_core::virtual_dom: Marking scope ScopeId(5, "LoadingDots") as dirty
2024-06-04T16:00:24.457860Z TRACE VirtualDom::render_immediate:render{scope=LoadingDots}: dioxus_signals::signal: Subscribing to the reactive context ReactiveContext(for scope: ScopeId(5, "LoadingDots"))
2024-06-04T16:00:24.457891Z TRACE VirtualDom::render_immediate: dioxus_core::scope_context: looking for context dioxus_core::suspense::FrozenContext (TypeId { t: (9286496122914249738, 8586425926625933774) }) in LoadingDots
2024-06-04T16:00:24.457907Z TRACE VirtualDom::render_immediate: dioxus_core::scope_context: looking for context dioxus_core::suspense::FrozenContext (TypeId { t: (9286496122914249738, 8586425926625933774) }) in SuspenseBoundary
2024-06-04T16:00:24.457919Z TRACE VirtualDom::render_immediate: dioxus_core::scope_context: found context TypeId { t: (4533244013398082440, 10897659798729036060) }
2024-06-04T16:00:24.457930Z TRACE VirtualDom::render_immediate: dioxus_core::scope_context: looking for context dioxus_core::suspense::FrozenContext (TypeId { t: (9286496122914249738, 8586425926625933774) }) in app
2024-06-04T16:00:24.457942Z TRACE VirtualDom::render_immediate: dioxus_core::scope_context: found context TypeId { t: (3582638416876954437, 3810890675802792692) }
2024-06-04T16:00:24.457953Z TRACE VirtualDom::render_immediate: dioxus_core::scope_context: found context TypeId { t: (7946844621057603534, 4355211565432133561) }
2024-06-04T16:00:24.457964Z TRACE VirtualDom::render_immediate: dioxus_core::scope_context: found context TypeId { t: (10682502755203913650, 15985576721215419306) }
2024-06-04T16:00:24.457975Z TRACE VirtualDom::render_immediate: dioxus_core::scope_context: context dioxus_core::suspense::FrozenContext (TypeId { t: (9286496122914249738, 8586425926625933774) }) not found
2024-06-04T16:00:24.457994Z TRACE VirtualDom::render_immediate: dioxus_core::diff::node: moving mount self=VNode { vnode: VNodeInner { key: None, template: Cell { value: Template { name: "examples/suspense.rs:127:5:4128", roots: [Dynamic { id: 0 }], node_paths: [[0]], attr_paths: [] } }, dynamic_nodes: [Text(VText { value: ".." })], dynamic_attrs: [] }, mount: Cell { value: MountId(7) } } new=VNode { vnode: VNodeInner { key: None, template: Cell { value: Template { name: "examples/suspense.rs:127:5:4128", roots: [Dynamic { id: 0 }], node_paths: [[0]], attr_paths: [] } }, dynamic_nodes: [Text(VText { value: "..." })], dynamic_attrs: [] }, mount: Cell { value: MountId(7) } }
2024-06-04T16:00:24.458020Z TRACE VirtualDom::render_immediate: dioxus_core::diff::node: mount id: MountId(7)
2024-06-04T16:00:24.458030Z TRACE VirtualDom::render_immediate: dioxus_core::diff::node: mounts: Slab { len: 8, cap: 8 }
2024-06-04T16:00:24.526049Z TRACE VirtualDom::wait_for_work:VirtualDom::process_events: dioxus_core::virtual_dom: Marking task Task { id: 0, unsend: PhantomData<*const ()> } (spawned in ScopeId(3)) as dirty (called from Location { file: "packages/core/src/virtual_dom.rs", line: 505, col: 58 })
2024-06-04T16:00:24.526135Z  INFO VirtualDom::wait_for_work:VirtualDom::process_events:VirtualDom::poll_tasks: dioxus_core::tasks: Polling task Task { id: 0, unsend: PhantomData<*const ()> }
2024-06-04T16:00:24.526188Z  INFO VirtualDom::wait_for_work:VirtualDom::process_events:VirtualDom::poll_tasks: dioxus_core::tasks: Task Task { id: 0, unsend: PhantomData<*const ()> } finished with result Pending
2024-06-04T16:00:24.526207Z TRACE VirtualDom::wait_for_work:VirtualDom::process_events:VirtualDom::poll_tasks: dioxus_core::virtual_dom: Marking scope ScopeId(3, "Doggo") as dirty
2024-06-04T16:00:24.526319Z TRACE VirtualDom::render_immediate:render{scope=Doggo}: dioxus_signals::signal: Subscribing to the reactive context ReactiveContext(for scope: ScopeId(3, "Doggo"))
2024-06-04T16:00:24.526351Z TRACE VirtualDom::render_immediate:render{scope=Doggo}: dioxus_signals::signal: Subscribing to the reactive context ReactiveContext(for scope: ScopeId(3, "Doggo"))
2024-06-04T16:00:24.526378Z TRACE VirtualDom::render_immediate:render{scope=Doggo}: dioxus_core::scope_context: looking for context dioxus_core::suspense::SuspenseContext (TypeId { t: (4533244013398082440, 10897659798729036060) }) in Doggo
2024-06-04T16:00:24.526395Z TRACE VirtualDom::render_immediate:render{scope=Doggo}: dioxus_core::scope_context: looking for context dioxus_core::suspense::SuspenseContext (TypeId { t: (4533244013398082440, 10897659798729036060) }) in FrozenContext
2024-06-04T16:00:24.526409Z TRACE VirtualDom::render_immediate:render{scope=Doggo}: dioxus_core::scope_context: found context TypeId { t: (9286496122914249738, 8586425926625933774) }
2024-06-04T16:00:24.526423Z TRACE VirtualDom::render_immediate:render{scope=Doggo}: dioxus_core::scope_context: looking for context dioxus_core::suspense::SuspenseContext (TypeId { t: (4533244013398082440, 10897659798729036060) }) in SuspenseBoundary
2024-06-04T16:00:24.526436Z TRACE VirtualDom::render_immediate:render{scope=Doggo}: dioxus_core::scope_context: found context TypeId { t: (4533244013398082440, 10897659798729036060) }
2024-06-04T16:00:24.557504Z TRACE VirtualDom::wait_for_work:VirtualDom::process_events: dioxus_core::virtual_dom: Marking task Task { id: 3, unsend: PhantomData<*const ()> } (spawned in ScopeId(4)) as dirty (called from Location { file: "packages/core/src/virtual_dom.rs", line: 505, col: 58 })
2024-06-04T16:00:24.557584Z  INFO VirtualDom::wait_for_work:VirtualDom::process_events:VirtualDom::poll_tasks: dioxus_core::tasks: Polling task Task { id: 3, unsend: PhantomData<*const ()> }
2024-06-04T16:00:24.557640Z  INFO VirtualDom::wait_for_work:VirtualDom::process_events:VirtualDom::poll_tasks: dioxus_core::tasks: Task Task { id: 3, unsend: PhantomData<*const ()> } finished with result Pending
2024-06-04T16:00:24.557660Z TRACE VirtualDom::wait_for_work:VirtualDom::process_events:VirtualDom::poll_tasks: dioxus_core::virtual_dom: Marking scope ScopeId(4, "Doggo") as dirty
2024-06-04T16:00:24.557753Z TRACE VirtualDom::render_immediate:render{scope=Doggo}: dioxus_signals::signal: Subscribing to the reactive context ReactiveContext(for scope: ScopeId(4, "Doggo"))
2024-06-04T16:00:24.557785Z TRACE VirtualDom::render_immediate:render{scope=Doggo}: dioxus_signals::signal: Subscribing to the reactive context ReactiveContext(for scope: ScopeId(4, "Doggo"))
2024-06-04T16:00:24.557808Z TRACE VirtualDom::render_immediate:render{scope=Doggo}: dioxus_core::scope_context: looking for context dioxus_core::suspense::SuspenseContext (TypeId { t: (4533244013398082440, 10897659798729036060) }) in Doggo
2024-06-04T16:00:24.557825Z TRACE VirtualDom::render_immediate:render{scope=Doggo}: dioxus_core::scope_context: looking for context dioxus_core::suspense::SuspenseContext (TypeId { t: (4533244013398082440, 10897659798729036060) }) in FrozenContext
2024-06-04T16:00:24.557838Z TRACE VirtualDom::render_immediate:render{scope=Doggo}: dioxus_core::scope_context: found context TypeId { t: (9286496122914249738, 8586425926625933774) }
2024-06-04T16:00:24.557851Z TRACE VirtualDom::render_immediate:render{scope=Doggo}: dioxus_core::scope_context: looking for context dioxus_core::suspense::SuspenseContext (TypeId { t: (4533244013398082440, 10897659798729036060) }) in SuspenseBoundary
2024-06-04T16:00:24.557864Z TRACE VirtualDom::render_immediate:render{scope=Doggo}: dioxus_core::scope_context: found context TypeId { t: (4533244013398082440, 10897659798729036060) }
2024-06-04T16:00:24.628135Z TRACE VirtualDom::wait_for_work:VirtualDom::process_events: dioxus_core::virtual_dom: Marking task Task { id: 0, unsend: PhantomData<*const ()> } (spawned in ScopeId(3)) as dirty (called from Location { file: "packages/core/src/virtual_dom.rs", line: 505, col: 58 })
2024-06-04T16:00:24.628216Z  INFO VirtualDom::wait_for_work:VirtualDom::process_events:VirtualDom::poll_tasks: dioxus_core::tasks: Polling task Task { id: 0, unsend: PhantomData<*const ()> }
2024-06-04T16:00:24.628268Z  INFO VirtualDom::wait_for_work:VirtualDom::process_events:VirtualDom::poll_tasks: dioxus_core::tasks: Task Task { id: 0, unsend: PhantomData<*const ()> } finished with result Pending
2024-06-04T16:00:24.628289Z TRACE VirtualDom::wait_for_work:VirtualDom::process_events:VirtualDom::poll_tasks: dioxus_core::virtual_dom: Marking scope ScopeId(3, "Doggo") as dirty
2024-06-04T16:00:24.628397Z TRACE VirtualDom::render_immediate:render{scope=Doggo}: dioxus_signals::signal: Subscribing to the reactive context ReactiveContext(for scope: ScopeId(3, "Doggo"))
2024-06-04T16:00:24.628432Z TRACE VirtualDom::render_immediate:render{scope=Doggo}: dioxus_signals::signal: Subscribing to the reactive context ReactiveContext(for scope: ScopeId(3, "Doggo"))
2024-06-04T16:00:24.628458Z TRACE VirtualDom::render_immediate:render{scope=Doggo}: dioxus_core::scope_context: looking for context dioxus_core::suspense::SuspenseContext (TypeId { t: (4533244013398082440, 10897659798729036060) }) in Doggo
2024-06-04T16:00:24.628475Z TRACE VirtualDom::render_immediate:render{scope=Doggo}: dioxus_core::scope_context: looking for context dioxus_core::suspense::SuspenseContext (TypeId { t: (4533244013398082440, 10897659798729036060) }) in FrozenContext
2024-06-04T16:00:24.628489Z TRACE VirtualDom::render_immediate:render{scope=Doggo}: dioxus_core::scope_context: found context TypeId { t: (9286496122914249738, 8586425926625933774) }
2024-06-04T16:00:24.628502Z TRACE VirtualDom::render_immediate:render{scope=Doggo}: dioxus_core::scope_context: looking for context dioxus_core::suspense::SuspenseContext (TypeId { t: (4533244013398082440, 10897659798729036060) }) in SuspenseBoundary
2024-06-04T16:00:24.628516Z TRACE VirtualDom::render_immediate:render{scope=Doggo}: dioxus_core::scope_context: found context TypeId { t: (4533244013398082440, 10897659798729036060) }
2024-06-04T16:00:24.659198Z TRACE VirtualDom::wait_for_work:VirtualDom::process_events: dioxus_core::virtual_dom: Marking task Task { id: 6, unsend: PhantomData<*const ()> } (spawned in ScopeId(5)) as dirty (called from Location { file: "packages/core/src/virtual_dom.rs", line: 505, col: 58 })
2024-06-04T16:00:24.659270Z TRACE VirtualDom::wait_for_work:VirtualDom::process_events: dioxus_core::virtual_dom: Marking task Task { id: 3, unsend: PhantomData<*const ()> } (spawned in ScopeId(4)) as dirty (called from Location { file: "packages/core/src/virtual_dom.rs", line: 505, col: 58 })
2024-06-04T16:00:24.659306Z  INFO VirtualDom::wait_for_work:VirtualDom::process_events:VirtualDom::poll_tasks: dioxus_core::tasks: Polling task Task { id: 6, unsend: PhantomData<*const ()> }
2024-06-04T16:00:24.659356Z TRACE VirtualDom::wait_for_work:VirtualDom::process_events:VirtualDom::poll_tasks: dioxus_signals::signal: Write on signal at examples/suspense.rs:122:19 finished, updating subscribers
2024-06-04T16:00:24.659381Z TRACE VirtualDom::wait_for_work:VirtualDom::process_events:VirtualDom::poll_tasks: dioxus_signals::reactive_context: Marking reactive context created at packages/signals/src/reactive_context.rs:117:13 as dirty
2024-06-04T16:00:24.659405Z TRACE VirtualDom::wait_for_work:VirtualDom::process_events:VirtualDom::poll_tasks: dioxus_signals::reactive_context: Marking scope ScopeId(5, "LoadingDots") as dirty
2024-06-04T16:00:24.659437Z  INFO VirtualDom::wait_for_work:VirtualDom::process_events:VirtualDom::poll_tasks: dioxus_core::tasks: Task Task { id: 6, unsend: PhantomData<*const ()> } finished with result Pending
2024-06-04T16:00:24.659455Z TRACE VirtualDom::wait_for_work:VirtualDom::process_events:VirtualDom::poll_tasks: dioxus_core::virtual_dom: Marking scope ScopeId(5, "LoadingDots") as dirty
2024-06-04T16:00:24.659563Z TRACE VirtualDom::render_immediate:render{scope=LoadingDots}: dioxus_signals::signal: Subscribing to the reactive context ReactiveContext(for scope: ScopeId(5, "LoadingDots"))
2024-06-04T16:00:24.659597Z TRACE VirtualDom::render_immediate: dioxus_core::scope_context: looking for context dioxus_core::suspense::FrozenContext (TypeId { t: (9286496122914249738, 8586425926625933774) }) in LoadingDots
2024-06-04T16:00:24.659611Z TRACE VirtualDom::render_immediate: dioxus_core::scope_context: looking for context dioxus_core::suspense::FrozenContext (TypeId { t: (9286496122914249738, 8586425926625933774) }) in SuspenseBoundary
2024-06-04T16:00:24.659623Z TRACE VirtualDom::render_immediate: dioxus_core::scope_context: found context TypeId { t: (4533244013398082440, 10897659798729036060) }
2024-06-04T16:00:24.659634Z TRACE VirtualDom::render_immediate: dioxus_core::scope_context: looking for context dioxus_core::suspense::FrozenContext (TypeId { t: (9286496122914249738, 8586425926625933774) }) in app
2024-06-04T16:00:24.659645Z TRACE VirtualDom::render_immediate: dioxus_core::scope_context: found context TypeId { t: (3582638416876954437, 3810890675802792692) }
2024-06-04T16:00:24.659655Z TRACE VirtualDom::render_immediate: dioxus_core::scope_context: found context TypeId { t: (7946844621057603534, 4355211565432133561) }
2024-06-04T16:00:24.659665Z TRACE VirtualDom::render_immediate: dioxus_core::scope_context: found context TypeId { t: (10682502755203913650, 15985576721215419306) }
2024-06-04T16:00:24.659676Z TRACE VirtualDom::render_immediate: dioxus_core::scope_context: context dioxus_core::suspense::FrozenContext (TypeId { t: (9286496122914249738, 8586425926625933774) }) not found
2024-06-04T16:00:24.659695Z TRACE VirtualDom::render_immediate: dioxus_core::diff::node: moving mount self=VNode { vnode: VNodeInner { key: None, template: Cell { value: Template { name: "examples/suspense.rs:127:5:4128", roots: [Dynamic { id: 0 }], node_paths: [[0]], attr_paths: [] } }, dynamic_nodes: [Text(VText { value: "..." })], dynamic_attrs: [] }, mount: Cell { value: MountId(7) } } new=VNode { vnode: VNodeInner { key: None, template: Cell { value: Template { name: "examples/suspense.rs:127:5:4128", roots: [Dynamic { id: 0 }], node_paths: [[0]], attr_paths: [] } }, dynamic_nodes: [Text(VText { value: "" })], dynamic_attrs: [] }, mount: Cell { value: MountId(7) } }
2024-06-04T16:00:24.659725Z TRACE VirtualDom::render_immediate: dioxus_core::diff::node: mount id: MountId(7)
2024-06-04T16:00:24.659735Z TRACE VirtualDom::render_immediate: dioxus_core::diff::node: mounts: Slab { len: 8, cap: 8 }
2024-06-04T16:00:24.659760Z  INFO VirtualDom::render_immediate: dioxus_core::tasks: Polling task Task { id: 3, unsend: PhantomData<*const ()> }
2024-06-04T16:00:24.659792Z  INFO VirtualDom::render_immediate: dioxus_core::tasks: Task Task { id: 3, unsend: PhantomData<*const ()> } finished with result Pending
2024-06-04T16:00:24.659805Z TRACE VirtualDom::render_immediate: dioxus_core::virtual_dom: Marking scope ScopeId(4, "Doggo") as dirty
2024-06-04T16:00:24.659842Z TRACE VirtualDom::render_immediate:render{scope=Doggo}: dioxus_signals::signal: Subscribing to the reactive context ReactiveContext(for scope: ScopeId(4, "Doggo"))
2024-06-04T16:00:24.659862Z TRACE VirtualDom::render_immediate:render{scope=Doggo}: dioxus_signals::signal: Subscribing to the reactive context ReactiveContext(for scope: ScopeId(4, "Doggo"))
2024-06-04T16:00:24.659903Z TRACE VirtualDom::render_immediate:render{scope=Doggo}: dioxus_core::scope_context: looking for context dioxus_core::suspense::SuspenseContext (TypeId { t: (4533244013398082440, 10897659798729036060) }) in Doggo
2024-06-04T16:00:24.659917Z TRACE VirtualDom::render_immediate:render{scope=Doggo}: dioxus_core::scope_context: looking for context dioxus_core::suspense::SuspenseContext (TypeId { t: (4533244013398082440, 10897659798729036060) }) in FrozenContext
2024-06-04T16:00:24.659930Z TRACE VirtualDom::render_immediate:render{scope=Doggo}: dioxus_core::scope_context: found context TypeId { t: (9286496122914249738, 8586425926625933774) }
2024-06-04T16:00:24.659941Z TRACE VirtualDom::render_immediate:render{scope=Doggo}: dioxus_core::scope_context: looking for context dioxus_core::suspense::SuspenseContext (TypeId { t: (4533244013398082440, 10897659798729036060) }) in SuspenseBoundary
2024-06-04T16:00:24.659952Z TRACE VirtualDom::render_immediate:render{scope=Doggo}: dioxus_core::scope_context: found context TypeId { t: (4533244013398082440, 10897659798729036060) }
2024-06-04T16:00:24.730553Z TRACE VirtualDom::wait_for_work:VirtualDom::process_events: dioxus_core::virtual_dom: Marking task Task { id: 0, unsend: PhantomData<*const ()> } (spawned in ScopeId(3)) as dirty (called from Location { file: "packages/core/src/virtual_dom.rs", line: 505, col: 58 })
2024-06-04T16:00:24.730631Z  INFO VirtualDom::wait_for_work:VirtualDom::process_events:VirtualDom::poll_tasks: dioxus_core::tasks: Polling task Task { id: 0, unsend: PhantomData<*const ()> }
2024-06-04T16:00:24.730682Z  INFO VirtualDom::wait_for_work:VirtualDom::process_events:VirtualDom::poll_tasks: dioxus_core::tasks: Task Task { id: 0, unsend: PhantomData<*const ()> } finished with result Pending
2024-06-04T16:00:24.730702Z TRACE VirtualDom::wait_for_work:VirtualDom::process_events:VirtualDom::poll_tasks: dioxus_core::virtual_dom: Marking scope ScopeId(3, "Doggo") as dirty
2024-06-04T16:00:24.730800Z TRACE VirtualDom::render_immediate:render{scope=Doggo}: dioxus_signals::signal: Subscribing to the reactive context ReactiveContext(for scope: ScopeId(3, "Doggo"))
2024-06-04T16:00:24.730831Z TRACE VirtualDom::render_immediate:render{scope=Doggo}: dioxus_signals::signal: Subscribing to the reactive context ReactiveContext(for scope: ScopeId(3, "Doggo"))
2024-06-04T16:00:24.730853Z TRACE VirtualDom::render_immediate:render{scope=Doggo}: dioxus_core::scope_context: looking for context dioxus_core::suspense::SuspenseContext (TypeId { t: (4533244013398082440, 10897659798729036060) }) in Doggo
2024-06-04T16:00:24.730869Z TRACE VirtualDom::render_immediate:render{scope=Doggo}: dioxus_core::scope_context: looking for context dioxus_core::suspense::SuspenseContext (TypeId { t: (4533244013398082440, 10897659798729036060) }) in FrozenContext
2024-06-04T16:00:24.730881Z TRACE VirtualDom::render_immediate:render{scope=Doggo}: dioxus_core::scope_context: found context TypeId { t: (9286496122914249738, 8586425926625933774) }
2024-06-04T16:00:24.730893Z TRACE VirtualDom::render_immediate:render{scope=Doggo}: dioxus_core::scope_context: looking for context dioxus_core::suspense::SuspenseContext (TypeId { t: (4533244013398082440, 10897659798729036060) }) in SuspenseBoundary
2024-06-04T16:00:24.730904Z TRACE VirtualDom::render_immediate:render{scope=Doggo}: dioxus_core::scope_context: found context TypeId { t: (4533244013398082440, 10897659798729036060) }
2024-06-04T16:00:24.761237Z TRACE VirtualDom::wait_for_work:VirtualDom::process_events: dioxus_core::virtual_dom: Marking task Task { id: 3, unsend: PhantomData<*const ()> } (spawned in ScopeId(4)) as dirty (called from Location { file: "packages/core/src/virtual_dom.rs", line: 505, col: 58 })
2024-06-04T16:00:24.761309Z  INFO VirtualDom::wait_for_work:VirtualDom::process_events:VirtualDom::poll_tasks: dioxus_core::tasks: Polling task Task { id: 3, unsend: PhantomData<*const ()> }
2024-06-04T16:00:24.761360Z  INFO VirtualDom::wait_for_work:VirtualDom::process_events:VirtualDom::poll_tasks: dioxus_core::tasks: Task Task { id: 3, unsend: PhantomData<*const ()> } finished with result Pending
2024-06-04T16:00:24.761380Z TRACE VirtualDom::wait_for_work:VirtualDom::process_events:VirtualDom::poll_tasks: dioxus_core::virtual_dom: Marking scope ScopeId(4, "Doggo") as dirty
2024-06-04T16:00:24.761475Z TRACE VirtualDom::render_immediate:render{scope=Doggo}: dioxus_signals::signal: Subscribing to the reactive context ReactiveContext(for scope: ScopeId(4, "Doggo"))
2024-06-04T16:00:24.761507Z TRACE VirtualDom::render_immediate:render{scope=Doggo}: dioxus_signals::signal: Subscribing to the reactive context ReactiveContext(for scope: ScopeId(4, "Doggo"))
2024-06-04T16:00:24.761530Z TRACE VirtualDom::render_immediate:render{scope=Doggo}: dioxus_core::scope_context: looking for context dioxus_core::suspense::SuspenseContext (TypeId { t: (4533244013398082440, 10897659798729036060) }) in Doggo
2024-06-04T16:00:24.761545Z TRACE VirtualDom::render_immediate:render{scope=Doggo}: dioxus_core::scope_context: looking for context dioxus_core::suspense::SuspenseContext (TypeId { t: (4533244013398082440, 10897659798729036060) }) in FrozenContext
2024-06-04T16:00:24.761558Z TRACE VirtualDom::render_immediate:render{scope=Doggo}: dioxus_core::scope_context: found context TypeId { t: (9286496122914249738, 8586425926625933774) }
2024-06-04T16:00:24.761575Z TRACE VirtualDom::render_immediate:render{scope=Doggo}: dioxus_core::scope_context: looking for context dioxus_core::suspense::SuspenseContext (TypeId { t: (4533244013398082440, 10897659798729036060) }) in SuspenseBoundary
2024-06-04T16:00:24.761587Z TRACE VirtualDom::render_immediate:render{scope=Doggo}: dioxus_core::scope_context: found context TypeId { t: (4533244013398082440, 10897659798729036060) }
2024-06-04T16:00:24.832079Z TRACE VirtualDom::wait_for_work:VirtualDom::process_events: dioxus_core::virtual_dom: Marking task Task { id: 0, unsend: PhantomData<*const ()> } (spawned in ScopeId(3)) as dirty (called from Location { file: "packages/core/src/virtual_dom.rs", line: 505, col: 58 })
2024-06-04T16:00:24.832177Z  INFO VirtualDom::wait_for_work:VirtualDom::process_events:VirtualDom::poll_tasks: dioxus_core::tasks: Polling task Task { id: 0, unsend: PhantomData<*const ()> }
2024-06-04T16:00:24.832246Z  INFO VirtualDom::wait_for_work:VirtualDom::process_events:VirtualDom::poll_tasks: dioxus_core::tasks: Task Task { id: 0, unsend: PhantomData<*const ()> } finished with result Pending
2024-06-04T16:00:24.832271Z TRACE VirtualDom::wait_for_work:VirtualDom::process_events:VirtualDom::poll_tasks: dioxus_core::virtual_dom: Marking scope ScopeId(3, "Doggo") as dirty
2024-06-04T16:00:24.832389Z TRACE VirtualDom::render_immediate:render{scope=Doggo}: dioxus_signals::signal: Subscribing to the reactive context ReactiveContext(for scope: ScopeId(3, "Doggo"))
2024-06-04T16:00:24.832427Z TRACE VirtualDom::render_immediate:render{scope=Doggo}: dioxus_signals::signal: Subscribing to the reactive context ReactiveContext(for scope: ScopeId(3, "Doggo"))
2024-06-04T16:00:24.832450Z TRACE VirtualDom::render_immediate:render{scope=Doggo}: dioxus_core::scope_context: looking for context dioxus_core::suspense::SuspenseContext (TypeId { t: (4533244013398082440, 10897659798729036060) }) in Doggo
2024-06-04T16:00:24.832466Z TRACE VirtualDom::render_immediate:render{scope=Doggo}: dioxus_core::scope_context: looking for context dioxus_core::suspense::SuspenseContext (TypeId { t: (4533244013398082440, 10897659798729036060) }) in FrozenContext
2024-06-04T16:00:24.832479Z TRACE VirtualDom::render_immediate:render{scope=Doggo}: dioxus_core::scope_context: found context TypeId { t: (9286496122914249738, 8586425926625933774) }
2024-06-04T16:00:24.832490Z TRACE VirtualDom::render_immediate:render{scope=Doggo}: dioxus_core::scope_context: looking for context dioxus_core::suspense::SuspenseContext (TypeId { t: (4533244013398082440, 10897659798729036060) }) in SuspenseBoundary
2024-06-04T16:00:24.832502Z TRACE VirtualDom::render_immediate:render{scope=Doggo}: dioxus_core::scope_context: found context TypeId { t: (4533244013398082440, 10897659798729036060) }
2024-06-04T16:00:24.862172Z TRACE VirtualDom::wait_for_work:VirtualDom::process_events: dioxus_core::virtual_dom: Marking task Task { id: 6, unsend: PhantomData<*const ()> } (spawned in ScopeId(5)) as dirty (called from Location { file: "packages/core/src/virtual_dom.rs", line: 505, col: 58 })
2024-06-04T16:00:24.862245Z TRACE VirtualDom::wait_for_work:VirtualDom::process_events: dioxus_core::virtual_dom: Marking task Task { id: 3, unsend: PhantomData<*const ()> } (spawned in ScopeId(4)) as dirty (called from Location { file: "packages/core/src/virtual_dom.rs", line: 505, col: 58 })
2024-06-04T16:00:24.862281Z  INFO VirtualDom::wait_for_work:VirtualDom::process_events:VirtualDom::poll_tasks: dioxus_core::tasks: Polling task Task { id: 6, unsend: PhantomData<*const ()> }
2024-06-04T16:00:24.862330Z TRACE VirtualDom::wait_for_work:VirtualDom::process_events:VirtualDom::poll_tasks: dioxus_signals::signal: Write on signal at examples/suspense.rs:122:19 finished, updating subscribers
2024-06-04T16:00:24.862356Z TRACE VirtualDom::wait_for_work:VirtualDom::process_events:VirtualDom::poll_tasks: dioxus_signals::reactive_context: Marking reactive context created at packages/signals/src/reactive_context.rs:117:13 as dirty
2024-06-04T16:00:24.862370Z TRACE VirtualDom::wait_for_work:VirtualDom::process_events:VirtualDom::poll_tasks: dioxus_signals::reactive_context: Marking scope ScopeId(5, "LoadingDots") as dirty
2024-06-04T16:00:24.862402Z  INFO VirtualDom::wait_for_work:VirtualDom::process_events:VirtualDom::poll_tasks: dioxus_core::tasks: Task Task { id: 6, unsend: PhantomData<*const ()> } finished with result Pending
2024-06-04T16:00:24.862420Z TRACE VirtualDom::wait_for_work:VirtualDom::process_events:VirtualDom::poll_tasks: dioxus_core::virtual_dom: Marking scope ScopeId(5, "LoadingDots") as dirty
2024-06-04T16:00:24.862521Z TRACE VirtualDom::render_immediate:render{scope=LoadingDots}: dioxus_signals::signal: Subscribing to the reactive context ReactiveContext(for scope: ScopeId(5, "LoadingDots"))
2024-06-04T16:00:24.862556Z TRACE VirtualDom::render_immediate: dioxus_core::scope_context: looking for context dioxus_core::suspense::FrozenContext (TypeId { t: (9286496122914249738, 8586425926625933774) }) in LoadingDots
2024-06-04T16:00:24.862569Z TRACE VirtualDom::render_immediate: dioxus_core::scope_context: looking for context dioxus_core::suspense::FrozenContext (TypeId { t: (9286496122914249738, 8586425926625933774) }) in SuspenseBoundary
2024-06-04T16:00:24.862580Z TRACE VirtualDom::render_immediate: dioxus_core::scope_context: found context TypeId { t: (4533244013398082440, 10897659798729036060) }
2024-06-04T16:00:24.862589Z TRACE VirtualDom::render_immediate: dioxus_core::scope_context: looking for context dioxus_core::suspense::FrozenContext (TypeId { t: (9286496122914249738, 8586425926625933774) }) in app
2024-06-04T16:00:24.862599Z TRACE VirtualDom::render_immediate: dioxus_core::scope_context: found context TypeId { t: (3582638416876954437, 3810890675802792692) }
2024-06-04T16:00:24.862614Z TRACE VirtualDom::render_immediate: dioxus_core::scope_context: found context TypeId { t: (7946844621057603534, 4355211565432133561) }
2024-06-04T16:00:24.862623Z TRACE VirtualDom::render_immediate: dioxus_core::scope_context: found context TypeId { t: (10682502755203913650, 15985576721215419306) }
2024-06-04T16:00:24.862633Z TRACE VirtualDom::render_immediate: dioxus_core::scope_context: context dioxus_core::suspense::FrozenContext (TypeId { t: (9286496122914249738, 8586425926625933774) }) not found
2024-06-04T16:00:24.862653Z TRACE VirtualDom::render_immediate: dioxus_core::diff::node: moving mount self=VNode { vnode: VNodeInner { key: None, template: Cell { value: Template { name: "examples/suspense.rs:127:5:4128", roots: [Dynamic { id: 0 }], node_paths: [[0]], attr_paths: [] } }, dynamic_nodes: [Text(VText { value: "" })], dynamic_attrs: [] }, mount: Cell { value: MountId(7) } } new=VNode { vnode: VNodeInner { key: None, template: Cell { value: Template { name: "examples/suspense.rs:127:5:4128", roots: [Dynamic { id: 0 }], node_paths: [[0]], attr_paths: [] } }, dynamic_nodes: [Text(VText { value: "." })], dynamic_attrs: [] }, mount: Cell { value: MountId(7) } }
2024-06-04T16:00:24.862689Z TRACE VirtualDom::render_immediate: dioxus_core::diff::node: mount id: MountId(7)
2024-06-04T16:00:24.862698Z TRACE VirtualDom::render_immediate: dioxus_core::diff::node: mounts: Slab { len: 8, cap: 8 }
2024-06-04T16:00:24.862722Z  INFO VirtualDom::render_immediate: dioxus_core::tasks: Polling task Task { id: 3, unsend: PhantomData<*const ()> }
2024-06-04T16:00:24.862752Z  INFO VirtualDom::render_immediate: dioxus_core::tasks: Task Task { id: 3, unsend: PhantomData<*const ()> } finished with result Pending
2024-06-04T16:00:24.862765Z TRACE VirtualDom::render_immediate: dioxus_core::virtual_dom: Marking scope ScopeId(4, "Doggo") as dirty
2024-06-04T16:00:24.862805Z TRACE VirtualDom::render_immediate:render{scope=Doggo}: dioxus_signals::signal: Subscribing to the reactive context ReactiveContext(for scope: ScopeId(4, "Doggo"))
2024-06-04T16:00:24.862827Z TRACE VirtualDom::render_immediate:render{scope=Doggo}: dioxus_signals::signal: Subscribing to the reactive context ReactiveContext(for scope: ScopeId(4, "Doggo"))
2024-06-04T16:00:24.862846Z TRACE VirtualDom::render_immediate:render{scope=Doggo}: dioxus_core::scope_context: looking for context dioxus_core::suspense::SuspenseContext (TypeId { t: (4533244013398082440, 10897659798729036060) }) in Doggo
2024-06-04T16:00:24.862861Z TRACE VirtualDom::render_immediate:render{scope=Doggo}: dioxus_core::scope_context: looking for context dioxus_core::suspense::SuspenseContext (TypeId { t: (4533244013398082440, 10897659798729036060) }) in FrozenContext
2024-06-04T16:00:24.862875Z TRACE VirtualDom::render_immediate:render{scope=Doggo}: dioxus_core::scope_context: found context TypeId { t: (9286496122914249738, 8586425926625933774) }
2024-06-04T16:00:24.862889Z TRACE VirtualDom::render_immediate:render{scope=Doggo}: dioxus_core::scope_context: looking for context dioxus_core::suspense::SuspenseContext (TypeId { t: (4533244013398082440, 10897659798729036060) }) in SuspenseBoundary
2024-06-04T16:00:24.862901Z TRACE VirtualDom::render_immediate:render{scope=Doggo}: dioxus_core::scope_context: found context TypeId { t: (4533244013398082440, 10897659798729036060) }
2024-06-04T16:00:24.934633Z TRACE VirtualDom::wait_for_work:VirtualDom::process_events: dioxus_core::virtual_dom: Marking task Task { id: 0, unsend: PhantomData<*const ()> } (spawned in ScopeId(3)) as dirty (called from Location { file: "packages/core/src/virtual_dom.rs", line: 505, col: 58 })
2024-06-04T16:00:24.934749Z  INFO VirtualDom::wait_for_work:VirtualDom::process_events:VirtualDom::poll_tasks: dioxus_core::tasks: Polling task Task { id: 0, unsend: PhantomData<*const ()> }
2024-06-04T16:00:24.934812Z  INFO VirtualDom::wait_for_work:VirtualDom::process_events:VirtualDom::poll_tasks: dioxus_core::tasks: Task Task { id: 0, unsend: PhantomData<*const ()> } finished with result Pending
2024-06-04T16:00:24.934835Z TRACE VirtualDom::wait_for_work:VirtualDom::process_events:VirtualDom::poll_tasks: dioxus_core::virtual_dom: Marking scope ScopeId(3, "Doggo") as dirty
2024-06-04T16:00:24.934946Z TRACE VirtualDom::render_immediate:render{scope=Doggo}: dioxus_signals::signal: Subscribing to the reactive context ReactiveContext(for scope: ScopeId(3, "Doggo"))
2024-06-04T16:00:24.934978Z TRACE VirtualDom::render_immediate:render{scope=Doggo}: dioxus_signals::signal: Subscribing to the reactive context ReactiveContext(for scope: ScopeId(3, "Doggo"))
2024-06-04T16:00:24.934999Z TRACE VirtualDom::render_immediate:render{scope=Doggo}: dioxus_core::scope_context: looking for context dioxus_core::suspense::SuspenseContext (TypeId { t: (4533244013398082440, 10897659798729036060) }) in Doggo
2024-06-04T16:00:24.935013Z TRACE VirtualDom::render_immediate:render{scope=Doggo}: dioxus_core::scope_context: looking for context dioxus_core::suspense::SuspenseContext (TypeId { t: (4533244013398082440, 10897659798729036060) }) in FrozenContext
2024-06-04T16:00:24.935025Z TRACE VirtualDom::render_immediate:render{scope=Doggo}: dioxus_core::scope_context: found context TypeId { t: (9286496122914249738, 8586425926625933774) }
2024-06-04T16:00:24.935037Z TRACE VirtualDom::render_immediate:render{scope=Doggo}: dioxus_core::scope_context: looking for context dioxus_core::suspense::SuspenseContext (TypeId { t: (4533244013398082440, 10897659798729036060) }) in SuspenseBoundary
2024-06-04T16:00:24.935048Z TRACE VirtualDom::render_immediate:render{scope=Doggo}: dioxus_core::scope_context: found context TypeId { t: (4533244013398082440, 10897659798729036060) }
2024-06-04T16:00:24.964674Z TRACE VirtualDom::wait_for_work:VirtualDom::process_events: dioxus_core::virtual_dom: Marking task Task { id: 3, unsend: PhantomData<*const ()> } (spawned in ScopeId(4)) as dirty (called from Location { file: "packages/core/src/virtual_dom.rs", line: 505, col: 58 })
2024-06-04T16:00:24.964754Z  INFO VirtualDom::wait_for_work:VirtualDom::process_events:VirtualDom::poll_tasks: dioxus_core::tasks: Polling task Task { id: 3, unsend: PhantomData<*const ()> }
2024-06-04T16:00:24.964835Z  INFO VirtualDom::wait_for_work:VirtualDom::process_events:VirtualDom::poll_tasks: dioxus_core::tasks: Task Task { id: 3, unsend: PhantomData<*const ()> } finished with result Pending
2024-06-04T16:00:24.964854Z TRACE VirtualDom::wait_for_work:VirtualDom::process_events:VirtualDom::poll_tasks: dioxus_core::virtual_dom: Marking scope ScopeId(4, "Doggo") as dirty
2024-06-04T16:00:24.964944Z TRACE VirtualDom::render_immediate:render{scope=Doggo}: dioxus_signals::signal: Subscribing to the reactive context ReactiveContext(for scope: ScopeId(4, "Doggo"))
2024-06-04T16:00:24.964972Z TRACE VirtualDom::render_immediate:render{scope=Doggo}: dioxus_signals::signal: Subscribing to the reactive context ReactiveContext(for scope: ScopeId(4, "Doggo"))
2024-06-04T16:00:24.964991Z TRACE VirtualDom::render_immediate:render{scope=Doggo}: dioxus_core::scope_context: looking for context dioxus_core::suspense::SuspenseContext (TypeId { t: (4533244013398082440, 10897659798729036060) }) in Doggo
2024-06-04T16:00:24.965008Z TRACE VirtualDom::render_immediate:render{scope=Doggo}: dioxus_core::scope_context: looking for context dioxus_core::suspense::SuspenseContext (TypeId { t: (4533244013398082440, 10897659798729036060) }) in FrozenContext
2024-06-04T16:00:24.965023Z TRACE VirtualDom::render_immediate:render{scope=Doggo}: dioxus_core::scope_context: found context TypeId { t: (9286496122914249738, 8586425926625933774) }
2024-06-04T16:00:24.965034Z TRACE VirtualDom::render_immediate:render{scope=Doggo}: dioxus_core::scope_context: looking for context dioxus_core::suspense::SuspenseContext (TypeId { t: (4533244013398082440, 10897659798729036060) }) in SuspenseBoundary
2024-06-04T16:00:24.965045Z TRACE VirtualDom::render_immediate:render{scope=Doggo}: dioxus_core::scope_context: found context TypeId { t: (4533244013398082440, 10897659798729036060) }
2024-06-04T16:00:25.036784Z TRACE VirtualDom::wait_for_work:VirtualDom::process_events: dioxus_core::virtual_dom: Marking task Task { id: 0, unsend: PhantomData<*const ()> } (spawned in ScopeId(3)) as dirty (called from Location { file: "packages/core/src/virtual_dom.rs", line: 505, col: 58 })
2024-06-04T16:00:25.036871Z  INFO VirtualDom::wait_for_work:VirtualDom::process_events:VirtualDom::poll_tasks: dioxus_core::tasks: Polling task Task { id: 0, unsend: PhantomData<*const ()> }
2024-06-04T16:00:25.036928Z  INFO VirtualDom::wait_for_work:VirtualDom::process_events:VirtualDom::poll_tasks: dioxus_core::tasks: Task Task { id: 0, unsend: PhantomData<*const ()> } finished with result Pending
2024-06-04T16:00:25.036948Z TRACE VirtualDom::wait_for_work:VirtualDom::process_events:VirtualDom::poll_tasks: dioxus_core::virtual_dom: Marking scope ScopeId(3, "Doggo") as dirty
2024-06-04T16:00:25.037050Z TRACE VirtualDom::render_immediate:render{scope=Doggo}: dioxus_signals::signal: Subscribing to the reactive context ReactiveContext(for scope: ScopeId(3, "Doggo"))
2024-06-04T16:00:25.037091Z TRACE VirtualDom::render_immediate:render{scope=Doggo}: dioxus_signals::signal: Subscribing to the reactive context ReactiveContext(for scope: ScopeId(3, "Doggo"))
2024-06-04T16:00:25.037112Z TRACE VirtualDom::render_immediate:render{scope=Doggo}: dioxus_core::scope_context: looking for context dioxus_core::suspense::SuspenseContext (TypeId { t: (4533244013398082440, 10897659798729036060) }) in Doggo
2024-06-04T16:00:25.037125Z TRACE VirtualDom::render_immediate:render{scope=Doggo}: dioxus_core::scope_context: looking for context dioxus_core::suspense::SuspenseContext (TypeId { t: (4533244013398082440, 10897659798729036060) }) in FrozenContext
2024-06-04T16:00:25.037137Z TRACE VirtualDom::render_immediate:render{scope=Doggo}: dioxus_core::scope_context: found context TypeId { t: (9286496122914249738, 8586425926625933774) }
2024-06-04T16:00:25.037149Z TRACE VirtualDom::render_immediate:render{scope=Doggo}: dioxus_core::scope_context: looking for context dioxus_core::suspense::SuspenseContext (TypeId { t: (4533244013398082440, 10897659798729036060) }) in SuspenseBoundary
2024-06-04T16:00:25.037160Z TRACE VirtualDom::render_immediate:render{scope=Doggo}: dioxus_core::scope_context: found context TypeId { t: (4533244013398082440, 10897659798729036060) }
2024-06-04T16:00:25.064784Z TRACE VirtualDom::wait_for_work:VirtualDom::process_events: dioxus_core::virtual_dom: Marking task Task { id: 6, unsend: PhantomData<*const ()> } (spawned in ScopeId(5)) as dirty (called from Location { file: "packages/core/src/virtual_dom.rs", line: 505, col: 58 })
2024-06-04T16:00:25.064838Z  INFO VirtualDom::wait_for_work:VirtualDom::process_events:VirtualDom::poll_tasks: dioxus_core::tasks: Polling task Task { id: 6, unsend: PhantomData<*const ()> }
2024-06-04T16:00:25.064874Z TRACE VirtualDom::wait_for_work:VirtualDom::process_events:VirtualDom::poll_tasks: dioxus_signals::signal: Write on signal at examples/suspense.rs:122:19 finished, updating subscribers
2024-06-04T16:00:25.064896Z TRACE VirtualDom::wait_for_work:VirtualDom::process_events:VirtualDom::poll_tasks: dioxus_signals::reactive_context: Marking reactive context created at packages/signals/src/reactive_context.rs:117:13 as dirty
2024-06-04T16:00:25.064908Z TRACE VirtualDom::wait_for_work:VirtualDom::process_events:VirtualDom::poll_tasks: dioxus_signals::reactive_context: Marking scope ScopeId(5, "LoadingDots") as dirty
2024-06-04T16:00:25.064936Z  INFO VirtualDom::wait_for_work:VirtualDom::process_events:VirtualDom::poll_tasks: dioxus_core::tasks: Task Task { id: 6, unsend: PhantomData<*const ()> } finished with result Pending
2024-06-04T16:00:25.064951Z TRACE VirtualDom::wait_for_work:VirtualDom::process_events:VirtualDom::poll_tasks: dioxus_core::virtual_dom: Marking scope ScopeId(5, "LoadingDots") as dirty
2024-06-04T16:00:25.065032Z TRACE VirtualDom::render_immediate:render{scope=LoadingDots}: dioxus_signals::signal: Subscribing to the reactive context ReactiveContext(for scope: ScopeId(5, "LoadingDots"))
2024-06-04T16:00:25.065062Z TRACE VirtualDom::render_immediate: dioxus_core::scope_context: looking for context dioxus_core::suspense::FrozenContext (TypeId { t: (9286496122914249738, 8586425926625933774) }) in LoadingDots
2024-06-04T16:00:25.065076Z TRACE VirtualDom::render_immediate: dioxus_core::scope_context: looking for context dioxus_core::suspense::FrozenContext (TypeId { t: (9286496122914249738, 8586425926625933774) }) in SuspenseBoundary
2024-06-04T16:00:25.065086Z TRACE VirtualDom::render_immediate: dioxus_core::scope_context: found context TypeId { t: (4533244013398082440, 10897659798729036060) }
2024-06-04T16:00:25.065095Z TRACE VirtualDom::render_immediate: dioxus_core::scope_context: looking for context dioxus_core::suspense::FrozenContext (TypeId { t: (9286496122914249738, 8586425926625933774) }) in app
2024-06-04T16:00:25.065105Z TRACE VirtualDom::render_immediate: dioxus_core::scope_context: found context TypeId { t: (3582638416876954437, 3810890675802792692) }
2024-06-04T16:00:25.065114Z TRACE VirtualDom::render_immediate: dioxus_core::scope_context: found context TypeId { t: (7946844621057603534, 4355211565432133561) }
2024-06-04T16:00:25.065122Z TRACE VirtualDom::render_immediate: dioxus_core::scope_context: found context TypeId { t: (10682502755203913650, 15985576721215419306) }
2024-06-04T16:00:25.065131Z TRACE VirtualDom::render_immediate: dioxus_core::scope_context: context dioxus_core::suspense::FrozenContext (TypeId { t: (9286496122914249738, 8586425926625933774) }) not found
2024-06-04T16:00:25.065149Z TRACE VirtualDom::render_immediate: dioxus_core::diff::node: moving mount self=VNode { vnode: VNodeInner { key: None, template: Cell { value: Template { name: "examples/suspense.rs:127:5:4128", roots: [Dynamic { id: 0 }], node_paths: [[0]], attr_paths: [] } }, dynamic_nodes: [Text(VText { value: "." })], dynamic_attrs: [] }, mount: Cell { value: MountId(7) } } new=VNode { vnode: VNodeInner { key: None, template: Cell { value: Template { name: "examples/suspense.rs:127:5:4128", roots: [Dynamic { id: 0 }], node_paths: [[0]], attr_paths: [] } }, dynamic_nodes: [Text(VText { value: ".." })], dynamic_attrs: [] }, mount: Cell { value: MountId(7) } }
2024-06-04T16:00:25.065175Z TRACE VirtualDom::render_immediate: dioxus_core::diff::node: mount id: MountId(7)
2024-06-04T16:00:25.065184Z TRACE VirtualDom::render_immediate: dioxus_core::diff::node: mounts: Slab { len: 8, cap: 8 }
2024-06-04T16:00:25.065988Z TRACE VirtualDom::wait_for_work:VirtualDom::process_events: dioxus_core::virtual_dom: Marking task Task { id: 3, unsend: PhantomData<*const ()> } (spawned in ScopeId(4)) as dirty (called from Location { file: "packages/core/src/virtual_dom.rs", line: 505, col: 58 })
2024-06-04T16:00:25.066030Z  INFO VirtualDom::wait_for_work:VirtualDom::process_events:VirtualDom::poll_tasks: dioxus_core::tasks: Polling task Task { id: 3, unsend: PhantomData<*const ()> }
2024-06-04T16:00:25.066067Z  INFO VirtualDom::wait_for_work:VirtualDom::process_events:VirtualDom::poll_tasks: dioxus_core::tasks: Task Task { id: 3, unsend: PhantomData<*const ()> } finished with result Pending
2024-06-04T16:00:25.066084Z TRACE VirtualDom::wait_for_work:VirtualDom::process_events:VirtualDom::poll_tasks: dioxus_core::virtual_dom: Marking scope ScopeId(4, "Doggo") as dirty
2024-06-04T16:00:25.066152Z TRACE VirtualDom::render_immediate:render{scope=Doggo}: dioxus_signals::signal: Subscribing to the reactive context ReactiveContext(for scope: ScopeId(4, "Doggo"))
2024-06-04T16:00:25.066174Z TRACE VirtualDom::render_immediate:render{scope=Doggo}: dioxus_signals::signal: Subscribing to the reactive context ReactiveContext(for scope: ScopeId(4, "Doggo"))
2024-06-04T16:00:25.066197Z TRACE VirtualDom::render_immediate:render{scope=Doggo}: dioxus_core::scope_context: looking for context dioxus_core::suspense::SuspenseContext (TypeId { t: (4533244013398082440, 10897659798729036060) }) in Doggo
2024-06-04T16:00:25.066211Z TRACE VirtualDom::render_immediate:render{scope=Doggo}: dioxus_core::scope_context: looking for context dioxus_core::suspense::SuspenseContext (TypeId { t: (4533244013398082440, 10897659798729036060) }) in FrozenContext
2024-06-04T16:00:25.066223Z TRACE VirtualDom::render_immediate:render{scope=Doggo}: dioxus_core::scope_context: found context TypeId { t: (9286496122914249738, 8586425926625933774) }
2024-06-04T16:00:25.066235Z TRACE VirtualDom::render_immediate:render{scope=Doggo}: dioxus_core::scope_context: looking for context dioxus_core::suspense::SuspenseContext (TypeId { t: (4533244013398082440, 10897659798729036060) }) in SuspenseBoundary
2024-06-04T16:00:25.066247Z TRACE VirtualDom::render_immediate:render{scope=Doggo}: dioxus_core::scope_context: found context TypeId { t: (4533244013398082440, 10897659798729036060) }
2024-06-04T16:00:25.137987Z TRACE VirtualDom::wait_for_work:VirtualDom::process_events: dioxus_core::virtual_dom: Marking task Task { id: 0, unsend: PhantomData<*const ()> } (spawned in ScopeId(3)) as dirty (called from Location { file: "packages/core/src/virtual_dom.rs", line: 505, col: 58 })
2024-06-04T16:00:25.138097Z  INFO VirtualDom::wait_for_work:VirtualDom::process_events:VirtualDom::poll_tasks: dioxus_core::tasks: Polling task Task { id: 0, unsend: PhantomData<*const ()> }
2024-06-04T16:00:25.138162Z  INFO VirtualDom::wait_for_work:VirtualDom::process_events:VirtualDom::poll_tasks: dioxus_core::tasks: Task Task { id: 0, unsend: PhantomData<*const ()> } finished with result Pending
2024-06-04T16:00:25.138189Z TRACE VirtualDom::wait_for_work:VirtualDom::process_events:VirtualDom::poll_tasks: dioxus_core::virtual_dom: Marking scope ScopeId(3, "Doggo") as dirty
2024-06-04T16:00:25.138293Z TRACE VirtualDom::render_immediate:render{scope=Doggo}: dioxus_signals::signal: Subscribing to the reactive context ReactiveContext(for scope: ScopeId(3, "Doggo"))
2024-06-04T16:00:25.138338Z TRACE VirtualDom::render_immediate:render{scope=Doggo}: dioxus_signals::signal: Subscribing to the reactive context ReactiveContext(for scope: ScopeId(3, "Doggo"))
2024-06-04T16:00:25.138367Z TRACE VirtualDom::render_immediate:render{scope=Doggo}: dioxus_core::scope_context: looking for context dioxus_core::suspense::SuspenseContext (TypeId { t: (4533244013398082440, 10897659798729036060) }) in Doggo
2024-06-04T16:00:25.138384Z TRACE VirtualDom::render_immediate:render{scope=Doggo}: dioxus_core::scope_context: looking for context dioxus_core::suspense::SuspenseContext (TypeId { t: (4533244013398082440, 10897659798729036060) }) in FrozenContext
2024-06-04T16:00:25.138399Z TRACE VirtualDom::render_immediate:render{scope=Doggo}: dioxus_core::scope_context: found context TypeId { t: (9286496122914249738, 8586425926625933774) }
2024-06-04T16:00:25.138414Z TRACE VirtualDom::render_immediate:render{scope=Doggo}: dioxus_core::scope_context: looking for context dioxus_core::suspense::SuspenseContext (TypeId { t: (4533244013398082440, 10897659798729036060) }) in SuspenseBoundary
2024-06-04T16:00:25.138427Z TRACE VirtualDom::render_immediate:render{scope=Doggo}: dioxus_core::scope_context: found context TypeId { t: (4533244013398082440, 10897659798729036060) }
2024-06-04T16:00:25.169027Z TRACE VirtualDom::wait_for_work:VirtualDom::process_events: dioxus_core::virtual_dom: Marking task Task { id: 3, unsend: PhantomData<*const ()> } (spawned in ScopeId(4)) as dirty (called from Location { file: "packages/core/src/virtual_dom.rs", line: 505, col: 58 })
2024-06-04T16:00:25.169090Z  INFO VirtualDom::wait_for_work:VirtualDom::process_events:VirtualDom::poll_tasks: dioxus_core::tasks: Polling task Task { id: 3, unsend: PhantomData<*const ()> }
2024-06-04T16:00:25.169143Z  INFO VirtualDom::wait_for_work:VirtualDom::process_events:VirtualDom::poll_tasks: dioxus_core::tasks: Task Task { id: 3, unsend: PhantomData<*const ()> } finished with result Pending
2024-06-04T16:00:25.169166Z TRACE VirtualDom::wait_for_work:VirtualDom::process_events:VirtualDom::poll_tasks: dioxus_core::virtual_dom: Marking scope ScopeId(4, "Doggo") as dirty
2024-06-04T16:00:25.169264Z TRACE VirtualDom::render_immediate:render{scope=Doggo}: dioxus_signals::signal: Subscribing to the reactive context ReactiveContext(for scope: ScopeId(4, "Doggo"))
2024-06-04T16:00:25.169297Z TRACE VirtualDom::render_immediate:render{scope=Doggo}: dioxus_signals::signal: Subscribing to the reactive context ReactiveContext(for scope: ScopeId(4, "Doggo"))
2024-06-04T16:00:25.169320Z TRACE VirtualDom::render_immediate:render{scope=Doggo}: dioxus_core::scope_context: looking for context dioxus_core::suspense::SuspenseContext (TypeId { t: (4533244013398082440, 10897659798729036060) }) in Doggo
2024-06-04T16:00:25.169337Z TRACE VirtualDom::render_immediate:render{scope=Doggo}: dioxus_core::scope_context: looking for context dioxus_core::suspense::SuspenseContext (TypeId { t: (4533244013398082440, 10897659798729036060) }) in FrozenContext
2024-06-04T16:00:25.169351Z TRACE VirtualDom::render_immediate:render{scope=Doggo}: dioxus_core::scope_context: found context TypeId { t: (9286496122914249738, 8586425926625933774) }
2024-06-04T16:00:25.169365Z TRACE VirtualDom::render_immediate:render{scope=Doggo}: dioxus_core::scope_context: looking for context dioxus_core::suspense::SuspenseContext (TypeId { t: (4533244013398082440, 10897659798729036060) }) in SuspenseBoundary
2024-06-04T16:00:25.169379Z TRACE VirtualDom::render_immediate:render{scope=Doggo}: dioxus_core::scope_context: found context TypeId { t: (4533244013398082440, 10897659798729036060) }
2024-06-04T16:00:25.241133Z TRACE VirtualDom::wait_for_work:VirtualDom::process_events: dioxus_core::virtual_dom: Marking task Task { id: 0, unsend: PhantomData<*const ()> } (spawned in ScopeId(3)) as dirty (called from Location { file: "packages/core/src/virtual_dom.rs", line: 505, col: 58 })
2024-06-04T16:00:25.241243Z  INFO VirtualDom::wait_for_work:VirtualDom::process_events:VirtualDom::poll_tasks: dioxus_core::tasks: Polling task Task { id: 0, unsend: PhantomData<*const ()> }
2024-06-04T16:00:25.241313Z  INFO VirtualDom::wait_for_work:VirtualDom::process_events:VirtualDom::poll_tasks: dioxus_core::tasks: Task Task { id: 0, unsend: PhantomData<*const ()> } finished with result Pending
2024-06-04T16:00:25.241342Z TRACE VirtualDom::wait_for_work:VirtualDom::process_events:VirtualDom::poll_tasks: dioxus_core::virtual_dom: Marking scope ScopeId(3, "Doggo") as dirty
2024-06-04T16:00:25.241482Z TRACE VirtualDom::render_immediate:render{scope=Doggo}: dioxus_signals::signal: Subscribing to the reactive context ReactiveContext(for scope: ScopeId(3, "Doggo"))
2024-06-04T16:00:25.241517Z TRACE VirtualDom::render_immediate:render{scope=Doggo}: dioxus_signals::signal: Subscribing to the reactive context ReactiveContext(for scope: ScopeId(3, "Doggo"))
2024-06-04T16:00:25.241549Z TRACE VirtualDom::render_immediate:render{scope=Doggo}: dioxus_core::scope_context: looking for context dioxus_core::suspense::SuspenseContext (TypeId { t: (4533244013398082440, 10897659798729036060) }) in Doggo
2024-06-04T16:00:25.241571Z TRACE VirtualDom::render_immediate:render{scope=Doggo}: dioxus_core::scope_context: looking for context dioxus_core::suspense::SuspenseContext (TypeId { t: (4533244013398082440, 10897659798729036060) }) in FrozenContext
2024-06-04T16:00:25.241590Z TRACE VirtualDom::render_immediate:render{scope=Doggo}: dioxus_core::scope_context: found context TypeId { t: (9286496122914249738, 8586425926625933774) }
2024-06-04T16:00:25.241609Z TRACE VirtualDom::render_immediate:render{scope=Doggo}: dioxus_core::scope_context: looking for context dioxus_core::suspense::SuspenseContext (TypeId { t: (4533244013398082440, 10897659798729036060) }) in SuspenseBoundary
2024-06-04T16:00:25.241627Z TRACE VirtualDom::render_immediate:render{scope=Doggo}: dioxus_core::scope_context: found context TypeId { t: (4533244013398082440, 10897659798729036060) }
2024-06-04T16:00:25.265131Z TRACE VirtualDom::wait_for_work:VirtualDom::process_events: dioxus_core::virtual_dom: Marking task Task { id: 6, unsend: PhantomData<*const ()> } (spawned in ScopeId(5)) as dirty (called from Location { file: "packages/core/src/virtual_dom.rs", line: 505, col: 58 })
2024-06-04T16:00:25.265198Z  INFO VirtualDom::wait_for_work:VirtualDom::process_events:VirtualDom::poll_tasks: dioxus_core::tasks: Polling task Task { id: 6, unsend: PhantomData<*const ()> }
2024-06-04T16:00:25.265239Z TRACE VirtualDom::wait_for_work:VirtualDom::process_events:VirtualDom::poll_tasks: dioxus_signals::signal: Write on signal at examples/suspense.rs:122:19 finished, updating subscribers
2024-06-04T16:00:25.265263Z TRACE VirtualDom::wait_for_work:VirtualDom::process_events:VirtualDom::poll_tasks: dioxus_signals::reactive_context: Marking reactive context created at packages/signals/src/reactive_context.rs:117:13 as dirty
2024-06-04T16:00:25.265279Z TRACE VirtualDom::wait_for_work:VirtualDom::process_events:VirtualDom::poll_tasks: dioxus_signals::reactive_context: Marking scope ScopeId(5, "LoadingDots") as dirty
2024-06-04T16:00:25.265309Z  INFO VirtualDom::wait_for_work:VirtualDom::process_events:VirtualDom::poll_tasks: dioxus_core::tasks: Task Task { id: 6, unsend: PhantomData<*const ()> } finished with result Pending
2024-06-04T16:00:25.265334Z TRACE VirtualDom::wait_for_work:VirtualDom::process_events:VirtualDom::poll_tasks: dioxus_core::virtual_dom: Marking scope ScopeId(5, "LoadingDots") as dirty
2024-06-04T16:00:25.265435Z TRACE VirtualDom::render_immediate:render{scope=LoadingDots}: dioxus_signals::signal: Subscribing to the reactive context ReactiveContext(for scope: ScopeId(5, "LoadingDots"))
2024-06-04T16:00:25.265468Z TRACE VirtualDom::render_immediate: dioxus_core::scope_context: looking for context dioxus_core::suspense::FrozenContext (TypeId { t: (9286496122914249738, 8586425926625933774) }) in LoadingDots
2024-06-04T16:00:25.265483Z TRACE VirtualDom::render_immediate: dioxus_core::scope_context: looking for context dioxus_core::suspense::FrozenContext (TypeId { t: (9286496122914249738, 8586425926625933774) }) in SuspenseBoundary
2024-06-04T16:00:25.265495Z TRACE VirtualDom::render_immediate: dioxus_core::scope_context: found context TypeId { t: (4533244013398082440, 10897659798729036060) }
2024-06-04T16:00:25.265507Z TRACE VirtualDom::render_immediate: dioxus_core::scope_context: looking for context dioxus_core::suspense::FrozenContext (TypeId { t: (9286496122914249738, 8586425926625933774) }) in app
2024-06-04T16:00:25.265518Z TRACE VirtualDom::render_immediate: dioxus_core::scope_context: found context TypeId { t: (3582638416876954437, 3810890675802792692) }
2024-06-04T16:00:25.265529Z TRACE VirtualDom::render_immediate: dioxus_core::scope_context: found context TypeId { t: (7946844621057603534, 4355211565432133561) }
2024-06-04T16:00:25.265540Z TRACE VirtualDom::render_immediate: dioxus_core::scope_context: found context TypeId { t: (10682502755203913650, 15985576721215419306) }
2024-06-04T16:00:25.265551Z TRACE VirtualDom::render_immediate: dioxus_core::scope_context: context dioxus_core::suspense::FrozenContext (TypeId { t: (9286496122914249738, 8586425926625933774) }) not found
2024-06-04T16:00:25.265570Z TRACE VirtualDom::render_immediate: dioxus_core::diff::node: moving mount self=VNode { vnode: VNodeInner { key: None, template: Cell { value: Template { name: "examples/suspense.rs:127:5:4128", roots: [Dynamic { id: 0 }], node_paths: [[0]], attr_paths: [] } }, dynamic_nodes: [Text(VText { value: ".." })], dynamic_attrs: [] }, mount: Cell { value: MountId(7) } } new=VNode { vnode: VNodeInner { key: None, template: Cell { value: Template { name: "examples/suspense.rs:127:5:4128", roots: [Dynamic { id: 0 }], node_paths: [[0]], attr_paths: [] } }, dynamic_nodes: [Text(VText { value: "..." })], dynamic_attrs: [] }, mount: Cell { value: MountId(7) } }
2024-06-04T16:00:25.265598Z TRACE VirtualDom::render_immediate: dioxus_core::diff::node: mount id: MountId(7)
2024-06-04T16:00:25.265609Z TRACE VirtualDom::render_immediate: dioxus_core::diff::node: mounts: Slab { len: 8, cap: 8 }
2024-06-04T16:00:25.291060Z TRACE VirtualDom::wait_for_work:VirtualDom::process_events: dioxus_core::virtual_dom: Marking task Task { id: 3, unsend: PhantomData<*const ()> } (spawned in ScopeId(4)) as dirty (called from Location { file: "packages/core/src/virtual_dom.rs", line: 505, col: 58 })
2024-06-04T16:00:25.291111Z  INFO VirtualDom::wait_for_work:VirtualDom::process_events:VirtualDom::poll_tasks: dioxus_core::tasks: Polling task Task { id: 3, unsend: PhantomData<*const ()> }
2024-06-04T16:00:25.291161Z  INFO VirtualDom::wait_for_work:VirtualDom::process_events:VirtualDom::poll_tasks: dioxus_core::tasks: Task Task { id: 3, unsend: PhantomData<*const ()> } finished with result Pending
2024-06-04T16:00:25.291182Z TRACE VirtualDom::wait_for_work:VirtualDom::process_events:VirtualDom::poll_tasks: dioxus_core::virtual_dom: Marking scope ScopeId(4, "Doggo") as dirty
2024-06-04T16:00:25.291282Z TRACE VirtualDom::render_immediate:render{scope=Doggo}: dioxus_signals::signal: Subscribing to the reactive context ReactiveContext(for scope: ScopeId(4, "Doggo"))
2024-06-04T16:00:25.291313Z TRACE VirtualDom::render_immediate:render{scope=Doggo}: dioxus_signals::signal: Subscribing to the reactive context ReactiveContext(for scope: ScopeId(4, "Doggo"))
2024-06-04T16:00:25.291340Z TRACE VirtualDom::render_immediate:render{scope=Doggo}: dioxus_core::scope_context: looking for context dioxus_core::suspense::SuspenseContext (TypeId { t: (4533244013398082440, 10897659798729036060) }) in Doggo
2024-06-04T16:00:25.291360Z TRACE VirtualDom::render_immediate:render{scope=Doggo}: dioxus_core::scope_context: looking for context dioxus_core::suspense::SuspenseContext (TypeId { t: (4533244013398082440, 10897659798729036060) }) in FrozenContext
2024-06-04T16:00:25.291377Z TRACE VirtualDom::render_immediate:render{scope=Doggo}: dioxus_core::scope_context: found context TypeId { t: (9286496122914249738, 8586425926625933774) }
2024-06-04T16:00:25.291393Z TRACE VirtualDom::render_immediate:render{scope=Doggo}: dioxus_core::scope_context: looking for context dioxus_core::suspense::SuspenseContext (TypeId { t: (4533244013398082440, 10897659798729036060) }) in SuspenseBoundary
2024-06-04T16:00:25.291416Z TRACE VirtualDom::render_immediate:render{scope=Doggo}: dioxus_core::scope_context: found context TypeId { t: (4533244013398082440, 10897659798729036060) }
2024-06-04T16:00:25.343944Z TRACE VirtualDom::wait_for_work:VirtualDom::process_events: dioxus_core::virtual_dom: Marking task Task { id: 0, unsend: PhantomData<*const ()> } (spawned in ScopeId(3)) as dirty (called from Location { file: "packages/core/src/virtual_dom.rs", line: 505, col: 58 })
2024-06-04T16:00:25.344091Z  INFO VirtualDom::wait_for_work:VirtualDom::process_events:VirtualDom::poll_tasks: dioxus_core::tasks: Polling task Task { id: 0, unsend: PhantomData<*const ()> }
2024-06-04T16:00:25.344199Z  INFO VirtualDom::wait_for_work:VirtualDom::process_events:VirtualDom::poll_tasks: dioxus_core::tasks: Task Task { id: 0, unsend: PhantomData<*const ()> } finished with result Pending
2024-06-04T16:00:25.344226Z TRACE VirtualDom::wait_for_work:VirtualDom::process_events:VirtualDom::poll_tasks: dioxus_core::virtual_dom: Marking scope ScopeId(3, "Doggo") as dirty
2024-06-04T16:00:25.344374Z TRACE VirtualDom::render_immediate:render{scope=Doggo}: dioxus_signals::signal: Subscribing to the reactive context ReactiveContext(for scope: ScopeId(3, "Doggo"))
2024-06-04T16:00:25.344427Z TRACE VirtualDom::render_immediate:render{scope=Doggo}: dioxus_signals::signal: Subscribing to the reactive context ReactiveContext(for scope: ScopeId(3, "Doggo"))
2024-06-04T16:00:25.344483Z TRACE VirtualDom::render_immediate:render{scope=Doggo}: dioxus_core::scope_context: looking for context dioxus_core::suspense::SuspenseContext (TypeId { t: (4533244013398082440, 10897659798729036060) }) in Doggo
2024-06-04T16:00:25.344527Z TRACE VirtualDom::render_immediate:render{scope=Doggo}: dioxus_core::scope_context: looking for context dioxus_core::suspense::SuspenseContext (TypeId { t: (4533244013398082440, 10897659798729036060) }) in FrozenContext
2024-06-04T16:00:25.344544Z TRACE VirtualDom::render_immediate:render{scope=Doggo}: dioxus_core::scope_context: found context TypeId { t: (9286496122914249738, 8586425926625933774) }
2024-06-04T16:00:25.344561Z TRACE VirtualDom::render_immediate:render{scope=Doggo}: dioxus_core::scope_context: looking for context dioxus_core::suspense::SuspenseContext (TypeId { t: (4533244013398082440, 10897659798729036060) }) in SuspenseBoundary
2024-06-04T16:00:25.344578Z TRACE VirtualDom::render_immediate:render{scope=Doggo}: dioxus_core::scope_context: found context TypeId { t: (4533244013398082440, 10897659798729036060) }
2024-06-04T16:00:25.393985Z TRACE VirtualDom::wait_for_work:VirtualDom::process_events: dioxus_core::virtual_dom: Marking task Task { id: 3, unsend: PhantomData<*const ()> } (spawned in ScopeId(4)) as dirty (called from Location { file: "packages/core/src/virtual_dom.rs", line: 505, col: 58 })
2024-06-04T16:00:25.394108Z  INFO VirtualDom::wait_for_work:VirtualDom::process_events:VirtualDom::poll_tasks: dioxus_core::tasks: Polling task Task { id: 3, unsend: PhantomData<*const ()> }
2024-06-04T16:00:25.394195Z  INFO VirtualDom::wait_for_work:VirtualDom::process_events:VirtualDom::poll_tasks: dioxus_core::tasks: Task Task { id: 3, unsend: PhantomData<*const ()> } finished with result Pending
2024-06-04T16:00:25.394236Z TRACE VirtualDom::wait_for_work:VirtualDom::process_events:VirtualDom::poll_tasks: dioxus_core::virtual_dom: Marking scope ScopeId(4, "Doggo") as dirty
2024-06-04T16:00:25.394387Z TRACE VirtualDom::render_immediate:render{scope=Doggo}: dioxus_signals::signal: Subscribing to the reactive context ReactiveContext(for scope: ScopeId(4, "Doggo"))
2024-06-04T16:00:25.394446Z TRACE VirtualDom::render_immediate:render{scope=Doggo}: dioxus_signals::signal: Subscribing to the reactive context ReactiveContext(for scope: ScopeId(4, "Doggo"))
2024-06-04T16:00:25.394488Z TRACE VirtualDom::render_immediate:render{scope=Doggo}: dioxus_core::scope_context: looking for context dioxus_core::suspense::SuspenseContext (TypeId { t: (4533244013398082440, 10897659798729036060) }) in Doggo
2024-06-04T16:00:25.394509Z TRACE VirtualDom::render_immediate:render{scope=Doggo}: dioxus_core::scope_context: looking for context dioxus_core::suspense::SuspenseContext (TypeId { t: (4533244013398082440, 10897659798729036060) }) in FrozenContext
2024-06-04T16:00:25.394526Z TRACE VirtualDom::render_immediate:render{scope=Doggo}: dioxus_core::scope_context: found context TypeId { t: (9286496122914249738, 8586425926625933774) }
2024-06-04T16:00:25.394542Z TRACE VirtualDom::render_immediate:render{scope=Doggo}: dioxus_core::scope_context: looking for context dioxus_core::suspense::SuspenseContext (TypeId { t: (4533244013398082440, 10897659798729036060) }) in SuspenseBoundary
2024-06-04T16:00:25.394558Z TRACE VirtualDom::render_immediate:render{scope=Doggo}: dioxus_core::scope_context: found context TypeId { t: (4533244013398082440, 10897659798729036060) }
2024-06-04T16:00:25.447100Z TRACE VirtualDom::wait_for_work:VirtualDom::process_events: dioxus_core::virtual_dom: Marking task Task { id: 0, unsend: PhantomData<*const ()> } (spawned in ScopeId(3)) as dirty (called from Location { file: "packages/core/src/virtual_dom.rs", line: 505, col: 58 })
2024-06-04T16:00:25.447256Z  INFO VirtualDom::wait_for_work:VirtualDom::process_events:VirtualDom::poll_tasks: dioxus_core::tasks: Polling task Task { id: 0, unsend: PhantomData<*const ()> }
2024-06-04T16:00:25.447317Z  INFO VirtualDom::wait_for_work:VirtualDom::process_events:VirtualDom::poll_tasks: dioxus_core::tasks: Task Task { id: 0, unsend: PhantomData<*const ()> } finished with result Pending
2024-06-04T16:00:25.447345Z TRACE VirtualDom::wait_for_work:VirtualDom::process_events:VirtualDom::poll_tasks: dioxus_core::virtual_dom: Marking scope ScopeId(3, "Doggo") as dirty
2024-06-04T16:00:25.447548Z TRACE VirtualDom::render_immediate:render{scope=Doggo}: dioxus_signals::signal: Subscribing to the reactive context ReactiveContext(for scope: ScopeId(3, "Doggo"))
2024-06-04T16:00:25.447597Z TRACE VirtualDom::render_immediate:render{scope=Doggo}: dioxus_signals::signal: Subscribing to the reactive context ReactiveContext(for scope: ScopeId(3, "Doggo"))
2024-06-04T16:00:25.447629Z TRACE VirtualDom::render_immediate:render{scope=Doggo}: dioxus_core::scope_context: looking for context dioxus_core::suspense::SuspenseContext (TypeId { t: (4533244013398082440, 10897659798729036060) }) in Doggo
2024-06-04T16:00:25.447667Z TRACE VirtualDom::render_immediate:render{scope=Doggo}: dioxus_core::scope_context: looking for context dioxus_core::suspense::SuspenseContext (TypeId { t: (4533244013398082440, 10897659798729036060) }) in FrozenContext
2024-06-04T16:00:25.447687Z TRACE VirtualDom::render_immediate:render{scope=Doggo}: dioxus_core::scope_context: found context TypeId { t: (9286496122914249738, 8586425926625933774) }
2024-06-04T16:00:25.447706Z TRACE VirtualDom::render_immediate:render{scope=Doggo}: dioxus_core::scope_context: looking for context dioxus_core::suspense::SuspenseContext (TypeId { t: (4533244013398082440, 10897659798729036060) }) in SuspenseBoundary
2024-06-04T16:00:25.447725Z TRACE VirtualDom::render_immediate:render{scope=Doggo}: dioxus_core::scope_context: found context TypeId { t: (4533244013398082440, 10897659798729036060) }
2024-06-04T16:00:25.467154Z TRACE VirtualDom::wait_for_work:VirtualDom::process_events: dioxus_core::virtual_dom: Marking task Task { id: 6, unsend: PhantomData<*const ()> } (spawned in ScopeId(5)) as dirty (called from Location { file: "packages/core/src/virtual_dom.rs", line: 505, col: 58 })
2024-06-04T16:00:25.467250Z  INFO VirtualDom::wait_for_work:VirtualDom::process_events:VirtualDom::poll_tasks: dioxus_core::tasks: Polling task Task { id: 6, unsend: PhantomData<*const ()> }
2024-06-04T16:00:25.467323Z TRACE VirtualDom::wait_for_work:VirtualDom::process_events:VirtualDom::poll_tasks: dioxus_signals::signal: Write on signal at examples/suspense.rs:122:19 finished, updating subscribers
2024-06-04T16:00:25.467358Z TRACE VirtualDom::wait_for_work:VirtualDom::process_events:VirtualDom::poll_tasks: dioxus_signals::reactive_context: Marking reactive context created at packages/signals/src/reactive_context.rs:117:13 as dirty
2024-06-04T16:00:25.467378Z TRACE VirtualDom::wait_for_work:VirtualDom::process_events:VirtualDom::poll_tasks: dioxus_signals::reactive_context: Marking scope ScopeId(5, "LoadingDots") as dirty
2024-06-04T16:00:25.467425Z  INFO VirtualDom::wait_for_work:VirtualDom::process_events:VirtualDom::poll_tasks: dioxus_core::tasks: Task Task { id: 6, unsend: PhantomData<*const ()> } finished with result Pending
2024-06-04T16:00:25.467448Z TRACE VirtualDom::wait_for_work:VirtualDom::process_events:VirtualDom::poll_tasks: dioxus_core::virtual_dom: Marking scope ScopeId(5, "LoadingDots") as dirty
2024-06-04T16:00:25.467567Z TRACE VirtualDom::render_immediate:render{scope=LoadingDots}: dioxus_signals::signal: Subscribing to the reactive context ReactiveContext(for scope: ScopeId(5, "LoadingDots"))
2024-06-04T16:00:25.467611Z TRACE VirtualDom::render_immediate: dioxus_core::scope_context: looking for context dioxus_core::suspense::FrozenContext (TypeId { t: (9286496122914249738, 8586425926625933774) }) in LoadingDots
2024-06-04T16:00:25.467631Z TRACE VirtualDom::render_immediate: dioxus_core::scope_context: looking for context dioxus_core::suspense::FrozenContext (TypeId { t: (9286496122914249738, 8586425926625933774) }) in SuspenseBoundary
2024-06-04T16:00:25.467646Z TRACE VirtualDom::render_immediate: dioxus_core::scope_context: found context TypeId { t: (4533244013398082440, 10897659798729036060) }
2024-06-04T16:00:25.467659Z TRACE VirtualDom::render_immediate: dioxus_core::scope_context: looking for context dioxus_core::suspense::FrozenContext (TypeId { t: (9286496122914249738, 8586425926625933774) }) in app
2024-06-04T16:00:25.467676Z TRACE VirtualDom::render_immediate: dioxus_core::scope_context: found context TypeId { t: (3582638416876954437, 3810890675802792692) }
2024-06-04T16:00:25.467689Z TRACE VirtualDom::render_immediate: dioxus_core::scope_context: found context TypeId { t: (7946844621057603534, 4355211565432133561) }
2024-06-04T16:00:25.467702Z TRACE VirtualDom::render_immediate: dioxus_core::scope_context: found context TypeId { t: (10682502755203913650, 15985576721215419306) }
2024-06-04T16:00:25.467716Z TRACE VirtualDom::render_immediate: dioxus_core::scope_context: context dioxus_core::suspense::FrozenContext (TypeId { t: (9286496122914249738, 8586425926625933774) }) not found
2024-06-04T16:00:25.467742Z TRACE VirtualDom::render_immediate: dioxus_core::diff::node: moving mount self=VNode { vnode: VNodeInner { key: None, template: Cell { value: Template { name: "examples/suspense.rs:127:5:4128", roots: [Dynamic { id: 0 }], node_paths: [[0]], attr_paths: [] } }, dynamic_nodes: [Text(VText { value: "..." })], dynamic_attrs: [] }, mount: Cell { value: MountId(7) } } new=VNode { vnode: VNodeInner { key: None, template: Cell { value: Template { name: "examples/suspense.rs:127:5:4128", roots: [Dynamic { id: 0 }], node_paths: [[0]], attr_paths: [] } }, dynamic_nodes: [Text(VText { value: "" })], dynamic_attrs: [] }, mount: Cell { value: MountId(7) } }
2024-06-04T16:00:25.467778Z TRACE VirtualDom::render_immediate: dioxus_core::diff::node: mount id: MountId(7)
2024-06-04T16:00:25.467790Z TRACE VirtualDom::render_immediate: dioxus_core::diff::node: mounts: Slab { len: 8, cap: 8 }
2024-06-04T16:00:25.496193Z TRACE VirtualDom::wait_for_work:VirtualDom::process_events: dioxus_core::virtual_dom: Marking task Task { id: 3, unsend: PhantomData<*const ()> } (spawned in ScopeId(4)) as dirty (called from Location { file: "packages/core/src/virtual_dom.rs", line: 505, col: 58 })
2024-06-04T16:00:25.496284Z  INFO VirtualDom::wait_for_work:VirtualDom::process_events:VirtualDom::poll_tasks: dioxus_core::tasks: Polling task Task { id: 3, unsend: PhantomData<*const ()> }
2024-06-04T16:00:25.496401Z  INFO VirtualDom::wait_for_work:VirtualDom::process_events:VirtualDom::poll_tasks: dioxus_core::tasks: Task Task { id: 3, unsend: PhantomData<*const ()> } finished with result Pending
2024-06-04T16:00:25.496438Z TRACE VirtualDom::wait_for_work:VirtualDom::process_events:VirtualDom::poll_tasks: dioxus_core::virtual_dom: Marking scope ScopeId(4, "Doggo") as dirty
2024-06-04T16:00:25.496588Z TRACE VirtualDom::render_immediate:render{scope=Doggo}: dioxus_signals::signal: Subscribing to the reactive context ReactiveContext(for scope: ScopeId(4, "Doggo"))
2024-06-04T16:00:25.496625Z TRACE VirtualDom::render_immediate:render{scope=Doggo}: dioxus_signals::signal: Subscribing to the reactive context ReactiveContext(for scope: ScopeId(4, "Doggo"))
2024-06-04T16:00:25.496679Z TRACE VirtualDom::render_immediate:render{scope=Doggo}: dioxus_core::scope_context: looking for context dioxus_core::suspense::SuspenseContext (TypeId { t: (4533244013398082440, 10897659798729036060) }) in Doggo
2024-06-04T16:00:25.496740Z TRACE VirtualDom::render_immediate:render{scope=Doggo}: dioxus_core::scope_context: looking for context dioxus_core::suspense::SuspenseContext (TypeId { t: (4533244013398082440, 10897659798729036060) }) in FrozenContext
2024-06-04T16:00:25.496760Z TRACE VirtualDom::render_immediate:render{scope=Doggo}: dioxus_core::scope_context: found context TypeId { t: (9286496122914249738, 8586425926625933774) }
2024-06-04T16:00:25.496778Z TRACE VirtualDom::render_immediate:render{scope=Doggo}: dioxus_core::scope_context: looking for context dioxus_core::suspense::SuspenseContext (TypeId { t: (4533244013398082440, 10897659798729036060) }) in SuspenseBoundary
2024-06-04T16:00:25.496797Z TRACE VirtualDom::render_immediate:render{scope=Doggo}: dioxus_core::scope_context: found context TypeId { t: (4533244013398082440, 10897659798729036060) }
2024-06-04T16:00:25.548709Z TRACE VirtualDom::wait_for_work:VirtualDom::process_events: dioxus_core::virtual_dom: Marking task Task { id: 0, unsend: PhantomData<*const ()> } (spawned in ScopeId(3)) as dirty (called from Location { file: "packages/core/src/virtual_dom.rs", line: 505, col: 58 })
2024-06-04T16:00:25.548840Z  INFO VirtualDom::wait_for_work:VirtualDom::process_events:VirtualDom::poll_tasks: dioxus_core::tasks: Polling task Task { id: 0, unsend: PhantomData<*const ()> }
2024-06-04T16:00:25.548924Z  INFO VirtualDom::wait_for_work:VirtualDom::process_events:VirtualDom::poll_tasks: dioxus_core::tasks: Task Task { id: 0, unsend: PhantomData<*const ()> } finished with result Pending
2024-06-04T16:00:25.548961Z TRACE VirtualDom::wait_for_work:VirtualDom::process_events:VirtualDom::poll_tasks: dioxus_core::virtual_dom: Marking scope ScopeId(3, "Doggo") as dirty
2024-06-04T16:00:25.549094Z TRACE VirtualDom::render_immediate:render{scope=Doggo}: dioxus_signals::signal: Subscribing to the reactive context ReactiveContext(for scope: ScopeId(3, "Doggo"))
2024-06-04T16:00:25.549140Z TRACE VirtualDom::render_immediate:render{scope=Doggo}: dioxus_signals::signal: Subscribing to the reactive context ReactiveContext(for scope: ScopeId(3, "Doggo"))
2024-06-04T16:00:25.549173Z TRACE VirtualDom::render_immediate:render{scope=Doggo}: dioxus_core::scope_context: looking for context dioxus_core::suspense::SuspenseContext (TypeId { t: (4533244013398082440, 10897659798729036060) }) in Doggo
2024-06-04T16:00:25.549194Z TRACE VirtualDom::render_immediate:render{scope=Doggo}: dioxus_core::scope_context: looking for context dioxus_core::suspense::SuspenseContext (TypeId { t: (4533244013398082440, 10897659798729036060) }) in FrozenContext
2024-06-04T16:00:25.549211Z TRACE VirtualDom::render_immediate:render{scope=Doggo}: dioxus_core::scope_context: found context TypeId { t: (9286496122914249738, 8586425926625933774) }
2024-06-04T16:00:25.549227Z TRACE VirtualDom::render_immediate:render{scope=Doggo}: dioxus_core::scope_context: looking for context dioxus_core::suspense::SuspenseContext (TypeId { t: (4533244013398082440, 10897659798729036060) }) in SuspenseBoundary
2024-06-04T16:00:25.549243Z TRACE VirtualDom::render_immediate:render{scope=Doggo}: dioxus_core::scope_context: found context TypeId { t: (4533244013398082440, 10897659798729036060) }
2024-06-04T16:00:25.598832Z TRACE VirtualDom::wait_for_work:VirtualDom::process_events: dioxus_core::virtual_dom: Marking task Task { id: 3, unsend: PhantomData<*const ()> } (spawned in ScopeId(4)) as dirty (called from Location { file: "packages/core/src/virtual_dom.rs", line: 505, col: 58 })
2024-06-04T16:00:25.598950Z  INFO VirtualDom::wait_for_work:VirtualDom::process_events:VirtualDom::poll_tasks: dioxus_core::tasks: Polling task Task { id: 3, unsend: PhantomData<*const ()> }
2024-06-04T16:00:25.599034Z  INFO VirtualDom::wait_for_work:VirtualDom::process_events:VirtualDom::poll_tasks: dioxus_core::tasks: Task Task { id: 3, unsend: PhantomData<*const ()> } finished with result Pending
2024-06-04T16:00:25.599064Z TRACE VirtualDom::wait_for_work:VirtualDom::process_events:VirtualDom::poll_tasks: dioxus_core::virtual_dom: Marking scope ScopeId(4, "Doggo") as dirty
2024-06-04T16:00:25.599206Z TRACE VirtualDom::render_immediate:render{scope=Doggo}: dioxus_signals::signal: Subscribing to the reactive context ReactiveContext(for scope: ScopeId(4, "Doggo"))
2024-06-04T16:00:25.599250Z TRACE VirtualDom::render_immediate:render{scope=Doggo}: dioxus_signals::signal: Subscribing to the reactive context ReactiveContext(for scope: ScopeId(4, "Doggo"))
2024-06-04T16:00:25.599283Z TRACE VirtualDom::render_immediate:render{scope=Doggo}: dioxus_core::scope_context: looking for context dioxus_core::suspense::SuspenseContext (TypeId { t: (4533244013398082440, 10897659798729036060) }) in Doggo
2024-06-04T16:00:25.599305Z TRACE VirtualDom::render_immediate:render{scope=Doggo}: dioxus_core::scope_context: looking for context dioxus_core::suspense::SuspenseContext (TypeId { t: (4533244013398082440, 10897659798729036060) }) in FrozenContext
2024-06-04T16:00:25.599322Z TRACE VirtualDom::render_immediate:render{scope=Doggo}: dioxus_core::scope_context: found context TypeId { t: (9286496122914249738, 8586425926625933774) }
2024-06-04T16:00:25.599338Z TRACE VirtualDom::render_immediate:render{scope=Doggo}: dioxus_core::scope_context: looking for context dioxus_core::suspense::SuspenseContext (TypeId { t: (4533244013398082440, 10897659798729036060) }) in SuspenseBoundary
2024-06-04T16:00:25.599354Z TRACE VirtualDom::render_immediate:render{scope=Doggo}: dioxus_core::scope_context: found context TypeId { t: (4533244013398082440, 10897659798729036060) }
2024-06-04T16:00:25.649869Z TRACE VirtualDom::wait_for_work:VirtualDom::process_events: dioxus_core::virtual_dom: Marking task Task { id: 0, unsend: PhantomData<*const ()> } (spawned in ScopeId(3)) as dirty (called from Location { file: "packages/core/src/virtual_dom.rs", line: 505, col: 58 })
2024-06-04T16:00:25.649972Z  INFO VirtualDom::wait_for_work:VirtualDom::process_events:VirtualDom::poll_tasks: dioxus_core::tasks: Polling task Task { id: 0, unsend: PhantomData<*const ()> }
2024-06-04T16:00:25.650048Z  INFO VirtualDom::wait_for_work:VirtualDom::process_events:VirtualDom::poll_tasks: dioxus_core::tasks: Task Task { id: 0, unsend: PhantomData<*const ()> } finished with result Pending
2024-06-04T16:00:25.650081Z TRACE VirtualDom::wait_for_work:VirtualDom::process_events:VirtualDom::poll_tasks: dioxus_core::virtual_dom: Marking scope ScopeId(3, "Doggo") as dirty
2024-06-04T16:00:25.650243Z TRACE VirtualDom::render_immediate:render{scope=Doggo}: dioxus_signals::signal: Subscribing to the reactive context ReactiveContext(for scope: ScopeId(3, "Doggo"))
2024-06-04T16:00:25.650294Z TRACE VirtualDom::render_immediate:render{scope=Doggo}: dioxus_signals::signal: Subscribing to the reactive context ReactiveContext(for scope: ScopeId(3, "Doggo"))
2024-06-04T16:00:25.650327Z TRACE VirtualDom::render_immediate:render{scope=Doggo}: dioxus_core::scope_context: looking for context dioxus_core::suspense::SuspenseContext (TypeId { t: (4533244013398082440, 10897659798729036060) }) in Doggo
2024-06-04T16:00:25.650351Z TRACE VirtualDom::render_immediate:render{scope=Doggo}: dioxus_core::scope_context: looking for context dioxus_core::suspense::SuspenseContext (TypeId { t: (4533244013398082440, 10897659798729036060) }) in FrozenContext
2024-06-04T16:00:25.650372Z TRACE VirtualDom::render_immediate:render{scope=Doggo}: dioxus_core::scope_context: found context TypeId { t: (9286496122914249738, 8586425926625933774) }
2024-06-04T16:00:25.650391Z TRACE VirtualDom::render_immediate:render{scope=Doggo}: dioxus_core::scope_context: looking for context dioxus_core::suspense::SuspenseContext (TypeId { t: (4533244013398082440, 10897659798729036060) }) in SuspenseBoundary
2024-06-04T16:00:25.650409Z TRACE VirtualDom::render_immediate:render{scope=Doggo}: dioxus_core::scope_context: found context TypeId { t: (4533244013398082440, 10897659798729036060) }
2024-06-04T16:00:25.669918Z TRACE VirtualDom::wait_for_work:VirtualDom::process_events: dioxus_core::virtual_dom: Marking task Task { id: 6, unsend: PhantomData<*const ()> } (spawned in ScopeId(5)) as dirty (called from Location { file: "packages/core/src/virtual_dom.rs", line: 505, col: 58 })
2024-06-04T16:00:25.670024Z  INFO VirtualDom::wait_for_work:VirtualDom::process_events:VirtualDom::poll_tasks: dioxus_core::tasks: Polling task Task { id: 6, unsend: PhantomData<*const ()> }
2024-06-04T16:00:25.670090Z TRACE VirtualDom::wait_for_work:VirtualDom::process_events:VirtualDom::poll_tasks: dioxus_signals::signal: Write on signal at examples/suspense.rs:122:19 finished, updating subscribers
2024-06-04T16:00:25.670133Z TRACE VirtualDom::wait_for_work:VirtualDom::process_events:VirtualDom::poll_tasks: dioxus_signals::reactive_context: Marking reactive context created at packages/signals/src/reactive_context.rs:117:13 as dirty
2024-06-04T16:00:25.670153Z TRACE VirtualDom::wait_for_work:VirtualDom::process_events:VirtualDom::poll_tasks: dioxus_signals::reactive_context: Marking scope ScopeId(5, "LoadingDots") as dirty
2024-06-04T16:00:25.670199Z  INFO VirtualDom::wait_for_work:VirtualDom::process_events:VirtualDom::poll_tasks: dioxus_core::tasks: Task Task { id: 6, unsend: PhantomData<*const ()> } finished with result Pending
2024-06-04T16:00:25.670221Z TRACE VirtualDom::wait_for_work:VirtualDom::process_events:VirtualDom::poll_tasks: dioxus_core::virtual_dom: Marking scope ScopeId(5, "LoadingDots") as dirty
2024-06-04T16:00:25.670332Z TRACE VirtualDom::render_immediate:render{scope=LoadingDots}: dioxus_signals::signal: Subscribing to the reactive context ReactiveContext(for scope: ScopeId(5, "LoadingDots"))
2024-06-04T16:00:25.670373Z TRACE VirtualDom::render_immediate: dioxus_core::scope_context: looking for context dioxus_core::suspense::FrozenContext (TypeId { t: (9286496122914249738, 8586425926625933774) }) in LoadingDots
2024-06-04T16:00:25.670391Z TRACE VirtualDom::render_immediate: dioxus_core::scope_context: looking for context dioxus_core::suspense::FrozenContext (TypeId { t: (9286496122914249738, 8586425926625933774) }) in SuspenseBoundary
2024-06-04T16:00:25.670405Z TRACE VirtualDom::render_immediate: dioxus_core::scope_context: found context TypeId { t: (4533244013398082440, 10897659798729036060) }
2024-06-04T16:00:25.670418Z TRACE VirtualDom::render_immediate: dioxus_core::scope_context: looking for context dioxus_core::suspense::FrozenContext (TypeId { t: (9286496122914249738, 8586425926625933774) }) in app
2024-06-04T16:00:25.670431Z TRACE VirtualDom::render_immediate: dioxus_core::scope_context: found context TypeId { t: (3582638416876954437, 3810890675802792692) }
2024-06-04T16:00:25.670443Z TRACE VirtualDom::render_immediate: dioxus_core::scope_context: found context TypeId { t: (7946844621057603534, 4355211565432133561) }
2024-06-04T16:00:25.670482Z TRACE VirtualDom::render_immediate: dioxus_core::scope_context: found context TypeId { t: (10682502755203913650, 15985576721215419306) }
2024-06-04T16:00:25.670495Z TRACE VirtualDom::render_immediate: dioxus_core::scope_context: context dioxus_core::suspense::FrozenContext (TypeId { t: (9286496122914249738, 8586425926625933774) }) not found
2024-06-04T16:00:25.670519Z TRACE VirtualDom::render_immediate: dioxus_core::diff::node: moving mount self=VNode { vnode: VNodeInner { key: None, template: Cell { value: Template { name: "examples/suspense.rs:127:5:4128", roots: [Dynamic { id: 0 }], node_paths: [[0]], attr_paths: [] } }, dynamic_nodes: [Text(VText { value: "" })], dynamic_attrs: [] }, mount: Cell { value: MountId(7) } } new=VNode { vnode: VNodeInner { key: None, template: Cell { value: Template { name: "examples/suspense.rs:127:5:4128", roots: [Dynamic { id: 0 }], node_paths: [[0]], attr_paths: [] } }, dynamic_nodes: [Text(VText { value: "." })], dynamic_attrs: [] }, mount: Cell { value: MountId(7) } }
2024-06-04T16:00:25.670553Z TRACE VirtualDom::render_immediate: dioxus_core::diff::node: mount id: MountId(7)
2024-06-04T16:00:25.670565Z TRACE VirtualDom::render_immediate: dioxus_core::diff::node: mounts: Slab { len: 8, cap: 8 }
2024-06-04T16:00:25.700954Z TRACE VirtualDom::wait_for_work:VirtualDom::process_events: dioxus_core::virtual_dom: Marking task Task { id: 3, unsend: PhantomData<*const ()> } (spawned in ScopeId(4)) as dirty (called from Location { file: "packages/core/src/virtual_dom.rs", line: 505, col: 58 })
2024-06-04T16:00:25.701047Z  INFO VirtualDom::wait_for_work:VirtualDom::process_events:VirtualDom::poll_tasks: dioxus_core::tasks: Polling task Task { id: 3, unsend: PhantomData<*const ()> }
2024-06-04T16:00:25.701109Z  INFO VirtualDom::wait_for_work:VirtualDom::process_events:VirtualDom::poll_tasks: dioxus_core::tasks: Task Task { id: 3, unsend: PhantomData<*const ()> } finished with result Pending
2024-06-04T16:00:25.701139Z TRACE VirtualDom::wait_for_work:VirtualDom::process_events:VirtualDom::poll_tasks: dioxus_core::virtual_dom: Marking scope ScopeId(4, "Doggo") as dirty
2024-06-04T16:00:25.701264Z TRACE VirtualDom::render_immediate:render{scope=Doggo}: dioxus_signals::signal: Subscribing to the reactive context ReactiveContext(for scope: ScopeId(4, "Doggo"))
2024-06-04T16:00:25.701310Z TRACE VirtualDom::render_immediate:render{scope=Doggo}: dioxus_signals::signal: Subscribing to the reactive context ReactiveContext(for scope: ScopeId(4, "Doggo"))
2024-06-04T16:00:25.701350Z TRACE VirtualDom::render_immediate:render{scope=Doggo}: dioxus_core::scope_context: looking for context dioxus_core::suspense::SuspenseContext (TypeId { t: (4533244013398082440, 10897659798729036060) }) in Doggo
2024-06-04T16:00:25.701375Z TRACE VirtualDom::render_immediate:render{scope=Doggo}: dioxus_core::scope_context: looking for context dioxus_core::suspense::SuspenseContext (TypeId { t: (4533244013398082440, 10897659798729036060) }) in FrozenContext
2024-06-04T16:00:25.701396Z TRACE VirtualDom::render_immediate:render{scope=Doggo}: dioxus_core::scope_context: found context TypeId { t: (9286496122914249738, 8586425926625933774) }
2024-06-04T16:00:25.701414Z TRACE VirtualDom::render_immediate:render{scope=Doggo}: dioxus_core::scope_context: looking for context dioxus_core::suspense::SuspenseContext (TypeId { t: (4533244013398082440, 10897659798729036060) }) in SuspenseBoundary
2024-06-04T16:00:25.701444Z TRACE VirtualDom::render_immediate:render{scope=Doggo}: dioxus_core::scope_context: found context TypeId { t: (4533244013398082440, 10897659798729036060) }
2024-06-04T16:00:25.752051Z TRACE VirtualDom::wait_for_work:VirtualDom::process_events: dioxus_core::virtual_dom: Marking task Task { id: 0, unsend: PhantomData<*const ()> } (spawned in ScopeId(3)) as dirty (called from Location { file: "packages/core/src/virtual_dom.rs", line: 505, col: 58 })
2024-06-04T16:00:25.752149Z  INFO VirtualDom::wait_for_work:VirtualDom::process_events:VirtualDom::poll_tasks: dioxus_core::tasks: Polling task Task { id: 0, unsend: PhantomData<*const ()> }
2024-06-04T16:00:25.752212Z  INFO VirtualDom::wait_for_work:VirtualDom::process_events:VirtualDom::poll_tasks: dioxus_core::tasks: Task Task { id: 0, unsend: PhantomData<*const ()> } finished with result Pending
2024-06-04T16:00:25.752246Z TRACE VirtualDom::wait_for_work:VirtualDom::process_events:VirtualDom::poll_tasks: dioxus_core::virtual_dom: Marking scope ScopeId(3, "Doggo") as dirty
2024-06-04T16:00:25.752382Z TRACE VirtualDom::render_immediate:render{scope=Doggo}: dioxus_signals::signal: Subscribing to the reactive context ReactiveContext(for scope: ScopeId(3, "Doggo"))
2024-06-04T16:00:25.752423Z TRACE VirtualDom::render_immediate:render{scope=Doggo}: dioxus_signals::signal: Subscribing to the reactive context ReactiveContext(for scope: ScopeId(3, "Doggo"))
2024-06-04T16:00:25.752454Z TRACE VirtualDom::render_immediate:render{scope=Doggo}: dioxus_core::scope_context: looking for context dioxus_core::suspense::SuspenseContext (TypeId { t: (4533244013398082440, 10897659798729036060) }) in Doggo
2024-06-04T16:00:25.752477Z TRACE VirtualDom::render_immediate:render{scope=Doggo}: dioxus_core::scope_context: looking for context dioxus_core::suspense::SuspenseContext (TypeId { t: (4533244013398082440, 10897659798729036060) }) in FrozenContext
2024-06-04T16:00:25.752497Z TRACE VirtualDom::render_immediate:render{scope=Doggo}: dioxus_core::scope_context: found context TypeId { t: (9286496122914249738, 8586425926625933774) }
2024-06-04T16:00:25.752516Z TRACE VirtualDom::render_immediate:render{scope=Doggo}: dioxus_core::scope_context: looking for context dioxus_core::suspense::SuspenseContext (TypeId { t: (4533244013398082440, 10897659798729036060) }) in SuspenseBoundary
2024-06-04T16:00:25.752534Z TRACE VirtualDom::render_immediate:render{scope=Doggo}: dioxus_core::scope_context: found context TypeId { t: (4533244013398082440, 10897659798729036060) }
2024-06-04T16:00:25.803170Z TRACE VirtualDom::wait_for_work:VirtualDom::process_events: dioxus_core::virtual_dom: Marking task Task { id: 3, unsend: PhantomData<*const ()> } (spawned in ScopeId(4)) as dirty (called from Location { file: "packages/core/src/virtual_dom.rs", line: 505, col: 58 })
2024-06-04T16:00:25.803292Z  INFO VirtualDom::wait_for_work:VirtualDom::process_events:VirtualDom::poll_tasks: dioxus_core::tasks: Polling task Task { id: 3, unsend: PhantomData<*const ()> }
2024-06-04T16:00:25.803373Z  INFO VirtualDom::wait_for_work:VirtualDom::process_events:VirtualDom::poll_tasks: dioxus_core::tasks: Task Task { id: 3, unsend: PhantomData<*const ()> } finished with result Pending
2024-06-04T16:00:25.803408Z TRACE VirtualDom::wait_for_work:VirtualDom::process_events:VirtualDom::poll_tasks: dioxus_core::virtual_dom: Marking scope ScopeId(4, "Doggo") as dirty
2024-06-04T16:00:25.803568Z TRACE VirtualDom::render_immediate:render{scope=Doggo}: dioxus_signals::signal: Subscribing to the reactive context ReactiveContext(for scope: ScopeId(4, "Doggo"))
2024-06-04T16:00:25.803625Z TRACE VirtualDom::render_immediate:render{scope=Doggo}: dioxus_signals::signal: Subscribing to the reactive context ReactiveContext(for scope: ScopeId(4, "Doggo"))
2024-06-04T16:00:25.803660Z TRACE VirtualDom::render_immediate:render{scope=Doggo}: dioxus_core::scope_context: looking for context dioxus_core::suspense::SuspenseContext (TypeId { t: (4533244013398082440, 10897659798729036060) }) in Doggo
2024-06-04T16:00:25.803683Z TRACE VirtualDom::render_immediate:render{scope=Doggo}: dioxus_core::scope_context: looking for context dioxus_core::suspense::SuspenseContext (TypeId { t: (4533244013398082440, 10897659798729036060) }) in FrozenContext
2024-06-04T16:00:25.803703Z TRACE VirtualDom::render_immediate:render{scope=Doggo}: dioxus_core::scope_context: found context TypeId { t: (9286496122914249738, 8586425926625933774) }
2024-06-04T16:00:25.803722Z TRACE VirtualDom::render_immediate:render{scope=Doggo}: dioxus_core::scope_context: looking for context dioxus_core::suspense::SuspenseContext (TypeId { t: (4533244013398082440, 10897659798729036060) }) in SuspenseBoundary
2024-06-04T16:00:25.803740Z TRACE VirtualDom::render_immediate:render{scope=Doggo}: dioxus_core::scope_context: found context TypeId { t: (4533244013398082440, 10897659798729036060) }
2024-06-04T16:00:25.854310Z TRACE VirtualDom::wait_for_work:VirtualDom::process_events: dioxus_core::virtual_dom: Marking task Task { id: 0, unsend: PhantomData<*const ()> } (spawned in ScopeId(3)) as dirty (called from Location { file: "packages/core/src/virtual_dom.rs", line: 505, col: 58 })
2024-06-04T16:00:25.854433Z  INFO VirtualDom::wait_for_work:VirtualDom::process_events:VirtualDom::poll_tasks: dioxus_core::tasks: Polling task Task { id: 0, unsend: PhantomData<*const ()> }
2024-06-04T16:00:25.854516Z  INFO VirtualDom::wait_for_work:VirtualDom::process_events:VirtualDom::poll_tasks: dioxus_core::tasks: Task Task { id: 0, unsend: PhantomData<*const ()> } finished with result Pending
2024-06-04T16:00:25.854548Z TRACE VirtualDom::wait_for_work:VirtualDom::process_events:VirtualDom::poll_tasks: dioxus_core::virtual_dom: Marking scope ScopeId(3, "Doggo") as dirty
2024-06-04T16:00:25.854724Z TRACE VirtualDom::render_immediate:render{scope=Doggo}: dioxus_signals::signal: Subscribing to the reactive context ReactiveContext(for scope: ScopeId(3, "Doggo"))
2024-06-04T16:00:25.854776Z TRACE VirtualDom::render_immediate:render{scope=Doggo}: dioxus_signals::signal: Subscribing to the reactive context ReactiveContext(for scope: ScopeId(3, "Doggo"))
2024-06-04T16:00:25.854813Z TRACE VirtualDom::render_immediate:render{scope=Doggo}: dioxus_core::scope_context: looking for context dioxus_core::suspense::SuspenseContext (TypeId { t: (4533244013398082440, 10897659798729036060) }) in Doggo
2024-06-04T16:00:25.854837Z TRACE VirtualDom::render_immediate:render{scope=Doggo}: dioxus_core::scope_context: looking for context dioxus_core::suspense::SuspenseContext (TypeId { t: (4533244013398082440, 10897659798729036060) }) in FrozenContext
2024-06-04T16:00:25.854857Z TRACE VirtualDom::render_immediate:render{scope=Doggo}: dioxus_core::scope_context: found context TypeId { t: (9286496122914249738, 8586425926625933774) }
2024-06-04T16:00:25.854891Z TRACE VirtualDom::render_immediate:render{scope=Doggo}: dioxus_core::scope_context: looking for context dioxus_core::suspense::SuspenseContext (TypeId { t: (4533244013398082440, 10897659798729036060) }) in SuspenseBoundary
2024-06-04T16:00:25.854911Z TRACE VirtualDom::render_immediate:render{scope=Doggo}: dioxus_core::scope_context: found context TypeId { t: (4533244013398082440, 10897659798729036060) }
2024-06-04T16:00:25.872372Z TRACE VirtualDom::wait_for_work:VirtualDom::process_events: dioxus_core::virtual_dom: Marking task Task { id: 6, unsend: PhantomData<*const ()> } (spawned in ScopeId(5)) as dirty (called from Location { file: "packages/core/src/virtual_dom.rs", line: 505, col: 58 })
2024-06-04T16:00:25.872501Z  INFO VirtualDom::wait_for_work:VirtualDom::process_events:VirtualDom::poll_tasks: dioxus_core::tasks: Polling task Task { id: 6, unsend: PhantomData<*const ()> }
2024-06-04T16:00:25.872561Z TRACE VirtualDom::wait_for_work:VirtualDom::process_events:VirtualDom::poll_tasks: dioxus_signals::signal: Write on signal at examples/suspense.rs:122:19 finished, updating subscribers
2024-06-04T16:00:25.872598Z TRACE VirtualDom::wait_for_work:VirtualDom::process_events:VirtualDom::poll_tasks: dioxus_signals::reactive_context: Marking reactive context created at packages/signals/src/reactive_context.rs:117:13 as dirty
2024-06-04T16:00:25.872617Z TRACE VirtualDom::wait_for_work:VirtualDom::process_events:VirtualDom::poll_tasks: dioxus_signals::reactive_context: Marking scope ScopeId(5, "LoadingDots") as dirty
2024-06-04T16:00:25.872665Z  INFO VirtualDom::wait_for_work:VirtualDom::process_events:VirtualDom::poll_tasks: dioxus_core::tasks: Task Task { id: 6, unsend: PhantomData<*const ()> } finished with result Pending
2024-06-04T16:00:25.872694Z TRACE VirtualDom::wait_for_work:VirtualDom::process_events:VirtualDom::poll_tasks: dioxus_core::virtual_dom: Marking scope ScopeId(5, "LoadingDots") as dirty
2024-06-04T16:00:25.872849Z TRACE VirtualDom::render_immediate:render{scope=LoadingDots}: dioxus_signals::signal: Subscribing to the reactive context ReactiveContext(for scope: ScopeId(5, "LoadingDots"))
2024-06-04T16:00:25.872897Z TRACE VirtualDom::render_immediate: dioxus_core::scope_context: looking for context dioxus_core::suspense::FrozenContext (TypeId { t: (9286496122914249738, 8586425926625933774) }) in LoadingDots
2024-06-04T16:00:25.872917Z TRACE VirtualDom::render_immediate: dioxus_core::scope_context: looking for context dioxus_core::suspense::FrozenContext (TypeId { t: (9286496122914249738, 8586425926625933774) }) in SuspenseBoundary
2024-06-04T16:00:25.872932Z TRACE VirtualDom::render_immediate: dioxus_core::scope_context: found context TypeId { t: (4533244013398082440, 10897659798729036060) }
2024-06-04T16:00:25.872945Z TRACE VirtualDom::render_immediate: dioxus_core::scope_context: looking for context dioxus_core::suspense::FrozenContext (TypeId { t: (9286496122914249738, 8586425926625933774) }) in app
2024-06-04T16:00:25.872958Z TRACE VirtualDom::render_immediate: dioxus_core::scope_context: found context TypeId { t: (3582638416876954437, 3810890675802792692) }
2024-06-04T16:00:25.872972Z TRACE VirtualDom::render_immediate: dioxus_core::scope_context: found context TypeId { t: (7946844621057603534, 4355211565432133561) }
2024-06-04T16:00:25.872984Z TRACE VirtualDom::render_immediate: dioxus_core::scope_context: found context TypeId { t: (10682502755203913650, 15985576721215419306) }
2024-06-04T16:00:25.872998Z TRACE VirtualDom::render_immediate: dioxus_core::scope_context: context dioxus_core::suspense::FrozenContext (TypeId { t: (9286496122914249738, 8586425926625933774) }) not found
2024-06-04T16:00:25.873036Z TRACE VirtualDom::render_immediate: dioxus_core::diff::node: moving mount self=VNode { vnode: VNodeInner { key: None, template: Cell { value: Template { name: "examples/suspense.rs:127:5:4128", roots: [Dynamic { id: 0 }], node_paths: [[0]], attr_paths: [] } }, dynamic_nodes: [Text(VText { value: "." })], dynamic_attrs: [] }, mount: Cell { value: MountId(7) } } new=VNode { vnode: VNodeInner { key: None, template: Cell { value: Template { name: "examples/suspense.rs:127:5:4128", roots: [Dynamic { id: 0 }], node_paths: [[0]], attr_paths: [] } }, dynamic_nodes: [Text(VText { value: ".." })], dynamic_attrs: [] }, mount: Cell { value: MountId(7) } }
2024-06-04T16:00:25.873077Z TRACE VirtualDom::render_immediate: dioxus_core::diff::node: mount id: MountId(7)
2024-06-04T16:00:25.873089Z TRACE VirtualDom::render_immediate: dioxus_core::diff::node: mounts: Slab { len: 8, cap: 8 }
2024-06-04T16:00:25.905421Z TRACE VirtualDom::wait_for_work:VirtualDom::process_events: dioxus_core::virtual_dom: Marking task Task { id: 3, unsend: PhantomData<*const ()> } (spawned in ScopeId(4)) as dirty (called from Location { file: "packages/core/src/virtual_dom.rs", line: 505, col: 58 })
2024-06-04T16:00:25.905495Z  INFO VirtualDom::wait_for_work:VirtualDom::process_events:VirtualDom::poll_tasks: dioxus_core::tasks: Polling task Task { id: 3, unsend: PhantomData<*const ()> }
2024-06-04T16:00:25.905565Z  INFO VirtualDom::wait_for_work:VirtualDom::process_events:VirtualDom::poll_tasks: dioxus_core::tasks: Task Task { id: 3, unsend: PhantomData<*const ()> } finished with result Pending
2024-06-04T16:00:25.905593Z TRACE VirtualDom::wait_for_work:VirtualDom::process_events:VirtualDom::poll_tasks: dioxus_core::virtual_dom: Marking scope ScopeId(4, "Doggo") as dirty
2024-06-04T16:00:25.905719Z TRACE VirtualDom::render_immediate:render{scope=Doggo}: dioxus_signals::signal: Subscribing to the reactive context ReactiveContext(for scope: ScopeId(4, "Doggo"))
2024-06-04T16:00:25.905763Z TRACE VirtualDom::render_immediate:render{scope=Doggo}: dioxus_signals::signal: Subscribing to the reactive context ReactiveContext(for scope: ScopeId(4, "Doggo"))
2024-06-04T16:00:25.905799Z TRACE VirtualDom::render_immediate:render{scope=Doggo}: dioxus_core::scope_context: looking for context dioxus_core::suspense::SuspenseContext (TypeId { t: (4533244013398082440, 10897659798729036060) }) in Doggo
2024-06-04T16:00:25.905819Z TRACE VirtualDom::render_immediate:render{scope=Doggo}: dioxus_core::scope_context: looking for context dioxus_core::suspense::SuspenseContext (TypeId { t: (4533244013398082440, 10897659798729036060) }) in FrozenContext
2024-06-04T16:00:25.905836Z TRACE VirtualDom::render_immediate:render{scope=Doggo}: dioxus_core::scope_context: found context TypeId { t: (9286496122914249738, 8586425926625933774) }
2024-06-04T16:00:25.905867Z TRACE VirtualDom::render_immediate:render{scope=Doggo}: dioxus_core::scope_context: looking for context dioxus_core::suspense::SuspenseContext (TypeId { t: (4533244013398082440, 10897659798729036060) }) in SuspenseBoundary
2024-06-04T16:00:25.905887Z TRACE VirtualDom::render_immediate:render{scope=Doggo}: dioxus_core::scope_context: found context TypeId { t: (4533244013398082440, 10897659798729036060) }
2024-06-04T16:00:25.956484Z TRACE VirtualDom::wait_for_work:VirtualDom::process_events: dioxus_core::virtual_dom: Marking task Task { id: 0, unsend: PhantomData<*const ()> } (spawned in ScopeId(3)) as dirty (called from Location { file: "packages/core/src/virtual_dom.rs", line: 505, col: 58 })
2024-06-04T16:00:25.956591Z  INFO VirtualDom::wait_for_work:VirtualDom::process_events:VirtualDom::poll_tasks: dioxus_core::tasks: Polling task Task { id: 0, unsend: PhantomData<*const ()> }
2024-06-04T16:00:25.956671Z  INFO VirtualDom::wait_for_work:VirtualDom::process_events:VirtualDom::poll_tasks: dioxus_core::tasks: Task Task { id: 0, unsend: PhantomData<*const ()> } finished with result Pending
2024-06-04T16:00:25.956696Z TRACE VirtualDom::wait_for_work:VirtualDom::process_events:VirtualDom::poll_tasks: dioxus_core::virtual_dom: Marking scope ScopeId(3, "Doggo") as dirty
2024-06-04T16:00:25.956851Z TRACE VirtualDom::render_immediate:render{scope=Doggo}: dioxus_signals::signal: Subscribing to the reactive context ReactiveContext(for scope: ScopeId(3, "Doggo"))
2024-06-04T16:00:25.956898Z TRACE VirtualDom::render_immediate:render{scope=Doggo}: dioxus_signals::signal: Subscribing to the reactive context ReactiveContext(for scope: ScopeId(3, "Doggo"))
2024-06-04T16:00:25.956929Z TRACE VirtualDom::render_immediate:render{scope=Doggo}: dioxus_core::scope_context: looking for context dioxus_core::suspense::SuspenseContext (TypeId { t: (4533244013398082440, 10897659798729036060) }) in Doggo
2024-06-04T16:00:25.956949Z TRACE VirtualDom::render_immediate:render{scope=Doggo}: dioxus_core::scope_context: looking for context dioxus_core::suspense::SuspenseContext (TypeId { t: (4533244013398082440, 10897659798729036060) }) in FrozenContext
2024-06-04T16:00:25.956967Z TRACE VirtualDom::render_immediate:render{scope=Doggo}: dioxus_core::scope_context: found context TypeId { t: (9286496122914249738, 8586425926625933774) }
2024-06-04T16:00:25.956982Z TRACE VirtualDom::render_immediate:render{scope=Doggo}: dioxus_core::scope_context: looking for context dioxus_core::suspense::SuspenseContext (TypeId { t: (4533244013398082440, 10897659798729036060) }) in SuspenseBoundary
2024-06-04T16:00:25.956996Z TRACE VirtualDom::render_immediate:render{scope=Doggo}: dioxus_core::scope_context: found context TypeId { t: (4533244013398082440, 10897659798729036060) }
2024-06-04T16:00:26.007079Z TRACE VirtualDom::wait_for_work:VirtualDom::process_events: dioxus_core::virtual_dom: Marking task Task { id: 3, unsend: PhantomData<*const ()> } (spawned in ScopeId(4)) as dirty (called from Location { file: "packages/core/src/virtual_dom.rs", line: 505, col: 58 })
2024-06-04T16:00:26.007194Z  INFO VirtualDom::wait_for_work:VirtualDom::process_events:VirtualDom::poll_tasks: dioxus_core::tasks: Polling task Task { id: 3, unsend: PhantomData<*const ()> }
2024-06-04T16:00:26.007268Z  INFO VirtualDom::wait_for_work:VirtualDom::process_events:VirtualDom::poll_tasks: dioxus_core::tasks: Task Task { id: 3, unsend: PhantomData<*const ()> } finished with result Pending
2024-06-04T16:00:26.007303Z TRACE VirtualDom::wait_for_work:VirtualDom::process_events:VirtualDom::poll_tasks: dioxus_core::virtual_dom: Marking scope ScopeId(4, "Doggo") as dirty
2024-06-04T16:00:26.007451Z TRACE VirtualDom::render_immediate:render{scope=Doggo}: dioxus_signals::signal: Subscribing to the reactive context ReactiveContext(for scope: ScopeId(4, "Doggo"))
2024-06-04T16:00:26.007496Z TRACE VirtualDom::render_immediate:render{scope=Doggo}: dioxus_signals::signal: Subscribing to the reactive context ReactiveContext(for scope: ScopeId(4, "Doggo"))
2024-06-04T16:00:26.007526Z TRACE VirtualDom::render_immediate:render{scope=Doggo}: dioxus_core::scope_context: looking for context dioxus_core::suspense::SuspenseContext (TypeId { t: (4533244013398082440, 10897659798729036060) }) in Doggo
2024-06-04T16:00:26.007546Z TRACE VirtualDom::render_immediate:render{scope=Doggo}: dioxus_core::scope_context: looking for context dioxus_core::suspense::SuspenseContext (TypeId { t: (4533244013398082440, 10897659798729036060) }) in FrozenContext
2024-06-04T16:00:26.007565Z TRACE VirtualDom::render_immediate:render{scope=Doggo}: dioxus_core::scope_context: found context TypeId { t: (9286496122914249738, 8586425926625933774) }
2024-06-04T16:00:26.007580Z TRACE VirtualDom::render_immediate:render{scope=Doggo}: dioxus_core::scope_context: looking for context dioxus_core::suspense::SuspenseContext (TypeId { t: (4533244013398082440, 10897659798729036060) }) in SuspenseBoundary
2024-06-04T16:00:26.007594Z TRACE VirtualDom::render_immediate:render{scope=Doggo}: dioxus_core::scope_context: found context TypeId { t: (4533244013398082440, 10897659798729036060) }
2024-06-04T16:00:26.059151Z TRACE VirtualDom::wait_for_work:VirtualDom::process_events: dioxus_core::virtual_dom: Marking task Task { id: 0, unsend: PhantomData<*const ()> } (spawned in ScopeId(3)) as dirty (called from Location { file: "packages/core/src/virtual_dom.rs", line: 505, col: 58 })
2024-06-04T16:00:26.059262Z  INFO VirtualDom::wait_for_work:VirtualDom::process_events:VirtualDom::poll_tasks: dioxus_core::tasks: Polling task Task { id: 0, unsend: PhantomData<*const ()> }
2024-06-04T16:00:26.059327Z  INFO VirtualDom::wait_for_work:VirtualDom::process_events:VirtualDom::poll_tasks: dioxus_core::tasks: Task Task { id: 0, unsend: PhantomData<*const ()> } finished with result Pending
2024-06-04T16:00:26.059352Z TRACE VirtualDom::wait_for_work:VirtualDom::process_events:VirtualDom::poll_tasks: dioxus_core::virtual_dom: Marking scope ScopeId(3, "Doggo") as dirty
2024-06-04T16:00:26.059475Z TRACE VirtualDom::render_immediate:render{scope=Doggo}: dioxus_signals::signal: Subscribing to the reactive context ReactiveContext(for scope: ScopeId(3, "Doggo"))
2024-06-04T16:00:26.059507Z TRACE VirtualDom::render_immediate:render{scope=Doggo}: dioxus_signals::signal: Subscribing to the reactive context ReactiveContext(for scope: ScopeId(3, "Doggo"))
2024-06-04T16:00:26.059531Z TRACE VirtualDom::render_immediate:render{scope=Doggo}: dioxus_core::scope_context: looking for context dioxus_core::suspense::SuspenseContext (TypeId { t: (4533244013398082440, 10897659798729036060) }) in Doggo
2024-06-04T16:00:26.059552Z TRACE VirtualDom::render_immediate:render{scope=Doggo}: dioxus_core::scope_context: looking for context dioxus_core::suspense::SuspenseContext (TypeId { t: (4533244013398082440, 10897659798729036060) }) in FrozenContext
2024-06-04T16:00:26.059567Z TRACE VirtualDom::render_immediate:render{scope=Doggo}: dioxus_core::scope_context: found context TypeId { t: (9286496122914249738, 8586425926625933774) }
2024-06-04T16:00:26.059581Z TRACE VirtualDom::render_immediate:render{scope=Doggo}: dioxus_core::scope_context: looking for context dioxus_core::suspense::SuspenseContext (TypeId { t: (4533244013398082440, 10897659798729036060) }) in SuspenseBoundary
2024-06-04T16:00:26.059595Z TRACE VirtualDom::render_immediate:render{scope=Doggo}: dioxus_core::scope_context: found context TypeId { t: (4533244013398082440, 10897659798729036060) }
2024-06-04T16:00:26.073697Z TRACE VirtualDom::wait_for_work:VirtualDom::process_events: dioxus_core::virtual_dom: Marking task Task { id: 6, unsend: PhantomData<*const ()> } (spawned in ScopeId(5)) as dirty (called from Location { file: "packages/core/src/virtual_dom.rs", line: 505, col: 58 })
2024-06-04T16:00:26.073767Z  INFO VirtualDom::wait_for_work:VirtualDom::process_events:VirtualDom::poll_tasks: dioxus_core::tasks: Polling task Task { id: 6, unsend: PhantomData<*const ()> }
2024-06-04T16:00:26.073805Z TRACE VirtualDom::wait_for_work:VirtualDom::process_events:VirtualDom::poll_tasks: dioxus_signals::signal: Write on signal at examples/suspense.rs:122:19 finished, updating subscribers
2024-06-04T16:00:26.073829Z TRACE VirtualDom::wait_for_work:VirtualDom::process_events:VirtualDom::poll_tasks: dioxus_signals::reactive_context: Marking reactive context created at packages/signals/src/reactive_context.rs:117:13 as dirty
2024-06-04T16:00:26.073846Z TRACE VirtualDom::wait_for_work:VirtualDom::process_events:VirtualDom::poll_tasks: dioxus_signals::reactive_context: Marking scope ScopeId(5, "LoadingDots") as dirty
2024-06-04T16:00:26.073876Z  INFO VirtualDom::wait_for_work:VirtualDom::process_events:VirtualDom::poll_tasks: dioxus_core::tasks: Task Task { id: 6, unsend: PhantomData<*const ()> } finished with result Pending
2024-06-04T16:00:26.073894Z TRACE VirtualDom::wait_for_work:VirtualDom::process_events:VirtualDom::poll_tasks: dioxus_core::virtual_dom: Marking scope ScopeId(5, "LoadingDots") as dirty
2024-06-04T16:00:26.073980Z TRACE VirtualDom::render_immediate:render{scope=LoadingDots}: dioxus_signals::signal: Subscribing to the reactive context ReactiveContext(for scope: ScopeId(5, "LoadingDots"))
2024-06-04T16:00:26.074014Z TRACE VirtualDom::render_immediate: dioxus_core::scope_context: looking for context dioxus_core::suspense::FrozenContext (TypeId { t: (9286496122914249738, 8586425926625933774) }) in LoadingDots
2024-06-04T16:00:26.074029Z TRACE VirtualDom::render_immediate: dioxus_core::scope_context: looking for context dioxus_core::suspense::FrozenContext (TypeId { t: (9286496122914249738, 8586425926625933774) }) in SuspenseBoundary
2024-06-04T16:00:26.074041Z TRACE VirtualDom::render_immediate: dioxus_core::scope_context: found context TypeId { t: (4533244013398082440, 10897659798729036060) }
2024-06-04T16:00:26.074053Z TRACE VirtualDom::render_immediate: dioxus_core::scope_context: looking for context dioxus_core::suspense::FrozenContext (TypeId { t: (9286496122914249738, 8586425926625933774) }) in app
2024-06-04T16:00:26.074064Z TRACE VirtualDom::render_immediate: dioxus_core::scope_context: found context TypeId { t: (3582638416876954437, 3810890675802792692) }
2024-06-04T16:00:26.074075Z TRACE VirtualDom::render_immediate: dioxus_core::scope_context: found context TypeId { t: (7946844621057603534, 4355211565432133561) }
2024-06-04T16:00:26.074085Z TRACE VirtualDom::render_immediate: dioxus_core::scope_context: found context TypeId { t: (10682502755203913650, 15985576721215419306) }
2024-06-04T16:00:26.074097Z TRACE VirtualDom::render_immediate: dioxus_core::scope_context: context dioxus_core::suspense::FrozenContext (TypeId { t: (9286496122914249738, 8586425926625933774) }) not found
2024-06-04T16:00:26.074115Z TRACE VirtualDom::render_immediate: dioxus_core::diff::node: moving mount self=VNode { vnode: VNodeInner { key: None, template: Cell { value: Template { name: "examples/suspense.rs:127:5:4128", roots: [Dynamic { id: 0 }], node_paths: [[0]], attr_paths: [] } }, dynamic_nodes: [Text(VText { value: ".." })], dynamic_attrs: [] }, mount: Cell { value: MountId(7) } } new=VNode { vnode: VNodeInner { key: None, template: Cell { value: Template { name: "examples/suspense.rs:127:5:4128", roots: [Dynamic { id: 0 }], node_paths: [[0]], attr_paths: [] } }, dynamic_nodes: [Text(VText { value: "..." })], dynamic_attrs: [] }, mount: Cell { value: MountId(7) } }
2024-06-04T16:00:26.074144Z TRACE VirtualDom::render_immediate: dioxus_core::diff::node: mount id: MountId(7)
2024-06-04T16:00:26.074155Z TRACE VirtualDom::render_immediate: dioxus_core::diff::node: mounts: Slab { len: 8, cap: 8 }
2024-06-04T16:00:26.110014Z TRACE VirtualDom::wait_for_work:VirtualDom::process_events: dioxus_core::virtual_dom: Marking task Task { id: 3, unsend: PhantomData<*const ()> } (spawned in ScopeId(4)) as dirty (called from Location { file: "packages/core/src/virtual_dom.rs", line: 505, col: 58 })
2024-06-04T16:00:26.110096Z  INFO VirtualDom::wait_for_work:VirtualDom::process_events:VirtualDom::poll_tasks: dioxus_core::tasks: Polling task Task { id: 3, unsend: PhantomData<*const ()> }
2024-06-04T16:00:26.110146Z  INFO VirtualDom::wait_for_work:VirtualDom::process_events:VirtualDom::poll_tasks: dioxus_core::tasks: Task Task { id: 3, unsend: PhantomData<*const ()> } finished with result Pending
2024-06-04T16:00:26.110183Z TRACE VirtualDom::wait_for_work:VirtualDom::process_events:VirtualDom::poll_tasks: dioxus_core::virtual_dom: Marking scope ScopeId(4, "Doggo") as dirty
2024-06-04T16:00:26.110286Z TRACE VirtualDom::render_immediate:render{scope=Doggo}: dioxus_signals::signal: Subscribing to the reactive context ReactiveContext(for scope: ScopeId(4, "Doggo"))
2024-06-04T16:00:26.110318Z TRACE VirtualDom::render_immediate:render{scope=Doggo}: dioxus_signals::signal: Subscribing to the reactive context ReactiveContext(for scope: ScopeId(4, "Doggo"))
2024-06-04T16:00:26.110344Z TRACE VirtualDom::render_immediate:render{scope=Doggo}: dioxus_core::scope_context: looking for context dioxus_core::suspense::SuspenseContext (TypeId { t: (4533244013398082440, 10897659798729036060) }) in Doggo
2024-06-04T16:00:26.110364Z TRACE VirtualDom::render_immediate:render{scope=Doggo}: dioxus_core::scope_context: looking for context dioxus_core::suspense::SuspenseContext (TypeId { t: (4533244013398082440, 10897659798729036060) }) in FrozenContext
2024-06-04T16:00:26.110381Z TRACE VirtualDom::render_immediate:render{scope=Doggo}: dioxus_core::scope_context: found context TypeId { t: (9286496122914249738, 8586425926625933774) }
2024-06-04T16:00:26.110397Z TRACE VirtualDom::render_immediate:render{scope=Doggo}: dioxus_core::scope_context: looking for context dioxus_core::suspense::SuspenseContext (TypeId { t: (4533244013398082440, 10897659798729036060) }) in SuspenseBoundary
2024-06-04T16:00:26.110424Z TRACE VirtualDom::render_immediate:render{scope=Doggo}: dioxus_core::scope_context: found context TypeId { t: (4533244013398082440, 10897659798729036060) }
2024-06-04T16:00:26.161827Z TRACE VirtualDom::wait_for_work:VirtualDom::process_events: dioxus_core::virtual_dom: Marking task Task { id: 0, unsend: PhantomData<*const ()> } (spawned in ScopeId(3)) as dirty (called from Location { file: "packages/core/src/virtual_dom.rs", line: 505, col: 58 })
2024-06-04T16:00:26.161929Z  INFO VirtualDom::wait_for_work:VirtualDom::process_events:VirtualDom::poll_tasks: dioxus_core::tasks: Polling task Task { id: 0, unsend: PhantomData<*const ()> }
2024-06-04T16:00:26.161981Z  INFO VirtualDom::wait_for_work:VirtualDom::process_events:VirtualDom::poll_tasks: dioxus_core::tasks: Task Task { id: 0, unsend: PhantomData<*const ()> } finished with result Pending
2024-06-04T16:00:26.162004Z TRACE VirtualDom::wait_for_work:VirtualDom::process_events:VirtualDom::poll_tasks: dioxus_core::virtual_dom: Marking scope ScopeId(3, "Doggo") as dirty
2024-06-04T16:00:26.162114Z TRACE VirtualDom::render_immediate:render{scope=Doggo}: dioxus_signals::signal: Subscribing to the reactive context ReactiveContext(for scope: ScopeId(3, "Doggo"))
2024-06-04T16:00:26.162152Z TRACE VirtualDom::render_immediate:render{scope=Doggo}: dioxus_signals::signal: Subscribing to the reactive context ReactiveContext(for scope: ScopeId(3, "Doggo"))
2024-06-04T16:00:26.162180Z TRACE VirtualDom::render_immediate:render{scope=Doggo}: dioxus_core::scope_context: looking for context dioxus_core::suspense::SuspenseContext (TypeId { t: (4533244013398082440, 10897659798729036060) }) in Doggo
2024-06-04T16:00:26.162205Z TRACE VirtualDom::render_immediate:render{scope=Doggo}: dioxus_core::scope_context: looking for context dioxus_core::suspense::SuspenseContext (TypeId { t: (4533244013398082440, 10897659798729036060) }) in FrozenContext
2024-06-04T16:00:26.162218Z TRACE VirtualDom::render_immediate:render{scope=Doggo}: dioxus_core::scope_context: found context TypeId { t: (9286496122914249738, 8586425926625933774) }
2024-06-04T16:00:26.162230Z TRACE VirtualDom::render_immediate:render{scope=Doggo}: dioxus_core::scope_context: looking for context dioxus_core::suspense::SuspenseContext (TypeId { t: (4533244013398082440, 10897659798729036060) }) in SuspenseBoundary
2024-06-04T16:00:26.162242Z TRACE VirtualDom::render_immediate:render{scope=Doggo}: dioxus_core::scope_context: found context TypeId { t: (4533244013398082440, 10897659798729036060) }
2024-06-04T16:00:26.212151Z TRACE VirtualDom::wait_for_work:VirtualDom::process_events: dioxus_core::virtual_dom: Marking task Task { id: 3, unsend: PhantomData<*const ()> } (spawned in ScopeId(4)) as dirty (called from Location { file: "packages/core/src/virtual_dom.rs", line: 505, col: 58 })
2024-06-04T16:00:26.212248Z  INFO VirtualDom::wait_for_work:VirtualDom::process_events:VirtualDom::poll_tasks: dioxus_core::tasks: Polling task Task { id: 3, unsend: PhantomData<*const ()> }
2024-06-04T16:00:26.212308Z  INFO VirtualDom::wait_for_work:VirtualDom::process_events:VirtualDom::poll_tasks: dioxus_core::tasks: Task Task { id: 3, unsend: PhantomData<*const ()> } finished with result Pending
2024-06-04T16:00:26.212332Z TRACE VirtualDom::wait_for_work:VirtualDom::process_events:VirtualDom::poll_tasks: dioxus_core::virtual_dom: Marking scope ScopeId(4, "Doggo") as dirty
2024-06-04T16:00:26.212445Z TRACE VirtualDom::render_immediate:render{scope=Doggo}: dioxus_signals::signal: Subscribing to the reactive context ReactiveContext(for scope: ScopeId(4, "Doggo"))
2024-06-04T16:00:26.212475Z TRACE VirtualDom::render_immediate:render{scope=Doggo}: dioxus_signals::signal: Subscribing to the reactive context ReactiveContext(for scope: ScopeId(4, "Doggo"))
2024-06-04T16:00:26.212499Z TRACE VirtualDom::render_immediate:render{scope=Doggo}: dioxus_core::scope_context: looking for context dioxus_core::suspense::SuspenseContext (TypeId { t: (4533244013398082440, 10897659798729036060) }) in Doggo
2024-06-04T16:00:26.212516Z TRACE VirtualDom::render_immediate:render{scope=Doggo}: dioxus_core::scope_context: looking for context dioxus_core::suspense::SuspenseContext (TypeId { t: (4533244013398082440, 10897659798729036060) }) in FrozenContext
2024-06-04T16:00:26.212531Z TRACE VirtualDom::render_immediate:render{scope=Doggo}: dioxus_core::scope_context: found context TypeId { t: (9286496122914249738, 8586425926625933774) }
2024-06-04T16:00:26.212545Z TRACE VirtualDom::render_immediate:render{scope=Doggo}: dioxus_core::scope_context: looking for context dioxus_core::suspense::SuspenseContext (TypeId { t: (4533244013398082440, 10897659798729036060) }) in SuspenseBoundary
2024-06-04T16:00:26.212559Z TRACE VirtualDom::render_immediate:render{scope=Doggo}: dioxus_core::scope_context: found context TypeId { t: (4533244013398082440, 10897659798729036060) }
2024-06-04T16:00:26.263279Z TRACE VirtualDom::wait_for_work:VirtualDom::process_events: dioxus_core::virtual_dom: Marking task Task { id: 0, unsend: PhantomData<*const ()> } (spawned in ScopeId(3)) as dirty (called from Location { file: "packages/core/src/virtual_dom.rs", line: 505, col: 58 })
2024-06-04T16:00:26.263388Z  INFO VirtualDom::wait_for_work:VirtualDom::process_events:VirtualDom::poll_tasks: dioxus_core::tasks: Polling task Task { id: 0, unsend: PhantomData<*const ()> }
2024-06-04T16:00:26.263457Z  INFO VirtualDom::wait_for_work:VirtualDom::process_events:VirtualDom::poll_tasks: dioxus_core::tasks: Task Task { id: 0, unsend: PhantomData<*const ()> } finished with result Pending
2024-06-04T16:00:26.263489Z TRACE VirtualDom::wait_for_work:VirtualDom::process_events:VirtualDom::poll_tasks: dioxus_core::virtual_dom: Marking scope ScopeId(3, "Doggo") as dirty
2024-06-04T16:00:26.263600Z TRACE VirtualDom::render_immediate:render{scope=Doggo}: dioxus_signals::signal: Subscribing to the reactive context ReactiveContext(for scope: ScopeId(3, "Doggo"))
2024-06-04T16:00:26.263631Z TRACE VirtualDom::render_immediate:render{scope=Doggo}: dioxus_signals::signal: Subscribing to the reactive context ReactiveContext(for scope: ScopeId(3, "Doggo"))
2024-06-04T16:00:26.263656Z TRACE VirtualDom::render_immediate:render{scope=Doggo}: dioxus_core::scope_context: looking for context dioxus_core::suspense::SuspenseContext (TypeId { t: (4533244013398082440, 10897659798729036060) }) in Doggo
2024-06-04T16:00:26.263673Z TRACE VirtualDom::render_immediate:render{scope=Doggo}: dioxus_core::scope_context: looking for context dioxus_core::suspense::SuspenseContext (TypeId { t: (4533244013398082440, 10897659798729036060) }) in FrozenContext
2024-06-04T16:00:26.263687Z TRACE VirtualDom::render_immediate:render{scope=Doggo}: dioxus_core::scope_context: found context TypeId { t: (9286496122914249738, 8586425926625933774) }
2024-06-04T16:00:26.263702Z TRACE VirtualDom::render_immediate:render{scope=Doggo}: dioxus_core::scope_context: looking for context dioxus_core::suspense::SuspenseContext (TypeId { t: (4533244013398082440, 10897659798729036060) }) in SuspenseBoundary
2024-06-04T16:00:26.263715Z TRACE VirtualDom::render_immediate:render{scope=Doggo}: dioxus_core::scope_context: found context TypeId { t: (4533244013398082440, 10897659798729036060) }
2024-06-04T16:00:26.275293Z TRACE VirtualDom::wait_for_work:VirtualDom::process_events: dioxus_core::virtual_dom: Marking task Task { id: 6, unsend: PhantomData<*const ()> } (spawned in ScopeId(5)) as dirty (called from Location { file: "packages/core/src/virtual_dom.rs", line: 505, col: 58 })
2024-06-04T16:00:26.275370Z  INFO VirtualDom::wait_for_work:VirtualDom::process_events:VirtualDom::poll_tasks: dioxus_core::tasks: Polling task Task { id: 6, unsend: PhantomData<*const ()> }
2024-06-04T16:00:26.275416Z TRACE VirtualDom::wait_for_work:VirtualDom::process_events:VirtualDom::poll_tasks: dioxus_signals::signal: Write on signal at examples/suspense.rs:122:19 finished, updating subscribers
2024-06-04T16:00:26.275443Z TRACE VirtualDom::wait_for_work:VirtualDom::process_events:VirtualDom::poll_tasks: dioxus_signals::reactive_context: Marking reactive context created at packages/signals/src/reactive_context.rs:117:13 as dirty
2024-06-04T16:00:26.275460Z TRACE VirtualDom::wait_for_work:VirtualDom::process_events:VirtualDom::poll_tasks: dioxus_signals::reactive_context: Marking scope ScopeId(5, "LoadingDots") as dirty
2024-06-04T16:00:26.275494Z  INFO VirtualDom::wait_for_work:VirtualDom::process_events:VirtualDom::poll_tasks: dioxus_core::tasks: Task Task { id: 6, unsend: PhantomData<*const ()> } finished with result Pending
2024-06-04T16:00:26.275513Z TRACE VirtualDom::wait_for_work:VirtualDom::process_events:VirtualDom::poll_tasks: dioxus_core::virtual_dom: Marking scope ScopeId(5, "LoadingDots") as dirty
2024-06-04T16:00:26.275606Z TRACE VirtualDom::render_immediate:render{scope=LoadingDots}: dioxus_signals::signal: Subscribing to the reactive context ReactiveContext(for scope: ScopeId(5, "LoadingDots"))
2024-06-04T16:00:26.275641Z TRACE VirtualDom::render_immediate: dioxus_core::scope_context: looking for context dioxus_core::suspense::FrozenContext (TypeId { t: (9286496122914249738, 8586425926625933774) }) in LoadingDots
2024-06-04T16:00:26.275656Z TRACE VirtualDom::render_immediate: dioxus_core::scope_context: looking for context dioxus_core::suspense::FrozenContext (TypeId { t: (9286496122914249738, 8586425926625933774) }) in SuspenseBoundary
2024-06-04T16:00:26.275669Z TRACE VirtualDom::render_immediate: dioxus_core::scope_context: found context TypeId { t: (4533244013398082440, 10897659798729036060) }
2024-06-04T16:00:26.275681Z TRACE VirtualDom::render_immediate: dioxus_core::scope_context: looking for context dioxus_core::suspense::FrozenContext (TypeId { t: (9286496122914249738, 8586425926625933774) }) in app
2024-06-04T16:00:26.275692Z TRACE VirtualDom::render_immediate: dioxus_core::scope_context: found context TypeId { t: (3582638416876954437, 3810890675802792692) }
2024-06-04T16:00:26.275704Z TRACE VirtualDom::render_immediate: dioxus_core::scope_context: found context TypeId { t: (7946844621057603534, 4355211565432133561) }
2024-06-04T16:00:26.275714Z TRACE VirtualDom::render_immediate: dioxus_core::scope_context: found context TypeId { t: (10682502755203913650, 15985576721215419306) }
2024-06-04T16:00:26.275726Z TRACE VirtualDom::render_immediate: dioxus_core::scope_context: context dioxus_core::suspense::FrozenContext (TypeId { t: (9286496122914249738, 8586425926625933774) }) not found
2024-06-04T16:00:26.275746Z TRACE VirtualDom::render_immediate: dioxus_core::diff::node: moving mount self=VNode { vnode: VNodeInner { key: None, template: Cell { value: Template { name: "examples/suspense.rs:127:5:4128", roots: [Dynamic { id: 0 }], node_paths: [[0]], attr_paths: [] } }, dynamic_nodes: [Text(VText { value: "..." })], dynamic_attrs: [] }, mount: Cell { value: MountId(7) } } new=VNode { vnode: VNodeInner { key: None, template: Cell { value: Template { name: "examples/suspense.rs:127:5:4128", roots: [Dynamic { id: 0 }], node_paths: [[0]], attr_paths: [] } }, dynamic_nodes: [Text(VText { value: "" })], dynamic_attrs: [] }, mount: Cell { value: MountId(7) } }
2024-06-04T16:00:26.275776Z TRACE VirtualDom::render_immediate: dioxus_core::diff::node: mount id: MountId(7)
2024-06-04T16:00:26.275787Z TRACE VirtualDom::render_immediate: dioxus_core::diff::node: mounts: Slab { len: 8, cap: 8 }
2024-06-04T16:00:26.314377Z TRACE VirtualDom::wait_for_work:VirtualDom::process_events: dioxus_core::virtual_dom: Marking task Task { id: 3, unsend: PhantomData<*const ()> } (spawned in ScopeId(4)) as dirty (called from Location { file: "packages/core/src/virtual_dom.rs", line: 505, col: 58 })
2024-06-04T16:00:26.314495Z  INFO VirtualDom::wait_for_work:VirtualDom::process_events:VirtualDom::poll_tasks: dioxus_core::tasks: Polling task Task { id: 3, unsend: PhantomData<*const ()> }
2024-06-04T16:00:26.314584Z  INFO VirtualDom::wait_for_work:VirtualDom::process_events:VirtualDom::poll_tasks: dioxus_core::tasks: Task Task { id: 3, unsend: PhantomData<*const ()> } finished with result Pending
2024-06-04T16:00:26.314618Z TRACE VirtualDom::wait_for_work:VirtualDom::process_events:VirtualDom::poll_tasks: dioxus_core::virtual_dom: Marking scope ScopeId(4, "Doggo") as dirty
2024-06-04T16:00:26.314750Z TRACE VirtualDom::render_immediate:render{scope=Doggo}: dioxus_signals::signal: Subscribing to the reactive context ReactiveContext(for scope: ScopeId(4, "Doggo"))
2024-06-04T16:00:26.314787Z TRACE VirtualDom::render_immediate:render{scope=Doggo}: dioxus_signals::signal: Subscribing to the reactive context ReactiveContext(for scope: ScopeId(4, "Doggo"))
2024-06-04T16:00:26.314820Z TRACE VirtualDom::render_immediate:render{scope=Doggo}: dioxus_core::scope_context: looking for context dioxus_core::suspense::SuspenseContext (TypeId { t: (4533244013398082440, 10897659798729036060) }) in Doggo
2024-06-04T16:00:26.314847Z TRACE VirtualDom::render_immediate:render{scope=Doggo}: dioxus_core::scope_context: looking for context dioxus_core::suspense::SuspenseContext (TypeId { t: (4533244013398082440, 10897659798729036060) }) in FrozenContext
2024-06-04T16:00:26.314864Z TRACE VirtualDom::render_immediate:render{scope=Doggo}: dioxus_core::scope_context: found context TypeId { t: (9286496122914249738, 8586425926625933774) }
2024-06-04T16:00:26.314880Z TRACE VirtualDom::render_immediate:render{scope=Doggo}: dioxus_core::scope_context: looking for context dioxus_core::suspense::SuspenseContext (TypeId { t: (4533244013398082440, 10897659798729036060) }) in SuspenseBoundary
2024-06-04T16:00:26.314896Z TRACE VirtualDom::render_immediate:render{scope=Doggo}: dioxus_core::scope_context: found context TypeId { t: (4533244013398082440, 10897659798729036060) }
2024-06-04T16:00:26.365459Z TRACE VirtualDom::wait_for_work:VirtualDom::process_events: dioxus_core::virtual_dom: Marking task Task { id: 0, unsend: PhantomData<*const ()> } (spawned in ScopeId(3)) as dirty (called from Location { file: "packages/core/src/virtual_dom.rs", line: 505, col: 58 })
2024-06-04T16:00:26.365576Z  INFO VirtualDom::wait_for_work:VirtualDom::process_events:VirtualDom::poll_tasks: dioxus_core::tasks: Polling task Task { id: 0, unsend: PhantomData<*const ()> }
2024-06-04T16:00:26.365663Z  INFO VirtualDom::wait_for_work:VirtualDom::process_events:VirtualDom::poll_tasks: dioxus_core::tasks: Task Task { id: 0, unsend: PhantomData<*const ()> } finished with result Pending
2024-06-04T16:00:26.365693Z TRACE VirtualDom::wait_for_work:VirtualDom::process_events:VirtualDom::poll_tasks: dioxus_core::virtual_dom: Marking scope ScopeId(3, "Doggo") as dirty
2024-06-04T16:00:26.365832Z TRACE VirtualDom::render_immediate:render{scope=Doggo}: dioxus_signals::signal: Subscribing to the reactive context ReactiveContext(for scope: ScopeId(3, "Doggo"))
2024-06-04T16:00:26.365877Z TRACE VirtualDom::render_immediate:render{scope=Doggo}: dioxus_signals::signal: Subscribing to the reactive context ReactiveContext(for scope: ScopeId(3, "Doggo"))
2024-06-04T16:00:26.365909Z TRACE VirtualDom::render_immediate:render{scope=Doggo}: dioxus_core::scope_context: looking for context dioxus_core::suspense::SuspenseContext (TypeId { t: (4533244013398082440, 10897659798729036060) }) in Doggo
2024-06-04T16:00:26.365932Z TRACE VirtualDom::render_immediate:render{scope=Doggo}: dioxus_core::scope_context: looking for context dioxus_core::suspense::SuspenseContext (TypeId { t: (4533244013398082440, 10897659798729036060) }) in FrozenContext
2024-06-04T16:00:26.365954Z TRACE VirtualDom::render_immediate:render{scope=Doggo}: dioxus_core::scope_context: found context TypeId { t: (9286496122914249738, 8586425926625933774) }
2024-06-04T16:00:26.365973Z TRACE VirtualDom::render_immediate:render{scope=Doggo}: dioxus_core::scope_context: looking for context dioxus_core::suspense::SuspenseContext (TypeId { t: (4533244013398082440, 10897659798729036060) }) in SuspenseBoundary
2024-06-04T16:00:26.365991Z TRACE VirtualDom::render_immediate:render{scope=Doggo}: dioxus_core::scope_context: found context TypeId { t: (4533244013398082440, 10897659798729036060) }
2024-06-04T16:00:26.416535Z TRACE VirtualDom::wait_for_work:VirtualDom::process_events: dioxus_core::virtual_dom: Marking task Task { id: 3, unsend: PhantomData<*const ()> } (spawned in ScopeId(4)) as dirty (called from Location { file: "packages/core/src/virtual_dom.rs", line: 505, col: 58 })
2024-06-04T16:00:26.416657Z  INFO VirtualDom::wait_for_work:VirtualDom::process_events:VirtualDom::poll_tasks: dioxus_core::tasks: Polling task Task { id: 3, unsend: PhantomData<*const ()> }
2024-06-04T16:00:26.416742Z  INFO VirtualDom::wait_for_work:VirtualDom::process_events:VirtualDom::poll_tasks: dioxus_core::tasks: Task Task { id: 3, unsend: PhantomData<*const ()> } finished with result Pending
2024-06-04T16:00:26.416777Z TRACE VirtualDom::wait_for_work:VirtualDom::process_events:VirtualDom::poll_tasks: dioxus_core::virtual_dom: Marking scope ScopeId(4, "Doggo") as dirty
2024-06-04T16:00:26.416968Z TRACE VirtualDom::render_immediate:render{scope=Doggo}: dioxus_signals::signal: Subscribing to the reactive context ReactiveContext(for scope: ScopeId(4, "Doggo"))
2024-06-04T16:00:26.417025Z TRACE VirtualDom::render_immediate:render{scope=Doggo}: dioxus_signals::signal: Subscribing to the reactive context ReactiveContext(for scope: ScopeId(4, "Doggo"))
2024-06-04T16:00:26.417072Z TRACE VirtualDom::render_immediate:render{scope=Doggo}: dioxus_core::scope_context: looking for context dioxus_core::suspense::SuspenseContext (TypeId { t: (4533244013398082440, 10897659798729036060) }) in Doggo
2024-06-04T16:00:26.417103Z TRACE VirtualDom::render_immediate:render{scope=Doggo}: dioxus_core::scope_context: looking for context dioxus_core::suspense::SuspenseContext (TypeId { t: (4533244013398082440, 10897659798729036060) }) in FrozenContext
2024-06-04T16:00:26.417128Z TRACE VirtualDom::render_immediate:render{scope=Doggo}: dioxus_core::scope_context: found context TypeId { t: (9286496122914249738, 8586425926625933774) }
2024-06-04T16:00:26.417151Z TRACE VirtualDom::render_immediate:render{scope=Doggo}: dioxus_core::scope_context: looking for context dioxus_core::suspense::SuspenseContext (TypeId { t: (4533244013398082440, 10897659798729036060) }) in SuspenseBoundary
2024-06-04T16:00:26.417173Z TRACE VirtualDom::render_immediate:render{scope=Doggo}: dioxus_core::scope_context: found context TypeId { t: (4533244013398082440, 10897659798729036060) }
2024-06-04T16:00:26.467598Z TRACE VirtualDom::wait_for_work:VirtualDom::process_events: dioxus_core::virtual_dom: Marking task Task { id: 0, unsend: PhantomData<*const ()> } (spawned in ScopeId(3)) as dirty (called from Location { file: "packages/core/src/virtual_dom.rs", line: 505, col: 58 })
2024-06-04T16:00:26.467732Z  INFO VirtualDom::wait_for_work:VirtualDom::process_events:VirtualDom::poll_tasks: dioxus_core::tasks: Polling task Task { id: 0, unsend: PhantomData<*const ()> }
2024-06-04T16:00:26.467815Z  INFO VirtualDom::wait_for_work:VirtualDom::process_events:VirtualDom::poll_tasks: dioxus_core::tasks: Task Task { id: 0, unsend: PhantomData<*const ()> } finished with result Pending
2024-06-04T16:00:26.467848Z TRACE VirtualDom::wait_for_work:VirtualDom::process_events:VirtualDom::poll_tasks: dioxus_core::virtual_dom: Marking scope ScopeId(3, "Doggo") as dirty
2024-06-04T16:00:26.468025Z TRACE VirtualDom::render_immediate:render{scope=Doggo}: dioxus_signals::signal: Subscribing to the reactive context ReactiveContext(for scope: ScopeId(3, "Doggo"))
2024-06-04T16:00:26.468078Z TRACE VirtualDom::render_immediate:render{scope=Doggo}: dioxus_signals::signal: Subscribing to the reactive context ReactiveContext(for scope: ScopeId(3, "Doggo"))
2024-06-04T16:00:26.468117Z TRACE VirtualDom::render_immediate:render{scope=Doggo}: dioxus_core::scope_context: looking for context dioxus_core::suspense::SuspenseContext (TypeId { t: (4533244013398082440, 10897659798729036060) }) in Doggo
2024-06-04T16:00:26.468142Z TRACE VirtualDom::render_immediate:render{scope=Doggo}: dioxus_core::scope_context: looking for context dioxus_core::suspense::SuspenseContext (TypeId { t: (4533244013398082440, 10897659798729036060) }) in FrozenContext
2024-06-04T16:00:26.468162Z TRACE VirtualDom::render_immediate:render{scope=Doggo}: dioxus_core::scope_context: found context TypeId { t: (9286496122914249738, 8586425926625933774) }
2024-06-04T16:00:26.468181Z TRACE VirtualDom::render_immediate:render{scope=Doggo}: dioxus_core::scope_context: looking for context dioxus_core::suspense::SuspenseContext (TypeId { t: (4533244013398082440, 10897659798729036060) }) in SuspenseBoundary
2024-06-04T16:00:26.468199Z TRACE VirtualDom::render_immediate:render{scope=Doggo}: dioxus_core::scope_context: found context TypeId { t: (4533244013398082440, 10897659798729036060) }
2024-06-04T16:00:26.490879Z TRACE VirtualDom::wait_for_work:VirtualDom::process_events: dioxus_core::virtual_dom: Marking task Task { id: 6, unsend: PhantomData<*const ()> } (spawned in ScopeId(5)) as dirty (called from Location { file: "packages/core/src/virtual_dom.rs", line: 505, col: 58 })
2024-06-04T16:00:26.490947Z  INFO VirtualDom::wait_for_work:VirtualDom::process_events:VirtualDom::poll_tasks: dioxus_core::tasks: Polling task Task { id: 6, unsend: PhantomData<*const ()> }
2024-06-04T16:00:26.490998Z TRACE VirtualDom::wait_for_work:VirtualDom::process_events:VirtualDom::poll_tasks: dioxus_signals::signal: Write on signal at examples/suspense.rs:122:19 finished, updating subscribers
2024-06-04T16:00:26.491026Z TRACE VirtualDom::wait_for_work:VirtualDom::process_events:VirtualDom::poll_tasks: dioxus_signals::reactive_context: Marking reactive context created at packages/signals/src/reactive_context.rs:117:13 as dirty
2024-06-04T16:00:26.491042Z TRACE VirtualDom::wait_for_work:VirtualDom::process_events:VirtualDom::poll_tasks: dioxus_signals::reactive_context: Marking scope ScopeId(5, "LoadingDots") as dirty
2024-06-04T16:00:26.491078Z  INFO VirtualDom::wait_for_work:VirtualDom::process_events:VirtualDom::poll_tasks: dioxus_core::tasks: Task Task { id: 6, unsend: PhantomData<*const ()> } finished with result Pending
2024-06-04T16:00:26.491104Z TRACE VirtualDom::wait_for_work:VirtualDom::process_events:VirtualDom::poll_tasks: dioxus_core::virtual_dom: Marking scope ScopeId(5, "LoadingDots") as dirty
2024-06-04T16:00:26.491203Z TRACE VirtualDom::render_immediate:render{scope=LoadingDots}: dioxus_signals::signal: Subscribing to the reactive context ReactiveContext(for scope: ScopeId(5, "LoadingDots"))
2024-06-04T16:00:26.491255Z TRACE VirtualDom::render_immediate: dioxus_core::scope_context: looking for context dioxus_core::suspense::FrozenContext (TypeId { t: (9286496122914249738, 8586425926625933774) }) in LoadingDots
2024-06-04T16:00:26.491271Z TRACE VirtualDom::render_immediate: dioxus_core::scope_context: looking for context dioxus_core::suspense::FrozenContext (TypeId { t: (9286496122914249738, 8586425926625933774) }) in SuspenseBoundary
2024-06-04T16:00:26.491287Z TRACE VirtualDom::render_immediate: dioxus_core::scope_context: found context TypeId { t: (4533244013398082440, 10897659798729036060) }
2024-06-04T16:00:26.491298Z TRACE VirtualDom::render_immediate: dioxus_core::scope_context: looking for context dioxus_core::suspense::FrozenContext (TypeId { t: (9286496122914249738, 8586425926625933774) }) in app
2024-06-04T16:00:26.491310Z TRACE VirtualDom::render_immediate: dioxus_core::scope_context: found context TypeId { t: (3582638416876954437, 3810890675802792692) }
2024-06-04T16:00:26.491331Z TRACE VirtualDom::render_immediate: dioxus_core::scope_context: found context TypeId { t: (7946844621057603534, 4355211565432133561) }
2024-06-04T16:00:26.491342Z TRACE VirtualDom::render_immediate: dioxus_core::scope_context: found context TypeId { t: (10682502755203913650, 15985576721215419306) }
2024-06-04T16:00:26.491353Z TRACE VirtualDom::render_immediate: dioxus_core::scope_context: context dioxus_core::suspense::FrozenContext (TypeId { t: (9286496122914249738, 8586425926625933774) }) not found
2024-06-04T16:00:26.491376Z TRACE VirtualDom::render_immediate: dioxus_core::diff::node: moving mount self=VNode { vnode: VNodeInner { key: None, template: Cell { value: Template { name: "examples/suspense.rs:127:5:4128", roots: [Dynamic { id: 0 }], node_paths: [[0]], attr_paths: [] } }, dynamic_nodes: [Text(VText { value: "" })], dynamic_attrs: [] }, mount: Cell { value: MountId(7) } } new=VNode { vnode: VNodeInner { key: None, template: Cell { value: Template { name: "examples/suspense.rs:127:5:4128", roots: [Dynamic { id: 0 }], node_paths: [[0]], attr_paths: [] } }, dynamic_nodes: [Text(VText { value: "." })], dynamic_attrs: [] }, mount: Cell { value: MountId(7) } }
2024-06-04T16:00:26.491409Z TRACE VirtualDom::render_immediate: dioxus_core::diff::node: mount id: MountId(7)
2024-06-04T16:00:26.491419Z TRACE VirtualDom::render_immediate: dioxus_core::diff::node: mounts: Slab { len: 8, cap: 8 }
2024-06-04T16:00:26.524110Z TRACE VirtualDom::wait_for_work:VirtualDom::process_events: dioxus_core::virtual_dom: Marking task Task { id: 3, unsend: PhantomData<*const ()> } (spawned in ScopeId(4)) as dirty (called from Location { file: "packages/core/src/virtual_dom.rs", line: 505, col: 58 })
2024-06-04T16:00:26.524185Z  INFO VirtualDom::wait_for_work:VirtualDom::process_events:VirtualDom::poll_tasks: dioxus_core::tasks: Polling task Task { id: 3, unsend: PhantomData<*const ()> }
2024-06-04T16:00:26.524251Z  INFO VirtualDom::wait_for_work:VirtualDom::process_events:VirtualDom::poll_tasks: dioxus_core::tasks: Task Task { id: 3, unsend: PhantomData<*const ()> } finished with result Pending
2024-06-04T16:00:26.524274Z TRACE VirtualDom::wait_for_work:VirtualDom::process_events:VirtualDom::poll_tasks: dioxus_core::virtual_dom: Marking scope ScopeId(4, "Doggo") as dirty
2024-06-04T16:00:26.524383Z TRACE VirtualDom::render_immediate:render{scope=Doggo}: dioxus_signals::signal: Subscribing to the reactive context ReactiveContext(for scope: ScopeId(4, "Doggo"))
2024-06-04T16:00:26.524418Z TRACE VirtualDom::render_immediate:render{scope=Doggo}: dioxus_signals::signal: Subscribing to the reactive context ReactiveContext(for scope: ScopeId(4, "Doggo"))
2024-06-04T16:00:26.524443Z TRACE VirtualDom::render_immediate:render{scope=Doggo}: dioxus_core::scope_context: looking for context dioxus_core::suspense::SuspenseContext (TypeId { t: (4533244013398082440, 10897659798729036060) }) in Doggo
2024-06-04T16:00:26.524460Z TRACE VirtualDom::render_immediate:render{scope=Doggo}: dioxus_core::scope_context: looking for context dioxus_core::suspense::SuspenseContext (TypeId { t: (4533244013398082440, 10897659798729036060) }) in FrozenContext
2024-06-04T16:00:26.524475Z TRACE VirtualDom::render_immediate:render{scope=Doggo}: dioxus_core::scope_context: found context TypeId { t: (9286496122914249738, 8586425926625933774) }
2024-06-04T16:00:26.524489Z TRACE VirtualDom::render_immediate:render{scope=Doggo}: dioxus_core::scope_context: looking for context dioxus_core::suspense::SuspenseContext (TypeId { t: (4533244013398082440, 10897659798729036060) }) in SuspenseBoundary
2024-06-04T16:00:26.524503Z TRACE VirtualDom::render_immediate:render{scope=Doggo}: dioxus_core::scope_context: found context TypeId { t: (4533244013398082440, 10897659798729036060) }
2024-06-04T16:00:26.570111Z TRACE VirtualDom::wait_for_work:VirtualDom::process_events: dioxus_core::virtual_dom: Marking task Task { id: 0, unsend: PhantomData<*const ()> } (spawned in ScopeId(3)) as dirty (called from Location { file: "packages/core/src/virtual_dom.rs", line: 505, col: 58 })
2024-06-04T16:00:26.570180Z  INFO VirtualDom::wait_for_work:VirtualDom::process_events:VirtualDom::poll_tasks: dioxus_core::tasks: Polling task Task { id: 0, unsend: PhantomData<*const ()> }
2024-06-04T16:00:26.570232Z  INFO VirtualDom::wait_for_work:VirtualDom::process_events:VirtualDom::poll_tasks: dioxus_core::tasks: Task Task { id: 0, unsend: PhantomData<*const ()> } finished with result Pending
2024-06-04T16:00:26.570258Z TRACE VirtualDom::wait_for_work:VirtualDom::process_events:VirtualDom::poll_tasks: dioxus_core::virtual_dom: Marking scope ScopeId(3, "Doggo") as dirty
2024-06-04T16:00:26.570371Z TRACE VirtualDom::render_immediate:render{scope=Doggo}: dioxus_signals::signal: Subscribing to the reactive context ReactiveContext(for scope: ScopeId(3, "Doggo"))
2024-06-04T16:00:26.570405Z TRACE VirtualDom::render_immediate:render{scope=Doggo}: dioxus_signals::signal: Subscribing to the reactive context ReactiveContext(for scope: ScopeId(3, "Doggo"))
2024-06-04T16:00:26.570433Z TRACE VirtualDom::render_immediate:render{scope=Doggo}: dioxus_core::scope_context: looking for context dioxus_core::suspense::SuspenseContext (TypeId { t: (4533244013398082440, 10897659798729036060) }) in Doggo
2024-06-04T16:00:26.570453Z TRACE VirtualDom::render_immediate:render{scope=Doggo}: dioxus_core::scope_context: looking for context dioxus_core::suspense::SuspenseContext (TypeId { t: (4533244013398082440, 10897659798729036060) }) in FrozenContext
2024-06-04T16:00:26.570470Z TRACE VirtualDom::render_immediate:render{scope=Doggo}: dioxus_core::scope_context: found context TypeId { t: (9286496122914249738, 8586425926625933774) }
2024-06-04T16:00:26.570487Z TRACE VirtualDom::render_immediate:render{scope=Doggo}: dioxus_core::scope_context: looking for context dioxus_core::suspense::SuspenseContext (TypeId { t: (4533244013398082440, 10897659798729036060) }) in SuspenseBoundary
2024-06-04T16:00:26.570503Z TRACE VirtualDom::render_immediate:render{scope=Doggo}: dioxus_core::scope_context: found context TypeId { t: (4533244013398082440, 10897659798729036060) }
2024-06-04T16:00:26.626317Z TRACE VirtualDom::wait_for_work:VirtualDom::process_events: dioxus_core::virtual_dom: Marking task Task { id: 3, unsend: PhantomData<*const ()> } (spawned in ScopeId(4)) as dirty (called from Location { file: "packages/core/src/virtual_dom.rs", line: 505, col: 58 })
2024-06-04T16:00:26.626424Z  INFO VirtualDom::wait_for_work:VirtualDom::process_events:VirtualDom::poll_tasks: dioxus_core::tasks: Polling task Task { id: 3, unsend: PhantomData<*const ()> }
2024-06-04T16:00:26.626491Z  INFO VirtualDom::wait_for_work:VirtualDom::process_events:VirtualDom::poll_tasks: dioxus_core::tasks: Task Task { id: 3, unsend: PhantomData<*const ()> } finished with result Pending
2024-06-04T16:00:26.626518Z TRACE VirtualDom::wait_for_work:VirtualDom::process_events:VirtualDom::poll_tasks: dioxus_core::virtual_dom: Marking scope ScopeId(4, "Doggo") as dirty
2024-06-04T16:00:26.626659Z TRACE VirtualDom::render_immediate:render{scope=Doggo}: dioxus_signals::signal: Subscribing to the reactive context ReactiveContext(for scope: ScopeId(4, "Doggo"))
2024-06-04T16:00:26.626701Z TRACE VirtualDom::render_immediate:render{scope=Doggo}: dioxus_signals::signal: Subscribing to the reactive context ReactiveContext(for scope: ScopeId(4, "Doggo"))
2024-06-04T16:00:26.626732Z TRACE VirtualDom::render_immediate:render{scope=Doggo}: dioxus_core::scope_context: looking for context dioxus_core::suspense::SuspenseContext (TypeId { t: (4533244013398082440, 10897659798729036060) }) in Doggo
2024-06-04T16:00:26.626752Z TRACE VirtualDom::render_immediate:render{scope=Doggo}: dioxus_core::scope_context: looking for context dioxus_core::suspense::SuspenseContext (TypeId { t: (4533244013398082440, 10897659798729036060) }) in FrozenContext
2024-06-04T16:00:26.626769Z TRACE VirtualDom::render_immediate:render{scope=Doggo}: dioxus_core::scope_context: found context TypeId { t: (9286496122914249738, 8586425926625933774) }
2024-06-04T16:00:26.626785Z TRACE VirtualDom::render_immediate:render{scope=Doggo}: dioxus_core::scope_context: looking for context dioxus_core::suspense::SuspenseContext (TypeId { t: (4533244013398082440, 10897659798729036060) }) in SuspenseBoundary
2024-06-04T16:00:26.626801Z TRACE VirtualDom::render_immediate:render{scope=Doggo}: dioxus_core::scope_context: found context TypeId { t: (4533244013398082440, 10897659798729036060) }
2024-06-04T16:00:26.672344Z TRACE VirtualDom::wait_for_work:VirtualDom::process_events: dioxus_core::virtual_dom: Marking task Task { id: 0, unsend: PhantomData<*const ()> } (spawned in ScopeId(3)) as dirty (called from Location { file: "packages/core/src/virtual_dom.rs", line: 505, col: 58 })
2024-06-04T16:00:26.672428Z  INFO VirtualDom::wait_for_work:VirtualDom::process_events:VirtualDom::poll_tasks: dioxus_core::tasks: Polling task Task { id: 0, unsend: PhantomData<*const ()> }
2024-06-04T16:00:26.672508Z  INFO VirtualDom::wait_for_work:VirtualDom::process_events:VirtualDom::poll_tasks: dioxus_core::tasks: Task Task { id: 0, unsend: PhantomData<*const ()> } finished with result Pending
2024-06-04T16:00:26.672540Z TRACE VirtualDom::wait_for_work:VirtualDom::process_events:VirtualDom::poll_tasks: dioxus_core::virtual_dom: Marking scope ScopeId(3, "Doggo") as dirty
2024-06-04T16:00:26.672682Z TRACE VirtualDom::render_immediate:render{scope=Doggo}: dioxus_signals::signal: Subscribing to the reactive context ReactiveContext(for scope: ScopeId(3, "Doggo"))
2024-06-04T16:00:26.672720Z TRACE VirtualDom::render_immediate:render{scope=Doggo}: dioxus_signals::signal: Subscribing to the reactive context ReactiveContext(for scope: ScopeId(3, "Doggo"))
2024-06-04T16:00:26.672752Z TRACE VirtualDom::render_immediate:render{scope=Doggo}: dioxus_core::scope_context: looking for context dioxus_core::suspense::SuspenseContext (TypeId { t: (4533244013398082440, 10897659798729036060) }) in Doggo
2024-06-04T16:00:26.672775Z TRACE VirtualDom::render_immediate:render{scope=Doggo}: dioxus_core::scope_context: looking for context dioxus_core::suspense::SuspenseContext (TypeId { t: (4533244013398082440, 10897659798729036060) }) in FrozenContext
2024-06-04T16:00:26.672794Z TRACE VirtualDom::render_immediate:render{scope=Doggo}: dioxus_core::scope_context: found context TypeId { t: (9286496122914249738, 8586425926625933774) }
2024-06-04T16:00:26.672824Z TRACE VirtualDom::render_immediate:render{scope=Doggo}: dioxus_core::scope_context: looking for context dioxus_core::suspense::SuspenseContext (TypeId { t: (4533244013398082440, 10897659798729036060) }) in SuspenseBoundary
2024-06-04T16:00:26.672843Z TRACE VirtualDom::render_immediate:render{scope=Doggo}: dioxus_core::scope_context: found context TypeId { t: (4533244013398082440, 10897659798729036060) }
2024-06-04T16:00:26.693385Z TRACE VirtualDom::wait_for_work:VirtualDom::process_events: dioxus_core::virtual_dom: Marking task Task { id: 6, unsend: PhantomData<*const ()> } (spawned in ScopeId(5)) as dirty (called from Location { file: "packages/core/src/virtual_dom.rs", line: 505, col: 58 })
2024-06-04T16:00:26.693499Z  INFO VirtualDom::wait_for_work:VirtualDom::process_events:VirtualDom::poll_tasks: dioxus_core::tasks: Polling task Task { id: 6, unsend: PhantomData<*const ()> }
2024-06-04T16:00:26.693557Z TRACE VirtualDom::wait_for_work:VirtualDom::process_events:VirtualDom::poll_tasks: dioxus_signals::signal: Write on signal at examples/suspense.rs:122:19 finished, updating subscribers
2024-06-04T16:00:26.693588Z TRACE VirtualDom::wait_for_work:VirtualDom::process_events:VirtualDom::poll_tasks: dioxus_signals::reactive_context: Marking reactive context created at packages/signals/src/reactive_context.rs:117:13 as dirty
2024-06-04T16:00:26.693607Z TRACE VirtualDom::wait_for_work:VirtualDom::process_events:VirtualDom::poll_tasks: dioxus_signals::reactive_context: Marking scope ScopeId(5, "LoadingDots") as dirty
2024-06-04T16:00:26.693644Z  INFO VirtualDom::wait_for_work:VirtualDom::process_events:VirtualDom::poll_tasks: dioxus_core::tasks: Task Task { id: 6, unsend: PhantomData<*const ()> } finished with result Pending
2024-06-04T16:00:26.693665Z TRACE VirtualDom::wait_for_work:VirtualDom::process_events:VirtualDom::poll_tasks: dioxus_core::virtual_dom: Marking scope ScopeId(5, "LoadingDots") as dirty
2024-06-04T16:00:26.693772Z TRACE VirtualDom::render_immediate:render{scope=LoadingDots}: dioxus_signals::signal: Subscribing to the reactive context ReactiveContext(for scope: ScopeId(5, "LoadingDots"))
2024-06-04T16:00:26.693817Z TRACE VirtualDom::render_immediate: dioxus_core::scope_context: looking for context dioxus_core::suspense::FrozenContext (TypeId { t: (9286496122914249738, 8586425926625933774) }) in LoadingDots
2024-06-04T16:00:26.693835Z TRACE VirtualDom::render_immediate: dioxus_core::scope_context: looking for context dioxus_core::suspense::FrozenContext (TypeId { t: (9286496122914249738, 8586425926625933774) }) in SuspenseBoundary
2024-06-04T16:00:26.693850Z TRACE VirtualDom::render_immediate: dioxus_core::scope_context: found context TypeId { t: (4533244013398082440, 10897659798729036060) }
2024-06-04T16:00:26.693863Z TRACE VirtualDom::render_immediate: dioxus_core::scope_context: looking for context dioxus_core::suspense::FrozenContext (TypeId { t: (9286496122914249738, 8586425926625933774) }) in app
2024-06-04T16:00:26.693876Z TRACE VirtualDom::render_immediate: dioxus_core::scope_context: found context TypeId { t: (3582638416876954437, 3810890675802792692) }
2024-06-04T16:00:26.693890Z TRACE VirtualDom::render_immediate: dioxus_core::scope_context: found context TypeId { t: (7946844621057603534, 4355211565432133561) }
2024-06-04T16:00:26.693902Z TRACE VirtualDom::render_immediate: dioxus_core::scope_context: found context TypeId { t: (10682502755203913650, 15985576721215419306) }
2024-06-04T16:00:26.693928Z TRACE VirtualDom::render_immediate: dioxus_core::scope_context: context dioxus_core::suspense::FrozenContext (TypeId { t: (9286496122914249738, 8586425926625933774) }) not found
2024-06-04T16:00:26.693988Z TRACE VirtualDom::render_immediate: dioxus_core::diff::node: moving mount self=VNode { vnode: VNodeInner { key: None, template: Cell { value: Template { name: "examples/suspense.rs:127:5:4128", roots: [Dynamic { id: 0 }], node_paths: [[0]], attr_paths: [] } }, dynamic_nodes: [Text(VText { value: "." })], dynamic_attrs: [] }, mount: Cell { value: MountId(7) } } new=VNode { vnode: VNodeInner { key: None, template: Cell { value: Template { name: "examples/suspense.rs:127:5:4128", roots: [Dynamic { id: 0 }], node_paths: [[0]], attr_paths: [] } }, dynamic_nodes: [Text(VText { value: ".." })], dynamic_attrs: [] }, mount: Cell { value: MountId(7) } }
2024-06-04T16:00:26.694025Z TRACE VirtualDom::render_immediate: dioxus_core::diff::node: mount id: MountId(7)
2024-06-04T16:00:26.694037Z TRACE VirtualDom::render_immediate: dioxus_core::diff::node: mounts: Slab { len: 8, cap: 8 }
2024-06-04T16:00:26.728421Z TRACE VirtualDom::wait_for_work:VirtualDom::process_events: dioxus_core::virtual_dom: Marking task Task { id: 3, unsend: PhantomData<*const ()> } (spawned in ScopeId(4)) as dirty (called from Location { file: "packages/core/src/virtual_dom.rs", line: 505, col: 58 })
2024-06-04T16:00:26.728499Z  INFO VirtualDom::wait_for_work:VirtualDom::process_events:VirtualDom::poll_tasks: dioxus_core::tasks: Polling task Task { id: 3, unsend: PhantomData<*const ()> }
2024-06-04T16:00:26.728558Z  INFO VirtualDom::wait_for_work:VirtualDom::process_events:VirtualDom::poll_tasks: dioxus_core::tasks: Task Task { id: 3, unsend: PhantomData<*const ()> } finished with result Pending
2024-06-04T16:00:26.728612Z TRACE VirtualDom::wait_for_work:VirtualDom::process_events:VirtualDom::poll_tasks: dioxus_core::virtual_dom: Marking scope ScopeId(4, "Doggo") as dirty
2024-06-04T16:00:26.728770Z TRACE VirtualDom::render_immediate:render{scope=Doggo}: dioxus_signals::signal: Subscribing to the reactive context ReactiveContext(for scope: ScopeId(4, "Doggo"))
2024-06-04T16:00:26.728815Z TRACE VirtualDom::render_immediate:render{scope=Doggo}: dioxus_signals::signal: Subscribing to the reactive context ReactiveContext(for scope: ScopeId(4, "Doggo"))
2024-06-04T16:00:26.728853Z TRACE VirtualDom::render_immediate:render{scope=Doggo}: dioxus_core::scope_context: looking for context dioxus_core::suspense::SuspenseContext (TypeId { t: (4533244013398082440, 10897659798729036060) }) in Doggo
2024-06-04T16:00:26.728901Z TRACE VirtualDom::render_immediate:render{scope=Doggo}: dioxus_core::scope_context: looking for context dioxus_core::suspense::SuspenseContext (TypeId { t: (4533244013398082440, 10897659798729036060) }) in FrozenContext
2024-06-04T16:00:26.728942Z TRACE VirtualDom::render_immediate:render{scope=Doggo}: dioxus_core::scope_context: found context TypeId { t: (9286496122914249738, 8586425926625933774) }
2024-06-04T16:00:26.728965Z TRACE VirtualDom::render_immediate:render{scope=Doggo}: dioxus_core::scope_context: looking for context dioxus_core::suspense::SuspenseContext (TypeId { t: (4533244013398082440, 10897659798729036060) }) in SuspenseBoundary
2024-06-04T16:00:26.728988Z TRACE VirtualDom::render_immediate:render{scope=Doggo}: dioxus_core::scope_context: found context TypeId { t: (4533244013398082440, 10897659798729036060) }
2024-06-04T16:00:26.773711Z TRACE VirtualDom::wait_for_work:VirtualDom::process_events: dioxus_core::virtual_dom: Marking task Task { id: 0, unsend: PhantomData<*const ()> } (spawned in ScopeId(3)) as dirty (called from Location { file: "packages/core/src/virtual_dom.rs", line: 505, col: 58 })
2024-06-04T16:00:26.773826Z  INFO VirtualDom::wait_for_work:VirtualDom::process_events:VirtualDom::poll_tasks: dioxus_core::tasks: Polling task Task { id: 0, unsend: PhantomData<*const ()> }
2024-06-04T16:00:26.773897Z  INFO VirtualDom::wait_for_work:VirtualDom::process_events:VirtualDom::poll_tasks: dioxus_core::tasks: Task Task { id: 0, unsend: PhantomData<*const ()> } finished with result Pending
2024-06-04T16:00:26.773932Z TRACE VirtualDom::wait_for_work:VirtualDom::process_events:VirtualDom::poll_tasks: dioxus_core::virtual_dom: Marking scope ScopeId(3, "Doggo") as dirty
2024-06-04T16:00:26.774093Z TRACE VirtualDom::render_immediate:render{scope=Doggo}: dioxus_signals::signal: Subscribing to the reactive context ReactiveContext(for scope: ScopeId(3, "Doggo"))
2024-06-04T16:00:26.774150Z TRACE VirtualDom::render_immediate:render{scope=Doggo}: dioxus_signals::signal: Subscribing to the reactive context ReactiveContext(for scope: ScopeId(3, "Doggo"))
2024-06-04T16:00:26.774183Z TRACE VirtualDom::render_immediate:render{scope=Doggo}: dioxus_core::scope_context: looking for context dioxus_core::suspense::SuspenseContext (TypeId { t: (4533244013398082440, 10897659798729036060) }) in Doggo
2024-06-04T16:00:26.774211Z TRACE VirtualDom::render_immediate:render{scope=Doggo}: dioxus_core::scope_context: looking for context dioxus_core::suspense::SuspenseContext (TypeId { t: (4533244013398082440, 10897659798729036060) }) in FrozenContext
2024-06-04T16:00:26.774231Z TRACE VirtualDom::render_immediate:render{scope=Doggo}: dioxus_core::scope_context: found context TypeId { t: (9286496122914249738, 8586425926625933774) }
2024-06-04T16:00:26.774250Z TRACE VirtualDom::render_immediate:render{scope=Doggo}: dioxus_core::scope_context: looking for context dioxus_core::suspense::SuspenseContext (TypeId { t: (4533244013398082440, 10897659798729036060) }) in SuspenseBoundary
2024-06-04T16:00:26.774268Z TRACE VirtualDom::render_immediate:render{scope=Doggo}: dioxus_core::scope_context: found context TypeId { t: (4533244013398082440, 10897659798729036060) }
2024-06-04T16:00:26.830809Z TRACE VirtualDom::wait_for_work:VirtualDom::process_events: dioxus_core::virtual_dom: Marking task Task { id: 3, unsend: PhantomData<*const ()> } (spawned in ScopeId(4)) as dirty (called from Location { file: "packages/core/src/virtual_dom.rs", line: 505, col: 58 })
2024-06-04T16:00:26.830937Z  INFO VirtualDom::wait_for_work:VirtualDom::process_events:VirtualDom::poll_tasks: dioxus_core::tasks: Polling task Task { id: 3, unsend: PhantomData<*const ()> }
2024-06-04T16:00:26.831023Z  INFO VirtualDom::wait_for_work:VirtualDom::process_events:VirtualDom::poll_tasks: dioxus_core::tasks: Task Task { id: 3, unsend: PhantomData<*const ()> } finished with result Pending
2024-06-04T16:00:26.831060Z TRACE VirtualDom::wait_for_work:VirtualDom::process_events:VirtualDom::poll_tasks: dioxus_core::virtual_dom: Marking scope ScopeId(4, "Doggo") as dirty
2024-06-04T16:00:26.831235Z TRACE VirtualDom::render_immediate:render{scope=Doggo}: dioxus_signals::signal: Subscribing to the reactive context ReactiveContext(for scope: ScopeId(4, "Doggo"))
2024-06-04T16:00:26.831289Z TRACE VirtualDom::render_immediate:render{scope=Doggo}: dioxus_signals::signal: Subscribing to the reactive context ReactiveContext(for scope: ScopeId(4, "Doggo"))
2024-06-04T16:00:26.831343Z TRACE VirtualDom::render_immediate:render{scope=Doggo}: dioxus_core::scope_context: looking for context dioxus_core::suspense::SuspenseContext (TypeId { t: (4533244013398082440, 10897659798729036060) }) in Doggo
2024-06-04T16:00:26.831373Z TRACE VirtualDom::render_immediate:render{scope=Doggo}: dioxus_core::scope_context: looking for context dioxus_core::suspense::SuspenseContext (TypeId { t: (4533244013398082440, 10897659798729036060) }) in FrozenContext
2024-06-04T16:00:26.831397Z TRACE VirtualDom::render_immediate:render{scope=Doggo}: dioxus_core::scope_context: found context TypeId { t: (9286496122914249738, 8586425926625933774) }
2024-06-04T16:00:26.831420Z TRACE VirtualDom::render_immediate:render{scope=Doggo}: dioxus_core::scope_context: looking for context dioxus_core::suspense::SuspenseContext (TypeId { t: (4533244013398082440, 10897659798729036060) }) in SuspenseBoundary
2024-06-04T16:00:26.831443Z TRACE VirtualDom::render_immediate:render{scope=Doggo}: dioxus_core::scope_context: found context TypeId { t: (4533244013398082440, 10897659798729036060) }
2024-06-04T16:00:26.875936Z TRACE VirtualDom::wait_for_work:VirtualDom::process_events: dioxus_core::virtual_dom: Marking task Task { id: 0, unsend: PhantomData<*const ()> } (spawned in ScopeId(3)) as dirty (called from Location { file: "packages/core/src/virtual_dom.rs", line: 505, col: 58 })
2024-06-04T16:00:26.876048Z  INFO VirtualDom::wait_for_work:VirtualDom::process_events:VirtualDom::poll_tasks: dioxus_core::tasks: Polling task Task { id: 0, unsend: PhantomData<*const ()> }
2024-06-04T16:00:26.876126Z  INFO VirtualDom::wait_for_work:VirtualDom::process_events:VirtualDom::poll_tasks: dioxus_core::tasks: Task Task { id: 0, unsend: PhantomData<*const ()> } finished with result Pending
2024-06-04T16:00:26.876159Z TRACE VirtualDom::wait_for_work:VirtualDom::process_events:VirtualDom::poll_tasks: dioxus_core::virtual_dom: Marking scope ScopeId(3, "Doggo") as dirty
2024-06-04T16:00:26.876323Z TRACE VirtualDom::render_immediate:render{scope=Doggo}: dioxus_signals::signal: Subscribing to the reactive context ReactiveContext(for scope: ScopeId(3, "Doggo"))
2024-06-04T16:00:26.876374Z TRACE VirtualDom::render_immediate:render{scope=Doggo}: dioxus_signals::signal: Subscribing to the reactive context ReactiveContext(for scope: ScopeId(3, "Doggo"))
2024-06-04T16:00:26.876419Z TRACE VirtualDom::render_immediate:render{scope=Doggo}: dioxus_core::scope_context: looking for context dioxus_core::suspense::SuspenseContext (TypeId { t: (4533244013398082440, 10897659798729036060) }) in Doggo
2024-06-04T16:00:26.876444Z TRACE VirtualDom::render_immediate:render{scope=Doggo}: dioxus_core::scope_context: looking for context dioxus_core::suspense::SuspenseContext (TypeId { t: (4533244013398082440, 10897659798729036060) }) in FrozenContext
2024-06-04T16:00:26.876469Z TRACE VirtualDom::render_immediate:render{scope=Doggo}: dioxus_core::scope_context: found context TypeId { t: (9286496122914249738, 8586425926625933774) }
2024-06-04T16:00:26.876488Z TRACE VirtualDom::render_immediate:render{scope=Doggo}: dioxus_core::scope_context: looking for context dioxus_core::suspense::SuspenseContext (TypeId { t: (4533244013398082440, 10897659798729036060) }) in SuspenseBoundary
2024-06-04T16:00:26.876506Z TRACE VirtualDom::render_immediate:render{scope=Doggo}: dioxus_core::scope_context: found context TypeId { t: (4533244013398082440, 10897659798729036060) }
2024-06-04T16:00:26.895437Z TRACE VirtualDom::wait_for_work:VirtualDom::process_events: dioxus_core::virtual_dom: Marking task Task { id: 6, unsend: PhantomData<*const ()> } (spawned in ScopeId(5)) as dirty (called from Location { file: "packages/core/src/virtual_dom.rs", line: 505, col: 58 })
2024-06-04T16:00:26.895528Z  INFO VirtualDom::wait_for_work:VirtualDom::process_events:VirtualDom::poll_tasks: dioxus_core::tasks: Polling task Task { id: 6, unsend: PhantomData<*const ()> }
2024-06-04T16:00:26.895598Z TRACE VirtualDom::wait_for_work:VirtualDom::process_events:VirtualDom::poll_tasks: dioxus_signals::signal: Write on signal at examples/suspense.rs:122:19 finished, updating subscribers
2024-06-04T16:00:26.895643Z TRACE VirtualDom::wait_for_work:VirtualDom::process_events:VirtualDom::poll_tasks: dioxus_signals::reactive_context: Marking reactive context created at packages/signals/src/reactive_context.rs:117:13 as dirty
2024-06-04T16:00:26.895667Z TRACE VirtualDom::wait_for_work:VirtualDom::process_events:VirtualDom::poll_tasks: dioxus_signals::reactive_context: Marking scope ScopeId(5, "LoadingDots") as dirty
2024-06-04T16:00:26.895716Z  INFO VirtualDom::wait_for_work:VirtualDom::process_events:VirtualDom::poll_tasks: dioxus_core::tasks: Task Task { id: 6, unsend: PhantomData<*const ()> } finished with result Pending
2024-06-04T16:00:26.895742Z TRACE VirtualDom::wait_for_work:VirtualDom::process_events:VirtualDom::poll_tasks: dioxus_core::virtual_dom: Marking scope ScopeId(5, "LoadingDots") as dirty
2024-06-04T16:00:26.895873Z TRACE VirtualDom::render_immediate:render{scope=LoadingDots}: dioxus_signals::signal: Subscribing to the reactive context ReactiveContext(for scope: ScopeId(5, "LoadingDots"))
2024-06-04T16:00:26.895924Z TRACE VirtualDom::render_immediate: dioxus_core::scope_context: looking for context dioxus_core::suspense::FrozenContext (TypeId { t: (9286496122914249738, 8586425926625933774) }) in LoadingDots
2024-06-04T16:00:26.895945Z TRACE VirtualDom::render_immediate: dioxus_core::scope_context: looking for context dioxus_core::suspense::FrozenContext (TypeId { t: (9286496122914249738, 8586425926625933774) }) in SuspenseBoundary
2024-06-04T16:00:26.895961Z TRACE VirtualDom::render_immediate: dioxus_core::scope_context: found context TypeId { t: (4533244013398082440, 10897659798729036060) }
2024-06-04T16:00:26.895975Z TRACE VirtualDom::render_immediate: dioxus_core::scope_context: looking for context dioxus_core::suspense::FrozenContext (TypeId { t: (9286496122914249738, 8586425926625933774) }) in app
2024-06-04T16:00:26.895989Z TRACE VirtualDom::render_immediate: dioxus_core::scope_context: found context TypeId { t: (3582638416876954437, 3810890675802792692) }
2024-06-04T16:00:26.896002Z TRACE VirtualDom::render_immediate: dioxus_core::scope_context: found context TypeId { t: (7946844621057603534, 4355211565432133561) }
2024-06-04T16:00:26.896015Z TRACE VirtualDom::render_immediate: dioxus_core::scope_context: found context TypeId { t: (10682502755203913650, 15985576721215419306) }
2024-06-04T16:00:26.896029Z TRACE VirtualDom::render_immediate: dioxus_core::scope_context: context dioxus_core::suspense::FrozenContext (TypeId { t: (9286496122914249738, 8586425926625933774) }) not found
2024-06-04T16:00:26.896059Z TRACE VirtualDom::render_immediate: dioxus_core::diff::node: moving mount self=VNode { vnode: VNodeInner { key: None, template: Cell { value: Template { name: "examples/suspense.rs:127:5:4128", roots: [Dynamic { id: 0 }], node_paths: [[0]], attr_paths: [] } }, dynamic_nodes: [Text(VText { value: ".." })], dynamic_attrs: [] }, mount: Cell { value: MountId(7) } } new=VNode { vnode: VNodeInner { key: None, template: Cell { value: Template { name: "examples/suspense.rs:127:5:4128", roots: [Dynamic { id: 0 }], node_paths: [[0]], attr_paths: [] } }, dynamic_nodes: [Text(VText { value: "..." })], dynamic_attrs: [] }, mount: Cell { value: MountId(7) } }
2024-06-04T16:00:26.896104Z TRACE VirtualDom::render_immediate: dioxus_core::diff::node: mount id: MountId(7)
2024-06-04T16:00:26.896116Z TRACE VirtualDom::render_immediate: dioxus_core::diff::node: mounts: Slab { len: 8, cap: 8 }
2024-06-04T16:00:26.931764Z TRACE VirtualDom::wait_for_work:VirtualDom::process_events: dioxus_core::virtual_dom: Marking task Task { id: 3, unsend: PhantomData<*const ()> } (spawned in ScopeId(4)) as dirty (called from Location { file: "packages/core/src/virtual_dom.rs", line: 505, col: 58 })
2024-06-04T16:00:26.931829Z  INFO VirtualDom::wait_for_work:VirtualDom::process_events:VirtualDom::poll_tasks: dioxus_core::tasks: Polling task Task { id: 3, unsend: PhantomData<*const ()> }
2024-06-04T16:00:26.931878Z  INFO VirtualDom::wait_for_work:VirtualDom::process_events:VirtualDom::poll_tasks: dioxus_core::tasks: Task Task { id: 3, unsend: PhantomData<*const ()> } finished with result Pending
2024-06-04T16:00:26.931899Z TRACE VirtualDom::wait_for_work:VirtualDom::process_events:VirtualDom::poll_tasks: dioxus_core::virtual_dom: Marking scope ScopeId(4, "Doggo") as dirty
2024-06-04T16:00:26.931996Z TRACE VirtualDom::render_immediate:render{scope=Doggo}: dioxus_signals::signal: Subscribing to the reactive context ReactiveContext(for scope: ScopeId(4, "Doggo"))
2024-06-04T16:00:26.932026Z TRACE VirtualDom::render_immediate:render{scope=Doggo}: dioxus_signals::signal: Subscribing to the reactive context ReactiveContext(for scope: ScopeId(4, "Doggo"))
2024-06-04T16:00:26.932050Z TRACE VirtualDom::render_immediate:render{scope=Doggo}: dioxus_core::scope_context: looking for context dioxus_core::suspense::SuspenseContext (TypeId { t: (4533244013398082440, 10897659798729036060) }) in Doggo
2024-06-04T16:00:26.932066Z TRACE VirtualDom::render_immediate:render{scope=Doggo}: dioxus_core::scope_context: looking for context dioxus_core::suspense::SuspenseContext (TypeId { t: (4533244013398082440, 10897659798729036060) }) in FrozenContext
2024-06-04T16:00:26.932079Z TRACE VirtualDom::render_immediate:render{scope=Doggo}: dioxus_core::scope_context: found context TypeId { t: (9286496122914249738, 8586425926625933774) }
2024-06-04T16:00:26.932091Z TRACE VirtualDom::render_immediate:render{scope=Doggo}: dioxus_core::scope_context: looking for context dioxus_core::suspense::SuspenseContext (TypeId { t: (4533244013398082440, 10897659798729036060) }) in SuspenseBoundary
2024-06-04T16:00:26.932103Z TRACE VirtualDom::render_immediate:render{scope=Doggo}: dioxus_core::scope_context: found context TypeId { t: (4533244013398082440, 10897659798729036060) }
2024-06-04T16:00:26.978852Z TRACE VirtualDom::wait_for_work:VirtualDom::process_events: dioxus_core::virtual_dom: Marking task Task { id: 0, unsend: PhantomData<*const ()> } (spawned in ScopeId(3)) as dirty (called from Location { file: "packages/core/src/virtual_dom.rs", line: 505, col: 58 })
2024-06-04T16:00:26.979003Z  INFO VirtualDom::wait_for_work:VirtualDom::process_events:VirtualDom::poll_tasks: dioxus_core::tasks: Polling task Task { id: 0, unsend: PhantomData<*const ()> }
2024-06-04T16:00:26.979073Z  INFO VirtualDom::wait_for_work:VirtualDom::process_events:VirtualDom::poll_tasks: dioxus_core::tasks: Task Task { id: 0, unsend: PhantomData<*const ()> } finished with result Pending
2024-06-04T16:00:26.979094Z TRACE VirtualDom::wait_for_work:VirtualDom::process_events:VirtualDom::poll_tasks: dioxus_core::virtual_dom: Marking scope ScopeId(3, "Doggo") as dirty
2024-06-04T16:00:26.979216Z TRACE VirtualDom::render_immediate:render{scope=Doggo}: dioxus_signals::signal: Subscribing to the reactive context ReactiveContext(for scope: ScopeId(3, "Doggo"))
2024-06-04T16:00:26.979246Z TRACE VirtualDom::render_immediate:render{scope=Doggo}: dioxus_signals::signal: Subscribing to the reactive context ReactiveContext(for scope: ScopeId(3, "Doggo"))
2024-06-04T16:00:26.979268Z TRACE VirtualDom::render_immediate:render{scope=Doggo}: dioxus_core::scope_context: looking for context dioxus_core::suspense::SuspenseContext (TypeId { t: (4533244013398082440, 10897659798729036060) }) in Doggo
2024-06-04T16:00:26.979284Z TRACE VirtualDom::render_immediate:render{scope=Doggo}: dioxus_core::scope_context: looking for context dioxus_core::suspense::SuspenseContext (TypeId { t: (4533244013398082440, 10897659798729036060) }) in FrozenContext
2024-06-04T16:00:26.979295Z TRACE VirtualDom::render_immediate:render{scope=Doggo}: dioxus_core::scope_context: found context TypeId { t: (9286496122914249738, 8586425926625933774) }
2024-06-04T16:00:26.979307Z TRACE VirtualDom::render_immediate:render{scope=Doggo}: dioxus_core::scope_context: looking for context dioxus_core::suspense::SuspenseContext (TypeId { t: (4533244013398082440, 10897659798729036060) }) in SuspenseBoundary
2024-06-04T16:00:26.979318Z TRACE VirtualDom::render_immediate:render{scope=Doggo}: dioxus_core::scope_context: found context TypeId { t: (4533244013398082440, 10897659798729036060) }
2024-06-04T16:00:27.033951Z TRACE VirtualDom::wait_for_work:VirtualDom::process_events: dioxus_core::virtual_dom: Marking task Task { id: 3, unsend: PhantomData<*const ()> } (spawned in ScopeId(4)) as dirty (called from Location { file: "packages/core/src/virtual_dom.rs", line: 505, col: 58 })
2024-06-04T16:00:27.034063Z  INFO VirtualDom::wait_for_work:VirtualDom::process_events:VirtualDom::poll_tasks: dioxus_core::tasks: Polling task Task { id: 3, unsend: PhantomData<*const ()> }
2024-06-04T16:00:27.034133Z  INFO VirtualDom::wait_for_work:VirtualDom::process_events:VirtualDom::poll_tasks: dioxus_core::tasks: Task Task { id: 3, unsend: PhantomData<*const ()> } finished with result Pending
2024-06-04T16:00:27.034158Z TRACE VirtualDom::wait_for_work:VirtualDom::process_events:VirtualDom::poll_tasks: dioxus_core::virtual_dom: Marking scope ScopeId(4, "Doggo") as dirty
2024-06-04T16:00:27.034267Z TRACE VirtualDom::render_immediate:render{scope=Doggo}: dioxus_signals::signal: Subscribing to the reactive context ReactiveContext(for scope: ScopeId(4, "Doggo"))
2024-06-04T16:00:27.034299Z TRACE VirtualDom::render_immediate:render{scope=Doggo}: dioxus_signals::signal: Subscribing to the reactive context ReactiveContext(for scope: ScopeId(4, "Doggo"))
2024-06-04T16:00:27.034321Z TRACE VirtualDom::render_immediate:render{scope=Doggo}: dioxus_core::scope_context: looking for context dioxus_core::suspense::SuspenseContext (TypeId { t: (4533244013398082440, 10897659798729036060) }) in Doggo
2024-06-04T16:00:27.034335Z TRACE VirtualDom::render_immediate:render{scope=Doggo}: dioxus_core::scope_context: looking for context dioxus_core::suspense::SuspenseContext (TypeId { t: (4533244013398082440, 10897659798729036060) }) in FrozenContext
2024-06-04T16:00:27.034347Z TRACE VirtualDom::render_immediate:render{scope=Doggo}: dioxus_core::scope_context: found context TypeId { t: (9286496122914249738, 8586425926625933774) }
2024-06-04T16:00:27.034359Z TRACE VirtualDom::render_immediate:render{scope=Doggo}: dioxus_core::scope_context: looking for context dioxus_core::suspense::SuspenseContext (TypeId { t: (4533244013398082440, 10897659798729036060) }) in SuspenseBoundary
2024-06-04T16:00:27.034370Z TRACE VirtualDom::render_immediate:render{scope=Doggo}: dioxus_core::scope_context: found context TypeId { t: (4533244013398082440, 10897659798729036060) }
2024-06-04T16:00:27.081099Z TRACE VirtualDom::wait_for_work:VirtualDom::process_events: dioxus_core::virtual_dom: Marking task Task { id: 0, unsend: PhantomData<*const ()> } (spawned in ScopeId(3)) as dirty (called from Location { file: "packages/core/src/virtual_dom.rs", line: 505, col: 58 })
2024-06-04T16:00:27.081237Z  INFO VirtualDom::wait_for_work:VirtualDom::process_events:VirtualDom::poll_tasks: dioxus_core::tasks: Polling task Task { id: 0, unsend: PhantomData<*const ()> }
2024-06-04T16:00:27.081313Z  INFO VirtualDom::wait_for_work:VirtualDom::process_events:VirtualDom::poll_tasks: dioxus_core::tasks: Task Task { id: 0, unsend: PhantomData<*const ()> } finished with result Pending
2024-06-04T16:00:27.081340Z TRACE VirtualDom::wait_for_work:VirtualDom::process_events:VirtualDom::poll_tasks: dioxus_core::virtual_dom: Marking scope ScopeId(3, "Doggo") as dirty
2024-06-04T16:00:27.081468Z TRACE VirtualDom::render_immediate:render{scope=Doggo}: dioxus_signals::signal: Subscribing to the reactive context ReactiveContext(for scope: ScopeId(3, "Doggo"))
2024-06-04T16:00:27.081500Z TRACE VirtualDom::render_immediate:render{scope=Doggo}: dioxus_signals::signal: Subscribing to the reactive context ReactiveContext(for scope: ScopeId(3, "Doggo"))
2024-06-04T16:00:27.081523Z TRACE VirtualDom::render_immediate:render{scope=Doggo}: dioxus_core::scope_context: looking for context dioxus_core::suspense::SuspenseContext (TypeId { t: (4533244013398082440, 10897659798729036060) }) in Doggo
2024-06-04T16:00:27.081541Z TRACE VirtualDom::render_immediate:render{scope=Doggo}: dioxus_core::scope_context: looking for context dioxus_core::suspense::SuspenseContext (TypeId { t: (4533244013398082440, 10897659798729036060) }) in FrozenContext
2024-06-04T16:00:27.081555Z TRACE VirtualDom::render_immediate:render{scope=Doggo}: dioxus_core::scope_context: found context TypeId { t: (9286496122914249738, 8586425926625933774) }
2024-06-04T16:00:27.081569Z TRACE VirtualDom::render_immediate:render{scope=Doggo}: dioxus_core::scope_context: looking for context dioxus_core::suspense::SuspenseContext (TypeId { t: (4533244013398082440, 10897659798729036060) }) in SuspenseBoundary
2024-06-04T16:00:27.081583Z TRACE VirtualDom::render_immediate:render{scope=Doggo}: dioxus_core::scope_context: found context TypeId { t: (4533244013398082440, 10897659798729036060) }
2024-06-04T16:00:27.097159Z TRACE VirtualDom::wait_for_work:VirtualDom::process_events: dioxus_core::virtual_dom: Marking task Task { id: 6, unsend: PhantomData<*const ()> } (spawned in ScopeId(5)) as dirty (called from Location { file: "packages/core/src/virtual_dom.rs", line: 505, col: 58 })
2024-06-04T16:00:27.097242Z  INFO VirtualDom::wait_for_work:VirtualDom::process_events:VirtualDom::poll_tasks: dioxus_core::tasks: Polling task Task { id: 6, unsend: PhantomData<*const ()> }
2024-06-04T16:00:27.097293Z TRACE VirtualDom::wait_for_work:VirtualDom::process_events:VirtualDom::poll_tasks: dioxus_signals::signal: Write on signal at examples/suspense.rs:122:19 finished, updating subscribers
2024-06-04T16:00:27.097326Z TRACE VirtualDom::wait_for_work:VirtualDom::process_events:VirtualDom::poll_tasks: dioxus_signals::reactive_context: Marking reactive context created at packages/signals/src/reactive_context.rs:117:13 as dirty
2024-06-04T16:00:27.097340Z TRACE VirtualDom::wait_for_work:VirtualDom::process_events:VirtualDom::poll_tasks: dioxus_signals::reactive_context: Marking scope ScopeId(5, "LoadingDots") as dirty
2024-06-04T16:00:27.097378Z  INFO VirtualDom::wait_for_work:VirtualDom::process_events:VirtualDom::poll_tasks: dioxus_core::tasks: Task Task { id: 6, unsend: PhantomData<*const ()> } finished with result Pending
2024-06-04T16:00:27.097395Z TRACE VirtualDom::wait_for_work:VirtualDom::process_events:VirtualDom::poll_tasks: dioxus_core::virtual_dom: Marking scope ScopeId(5, "LoadingDots") as dirty
2024-06-04T16:00:27.097496Z TRACE VirtualDom::render_immediate:render{scope=LoadingDots}: dioxus_signals::signal: Subscribing to the reactive context ReactiveContext(for scope: ScopeId(5, "LoadingDots"))
2024-06-04T16:00:27.097532Z TRACE VirtualDom::render_immediate: dioxus_core::scope_context: looking for context dioxus_core::suspense::FrozenContext (TypeId { t: (9286496122914249738, 8586425926625933774) }) in LoadingDots
2024-06-04T16:00:27.097546Z TRACE VirtualDom::render_immediate: dioxus_core::scope_context: looking for context dioxus_core::suspense::FrozenContext (TypeId { t: (9286496122914249738, 8586425926625933774) }) in SuspenseBoundary
2024-06-04T16:00:27.097556Z TRACE VirtualDom::render_immediate: dioxus_core::scope_context: found context TypeId { t: (4533244013398082440, 10897659798729036060) }
2024-06-04T16:00:27.097566Z TRACE VirtualDom::render_immediate: dioxus_core::scope_context: looking for context dioxus_core::suspense::FrozenContext (TypeId { t: (9286496122914249738, 8586425926625933774) }) in app
2024-06-04T16:00:27.097576Z TRACE VirtualDom::render_immediate: dioxus_core::scope_context: found context TypeId { t: (3582638416876954437, 3810890675802792692) }
2024-06-04T16:00:27.097586Z TRACE VirtualDom::render_immediate: dioxus_core::scope_context: found context TypeId { t: (7946844621057603534, 4355211565432133561) }
2024-06-04T16:00:27.097596Z TRACE VirtualDom::render_immediate: dioxus_core::scope_context: found context TypeId { t: (10682502755203913650, 15985576721215419306) }
2024-06-04T16:00:27.097606Z TRACE VirtualDom::render_immediate: dioxus_core::scope_context: context dioxus_core::suspense::FrozenContext (TypeId { t: (9286496122914249738, 8586425926625933774) }) not found
2024-06-04T16:00:27.097625Z TRACE VirtualDom::render_immediate: dioxus_core::diff::node: moving mount self=VNode { vnode: VNodeInner { key: None, template: Cell { value: Template { name: "examples/suspense.rs:127:5:4128", roots: [Dynamic { id: 0 }], node_paths: [[0]], attr_paths: [] } }, dynamic_nodes: [Text(VText { value: "..." })], dynamic_attrs: [] }, mount: Cell { value: MountId(7) } } new=VNode { vnode: VNodeInner { key: None, template: Cell { value: Template { name: "examples/suspense.rs:127:5:4128", roots: [Dynamic { id: 0 }], node_paths: [[0]], attr_paths: [] } }, dynamic_nodes: [Text(VText { value: "" })], dynamic_attrs: [] }, mount: Cell { value: MountId(7) } }
2024-06-04T16:00:27.097652Z TRACE VirtualDom::render_immediate: dioxus_core::diff::node: mount id: MountId(7)
2024-06-04T16:00:27.097662Z TRACE VirtualDom::render_immediate: dioxus_core::diff::node: mounts: Slab { len: 8, cap: 8 }
2024-06-04T16:00:27.136194Z TRACE VirtualDom::wait_for_work:VirtualDom::process_events: dioxus_core::virtual_dom: Marking task Task { id: 3, unsend: PhantomData<*const ()> } (spawned in ScopeId(4)) as dirty (called from Location { file: "packages/core/src/virtual_dom.rs", line: 505, col: 58 })
2024-06-04T16:00:27.136252Z  INFO VirtualDom::wait_for_work:VirtualDom::process_events:VirtualDom::poll_tasks: dioxus_core::tasks: Polling task Task { id: 3, unsend: PhantomData<*const ()> }
2024-06-04T16:00:27.136306Z  INFO VirtualDom::wait_for_work:VirtualDom::process_events:VirtualDom::poll_tasks: dioxus_core::tasks: Task Task { id: 3, unsend: PhantomData<*const ()> } finished with result Pending
2024-06-04T16:00:27.136332Z TRACE VirtualDom::wait_for_work:VirtualDom::process_events:VirtualDom::poll_tasks: dioxus_core::virtual_dom: Marking scope ScopeId(4, "Doggo") as dirty
2024-06-04T16:00:27.136429Z TRACE VirtualDom::render_immediate:render{scope=Doggo}: dioxus_signals::signal: Subscribing to the reactive context ReactiveContext(for scope: ScopeId(4, "Doggo"))
2024-06-04T16:00:27.136463Z TRACE VirtualDom::render_immediate:render{scope=Doggo}: dioxus_signals::signal: Subscribing to the reactive context ReactiveContext(for scope: ScopeId(4, "Doggo"))
2024-06-04T16:00:27.136491Z TRACE VirtualDom::render_immediate:render{scope=Doggo}: dioxus_core::scope_context: looking for context dioxus_core::suspense::SuspenseContext (TypeId { t: (4533244013398082440, 10897659798729036060) }) in Doggo
2024-06-04T16:00:27.136511Z TRACE VirtualDom::render_immediate:render{scope=Doggo}: dioxus_core::scope_context: looking for context dioxus_core::suspense::SuspenseContext (TypeId { t: (4533244013398082440, 10897659798729036060) }) in FrozenContext
2024-06-04T16:00:27.136527Z TRACE VirtualDom::render_immediate:render{scope=Doggo}: dioxus_core::scope_context: found context TypeId { t: (9286496122914249738, 8586425926625933774) }
2024-06-04T16:00:27.136543Z TRACE VirtualDom::render_immediate:render{scope=Doggo}: dioxus_core::scope_context: looking for context dioxus_core::suspense::SuspenseContext (TypeId { t: (4533244013398082440, 10897659798729036060) }) in SuspenseBoundary
2024-06-04T16:00:27.136558Z TRACE VirtualDom::render_immediate:render{scope=Doggo}: dioxus_core::scope_context: found context TypeId { t: (4533244013398082440, 10897659798729036060) }
2024-06-04T16:00:27.183257Z TRACE VirtualDom::wait_for_work:VirtualDom::process_events: dioxus_core::virtual_dom: Marking task Task { id: 0, unsend: PhantomData<*const ()> } (spawned in ScopeId(3)) as dirty (called from Location { file: "packages/core/src/virtual_dom.rs", line: 505, col: 58 })
2024-06-04T16:00:27.183357Z  INFO VirtualDom::wait_for_work:VirtualDom::process_events:VirtualDom::poll_tasks: dioxus_core::tasks: Polling task Task { id: 0, unsend: PhantomData<*const ()> }
2024-06-04T16:00:27.183422Z  INFO VirtualDom::wait_for_work:VirtualDom::process_events:VirtualDom::poll_tasks: dioxus_core::tasks: Task Task { id: 0, unsend: PhantomData<*const ()> } finished with result Pending
2024-06-04T16:00:27.183449Z TRACE VirtualDom::wait_for_work:VirtualDom::process_events:VirtualDom::poll_tasks: dioxus_core::virtual_dom: Marking scope ScopeId(3, "Doggo") as dirty
2024-06-04T16:00:27.183556Z TRACE VirtualDom::render_immediate:render{scope=Doggo}: dioxus_signals::signal: Subscribing to the reactive context ReactiveContext(for scope: ScopeId(3, "Doggo"))
2024-06-04T16:00:27.183592Z TRACE VirtualDom::render_immediate:render{scope=Doggo}: dioxus_signals::signal: Subscribing to the reactive context ReactiveContext(for scope: ScopeId(3, "Doggo"))
2024-06-04T16:00:27.183619Z TRACE VirtualDom::render_immediate:render{scope=Doggo}: dioxus_core::scope_context: looking for context dioxus_core::suspense::SuspenseContext (TypeId { t: (4533244013398082440, 10897659798729036060) }) in Doggo
2024-06-04T16:00:27.183639Z TRACE VirtualDom::render_immediate:render{scope=Doggo}: dioxus_core::scope_context: looking for context dioxus_core::suspense::SuspenseContext (TypeId { t: (4533244013398082440, 10897659798729036060) }) in FrozenContext
2024-06-04T16:00:27.183656Z TRACE VirtualDom::render_immediate:render{scope=Doggo}: dioxus_core::scope_context: found context TypeId { t: (9286496122914249738, 8586425926625933774) }
2024-06-04T16:00:27.183672Z TRACE VirtualDom::render_immediate:render{scope=Doggo}: dioxus_core::scope_context: looking for context dioxus_core::suspense::SuspenseContext (TypeId { t: (4533244013398082440, 10897659798729036060) }) in SuspenseBoundary
2024-06-04T16:00:27.183689Z TRACE VirtualDom::render_immediate:render{scope=Doggo}: dioxus_core::scope_context: found context TypeId { t: (4533244013398082440, 10897659798729036060) }
2024-06-04T16:00:27.238472Z TRACE VirtualDom::wait_for_work:VirtualDom::process_events: dioxus_core::virtual_dom: Marking task Task { id: 3, unsend: PhantomData<*const ()> } (spawned in ScopeId(4)) as dirty (called from Location { file: "packages/core/src/virtual_dom.rs", line: 505, col: 58 })
2024-06-04T16:00:27.238551Z  INFO VirtualDom::wait_for_work:VirtualDom::process_events:VirtualDom::poll_tasks: dioxus_core::tasks: Polling task Task { id: 3, unsend: PhantomData<*const ()> }
2024-06-04T16:00:27.238614Z  INFO VirtualDom::wait_for_work:VirtualDom::process_events:VirtualDom::poll_tasks: dioxus_core::tasks: Task Task { id: 3, unsend: PhantomData<*const ()> } finished with result Pending
2024-06-04T16:00:27.238643Z TRACE VirtualDom::wait_for_work:VirtualDom::process_events:VirtualDom::poll_tasks: dioxus_core::virtual_dom: Marking scope ScopeId(4, "Doggo") as dirty
2024-06-04T16:00:27.238772Z TRACE VirtualDom::render_immediate:render{scope=Doggo}: dioxus_signals::signal: Subscribing to the reactive context ReactiveContext(for scope: ScopeId(4, "Doggo"))
2024-06-04T16:00:27.238820Z TRACE VirtualDom::render_immediate:render{scope=Doggo}: dioxus_signals::signal: Subscribing to the reactive context ReactiveContext(for scope: ScopeId(4, "Doggo"))
2024-06-04T16:00:27.238853Z TRACE VirtualDom::render_immediate:render{scope=Doggo}: dioxus_core::scope_context: looking for context dioxus_core::suspense::SuspenseContext (TypeId { t: (4533244013398082440, 10897659798729036060) }) in Doggo
2024-06-04T16:00:27.238875Z TRACE VirtualDom::render_immediate:render{scope=Doggo}: dioxus_core::scope_context: looking for context dioxus_core::suspense::SuspenseContext (TypeId { t: (4533244013398082440, 10897659798729036060) }) in FrozenContext
2024-06-04T16:00:27.238894Z TRACE VirtualDom::render_immediate:render{scope=Doggo}: dioxus_core::scope_context: found context TypeId { t: (9286496122914249738, 8586425926625933774) }
2024-06-04T16:00:27.238913Z TRACE VirtualDom::render_immediate:render{scope=Doggo}: dioxus_core::scope_context: looking for context dioxus_core::suspense::SuspenseContext (TypeId { t: (4533244013398082440, 10897659798729036060) }) in SuspenseBoundary
2024-06-04T16:00:27.238931Z TRACE VirtualDom::render_immediate:render{scope=Doggo}: dioxus_core::scope_context: found context TypeId { t: (4533244013398082440, 10897659798729036060) }
2024-06-04T16:00:27.285751Z TRACE VirtualDom::wait_for_work:VirtualDom::process_events: dioxus_core::virtual_dom: Marking task Task { id: 0, unsend: PhantomData<*const ()> } (spawned in ScopeId(3)) as dirty (called from Location { file: "packages/core/src/virtual_dom.rs", line: 505, col: 58 })
2024-06-04T16:00:27.285836Z  INFO VirtualDom::wait_for_work:VirtualDom::process_events:VirtualDom::poll_tasks: dioxus_core::tasks: Polling task Task { id: 0, unsend: PhantomData<*const ()> }
2024-06-04T16:00:27.285899Z  INFO VirtualDom::wait_for_work:VirtualDom::process_events:VirtualDom::poll_tasks: dioxus_core::tasks: Task Task { id: 0, unsend: PhantomData<*const ()> } finished with result Pending
2024-06-04T16:00:27.285930Z TRACE VirtualDom::wait_for_work:VirtualDom::process_events:VirtualDom::poll_tasks: dioxus_core::virtual_dom: Marking scope ScopeId(3, "Doggo") as dirty
2024-06-04T16:00:27.286071Z TRACE VirtualDom::render_immediate:render{scope=Doggo}: dioxus_signals::signal: Subscribing to the reactive context ReactiveContext(for scope: ScopeId(3, "Doggo"))
2024-06-04T16:00:27.286113Z TRACE VirtualDom::render_immediate:render{scope=Doggo}: dioxus_signals::signal: Subscribing to the reactive context ReactiveContext(for scope: ScopeId(3, "Doggo"))
2024-06-04T16:00:27.286146Z TRACE VirtualDom::render_immediate:render{scope=Doggo}: dioxus_core::scope_context: looking for context dioxus_core::suspense::SuspenseContext (TypeId { t: (4533244013398082440, 10897659798729036060) }) in Doggo
2024-06-04T16:00:27.286169Z TRACE VirtualDom::render_immediate:render{scope=Doggo}: dioxus_core::scope_context: looking for context dioxus_core::suspense::SuspenseContext (TypeId { t: (4533244013398082440, 10897659798729036060) }) in FrozenContext
2024-06-04T16:00:27.286187Z TRACE VirtualDom::render_immediate:render{scope=Doggo}: dioxus_core::scope_context: found context TypeId { t: (9286496122914249738, 8586425926625933774) }
2024-06-04T16:00:27.286206Z TRACE VirtualDom::render_immediate:render{scope=Doggo}: dioxus_core::scope_context: looking for context dioxus_core::suspense::SuspenseContext (TypeId { t: (4533244013398082440, 10897659798729036060) }) in SuspenseBoundary
2024-06-04T16:00:27.286224Z TRACE VirtualDom::render_immediate:render{scope=Doggo}: dioxus_core::scope_context: found context TypeId { t: (4533244013398082440, 10897659798729036060) }
2024-06-04T16:00:27.299757Z TRACE VirtualDom::wait_for_work:VirtualDom::process_events: dioxus_core::virtual_dom: Marking task Task { id: 6, unsend: PhantomData<*const ()> } (spawned in ScopeId(5)) as dirty (called from Location { file: "packages/core/src/virtual_dom.rs", line: 505, col: 58 })
2024-06-04T16:00:27.299808Z  INFO VirtualDom::wait_for_work:VirtualDom::process_events:VirtualDom::poll_tasks: dioxus_core::tasks: Polling task Task { id: 6, unsend: PhantomData<*const ()> }
2024-06-04T16:00:27.299847Z TRACE VirtualDom::wait_for_work:VirtualDom::process_events:VirtualDom::poll_tasks: dioxus_signals::signal: Write on signal at examples/suspense.rs:122:19 finished, updating subscribers
2024-06-04T16:00:27.299889Z TRACE VirtualDom::wait_for_work:VirtualDom::process_events:VirtualDom::poll_tasks: dioxus_signals::reactive_context: Marking reactive context created at packages/signals/src/reactive_context.rs:117:13 as dirty
2024-06-04T16:00:27.299907Z TRACE VirtualDom::wait_for_work:VirtualDom::process_events:VirtualDom::poll_tasks: dioxus_signals::reactive_context: Marking scope ScopeId(5, "LoadingDots") as dirty
2024-06-04T16:00:27.299944Z  INFO VirtualDom::wait_for_work:VirtualDom::process_events:VirtualDom::poll_tasks: dioxus_core::tasks: Task Task { id: 6, unsend: PhantomData<*const ()> } finished with result Pending
2024-06-04T16:00:27.299964Z TRACE VirtualDom::wait_for_work:VirtualDom::process_events:VirtualDom::poll_tasks: dioxus_core::virtual_dom: Marking scope ScopeId(5, "LoadingDots") as dirty
2024-06-04T16:00:27.300061Z TRACE VirtualDom::render_immediate:render{scope=LoadingDots}: dioxus_signals::signal: Subscribing to the reactive context ReactiveContext(for scope: ScopeId(5, "LoadingDots"))
2024-06-04T16:00:27.300099Z TRACE VirtualDom::render_immediate: dioxus_core::scope_context: looking for context dioxus_core::suspense::FrozenContext (TypeId { t: (9286496122914249738, 8586425926625933774) }) in LoadingDots
2024-06-04T16:00:27.300116Z TRACE VirtualDom::render_immediate: dioxus_core::scope_context: looking for context dioxus_core::suspense::FrozenContext (TypeId { t: (9286496122914249738, 8586425926625933774) }) in SuspenseBoundary
2024-06-04T16:00:27.300130Z TRACE VirtualDom::render_immediate: dioxus_core::scope_context: found context TypeId { t: (4533244013398082440, 10897659798729036060) }
2024-06-04T16:00:27.300143Z TRACE VirtualDom::render_immediate: dioxus_core::scope_context: looking for context dioxus_core::suspense::FrozenContext (TypeId { t: (9286496122914249738, 8586425926625933774) }) in app
2024-06-04T16:00:27.300156Z TRACE VirtualDom::render_immediate: dioxus_core::scope_context: found context TypeId { t: (3582638416876954437, 3810890675802792692) }
2024-06-04T16:00:27.300169Z TRACE VirtualDom::render_immediate: dioxus_core::scope_context: found context TypeId { t: (7946844621057603534, 4355211565432133561) }
2024-06-04T16:00:27.300181Z TRACE VirtualDom::render_immediate: dioxus_core::scope_context: found context TypeId { t: (10682502755203913650, 15985576721215419306) }
2024-06-04T16:00:27.300194Z TRACE VirtualDom::render_immediate: dioxus_core::scope_context: context dioxus_core::suspense::FrozenContext (TypeId { t: (9286496122914249738, 8586425926625933774) }) not found
2024-06-04T16:00:27.300219Z TRACE VirtualDom::render_immediate: dioxus_core::diff::node: moving mount self=VNode { vnode: VNodeInner { key: None, template: Cell { value: Template { name: "examples/suspense.rs:127:5:4128", roots: [Dynamic { id: 0 }], node_paths: [[0]], attr_paths: [] } }, dynamic_nodes: [Text(VText { value: "" })], dynamic_attrs: [] }, mount: Cell { value: MountId(7) } } new=VNode { vnode: VNodeInner { key: None, template: Cell { value: Template { name: "examples/suspense.rs:127:5:4128", roots: [Dynamic { id: 0 }], node_paths: [[0]], attr_paths: [] } }, dynamic_nodes: [Text(VText { value: "." })], dynamic_attrs: [] }, mount: Cell { value: MountId(7) } }
2024-06-04T16:00:27.300254Z TRACE VirtualDom::render_immediate: dioxus_core::diff::node: mount id: MountId(7)
2024-06-04T16:00:27.300266Z TRACE VirtualDom::render_immediate: dioxus_core::diff::node: mounts: Slab { len: 8, cap: 8 }
2024-06-04T16:00:27.340814Z TRACE VirtualDom::wait_for_work:VirtualDom::process_events: dioxus_core::virtual_dom: Marking task Task { id: 3, unsend: PhantomData<*const ()> } (spawned in ScopeId(4)) as dirty (called from Location { file: "packages/core/src/virtual_dom.rs", line: 505, col: 58 })
2024-06-04T16:00:27.340917Z  INFO VirtualDom::wait_for_work:VirtualDom::process_events:VirtualDom::poll_tasks: dioxus_core::tasks: Polling task Task { id: 3, unsend: PhantomData<*const ()> }
2024-06-04T16:00:27.340983Z  INFO VirtualDom::wait_for_work:VirtualDom::process_events:VirtualDom::poll_tasks: dioxus_core::tasks: Task Task { id: 3, unsend: PhantomData<*const ()> } finished with result Pending
2024-06-04T16:00:27.341011Z TRACE VirtualDom::wait_for_work:VirtualDom::process_events:VirtualDom::poll_tasks: dioxus_core::virtual_dom: Marking scope ScopeId(4, "Doggo") as dirty
2024-06-04T16:00:27.341119Z TRACE VirtualDom::render_immediate:render{scope=Doggo}: dioxus_signals::signal: Subscribing to the reactive context ReactiveContext(for scope: ScopeId(4, "Doggo"))
2024-06-04T16:00:27.341157Z TRACE VirtualDom::render_immediate:render{scope=Doggo}: dioxus_signals::signal: Subscribing to the reactive context ReactiveContext(for scope: ScopeId(4, "Doggo"))
2024-06-04T16:00:27.341186Z TRACE VirtualDom::render_immediate:render{scope=Doggo}: dioxus_core::scope_context: looking for context dioxus_core::suspense::SuspenseContext (TypeId { t: (4533244013398082440, 10897659798729036060) }) in Doggo
2024-06-04T16:00:27.341212Z TRACE VirtualDom::render_immediate:render{scope=Doggo}: dioxus_core::scope_context: looking for context dioxus_core::suspense::SuspenseContext (TypeId { t: (4533244013398082440, 10897659798729036060) }) in FrozenContext
2024-06-04T16:00:27.341229Z TRACE VirtualDom::render_immediate:render{scope=Doggo}: dioxus_core::scope_context: found context TypeId { t: (9286496122914249738, 8586425926625933774) }
2024-06-04T16:00:27.341245Z TRACE VirtualDom::render_immediate:render{scope=Doggo}: dioxus_core::scope_context: looking for context dioxus_core::suspense::SuspenseContext (TypeId { t: (4533244013398082440, 10897659798729036060) }) in SuspenseBoundary
2024-06-04T16:00:27.341262Z TRACE VirtualDom::render_immediate:render{scope=Doggo}: dioxus_core::scope_context: found context TypeId { t: (4533244013398082440, 10897659798729036060) }
2024-06-04T16:00:27.387874Z TRACE VirtualDom::wait_for_work:VirtualDom::process_events: dioxus_core::virtual_dom: Marking task Task { id: 0, unsend: PhantomData<*const ()> } (spawned in ScopeId(3)) as dirty (called from Location { file: "packages/core/src/virtual_dom.rs", line: 505, col: 58 })
2024-06-04T16:00:27.387966Z  INFO VirtualDom::wait_for_work:VirtualDom::process_events:VirtualDom::poll_tasks: dioxus_core::tasks: Polling task Task { id: 0, unsend: PhantomData<*const ()> }
2024-06-04T16:00:27.388039Z  INFO VirtualDom::wait_for_work:VirtualDom::process_events:VirtualDom::poll_tasks: dioxus_core::tasks: Task Task { id: 0, unsend: PhantomData<*const ()> } finished with result Pending
2024-06-04T16:00:27.388067Z TRACE VirtualDom::wait_for_work:VirtualDom::process_events:VirtualDom::poll_tasks: dioxus_core::virtual_dom: Marking scope ScopeId(3, "Doggo") as dirty
2024-06-04T16:00:27.388198Z TRACE VirtualDom::render_immediate:render{scope=Doggo}: dioxus_signals::signal: Subscribing to the reactive context ReactiveContext(for scope: ScopeId(3, "Doggo"))
2024-06-04T16:00:27.388244Z TRACE VirtualDom::render_immediate:render{scope=Doggo}: dioxus_signals::signal: Subscribing to the reactive context ReactiveContext(for scope: ScopeId(3, "Doggo"))
2024-06-04T16:00:27.388276Z TRACE VirtualDom::render_immediate:render{scope=Doggo}: dioxus_core::scope_context: looking for context dioxus_core::suspense::SuspenseContext (TypeId { t: (4533244013398082440, 10897659798729036060) }) in Doggo
2024-06-04T16:00:27.388297Z TRACE VirtualDom::render_immediate:render{scope=Doggo}: dioxus_core::scope_context: looking for context dioxus_core::suspense::SuspenseContext (TypeId { t: (4533244013398082440, 10897659798729036060) }) in FrozenContext
2024-06-04T16:00:27.388315Z TRACE VirtualDom::render_immediate:render{scope=Doggo}: dioxus_core::scope_context: found context TypeId { t: (9286496122914249738, 8586425926625933774) }
2024-06-04T16:00:27.388331Z TRACE VirtualDom::render_immediate:render{scope=Doggo}: dioxus_core::scope_context: looking for context dioxus_core::suspense::SuspenseContext (TypeId { t: (4533244013398082440, 10897659798729036060) }) in SuspenseBoundary
2024-06-04T16:00:27.388346Z TRACE VirtualDom::render_immediate:render{scope=Doggo}: dioxus_core::scope_context: found context TypeId { t: (4533244013398082440, 10897659798729036060) }
2024-06-04T16:00:27.441572Z TRACE VirtualDom::wait_for_work:VirtualDom::process_events: dioxus_core::virtual_dom: Marking task Task { id: 3, unsend: PhantomData<*const ()> } (spawned in ScopeId(4)) as dirty (called from Location { file: "packages/core/src/virtual_dom.rs", line: 505, col: 58 })
2024-06-04T16:00:27.441692Z  INFO VirtualDom::wait_for_work:VirtualDom::process_events:VirtualDom::poll_tasks: dioxus_core::tasks: Polling task Task { id: 3, unsend: PhantomData<*const ()> }
2024-06-04T16:00:27.441764Z  INFO VirtualDom::wait_for_work:VirtualDom::process_events:VirtualDom::poll_tasks: dioxus_core::tasks: Task Task { id: 3, unsend: PhantomData<*const ()> } finished with result Pending
2024-06-04T16:00:27.441791Z TRACE VirtualDom::wait_for_work:VirtualDom::process_events:VirtualDom::poll_tasks: dioxus_core::virtual_dom: Marking scope ScopeId(4, "Doggo") as dirty
2024-06-04T16:00:27.441937Z TRACE VirtualDom::render_immediate:render{scope=Doggo}: dioxus_signals::signal: Subscribing to the reactive context ReactiveContext(for scope: ScopeId(4, "Doggo"))
2024-06-04T16:00:27.441976Z TRACE VirtualDom::render_immediate:render{scope=Doggo}: dioxus_signals::signal: Subscribing to the reactive context ReactiveContext(for scope: ScopeId(4, "Doggo"))
2024-06-04T16:00:27.442007Z TRACE VirtualDom::render_immediate:render{scope=Doggo}: dioxus_core::scope_context: looking for context dioxus_core::suspense::SuspenseContext (TypeId { t: (4533244013398082440, 10897659798729036060) }) in Doggo
2024-06-04T16:00:27.442041Z TRACE VirtualDom::render_immediate:render{scope=Doggo}: dioxus_core::scope_context: looking for context dioxus_core::suspense::SuspenseContext (TypeId { t: (4533244013398082440, 10897659798729036060) }) in FrozenContext
2024-06-04T16:00:27.442057Z TRACE VirtualDom::render_immediate:render{scope=Doggo}: dioxus_core::scope_context: found context TypeId { t: (9286496122914249738, 8586425926625933774) }
2024-06-04T16:00:27.442073Z TRACE VirtualDom::render_immediate:render{scope=Doggo}: dioxus_core::scope_context: looking for context dioxus_core::suspense::SuspenseContext (TypeId { t: (4533244013398082440, 10897659798729036060) }) in SuspenseBoundary
2024-06-04T16:00:27.442089Z TRACE VirtualDom::render_immediate:render{scope=Doggo}: dioxus_core::scope_context: found context TypeId { t: (4533244013398082440, 10897659798729036060) }
2024-06-04T16:00:27.489603Z TRACE VirtualDom::wait_for_work:VirtualDom::process_events: dioxus_core::virtual_dom: Marking task Task { id: 0, unsend: PhantomData<*const ()> } (spawned in ScopeId(3)) as dirty (called from Location { file: "packages/core/src/virtual_dom.rs", line: 505, col: 58 })
2024-06-04T16:00:27.489694Z  INFO VirtualDom::wait_for_work:VirtualDom::process_events:VirtualDom::poll_tasks: dioxus_core::tasks: Polling task Task { id: 0, unsend: PhantomData<*const ()> }
2024-06-04T16:00:27.489761Z  INFO VirtualDom::wait_for_work:VirtualDom::process_events:VirtualDom::poll_tasks: dioxus_core::tasks: Task Task { id: 0, unsend: PhantomData<*const ()> } finished with result Pending
2024-06-04T16:00:27.489788Z TRACE VirtualDom::wait_for_work:VirtualDom::process_events:VirtualDom::poll_tasks: dioxus_core::virtual_dom: Marking scope ScopeId(3, "Doggo") as dirty
2024-06-04T16:00:27.489917Z TRACE VirtualDom::render_immediate:render{scope=Doggo}: dioxus_signals::signal: Subscribing to the reactive context ReactiveContext(for scope: ScopeId(3, "Doggo"))
2024-06-04T16:00:27.489956Z TRACE VirtualDom::render_immediate:render{scope=Doggo}: dioxus_signals::signal: Subscribing to the reactive context ReactiveContext(for scope: ScopeId(3, "Doggo"))
2024-06-04T16:00:27.489989Z TRACE VirtualDom::render_immediate:render{scope=Doggo}: dioxus_core::scope_context: looking for context dioxus_core::suspense::SuspenseContext (TypeId { t: (4533244013398082440, 10897659798729036060) }) in Doggo
2024-06-04T16:00:27.490013Z TRACE VirtualDom::render_immediate:render{scope=Doggo}: dioxus_core::scope_context: looking for context dioxus_core::suspense::SuspenseContext (TypeId { t: (4533244013398082440, 10897659798729036060) }) in FrozenContext
2024-06-04T16:00:27.490030Z TRACE VirtualDom::render_immediate:render{scope=Doggo}: dioxus_core::scope_context: found context TypeId { t: (9286496122914249738, 8586425926625933774) }
2024-06-04T16:00:27.490050Z TRACE VirtualDom::render_immediate:render{scope=Doggo}: dioxus_core::scope_context: looking for context dioxus_core::suspense::SuspenseContext (TypeId { t: (4533244013398082440, 10897659798729036060) }) in SuspenseBoundary
2024-06-04T16:00:27.490065Z TRACE VirtualDom::render_immediate:render{scope=Doggo}: dioxus_core::scope_context: found context TypeId { t: (4533244013398082440, 10897659798729036060) }
2024-06-04T16:00:27.501652Z TRACE VirtualDom::wait_for_work:VirtualDom::process_events: dioxus_core::virtual_dom: Marking task Task { id: 6, unsend: PhantomData<*const ()> } (spawned in ScopeId(5)) as dirty (called from Location { file: "packages/core/src/virtual_dom.rs", line: 505, col: 58 })
2024-06-04T16:00:27.501721Z  INFO VirtualDom::wait_for_work:VirtualDom::process_events:VirtualDom::poll_tasks: dioxus_core::tasks: Polling task Task { id: 6, unsend: PhantomData<*const ()> }
2024-06-04T16:00:27.501774Z TRACE VirtualDom::wait_for_work:VirtualDom::process_events:VirtualDom::poll_tasks: dioxus_signals::signal: Write on signal at examples/suspense.rs:122:19 finished, updating subscribers
2024-06-04T16:00:27.501808Z TRACE VirtualDom::wait_for_work:VirtualDom::process_events:VirtualDom::poll_tasks: dioxus_signals::reactive_context: Marking reactive context created at packages/signals/src/reactive_context.rs:117:13 as dirty
2024-06-04T16:00:27.501828Z TRACE VirtualDom::wait_for_work:VirtualDom::process_events:VirtualDom::poll_tasks: dioxus_signals::reactive_context: Marking scope ScopeId(5, "LoadingDots") as dirty
2024-06-04T16:00:27.501869Z  INFO VirtualDom::wait_for_work:VirtualDom::process_events:VirtualDom::poll_tasks: dioxus_core::tasks: Task Task { id: 6, unsend: PhantomData<*const ()> } finished with result Pending
2024-06-04T16:00:27.501889Z TRACE VirtualDom::wait_for_work:VirtualDom::process_events:VirtualDom::poll_tasks: dioxus_core::virtual_dom: Marking scope ScopeId(5, "LoadingDots") as dirty
2024-06-04T16:00:27.501988Z TRACE VirtualDom::render_immediate:render{scope=LoadingDots}: dioxus_signals::signal: Subscribing to the reactive context ReactiveContext(for scope: ScopeId(5, "LoadingDots"))
2024-06-04T16:00:27.502030Z TRACE VirtualDom::render_immediate: dioxus_core::scope_context: looking for context dioxus_core::suspense::FrozenContext (TypeId { t: (9286496122914249738, 8586425926625933774) }) in LoadingDots
2024-06-04T16:00:27.502047Z TRACE VirtualDom::render_immediate: dioxus_core::scope_context: looking for context dioxus_core::suspense::FrozenContext (TypeId { t: (9286496122914249738, 8586425926625933774) }) in SuspenseBoundary
2024-06-04T16:00:27.502060Z TRACE VirtualDom::render_immediate: dioxus_core::scope_context: found context TypeId { t: (4533244013398082440, 10897659798729036060) }
2024-06-04T16:00:27.502072Z TRACE VirtualDom::render_immediate: dioxus_core::scope_context: looking for context dioxus_core::suspense::FrozenContext (TypeId { t: (9286496122914249738, 8586425926625933774) }) in app
2024-06-04T16:00:27.502084Z TRACE VirtualDom::render_immediate: dioxus_core::scope_context: found context TypeId { t: (3582638416876954437, 3810890675802792692) }
2024-06-04T16:00:27.502096Z TRACE VirtualDom::render_immediate: dioxus_core::scope_context: found context TypeId { t: (7946844621057603534, 4355211565432133561) }
2024-06-04T16:00:27.502106Z TRACE VirtualDom::render_immediate: dioxus_core::scope_context: found context TypeId { t: (10682502755203913650, 15985576721215419306) }
2024-06-04T16:00:27.502119Z TRACE VirtualDom::render_immediate: dioxus_core::scope_context: context dioxus_core::suspense::FrozenContext (TypeId { t: (9286496122914249738, 8586425926625933774) }) not found
2024-06-04T16:00:27.502144Z TRACE VirtualDom::render_immediate: dioxus_core::diff::node: moving mount self=VNode { vnode: VNodeInner { key: None, template: Cell { value: Template { name: "examples/suspense.rs:127:5:4128", roots: [Dynamic { id: 0 }], node_paths: [[0]], attr_paths: [] } }, dynamic_nodes: [Text(VText { value: "." })], dynamic_attrs: [] }, mount: Cell { value: MountId(7) } } new=VNode { vnode: VNodeInner { key: None, template: Cell { value: Template { name: "examples/suspense.rs:127:5:4128", roots: [Dynamic { id: 0 }], node_paths: [[0]], attr_paths: [] } }, dynamic_nodes: [Text(VText { value: ".." })], dynamic_attrs: [] }, mount: Cell { value: MountId(7) } }
2024-06-04T16:00:27.502179Z TRACE VirtualDom::render_immediate: dioxus_core::diff::node: mount id: MountId(7)
2024-06-04T16:00:27.502189Z TRACE VirtualDom::render_immediate: dioxus_core::diff::node: mounts: Slab { len: 8, cap: 8 }
2024-06-04T16:00:27.544077Z TRACE VirtualDom::wait_for_work:VirtualDom::process_events: dioxus_core::virtual_dom: Marking task Task { id: 3, unsend: PhantomData<*const ()> } (spawned in ScopeId(4)) as dirty (called from Location { file: "packages/core/src/virtual_dom.rs", line: 505, col: 58 })
2024-06-04T16:00:27.544165Z  INFO VirtualDom::wait_for_work:VirtualDom::process_events:VirtualDom::poll_tasks: dioxus_core::tasks: Polling task Task { id: 3, unsend: PhantomData<*const ()> }
2024-06-04T16:00:27.544232Z  INFO VirtualDom::wait_for_work:VirtualDom::process_events:VirtualDom::poll_tasks: dioxus_core::tasks: Task Task { id: 3, unsend: PhantomData<*const ()> } finished with result Pending
2024-06-04T16:00:27.544258Z TRACE VirtualDom::wait_for_work:VirtualDom::process_events:VirtualDom::poll_tasks: dioxus_core::virtual_dom: Marking scope ScopeId(4, "Doggo") as dirty
2024-06-04T16:00:27.544399Z TRACE VirtualDom::render_immediate:render{scope=Doggo}: dioxus_signals::signal: Subscribing to the reactive context ReactiveContext(for scope: ScopeId(4, "Doggo"))
2024-06-04T16:00:27.544437Z TRACE VirtualDom::render_immediate:render{scope=Doggo}: dioxus_signals::signal: Subscribing to the reactive context ReactiveContext(for scope: ScopeId(4, "Doggo"))
2024-06-04T16:00:27.544478Z TRACE VirtualDom::render_immediate:render{scope=Doggo}: dioxus_core::scope_context: looking for context dioxus_core::suspense::SuspenseContext (TypeId { t: (4533244013398082440, 10897659798729036060) }) in Doggo
2024-06-04T16:00:27.544498Z TRACE VirtualDom::render_immediate:render{scope=Doggo}: dioxus_core::scope_context: looking for context dioxus_core::suspense::SuspenseContext (TypeId { t: (4533244013398082440, 10897659798729036060) }) in FrozenContext
2024-06-04T16:00:27.544515Z TRACE VirtualDom::render_immediate:render{scope=Doggo}: dioxus_core::scope_context: found context TypeId { t: (9286496122914249738, 8586425926625933774) }
2024-06-04T16:00:27.544531Z TRACE VirtualDom::render_immediate:render{scope=Doggo}: dioxus_core::scope_context: looking for context dioxus_core::suspense::SuspenseContext (TypeId { t: (4533244013398082440, 10897659798729036060) }) in SuspenseBoundary
2024-06-04T16:00:27.544546Z TRACE VirtualDom::render_immediate:render{scope=Doggo}: dioxus_core::scope_context: found context TypeId { t: (4533244013398082440, 10897659798729036060) }
2024-06-04T16:00:27.591144Z TRACE VirtualDom::wait_for_work:VirtualDom::process_events: dioxus_core::virtual_dom: Marking task Task { id: 0, unsend: PhantomData<*const ()> } (spawned in ScopeId(3)) as dirty (called from Location { file: "packages/core/src/virtual_dom.rs", line: 505, col: 58 })
2024-06-04T16:00:27.591223Z  INFO VirtualDom::wait_for_work:VirtualDom::process_events:VirtualDom::poll_tasks: dioxus_core::tasks: Polling task Task { id: 0, unsend: PhantomData<*const ()> }
2024-06-04T16:00:27.591302Z  INFO VirtualDom::wait_for_work:VirtualDom::process_events:VirtualDom::poll_tasks: dioxus_core::tasks: Task Task { id: 0, unsend: PhantomData<*const ()> } finished with result Pending
2024-06-04T16:00:27.591332Z TRACE VirtualDom::wait_for_work:VirtualDom::process_events:VirtualDom::poll_tasks: dioxus_core::virtual_dom: Marking scope ScopeId(3, "Doggo") as dirty
2024-06-04T16:00:27.591475Z TRACE VirtualDom::render_immediate:render{scope=Doggo}: dioxus_signals::signal: Subscribing to the reactive context ReactiveContext(for scope: ScopeId(3, "Doggo"))
2024-06-04T16:00:27.591516Z TRACE VirtualDom::render_immediate:render{scope=Doggo}: dioxus_signals::signal: Subscribing to the reactive context ReactiveContext(for scope: ScopeId(3, "Doggo"))
2024-06-04T16:00:27.591560Z TRACE VirtualDom::render_immediate:render{scope=Doggo}: dioxus_core::scope_context: looking for context dioxus_core::suspense::SuspenseContext (TypeId { t: (4533244013398082440, 10897659798729036060) }) in Doggo
2024-06-04T16:00:27.591582Z TRACE VirtualDom::render_immediate:render{scope=Doggo}: dioxus_core::scope_context: looking for context dioxus_core::suspense::SuspenseContext (TypeId { t: (4533244013398082440, 10897659798729036060) }) in FrozenContext
2024-06-04T16:00:27.591602Z TRACE VirtualDom::render_immediate:render{scope=Doggo}: dioxus_core::scope_context: found context TypeId { t: (9286496122914249738, 8586425926625933774) }
2024-06-04T16:00:27.591623Z TRACE VirtualDom::render_immediate:render{scope=Doggo}: dioxus_core::scope_context: looking for context dioxus_core::suspense::SuspenseContext (TypeId { t: (4533244013398082440, 10897659798729036060) }) in SuspenseBoundary
2024-06-04T16:00:27.591641Z TRACE VirtualDom::render_immediate:render{scope=Doggo}: dioxus_core::scope_context: found context TypeId { t: (4533244013398082440, 10897659798729036060) }
2024-06-04T16:00:27.645555Z TRACE VirtualDom::wait_for_work:VirtualDom::process_events: dioxus_core::virtual_dom: Marking task Task { id: 3, unsend: PhantomData<*const ()> } (spawned in ScopeId(4)) as dirty (called from Location { file: "packages/core/src/virtual_dom.rs", line: 505, col: 58 })
2024-06-04T16:00:27.645682Z  INFO VirtualDom::wait_for_work:VirtualDom::process_events:VirtualDom::poll_tasks: dioxus_core::tasks: Polling task Task { id: 3, unsend: PhantomData<*const ()> }
2024-06-04T16:00:27.645774Z  INFO VirtualDom::wait_for_work:VirtualDom::process_events:VirtualDom::poll_tasks: dioxus_core::tasks: Task Task { id: 3, unsend: PhantomData<*const ()> } finished with result Pending
2024-06-04T16:00:27.645805Z TRACE VirtualDom::wait_for_work:VirtualDom::process_events:VirtualDom::poll_tasks: dioxus_core::virtual_dom: Marking scope ScopeId(4, "Doggo") as dirty
2024-06-04T16:00:27.646000Z TRACE VirtualDom::render_immediate:render{scope=Doggo}: dioxus_signals::signal: Subscribing to the reactive context ReactiveContext(for scope: ScopeId(4, "Doggo"))
2024-06-04T16:00:27.646066Z TRACE VirtualDom::render_immediate:render{scope=Doggo}: dioxus_signals::signal: Subscribing to the reactive context ReactiveContext(for scope: ScopeId(4, "Doggo"))
2024-06-04T16:00:27.646116Z TRACE VirtualDom::render_immediate:render{scope=Doggo}: dioxus_core::scope_context: looking for context dioxus_core::suspense::SuspenseContext (TypeId { t: (4533244013398082440, 10897659798729036060) }) in Doggo
2024-06-04T16:00:27.646149Z TRACE VirtualDom::render_immediate:render{scope=Doggo}: dioxus_core::scope_context: looking for context dioxus_core::suspense::SuspenseContext (TypeId { t: (4533244013398082440, 10897659798729036060) }) in FrozenContext
2024-06-04T16:00:27.646169Z TRACE VirtualDom::render_immediate:render{scope=Doggo}: dioxus_core::scope_context: found context TypeId { t: (9286496122914249738, 8586425926625933774) }
2024-06-04T16:00:27.646187Z TRACE VirtualDom::render_immediate:render{scope=Doggo}: dioxus_core::scope_context: looking for context dioxus_core::suspense::SuspenseContext (TypeId { t: (4533244013398082440, 10897659798729036060) }) in SuspenseBoundary
2024-06-04T16:00:27.646247Z TRACE VirtualDom::render_immediate:render{scope=Doggo}: dioxus_core::scope_context: found context TypeId { t: (4533244013398082440, 10897659798729036060) }
2024-06-04T16:00:27.693604Z TRACE VirtualDom::wait_for_work:VirtualDom::process_events: dioxus_core::virtual_dom: Marking task Task { id: 0, unsend: PhantomData<*const ()> } (spawned in ScopeId(3)) as dirty (called from Location { file: "packages/core/src/virtual_dom.rs", line: 505, col: 58 })
2024-06-04T16:00:27.693729Z  INFO VirtualDom::wait_for_work:VirtualDom::process_events:VirtualDom::poll_tasks: dioxus_core::tasks: Polling task Task { id: 0, unsend: PhantomData<*const ()> }
2024-06-04T16:00:27.693810Z  INFO VirtualDom::wait_for_work:VirtualDom::process_events:VirtualDom::poll_tasks: dioxus_core::tasks: Task Task { id: 0, unsend: PhantomData<*const ()> } finished with result Pending
2024-06-04T16:00:27.693843Z TRACE VirtualDom::wait_for_work:VirtualDom::process_events:VirtualDom::poll_tasks: dioxus_core::virtual_dom: Marking scope ScopeId(3, "Doggo") as dirty
2024-06-04T16:00:27.693999Z TRACE VirtualDom::render_immediate:render{scope=Doggo}: dioxus_signals::signal: Subscribing to the reactive context ReactiveContext(for scope: ScopeId(3, "Doggo"))
2024-06-04T16:00:27.694052Z TRACE VirtualDom::render_immediate:render{scope=Doggo}: dioxus_signals::signal: Subscribing to the reactive context ReactiveContext(for scope: ScopeId(3, "Doggo"))
2024-06-04T16:00:27.694103Z TRACE VirtualDom::render_immediate:render{scope=Doggo}: dioxus_core::scope_context: looking for context dioxus_core::suspense::SuspenseContext (TypeId { t: (4533244013398082440, 10897659798729036060) }) in Doggo
2024-06-04T16:00:27.694160Z TRACE VirtualDom::render_immediate:render{scope=Doggo}: dioxus_core::scope_context: looking for context dioxus_core::suspense::SuspenseContext (TypeId { t: (4533244013398082440, 10897659798729036060) }) in FrozenContext
2024-06-04T16:00:27.694177Z TRACE VirtualDom::render_immediate:render{scope=Doggo}: dioxus_core::scope_context: found context TypeId { t: (9286496122914249738, 8586425926625933774) }
2024-06-04T16:00:27.694193Z TRACE VirtualDom::render_immediate:render{scope=Doggo}: dioxus_core::scope_context: looking for context dioxus_core::suspense::SuspenseContext (TypeId { t: (4533244013398082440, 10897659798729036060) }) in SuspenseBoundary
2024-06-04T16:00:27.694217Z TRACE VirtualDom::render_immediate:render{scope=Doggo}: dioxus_core::scope_context: found context TypeId { t: (4533244013398082440, 10897659798729036060) }
2024-06-04T16:00:27.703747Z TRACE VirtualDom::wait_for_work:VirtualDom::process_events: dioxus_core::virtual_dom: Marking task Task { id: 6, unsend: PhantomData<*const ()> } (spawned in ScopeId(5)) as dirty (called from Location { file: "packages/core/src/virtual_dom.rs", line: 505, col: 58 })
2024-06-04T16:00:27.703814Z  INFO VirtualDom::wait_for_work:VirtualDom::process_events:VirtualDom::poll_tasks: dioxus_core::tasks: Polling task Task { id: 6, unsend: PhantomData<*const ()> }
2024-06-04T16:00:27.703862Z TRACE VirtualDom::wait_for_work:VirtualDom::process_events:VirtualDom::poll_tasks: dioxus_signals::signal: Write on signal at examples/suspense.rs:122:19 finished, updating subscribers
2024-06-04T16:00:27.703894Z TRACE VirtualDom::wait_for_work:VirtualDom::process_events:VirtualDom::poll_tasks: dioxus_signals::reactive_context: Marking reactive context created at packages/signals/src/reactive_context.rs:117:13 as dirty
2024-06-04T16:00:27.703911Z TRACE VirtualDom::wait_for_work:VirtualDom::process_events:VirtualDom::poll_tasks: dioxus_signals::reactive_context: Marking scope ScopeId(5, "LoadingDots") as dirty
2024-06-04T16:00:27.703944Z  INFO VirtualDom::wait_for_work:VirtualDom::process_events:VirtualDom::poll_tasks: dioxus_core::tasks: Task Task { id: 6, unsend: PhantomData<*const ()> } finished with result Pending
2024-06-04T16:00:27.703965Z TRACE VirtualDom::wait_for_work:VirtualDom::process_events:VirtualDom::poll_tasks: dioxus_core::virtual_dom: Marking scope ScopeId(5, "LoadingDots") as dirty
2024-06-04T16:00:27.704064Z TRACE VirtualDom::render_immediate:render{scope=LoadingDots}: dioxus_signals::signal: Subscribing to the reactive context ReactiveContext(for scope: ScopeId(5, "LoadingDots"))
2024-06-04T16:00:27.704115Z TRACE VirtualDom::render_immediate: dioxus_core::scope_context: looking for context dioxus_core::suspense::FrozenContext (TypeId { t: (9286496122914249738, 8586425926625933774) }) in LoadingDots
2024-06-04T16:00:27.704138Z TRACE VirtualDom::render_immediate: dioxus_core::scope_context: looking for context dioxus_core::suspense::FrozenContext (TypeId { t: (9286496122914249738, 8586425926625933774) }) in SuspenseBoundary
2024-06-04T16:00:27.704150Z TRACE VirtualDom::render_immediate: dioxus_core::scope_context: found context TypeId { t: (4533244013398082440, 10897659798729036060) }
2024-06-04T16:00:27.704161Z TRACE VirtualDom::render_immediate: dioxus_core::scope_context: looking for context dioxus_core::suspense::FrozenContext (TypeId { t: (9286496122914249738, 8586425926625933774) }) in app
2024-06-04T16:00:27.704172Z TRACE VirtualDom::render_immediate: dioxus_core::scope_context: found context TypeId { t: (3582638416876954437, 3810890675802792692) }
2024-06-04T16:00:27.704184Z TRACE VirtualDom::render_immediate: dioxus_core::scope_context: found context TypeId { t: (7946844621057603534, 4355211565432133561) }
2024-06-04T16:00:27.704194Z TRACE VirtualDom::render_immediate: dioxus_core::scope_context: found context TypeId { t: (10682502755203913650, 15985576721215419306) }
2024-06-04T16:00:27.704206Z TRACE VirtualDom::render_immediate: dioxus_core::scope_context: context dioxus_core::suspense::FrozenContext (TypeId { t: (9286496122914249738, 8586425926625933774) }) not found
2024-06-04T16:00:27.704226Z TRACE VirtualDom::render_immediate: dioxus_core::diff::node: moving mount self=VNode { vnode: VNodeInner { key: None, template: Cell { value: Template { name: "examples/suspense.rs:127:5:4128", roots: [Dynamic { id: 0 }], node_paths: [[0]], attr_paths: [] } }, dynamic_nodes: [Text(VText { value: ".." })], dynamic_attrs: [] }, mount: Cell { value: MountId(7) } } new=VNode { vnode: VNodeInner { key: None, template: Cell { value: Template { name: "examples/suspense.rs:127:5:4128", roots: [Dynamic { id: 0 }], node_paths: [[0]], attr_paths: [] } }, dynamic_nodes: [Text(VText { value: "..." })], dynamic_attrs: [] }, mount: Cell { value: MountId(7) } }
2024-06-04T16:00:27.704257Z TRACE VirtualDom::render_immediate: dioxus_core::diff::node: mount id: MountId(7)
2024-06-04T16:00:27.704267Z TRACE VirtualDom::render_immediate: dioxus_core::diff::node: mounts: Slab { len: 8, cap: 8 }
2024-06-04T16:00:27.747790Z TRACE VirtualDom::wait_for_work:VirtualDom::process_events: dioxus_core::virtual_dom: Marking task Task { id: 3, unsend: PhantomData<*const ()> } (spawned in ScopeId(4)) as dirty (called from Location { file: "packages/core/src/virtual_dom.rs", line: 505, col: 58 })
2024-06-04T16:00:27.747868Z  INFO VirtualDom::wait_for_work:VirtualDom::process_events:VirtualDom::poll_tasks: dioxus_core::tasks: Polling task Task { id: 3, unsend: PhantomData<*const ()> }
2024-06-04T16:00:27.747938Z  INFO VirtualDom::wait_for_work:VirtualDom::process_events:VirtualDom::poll_tasks: dioxus_core::tasks: Task Task { id: 3, unsend: PhantomData<*const ()> } finished with result Pending
2024-06-04T16:00:27.747962Z TRACE VirtualDom::wait_for_work:VirtualDom::process_events:VirtualDom::poll_tasks: dioxus_core::virtual_dom: Marking scope ScopeId(4, "Doggo") as dirty
2024-06-04T16:00:27.748075Z TRACE VirtualDom::render_immediate:render{scope=Doggo}: dioxus_signals::signal: Subscribing to the reactive context ReactiveContext(for scope: ScopeId(4, "Doggo"))
2024-06-04T16:00:27.748107Z TRACE VirtualDom::render_immediate:render{scope=Doggo}: dioxus_signals::signal: Subscribing to the reactive context ReactiveContext(for scope: ScopeId(4, "Doggo"))
2024-06-04T16:00:27.748133Z TRACE VirtualDom::render_immediate:render{scope=Doggo}: dioxus_core::scope_context: looking for context dioxus_core::suspense::SuspenseContext (TypeId { t: (4533244013398082440, 10897659798729036060) }) in Doggo
2024-06-04T16:00:27.748154Z TRACE VirtualDom::render_immediate:render{scope=Doggo}: dioxus_core::scope_context: looking for context dioxus_core::suspense::SuspenseContext (TypeId { t: (4533244013398082440, 10897659798729036060) }) in FrozenContext
2024-06-04T16:00:27.748168Z TRACE VirtualDom::render_immediate:render{scope=Doggo}: dioxus_core::scope_context: found context TypeId { t: (9286496122914249738, 8586425926625933774) }
2024-06-04T16:00:27.748182Z TRACE VirtualDom::render_immediate:render{scope=Doggo}: dioxus_core::scope_context: looking for context dioxus_core::suspense::SuspenseContext (TypeId { t: (4533244013398082440, 10897659798729036060) }) in SuspenseBoundary
2024-06-04T16:00:27.748196Z TRACE VirtualDom::render_immediate:render{scope=Doggo}: dioxus_core::scope_context: found context TypeId { t: (4533244013398082440, 10897659798729036060) }
2024-06-04T16:00:27.795890Z TRACE VirtualDom::wait_for_work:VirtualDom::process_events: dioxus_core::virtual_dom: Marking task Task { id: 0, unsend: PhantomData<*const ()> } (spawned in ScopeId(3)) as dirty (called from Location { file: "packages/core/src/virtual_dom.rs", line: 505, col: 58 })
2024-06-04T16:00:27.796033Z  INFO VirtualDom::wait_for_work:VirtualDom::process_events:VirtualDom::poll_tasks: dioxus_core::tasks: Polling task Task { id: 0, unsend: PhantomData<*const ()> }
2024-06-04T16:00:27.796124Z  INFO VirtualDom::wait_for_work:VirtualDom::process_events:VirtualDom::poll_tasks: dioxus_core::tasks: Task Task { id: 0, unsend: PhantomData<*const ()> } finished with result Pending
2024-06-04T16:00:27.796156Z TRACE VirtualDom::wait_for_work:VirtualDom::process_events:VirtualDom::poll_tasks: dioxus_core::virtual_dom: Marking scope ScopeId(3, "Doggo") as dirty
2024-06-04T16:00:27.796268Z TRACE VirtualDom::render_immediate:render{scope=Doggo}: dioxus_signals::signal: Subscribing to the reactive context ReactiveContext(for scope: ScopeId(3, "Doggo"))
2024-06-04T16:00:27.796307Z TRACE VirtualDom::render_immediate:render{scope=Doggo}: dioxus_signals::signal: Subscribing to the reactive context ReactiveContext(for scope: ScopeId(3, "Doggo"))
2024-06-04T16:00:27.796335Z TRACE VirtualDom::render_immediate:render{scope=Doggo}: dioxus_core::scope_context: looking for context dioxus_core::suspense::SuspenseContext (TypeId { t: (4533244013398082440, 10897659798729036060) }) in Doggo
2024-06-04T16:00:27.796355Z TRACE VirtualDom::render_immediate:render{scope=Doggo}: dioxus_core::scope_context: looking for context dioxus_core::suspense::SuspenseContext (TypeId { t: (4533244013398082440, 10897659798729036060) }) in FrozenContext
2024-06-04T16:00:27.796372Z TRACE VirtualDom::render_immediate:render{scope=Doggo}: dioxus_core::scope_context: found context TypeId { t: (9286496122914249738, 8586425926625933774) }
2024-06-04T16:00:27.796388Z TRACE VirtualDom::render_immediate:render{scope=Doggo}: dioxus_core::scope_context: looking for context dioxus_core::suspense::SuspenseContext (TypeId { t: (4533244013398082440, 10897659798729036060) }) in SuspenseBoundary
2024-06-04T16:00:27.796405Z TRACE VirtualDom::render_immediate:render{scope=Doggo}: dioxus_core::scope_context: found context TypeId { t: (4533244013398082440, 10897659798729036060) }
2024-06-04T16:00:27.849967Z TRACE VirtualDom::wait_for_work:VirtualDom::process_events: dioxus_core::virtual_dom: Marking task Task { id: 3, unsend: PhantomData<*const ()> } (spawned in ScopeId(4)) as dirty (called from Location { file: "packages/core/src/virtual_dom.rs", line: 505, col: 58 })
2024-06-04T16:00:27.850061Z  INFO VirtualDom::wait_for_work:VirtualDom::process_events:VirtualDom::poll_tasks: dioxus_core::tasks: Polling task Task { id: 3, unsend: PhantomData<*const ()> }
2024-06-04T16:00:27.850126Z  INFO VirtualDom::wait_for_work:VirtualDom::process_events:VirtualDom::poll_tasks: dioxus_core::tasks: Task Task { id: 3, unsend: PhantomData<*const ()> } finished with result Pending
2024-06-04T16:00:27.850152Z TRACE VirtualDom::wait_for_work:VirtualDom::process_events:VirtualDom::poll_tasks: dioxus_core::virtual_dom: Marking scope ScopeId(4, "Doggo") as dirty
2024-06-04T16:00:27.850275Z TRACE VirtualDom::render_immediate:render{scope=Doggo}: dioxus_signals::signal: Subscribing to the reactive context ReactiveContext(for scope: ScopeId(4, "Doggo"))
2024-06-04T16:00:27.850318Z TRACE VirtualDom::render_immediate:render{scope=Doggo}: dioxus_signals::signal: Subscribing to the reactive context ReactiveContext(for scope: ScopeId(4, "Doggo"))
2024-06-04T16:00:27.850348Z TRACE VirtualDom::render_immediate:render{scope=Doggo}: dioxus_core::scope_context: looking for context dioxus_core::suspense::SuspenseContext (TypeId { t: (4533244013398082440, 10897659798729036060) }) in Doggo
2024-06-04T16:00:27.850369Z TRACE VirtualDom::render_immediate:render{scope=Doggo}: dioxus_core::scope_context: looking for context dioxus_core::suspense::SuspenseContext (TypeId { t: (4533244013398082440, 10897659798729036060) }) in FrozenContext
2024-06-04T16:00:27.850386Z TRACE VirtualDom::render_immediate:render{scope=Doggo}: dioxus_core::scope_context: found context TypeId { t: (9286496122914249738, 8586425926625933774) }
2024-06-04T16:00:27.850403Z TRACE VirtualDom::render_immediate:render{scope=Doggo}: dioxus_core::scope_context: looking for context dioxus_core::suspense::SuspenseContext (TypeId { t: (4533244013398082440, 10897659798729036060) }) in SuspenseBoundary
2024-06-04T16:00:27.850420Z TRACE VirtualDom::render_immediate:render{scope=Doggo}: dioxus_core::scope_context: found context TypeId { t: (4533244013398082440, 10897659798729036060) }
2024-06-04T16:00:27.898770Z TRACE VirtualDom::wait_for_work:VirtualDom::process_events: dioxus_core::virtual_dom: Marking task Task { id: 0, unsend: PhantomData<*const ()> } (spawned in ScopeId(3)) as dirty (called from Location { file: "packages/core/src/virtual_dom.rs", line: 505, col: 58 })
2024-06-04T16:00:27.898897Z  INFO VirtualDom::wait_for_work:VirtualDom::process_events:VirtualDom::poll_tasks: dioxus_core::tasks: Polling task Task { id: 0, unsend: PhantomData<*const ()> }
2024-06-04T16:00:27.898962Z  INFO VirtualDom::wait_for_work:VirtualDom::process_events:VirtualDom::poll_tasks: dioxus_core::tasks: Task Task { id: 0, unsend: PhantomData<*const ()> } finished with result Pending
2024-06-04T16:00:27.898983Z TRACE VirtualDom::wait_for_work:VirtualDom::process_events:VirtualDom::poll_tasks: dioxus_core::virtual_dom: Marking scope ScopeId(3, "Doggo") as dirty
2024-06-04T16:00:27.899090Z TRACE VirtualDom::render_immediate:render{scope=Doggo}: dioxus_signals::signal: Subscribing to the reactive context ReactiveContext(for scope: ScopeId(3, "Doggo"))
2024-06-04T16:00:27.899127Z TRACE VirtualDom::render_immediate:render{scope=Doggo}: dioxus_signals::signal: Subscribing to the reactive context ReactiveContext(for scope: ScopeId(3, "Doggo"))
2024-06-04T16:00:27.899153Z TRACE VirtualDom::render_immediate:render{scope=Doggo}: dioxus_core::scope_context: looking for context dioxus_core::suspense::SuspenseContext (TypeId { t: (4533244013398082440, 10897659798729036060) }) in Doggo
2024-06-04T16:00:27.899169Z TRACE VirtualDom::render_immediate:render{scope=Doggo}: dioxus_core::scope_context: looking for context dioxus_core::suspense::SuspenseContext (TypeId { t: (4533244013398082440, 10897659798729036060) }) in FrozenContext
2024-06-04T16:00:27.899181Z TRACE VirtualDom::render_immediate:render{scope=Doggo}: dioxus_core::scope_context: found context TypeId { t: (9286496122914249738, 8586425926625933774) }
2024-06-04T16:00:27.899193Z TRACE VirtualDom::render_immediate:render{scope=Doggo}: dioxus_core::scope_context: looking for context dioxus_core::suspense::SuspenseContext (TypeId { t: (4533244013398082440, 10897659798729036060) }) in SuspenseBoundary
2024-06-04T16:00:27.899205Z TRACE VirtualDom::render_immediate:render{scope=Doggo}: dioxus_core::scope_context: found context TypeId { t: (4533244013398082440, 10897659798729036060) }
2024-06-04T16:00:27.924155Z TRACE VirtualDom::wait_for_work:VirtualDom::process_events: dioxus_core::virtual_dom: Marking task Task { id: 6, unsend: PhantomData<*const ()> } (spawned in ScopeId(5)) as dirty (called from Location { file: "packages/core/src/virtual_dom.rs", line: 505, col: 58 })
2024-06-04T16:00:27.924241Z  INFO VirtualDom::wait_for_work:VirtualDom::process_events:VirtualDom::poll_tasks: dioxus_core::tasks: Polling task Task { id: 6, unsend: PhantomData<*const ()> }
2024-06-04T16:00:27.924298Z TRACE VirtualDom::wait_for_work:VirtualDom::process_events:VirtualDom::poll_tasks: dioxus_signals::signal: Write on signal at examples/suspense.rs:122:19 finished, updating subscribers
2024-06-04T16:00:27.924331Z TRACE VirtualDom::wait_for_work:VirtualDom::process_events:VirtualDom::poll_tasks: dioxus_signals::reactive_context: Marking reactive context created at packages/signals/src/reactive_context.rs:117:13 as dirty
2024-06-04T16:00:27.924346Z TRACE VirtualDom::wait_for_work:VirtualDom::process_events:VirtualDom::poll_tasks: dioxus_signals::reactive_context: Marking scope ScopeId(5, "LoadingDots") as dirty
2024-06-04T16:00:27.924384Z  INFO VirtualDom::wait_for_work:VirtualDom::process_events:VirtualDom::poll_tasks: dioxus_core::tasks: Task Task { id: 6, unsend: PhantomData<*const ()> } finished with result Pending
2024-06-04T16:00:27.924403Z TRACE VirtualDom::wait_for_work:VirtualDom::process_events:VirtualDom::poll_tasks: dioxus_core::virtual_dom: Marking scope ScopeId(5, "LoadingDots") as dirty
2024-06-04T16:00:27.924501Z TRACE VirtualDom::render_immediate:render{scope=LoadingDots}: dioxus_signals::signal: Subscribing to the reactive context ReactiveContext(for scope: ScopeId(5, "LoadingDots"))
2024-06-04T16:00:27.924540Z TRACE VirtualDom::render_immediate: dioxus_core::scope_context: looking for context dioxus_core::suspense::FrozenContext (TypeId { t: (9286496122914249738, 8586425926625933774) }) in LoadingDots
2024-06-04T16:00:27.924556Z TRACE VirtualDom::render_immediate: dioxus_core::scope_context: looking for context dioxus_core::suspense::FrozenContext (TypeId { t: (9286496122914249738, 8586425926625933774) }) in SuspenseBoundary
2024-06-04T16:00:27.924567Z TRACE VirtualDom::render_immediate: dioxus_core::scope_context: found context TypeId { t: (4533244013398082440, 10897659798729036060) }
2024-06-04T16:00:27.924577Z TRACE VirtualDom::render_immediate: dioxus_core::scope_context: looking for context dioxus_core::suspense::FrozenContext (TypeId { t: (9286496122914249738, 8586425926625933774) }) in app
2024-06-04T16:00:27.924587Z TRACE VirtualDom::render_immediate: dioxus_core::scope_context: found context TypeId { t: (3582638416876954437, 3810890675802792692) }
2024-06-04T16:00:27.924596Z TRACE VirtualDom::render_immediate: dioxus_core::scope_context: found context TypeId { t: (7946844621057603534, 4355211565432133561) }
2024-06-04T16:00:27.924605Z TRACE VirtualDom::render_immediate: dioxus_core::scope_context: found context TypeId { t: (10682502755203913650, 15985576721215419306) }
2024-06-04T16:00:27.924614Z TRACE VirtualDom::render_immediate: dioxus_core::scope_context: context dioxus_core::suspense::FrozenContext (TypeId { t: (9286496122914249738, 8586425926625933774) }) not found
2024-06-04T16:00:27.924633Z TRACE VirtualDom::render_immediate: dioxus_core::diff::node: moving mount self=VNode { vnode: VNodeInner { key: None, template: Cell { value: Template { name: "examples/suspense.rs:127:5:4128", roots: [Dynamic { id: 0 }], node_paths: [[0]], attr_paths: [] } }, dynamic_nodes: [Text(VText { value: "..." })], dynamic_attrs: [] }, mount: Cell { value: MountId(7) } } new=VNode { vnode: VNodeInner { key: None, template: Cell { value: Template { name: "examples/suspense.rs:127:5:4128", roots: [Dynamic { id: 0 }], node_paths: [[0]], attr_paths: [] } }, dynamic_nodes: [Text(VText { value: "" })], dynamic_attrs: [] }, mount: Cell { value: MountId(7) } }
2024-06-04T16:00:27.924660Z TRACE VirtualDom::render_immediate: dioxus_core::diff::node: mount id: MountId(7)
2024-06-04T16:00:27.924669Z TRACE VirtualDom::render_immediate: dioxus_core::diff::node: mounts: Slab { len: 8, cap: 8 }
2024-06-04T16:00:27.957535Z TRACE VirtualDom::wait_for_work:VirtualDom::process_events: dioxus_core::virtual_dom: Marking task Task { id: 3, unsend: PhantomData<*const ()> } (spawned in ScopeId(4)) as dirty (called from Location { file: "packages/core/src/virtual_dom.rs", line: 505, col: 58 })
2024-06-04T16:00:27.957627Z  INFO VirtualDom::wait_for_work:VirtualDom::process_events:VirtualDom::poll_tasks: dioxus_core::tasks: Polling task Task { id: 3, unsend: PhantomData<*const ()> }
2024-06-04T16:00:27.957690Z  INFO VirtualDom::wait_for_work:VirtualDom::process_events:VirtualDom::poll_tasks: dioxus_core::tasks: Task Task { id: 3, unsend: PhantomData<*const ()> } finished with result Pending
2024-06-04T16:00:27.957712Z TRACE VirtualDom::wait_for_work:VirtualDom::process_events:VirtualDom::poll_tasks: dioxus_core::virtual_dom: Marking scope ScopeId(4, "Doggo") as dirty
2024-06-04T16:00:27.957820Z TRACE VirtualDom::render_immediate:render{scope=Doggo}: dioxus_signals::signal: Subscribing to the reactive context ReactiveContext(for scope: ScopeId(4, "Doggo"))
2024-06-04T16:00:27.957855Z TRACE VirtualDom::render_immediate:render{scope=Doggo}: dioxus_signals::signal: Subscribing to the reactive context ReactiveContext(for scope: ScopeId(4, "Doggo"))
2024-06-04T16:00:27.957880Z TRACE VirtualDom::render_immediate:render{scope=Doggo}: dioxus_core::scope_context: looking for context dioxus_core::suspense::SuspenseContext (TypeId { t: (4533244013398082440, 10897659798729036060) }) in Doggo
2024-06-04T16:00:27.957895Z TRACE VirtualDom::render_immediate:render{scope=Doggo}: dioxus_core::scope_context: looking for context dioxus_core::suspense::SuspenseContext (TypeId { t: (4533244013398082440, 10897659798729036060) }) in FrozenContext
2024-06-04T16:00:27.957908Z TRACE VirtualDom::render_immediate:render{scope=Doggo}: dioxus_core::scope_context: found context TypeId { t: (9286496122914249738, 8586425926625933774) }
2024-06-04T16:00:27.957919Z TRACE VirtualDom::render_immediate:render{scope=Doggo}: dioxus_core::scope_context: looking for context dioxus_core::suspense::SuspenseContext (TypeId { t: (4533244013398082440, 10897659798729036060) }) in SuspenseBoundary
2024-06-04T16:00:27.957931Z TRACE VirtualDom::render_immediate:render{scope=Doggo}: dioxus_core::scope_context: found context TypeId { t: (4533244013398082440, 10897659798729036060) }
2024-06-04T16:00:28.000553Z TRACE VirtualDom::wait_for_work:VirtualDom::process_events: dioxus_core::virtual_dom: Marking task Task { id: 0, unsend: PhantomData<*const ()> } (spawned in ScopeId(3)) as dirty (called from Location { file: "packages/core/src/virtual_dom.rs", line: 505, col: 58 })
2024-06-04T16:00:28.000630Z  INFO VirtualDom::wait_for_work:VirtualDom::process_events:VirtualDom::poll_tasks: dioxus_core::tasks: Polling task Task { id: 0, unsend: PhantomData<*const ()> }
2024-06-04T16:00:28.000685Z  INFO VirtualDom::wait_for_work:VirtualDom::process_events:VirtualDom::poll_tasks: dioxus_core::tasks: Task Task { id: 0, unsend: PhantomData<*const ()> } finished with result Pending
2024-06-04T16:00:28.000704Z TRACE VirtualDom::wait_for_work:VirtualDom::process_events:VirtualDom::poll_tasks: dioxus_core::virtual_dom: Marking scope ScopeId(3, "Doggo") as dirty
2024-06-04T16:00:28.000799Z TRACE VirtualDom::render_immediate:render{scope=Doggo}: dioxus_signals::signal: Subscribing to the reactive context ReactiveContext(for scope: ScopeId(3, "Doggo"))
2024-06-04T16:00:28.000830Z TRACE VirtualDom::render_immediate:render{scope=Doggo}: dioxus_signals::signal: Subscribing to the reactive context ReactiveContext(for scope: ScopeId(3, "Doggo"))
2024-06-04T16:00:28.000852Z TRACE VirtualDom::render_immediate:render{scope=Doggo}: dioxus_core::scope_context: looking for context dioxus_core::suspense::SuspenseContext (TypeId { t: (4533244013398082440, 10897659798729036060) }) in Doggo
2024-06-04T16:00:28.000867Z TRACE VirtualDom::render_immediate:render{scope=Doggo}: dioxus_core::scope_context: looking for context dioxus_core::suspense::SuspenseContext (TypeId { t: (4533244013398082440, 10897659798729036060) }) in FrozenContext
2024-06-04T16:00:28.000880Z TRACE VirtualDom::render_immediate:render{scope=Doggo}: dioxus_core::scope_context: found context TypeId { t: (9286496122914249738, 8586425926625933774) }
2024-06-04T16:00:28.000891Z TRACE VirtualDom::render_immediate:render{scope=Doggo}: dioxus_core::scope_context: looking for context dioxus_core::suspense::SuspenseContext (TypeId { t: (4533244013398082440, 10897659798729036060) }) in SuspenseBoundary
2024-06-04T16:00:28.000902Z TRACE VirtualDom::render_immediate:render{scope=Doggo}: dioxus_core::scope_context: found context TypeId { t: (4533244013398082440, 10897659798729036060) }
2024-06-04T16:00:28.059255Z TRACE VirtualDom::wait_for_work:VirtualDom::process_events: dioxus_core::virtual_dom: Marking task Task { id: 3, unsend: PhantomData<*const ()> } (spawned in ScopeId(4)) as dirty (called from Location { file: "packages/core/src/virtual_dom.rs", line: 505, col: 58 })
2024-06-04T16:00:28.059366Z  INFO VirtualDom::wait_for_work:VirtualDom::process_events:VirtualDom::poll_tasks: dioxus_core::tasks: Polling task Task { id: 3, unsend: PhantomData<*const ()> }
2024-06-04T16:00:28.059440Z  INFO VirtualDom::wait_for_work:VirtualDom::process_events:VirtualDom::poll_tasks: dioxus_core::tasks: Task Task { id: 3, unsend: PhantomData<*const ()> } finished with result Pending
2024-06-04T16:00:28.059465Z TRACE VirtualDom::wait_for_work:VirtualDom::process_events:VirtualDom::poll_tasks: dioxus_core::virtual_dom: Marking scope ScopeId(4, "Doggo") as dirty
2024-06-04T16:00:28.059594Z TRACE VirtualDom::render_immediate:render{scope=Doggo}: dioxus_signals::signal: Subscribing to the reactive context ReactiveContext(for scope: ScopeId(4, "Doggo"))
2024-06-04T16:00:28.059631Z TRACE VirtualDom::render_immediate:render{scope=Doggo}: dioxus_signals::signal: Subscribing to the reactive context ReactiveContext(for scope: ScopeId(4, "Doggo"))
2024-06-04T16:00:28.059654Z TRACE VirtualDom::render_immediate:render{scope=Doggo}: dioxus_core::scope_context: looking for context dioxus_core::suspense::SuspenseContext (TypeId { t: (4533244013398082440, 10897659798729036060) }) in Doggo
2024-06-04T16:00:28.059670Z TRACE VirtualDom::render_immediate:render{scope=Doggo}: dioxus_core::scope_context: looking for context dioxus_core::suspense::SuspenseContext (TypeId { t: (4533244013398082440, 10897659798729036060) }) in FrozenContext
2024-06-04T16:00:28.059682Z TRACE VirtualDom::render_immediate:render{scope=Doggo}: dioxus_core::scope_context: found context TypeId { t: (9286496122914249738, 8586425926625933774) }
2024-06-04T16:00:28.059694Z TRACE VirtualDom::render_immediate:render{scope=Doggo}: dioxus_core::scope_context: looking for context dioxus_core::suspense::SuspenseContext (TypeId { t: (4533244013398082440, 10897659798729036060) }) in SuspenseBoundary
2024-06-04T16:00:28.059705Z TRACE VirtualDom::render_immediate:render{scope=Doggo}: dioxus_core::scope_context: found context TypeId { t: (4533244013398082440, 10897659798729036060) }
2024-06-04T16:00:28.102353Z TRACE VirtualDom::wait_for_work:VirtualDom::process_events: dioxus_core::virtual_dom: Marking task Task { id: 0, unsend: PhantomData<*const ()> } (spawned in ScopeId(3)) as dirty (called from Location { file: "packages/core/src/virtual_dom.rs", line: 505, col: 58 })
2024-06-04T16:00:28.102427Z  INFO VirtualDom::wait_for_work:VirtualDom::process_events:VirtualDom::poll_tasks: dioxus_core::tasks: Polling task Task { id: 0, unsend: PhantomData<*const ()> }
2024-06-04T16:00:28.102470Z  INFO VirtualDom::wait_for_work:VirtualDom::process_events:VirtualDom::poll_tasks: dioxus_core::tasks: Task Task { id: 0, unsend: PhantomData<*const ()> } finished with result Pending
2024-06-04T16:00:28.102499Z TRACE VirtualDom::wait_for_work:VirtualDom::process_events:VirtualDom::poll_tasks: dioxus_core::virtual_dom: Marking scope ScopeId(3, "Doggo") as dirty
2024-06-04T16:00:28.102588Z TRACE VirtualDom::render_immediate:render{scope=Doggo}: dioxus_signals::signal: Subscribing to the reactive context ReactiveContext(for scope: ScopeId(3, "Doggo"))
2024-06-04T16:00:28.102614Z TRACE VirtualDom::render_immediate:render{scope=Doggo}: dioxus_signals::signal: Subscribing to the reactive context ReactiveContext(for scope: ScopeId(3, "Doggo"))
2024-06-04T16:00:28.102637Z TRACE VirtualDom::render_immediate:render{scope=Doggo}: dioxus_core::scope_context: looking for context dioxus_core::suspense::SuspenseContext (TypeId { t: (4533244013398082440, 10897659798729036060) }) in Doggo
2024-06-04T16:00:28.102652Z TRACE VirtualDom::render_immediate:render{scope=Doggo}: dioxus_core::scope_context: looking for context dioxus_core::suspense::SuspenseContext (TypeId { t: (4533244013398082440, 10897659798729036060) }) in FrozenContext
2024-06-04T16:00:28.102664Z TRACE VirtualDom::render_immediate:render{scope=Doggo}: dioxus_core::scope_context: found context TypeId { t: (9286496122914249738, 8586425926625933774) }
2024-06-04T16:00:28.102676Z TRACE VirtualDom::render_immediate:render{scope=Doggo}: dioxus_core::scope_context: looking for context dioxus_core::suspense::SuspenseContext (TypeId { t: (4533244013398082440, 10897659798729036060) }) in SuspenseBoundary
2024-06-04T16:00:28.102687Z TRACE VirtualDom::render_immediate:render{scope=Doggo}: dioxus_core::scope_context: found context TypeId { t: (4533244013398082440, 10897659798729036060) }
2024-06-04T16:00:28.126366Z TRACE VirtualDom::wait_for_work:VirtualDom::process_events: dioxus_core::virtual_dom: Marking task Task { id: 6, unsend: PhantomData<*const ()> } (spawned in ScopeId(5)) as dirty (called from Location { file: "packages/core/src/virtual_dom.rs", line: 505, col: 58 })
2024-06-04T16:00:28.126440Z  INFO VirtualDom::wait_for_work:VirtualDom::process_events:VirtualDom::poll_tasks: dioxus_core::tasks: Polling task Task { id: 6, unsend: PhantomData<*const ()> }
2024-06-04T16:00:28.126490Z TRACE VirtualDom::wait_for_work:VirtualDom::process_events:VirtualDom::poll_tasks: dioxus_signals::signal: Write on signal at examples/suspense.rs:122:19 finished, updating subscribers
2024-06-04T16:00:28.126517Z TRACE VirtualDom::wait_for_work:VirtualDom::process_events:VirtualDom::poll_tasks: dioxus_signals::reactive_context: Marking reactive context created at packages/signals/src/reactive_context.rs:117:13 as dirty
2024-06-04T16:00:28.126530Z TRACE VirtualDom::wait_for_work:VirtualDom::process_events:VirtualDom::poll_tasks: dioxus_signals::reactive_context: Marking scope ScopeId(5, "LoadingDots") as dirty
2024-06-04T16:00:28.126562Z  INFO VirtualDom::wait_for_work:VirtualDom::process_events:VirtualDom::poll_tasks: dioxus_core::tasks: Task Task { id: 6, unsend: PhantomData<*const ()> } finished with result Pending
2024-06-04T16:00:28.126578Z TRACE VirtualDom::wait_for_work:VirtualDom::process_events:VirtualDom::poll_tasks: dioxus_core::virtual_dom: Marking scope ScopeId(5, "LoadingDots") as dirty
2024-06-04T16:00:28.126677Z TRACE VirtualDom::render_immediate:render{scope=LoadingDots}: dioxus_signals::signal: Subscribing to the reactive context ReactiveContext(for scope: ScopeId(5, "LoadingDots"))
2024-06-04T16:00:28.126720Z TRACE VirtualDom::render_immediate: dioxus_core::scope_context: looking for context dioxus_core::suspense::FrozenContext (TypeId { t: (9286496122914249738, 8586425926625933774) }) in LoadingDots
2024-06-04T16:00:28.126732Z TRACE VirtualDom::render_immediate: dioxus_core::scope_context: looking for context dioxus_core::suspense::FrozenContext (TypeId { t: (9286496122914249738, 8586425926625933774) }) in SuspenseBoundary
2024-06-04T16:00:28.126742Z TRACE VirtualDom::render_immediate: dioxus_core::scope_context: found context TypeId { t: (4533244013398082440, 10897659798729036060) }
2024-06-04T16:00:28.126751Z TRACE VirtualDom::render_immediate: dioxus_core::scope_context: looking for context dioxus_core::suspense::FrozenContext (TypeId { t: (9286496122914249738, 8586425926625933774) }) in app
2024-06-04T16:00:28.126761Z TRACE VirtualDom::render_immediate: dioxus_core::scope_context: found context TypeId { t: (3582638416876954437, 3810890675802792692) }
2024-06-04T16:00:28.126770Z TRACE VirtualDom::render_immediate: dioxus_core::scope_context: found context TypeId { t: (7946844621057603534, 4355211565432133561) }
2024-06-04T16:00:28.126779Z TRACE VirtualDom::render_immediate: dioxus_core::scope_context: found context TypeId { t: (10682502755203913650, 15985576721215419306) }
2024-06-04T16:00:28.126797Z TRACE VirtualDom::render_immediate: dioxus_core::scope_context: context dioxus_core::suspense::FrozenContext (TypeId { t: (9286496122914249738, 8586425926625933774) }) not found
2024-06-04T16:00:28.126814Z TRACE VirtualDom::render_immediate: dioxus_core::diff::node: moving mount self=VNode { vnode: VNodeInner { key: None, template: Cell { value: Template { name: "examples/suspense.rs:127:5:4128", roots: [Dynamic { id: 0 }], node_paths: [[0]], attr_paths: [] } }, dynamic_nodes: [Text(VText { value: "" })], dynamic_attrs: [] }, mount: Cell { value: MountId(7) } } new=VNode { vnode: VNodeInner { key: None, template: Cell { value: Template { name: "examples/suspense.rs:127:5:4128", roots: [Dynamic { id: 0 }], node_paths: [[0]], attr_paths: [] } }, dynamic_nodes: [Text(VText { value: "." })], dynamic_attrs: [] }, mount: Cell { value: MountId(7) } }
2024-06-04T16:00:28.126839Z TRACE VirtualDom::render_immediate: dioxus_core::diff::node: mount id: MountId(7)
2024-06-04T16:00:28.126856Z TRACE VirtualDom::render_immediate: dioxus_core::diff::node: mounts: Slab { len: 8, cap: 8 }
2024-06-04T16:00:28.161437Z TRACE VirtualDom::wait_for_work:VirtualDom::process_events: dioxus_core::virtual_dom: Marking task Task { id: 3, unsend: PhantomData<*const ()> } (spawned in ScopeId(4)) as dirty (called from Location { file: "packages/core/src/virtual_dom.rs", line: 505, col: 58 })
2024-06-04T16:00:28.161519Z  INFO VirtualDom::wait_for_work:VirtualDom::process_events:VirtualDom::poll_tasks: dioxus_core::tasks: Polling task Task { id: 3, unsend: PhantomData<*const ()> }
2024-06-04T16:00:28.161583Z  INFO VirtualDom::wait_for_work:VirtualDom::process_events:VirtualDom::poll_tasks: dioxus_core::tasks: Task Task { id: 3, unsend: PhantomData<*const ()> } finished with result Pending
2024-06-04T16:00:28.161605Z TRACE VirtualDom::wait_for_work:VirtualDom::process_events:VirtualDom::poll_tasks: dioxus_core::virtual_dom: Marking scope ScopeId(4, "Doggo") as dirty
2024-06-04T16:00:28.161712Z TRACE VirtualDom::render_immediate:render{scope=Doggo}: dioxus_signals::signal: Subscribing to the reactive context ReactiveContext(for scope: ScopeId(4, "Doggo"))
2024-06-04T16:00:28.161755Z TRACE VirtualDom::render_immediate:render{scope=Doggo}: dioxus_signals::signal: Subscribing to the reactive context ReactiveContext(for scope: ScopeId(4, "Doggo"))
2024-06-04T16:00:28.161780Z TRACE VirtualDom::render_immediate:render{scope=Doggo}: dioxus_core::scope_context: looking for context dioxus_core::suspense::SuspenseContext (TypeId { t: (4533244013398082440, 10897659798729036060) }) in Doggo
2024-06-04T16:00:28.161798Z TRACE VirtualDom::render_immediate:render{scope=Doggo}: dioxus_core::scope_context: looking for context dioxus_core::suspense::SuspenseContext (TypeId { t: (4533244013398082440, 10897659798729036060) }) in FrozenContext
2024-06-04T16:00:28.161812Z TRACE VirtualDom::render_immediate:render{scope=Doggo}: dioxus_core::scope_context: found context TypeId { t: (9286496122914249738, 8586425926625933774) }
2024-06-04T16:00:28.161828Z TRACE VirtualDom::render_immediate:render{scope=Doggo}: dioxus_core::scope_context: looking for context dioxus_core::suspense::SuspenseContext (TypeId { t: (4533244013398082440, 10897659798729036060) }) in SuspenseBoundary
2024-06-04T16:00:28.161854Z TRACE VirtualDom::render_immediate:render{scope=Doggo}: dioxus_core::scope_context: found context TypeId { t: (4533244013398082440, 10897659798729036060) }
2024-06-04T16:00:28.204476Z TRACE VirtualDom::wait_for_work:VirtualDom::process_events: dioxus_core::virtual_dom: Marking task Task { id: 0, unsend: PhantomData<*const ()> } (spawned in ScopeId(3)) as dirty (called from Location { file: "packages/core/src/virtual_dom.rs", line: 505, col: 58 })
2024-06-04T16:00:28.204573Z  INFO VirtualDom::wait_for_work:VirtualDom::process_events:VirtualDom::poll_tasks: dioxus_core::tasks: Polling task Task { id: 0, unsend: PhantomData<*const ()> }
2024-06-04T16:00:28.204622Z  INFO VirtualDom::wait_for_work:VirtualDom::process_events:VirtualDom::poll_tasks: dioxus_core::tasks: Task Task { id: 0, unsend: PhantomData<*const ()> } finished with result Pending
2024-06-04T16:00:28.204647Z TRACE VirtualDom::wait_for_work:VirtualDom::process_events:VirtualDom::poll_tasks: dioxus_core::virtual_dom: Marking scope ScopeId(3, "Doggo") as dirty
2024-06-04T16:00:28.204753Z TRACE VirtualDom::render_immediate:render{scope=Doggo}: dioxus_signals::signal: Subscribing to the reactive context ReactiveContext(for scope: ScopeId(3, "Doggo"))
2024-06-04T16:00:28.204782Z TRACE VirtualDom::render_immediate:render{scope=Doggo}: dioxus_signals::signal: Subscribing to the reactive context ReactiveContext(for scope: ScopeId(3, "Doggo"))
2024-06-04T16:00:28.204806Z TRACE VirtualDom::render_immediate:render{scope=Doggo}: dioxus_core::scope_context: looking for context dioxus_core::suspense::SuspenseContext (TypeId { t: (4533244013398082440, 10897659798729036060) }) in Doggo
2024-06-04T16:00:28.204823Z TRACE VirtualDom::render_immediate:render{scope=Doggo}: dioxus_core::scope_context: looking for context dioxus_core::suspense::SuspenseContext (TypeId { t: (4533244013398082440, 10897659798729036060) }) in FrozenContext
2024-06-04T16:00:28.204837Z TRACE VirtualDom::render_immediate:render{scope=Doggo}: dioxus_core::scope_context: found context TypeId { t: (9286496122914249738, 8586425926625933774) }
2024-06-04T16:00:28.204852Z TRACE VirtualDom::render_immediate:render{scope=Doggo}: dioxus_core::scope_context: looking for context dioxus_core::suspense::SuspenseContext (TypeId { t: (4533244013398082440, 10897659798729036060) }) in SuspenseBoundary
2024-06-04T16:00:28.204866Z TRACE VirtualDom::render_immediate:render{scope=Doggo}: dioxus_core::scope_context: found context TypeId { t: (4533244013398082440, 10897659798729036060) }
2024-06-04T16:00:28.264091Z TRACE VirtualDom::wait_for_work:VirtualDom::process_events: dioxus_core::virtual_dom: Marking task Task { id: 3, unsend: PhantomData<*const ()> } (spawned in ScopeId(4)) as dirty (called from Location { file: "packages/core/src/virtual_dom.rs", line: 505, col: 58 })
2024-06-04T16:00:28.264212Z  INFO VirtualDom::wait_for_work:VirtualDom::process_events:VirtualDom::poll_tasks: dioxus_core::tasks: Polling task Task { id: 3, unsend: PhantomData<*const ()> }
2024-06-04T16:00:28.264296Z  INFO VirtualDom::wait_for_work:VirtualDom::process_events:VirtualDom::poll_tasks: dioxus_core::tasks: Task Task { id: 3, unsend: PhantomData<*const ()> } finished with result Pending
2024-06-04T16:00:28.264323Z TRACE VirtualDom::wait_for_work:VirtualDom::process_events:VirtualDom::poll_tasks: dioxus_core::virtual_dom: Marking scope ScopeId(4, "Doggo") as dirty
2024-06-04T16:00:28.264456Z TRACE VirtualDom::render_immediate:render{scope=Doggo}: dioxus_signals::signal: Subscribing to the reactive context ReactiveContext(for scope: ScopeId(4, "Doggo"))
2024-06-04T16:00:28.264519Z TRACE VirtualDom::render_immediate:render{scope=Doggo}: dioxus_signals::signal: Subscribing to the reactive context ReactiveContext(for scope: ScopeId(4, "Doggo"))
2024-06-04T16:00:28.264546Z TRACE VirtualDom::render_immediate:render{scope=Doggo}: dioxus_core::scope_context: looking for context dioxus_core::suspense::SuspenseContext (TypeId { t: (4533244013398082440, 10897659798729036060) }) in Doggo
2024-06-04T16:00:28.264566Z TRACE VirtualDom::render_immediate:render{scope=Doggo}: dioxus_core::scope_context: looking for context dioxus_core::suspense::SuspenseContext (TypeId { t: (4533244013398082440, 10897659798729036060) }) in FrozenContext
2024-06-04T16:00:28.264582Z TRACE VirtualDom::render_immediate:render{scope=Doggo}: dioxus_core::scope_context: found context TypeId { t: (9286496122914249738, 8586425926625933774) }
2024-06-04T16:00:28.264598Z TRACE VirtualDom::render_immediate:render{scope=Doggo}: dioxus_core::scope_context: looking for context dioxus_core::suspense::SuspenseContext (TypeId { t: (4533244013398082440, 10897659798729036060) }) in SuspenseBoundary
2024-06-04T16:00:28.264614Z TRACE VirtualDom::render_immediate:render{scope=Doggo}: dioxus_core::scope_context: found context TypeId { t: (4533244013398082440, 10897659798729036060) }
2024-06-04T16:00:28.306718Z TRACE VirtualDom::wait_for_work:VirtualDom::process_events: dioxus_core::virtual_dom: Marking task Task { id: 0, unsend: PhantomData<*const ()> } (spawned in ScopeId(3)) as dirty (called from Location { file: "packages/core/src/virtual_dom.rs", line: 505, col: 58 })
2024-06-04T16:00:28.306799Z  INFO VirtualDom::wait_for_work:VirtualDom::process_events:VirtualDom::poll_tasks: dioxus_core::tasks: Polling task Task { id: 0, unsend: PhantomData<*const ()> }
2024-06-04T16:00:28.306864Z  INFO VirtualDom::wait_for_work:VirtualDom::process_events:VirtualDom::poll_tasks: dioxus_core::tasks: Task Task { id: 0, unsend: PhantomData<*const ()> } finished with result Pending
2024-06-04T16:00:28.306895Z TRACE VirtualDom::wait_for_work:VirtualDom::process_events:VirtualDom::poll_tasks: dioxus_core::virtual_dom: Marking scope ScopeId(3, "Doggo") as dirty
2024-06-04T16:00:28.307037Z TRACE VirtualDom::render_immediate:render{scope=Doggo}: dioxus_signals::signal: Subscribing to the reactive context ReactiveContext(for scope: ScopeId(3, "Doggo"))
2024-06-04T16:00:28.307086Z TRACE VirtualDom::render_immediate:render{scope=Doggo}: dioxus_signals::signal: Subscribing to the reactive context ReactiveContext(for scope: ScopeId(3, "Doggo"))
2024-06-04T16:00:28.307125Z TRACE VirtualDom::render_immediate:render{scope=Doggo}: dioxus_core::scope_context: looking for context dioxus_core::suspense::SuspenseContext (TypeId { t: (4533244013398082440, 10897659798729036060) }) in Doggo
2024-06-04T16:00:28.307169Z TRACE VirtualDom::render_immediate:render{scope=Doggo}: dioxus_core::scope_context: looking for context dioxus_core::suspense::SuspenseContext (TypeId { t: (4533244013398082440, 10897659798729036060) }) in FrozenContext
2024-06-04T16:00:28.307188Z TRACE VirtualDom::render_immediate:render{scope=Doggo}: dioxus_core::scope_context: found context TypeId { t: (9286496122914249738, 8586425926625933774) }
2024-06-04T16:00:28.307207Z TRACE VirtualDom::render_immediate:render{scope=Doggo}: dioxus_core::scope_context: looking for context dioxus_core::suspense::SuspenseContext (TypeId { t: (4533244013398082440, 10897659798729036060) }) in SuspenseBoundary
2024-06-04T16:00:28.307225Z TRACE VirtualDom::render_immediate:render{scope=Doggo}: dioxus_core::scope_context: found context TypeId { t: (4533244013398082440, 10897659798729036060) }
2024-06-04T16:00:28.328768Z TRACE VirtualDom::wait_for_work:VirtualDom::process_events: dioxus_core::virtual_dom: Marking task Task { id: 6, unsend: PhantomData<*const ()> } (spawned in ScopeId(5)) as dirty (called from Location { file: "packages/core/src/virtual_dom.rs", line: 505, col: 58 })
2024-06-04T16:00:28.328879Z  INFO VirtualDom::wait_for_work:VirtualDom::process_events:VirtualDom::poll_tasks: dioxus_core::tasks: Polling task Task { id: 6, unsend: PhantomData<*const ()> }
2024-06-04T16:00:28.328953Z TRACE VirtualDom::wait_for_work:VirtualDom::process_events:VirtualDom::poll_tasks: dioxus_signals::signal: Write on signal at examples/suspense.rs:122:19 finished, updating subscribers
2024-06-04T16:00:28.328988Z TRACE VirtualDom::wait_for_work:VirtualDom::process_events:VirtualDom::poll_tasks: dioxus_signals::reactive_context: Marking reactive context created at packages/signals/src/reactive_context.rs:117:13 as dirty
2024-06-04T16:00:28.329007Z TRACE VirtualDom::wait_for_work:VirtualDom::process_events:VirtualDom::poll_tasks: dioxus_signals::reactive_context: Marking scope ScopeId(5, "LoadingDots") as dirty
2024-06-04T16:00:28.329062Z  INFO VirtualDom::wait_for_work:VirtualDom::process_events:VirtualDom::poll_tasks: dioxus_core::tasks: Task Task { id: 6, unsend: PhantomData<*const ()> } finished with result Pending
2024-06-04T16:00:28.329089Z TRACE VirtualDom::wait_for_work:VirtualDom::process_events:VirtualDom::poll_tasks: dioxus_core::virtual_dom: Marking scope ScopeId(5, "LoadingDots") as dirty
2024-06-04T16:00:28.329232Z TRACE VirtualDom::render_immediate:render{scope=LoadingDots}: dioxus_signals::signal: Subscribing to the reactive context ReactiveContext(for scope: ScopeId(5, "LoadingDots"))
2024-06-04T16:00:28.329281Z TRACE VirtualDom::render_immediate: dioxus_core::scope_context: looking for context dioxus_core::suspense::FrozenContext (TypeId { t: (9286496122914249738, 8586425926625933774) }) in LoadingDots
2024-06-04T16:00:28.329298Z TRACE VirtualDom::render_immediate: dioxus_core::scope_context: looking for context dioxus_core::suspense::FrozenContext (TypeId { t: (9286496122914249738, 8586425926625933774) }) in SuspenseBoundary
2024-06-04T16:00:28.329312Z TRACE VirtualDom::render_immediate: dioxus_core::scope_context: found context TypeId { t: (4533244013398082440, 10897659798729036060) }
2024-06-04T16:00:28.329325Z TRACE VirtualDom::render_immediate: dioxus_core::scope_context: looking for context dioxus_core::suspense::FrozenContext (TypeId { t: (9286496122914249738, 8586425926625933774) }) in app
2024-06-04T16:00:28.329338Z TRACE VirtualDom::render_immediate: dioxus_core::scope_context: found context TypeId { t: (3582638416876954437, 3810890675802792692) }
2024-06-04T16:00:28.329357Z TRACE VirtualDom::render_immediate: dioxus_core::scope_context: found context TypeId { t: (7946844621057603534, 4355211565432133561) }
2024-06-04T16:00:28.329369Z TRACE VirtualDom::render_immediate: dioxus_core::scope_context: found context TypeId { t: (10682502755203913650, 15985576721215419306) }
2024-06-04T16:00:28.329382Z TRACE VirtualDom::render_immediate: dioxus_core::scope_context: context dioxus_core::suspense::FrozenContext (TypeId { t: (9286496122914249738, 8586425926625933774) }) not found
2024-06-04T16:00:28.329405Z TRACE VirtualDom::render_immediate: dioxus_core::diff::node: moving mount self=VNode { vnode: VNodeInner { key: None, template: Cell { value: Template { name: "examples/suspense.rs:127:5:4128", roots: [Dynamic { id: 0 }], node_paths: [[0]], attr_paths: [] } }, dynamic_nodes: [Text(VText { value: "." })], dynamic_attrs: [] }, mount: Cell { value: MountId(7) } } new=VNode { vnode: VNodeInner { key: None, template: Cell { value: Template { name: "examples/suspense.rs:127:5:4128", roots: [Dynamic { id: 0 }], node_paths: [[0]], attr_paths: [] } }, dynamic_nodes: [Text(VText { value: ".." })], dynamic_attrs: [] }, mount: Cell { value: MountId(7) } }
2024-06-04T16:00:28.329456Z TRACE VirtualDom::render_immediate: dioxus_core::diff::node: mount id: MountId(7)
2024-06-04T16:00:28.329476Z TRACE VirtualDom::render_immediate: dioxus_core::diff::node: mounts: Slab { len: 8, cap: 8 }
2024-06-04T16:00:28.366823Z TRACE VirtualDom::wait_for_work:VirtualDom::process_events: dioxus_core::virtual_dom: Marking task Task { id: 3, unsend: PhantomData<*const ()> } (spawned in ScopeId(4)) as dirty (called from Location { file: "packages/core/src/virtual_dom.rs", line: 505, col: 58 })
2024-06-04T16:00:28.366901Z  INFO VirtualDom::wait_for_work:VirtualDom::process_events:VirtualDom::poll_tasks: dioxus_core::tasks: Polling task Task { id: 3, unsend: PhantomData<*const ()> }
2024-06-04T16:00:28.366964Z  INFO VirtualDom::wait_for_work:VirtualDom::process_events:VirtualDom::poll_tasks: dioxus_core::tasks: Task Task { id: 3, unsend: PhantomData<*const ()> } finished with result Pending
2024-06-04T16:00:28.366991Z TRACE VirtualDom::wait_for_work:VirtualDom::process_events:VirtualDom::poll_tasks: dioxus_core::virtual_dom: Marking scope ScopeId(4, "Doggo") as dirty
2024-06-04T16:00:28.367119Z TRACE VirtualDom::render_immediate:render{scope=Doggo}: dioxus_signals::signal: Subscribing to the reactive context ReactiveContext(for scope: ScopeId(4, "Doggo"))
2024-06-04T16:00:28.367165Z TRACE VirtualDom::render_immediate:render{scope=Doggo}: dioxus_signals::signal: Subscribing to the reactive context ReactiveContext(for scope: ScopeId(4, "Doggo"))
2024-06-04T16:00:28.367199Z TRACE VirtualDom::render_immediate:render{scope=Doggo}: dioxus_core::scope_context: looking for context dioxus_core::suspense::SuspenseContext (TypeId { t: (4533244013398082440, 10897659798729036060) }) in Doggo
2024-06-04T16:00:28.367223Z TRACE VirtualDom::render_immediate:render{scope=Doggo}: dioxus_core::scope_context: looking for context dioxus_core::suspense::SuspenseContext (TypeId { t: (4533244013398082440, 10897659798729036060) }) in FrozenContext
2024-06-04T16:00:28.367243Z TRACE VirtualDom::render_immediate:render{scope=Doggo}: dioxus_core::scope_context: found context TypeId { t: (9286496122914249738, 8586425926625933774) }
2024-06-04T16:00:28.367261Z TRACE VirtualDom::render_immediate:render{scope=Doggo}: dioxus_core::scope_context: looking for context dioxus_core::suspense::SuspenseContext (TypeId { t: (4533244013398082440, 10897659798729036060) }) in SuspenseBoundary
2024-06-04T16:00:28.367279Z TRACE VirtualDom::render_immediate:render{scope=Doggo}: dioxus_core::scope_context: found context TypeId { t: (4533244013398082440, 10897659798729036060) }
2024-06-04T16:00:28.408658Z TRACE VirtualDom::wait_for_work:VirtualDom::process_events: dioxus_core::virtual_dom: Marking task Task { id: 0, unsend: PhantomData<*const ()> } (spawned in ScopeId(3)) as dirty (called from Location { file: "packages/core/src/virtual_dom.rs", line: 505, col: 58 })
2024-06-04T16:00:28.408756Z  INFO VirtualDom::wait_for_work:VirtualDom::process_events:VirtualDom::poll_tasks: dioxus_core::tasks: Polling task Task { id: 0, unsend: PhantomData<*const ()> }
2024-06-04T16:00:28.408834Z  INFO VirtualDom::wait_for_work:VirtualDom::process_events:VirtualDom::poll_tasks: dioxus_core::tasks: Task Task { id: 0, unsend: PhantomData<*const ()> } finished with result Pending
2024-06-04T16:00:28.408860Z TRACE VirtualDom::wait_for_work:VirtualDom::process_events:VirtualDom::poll_tasks: dioxus_core::virtual_dom: Marking scope ScopeId(3, "Doggo") as dirty
2024-06-04T16:00:28.408981Z TRACE VirtualDom::render_immediate:render{scope=Doggo}: dioxus_signals::signal: Subscribing to the reactive context ReactiveContext(for scope: ScopeId(3, "Doggo"))
2024-06-04T16:00:28.409020Z TRACE VirtualDom::render_immediate:render{scope=Doggo}: dioxus_signals::signal: Subscribing to the reactive context ReactiveContext(for scope: ScopeId(3, "Doggo"))
2024-06-04T16:00:28.409049Z TRACE VirtualDom::render_immediate:render{scope=Doggo}: dioxus_core::scope_context: looking for context dioxus_core::suspense::SuspenseContext (TypeId { t: (4533244013398082440, 10897659798729036060) }) in Doggo
2024-06-04T16:00:28.409069Z TRACE VirtualDom::render_immediate:render{scope=Doggo}: dioxus_core::scope_context: looking for context dioxus_core::suspense::SuspenseContext (TypeId { t: (4533244013398082440, 10897659798729036060) }) in FrozenContext
2024-06-04T16:00:28.409085Z TRACE VirtualDom::render_immediate:render{scope=Doggo}: dioxus_core::scope_context: found context TypeId { t: (9286496122914249738, 8586425926625933774) }
2024-06-04T16:00:28.409101Z TRACE VirtualDom::render_immediate:render{scope=Doggo}: dioxus_core::scope_context: looking for context dioxus_core::suspense::SuspenseContext (TypeId { t: (4533244013398082440, 10897659798729036060) }) in SuspenseBoundary
2024-06-04T16:00:28.409118Z TRACE VirtualDom::render_immediate:render{scope=Doggo}: dioxus_core::scope_context: found context TypeId { t: (4533244013398082440, 10897659798729036060) }
2024-06-04T16:00:28.467992Z TRACE VirtualDom::wait_for_work:VirtualDom::process_events: dioxus_core::virtual_dom: Marking task Task { id: 3, unsend: PhantomData<*const ()> } (spawned in ScopeId(4)) as dirty (called from Location { file: "packages/core/src/virtual_dom.rs", line: 505, col: 58 })
2024-06-04T16:00:28.468101Z  INFO VirtualDom::wait_for_work:VirtualDom::process_events:VirtualDom::poll_tasks: dioxus_core::tasks: Polling task Task { id: 3, unsend: PhantomData<*const ()> }
2024-06-04T16:00:28.468179Z  INFO VirtualDom::wait_for_work:VirtualDom::process_events:VirtualDom::poll_tasks: dioxus_core::tasks: Task Task { id: 3, unsend: PhantomData<*const ()> } finished with result Pending
2024-06-04T16:00:28.468212Z TRACE VirtualDom::wait_for_work:VirtualDom::process_events:VirtualDom::poll_tasks: dioxus_core::virtual_dom: Marking scope ScopeId(4, "Doggo") as dirty
2024-06-04T16:00:28.468364Z TRACE VirtualDom::render_immediate:render{scope=Doggo}: dioxus_signals::signal: Subscribing to the reactive context ReactiveContext(for scope: ScopeId(4, "Doggo"))
2024-06-04T16:00:28.468409Z TRACE VirtualDom::render_immediate:render{scope=Doggo}: dioxus_signals::signal: Subscribing to the reactive context ReactiveContext(for scope: ScopeId(4, "Doggo"))
2024-06-04T16:00:28.468445Z TRACE VirtualDom::render_immediate:render{scope=Doggo}: dioxus_core::scope_context: looking for context dioxus_core::suspense::SuspenseContext (TypeId { t: (4533244013398082440, 10897659798729036060) }) in Doggo
2024-06-04T16:00:28.468469Z TRACE VirtualDom::render_immediate:render{scope=Doggo}: dioxus_core::scope_context: looking for context dioxus_core::suspense::SuspenseContext (TypeId { t: (4533244013398082440, 10897659798729036060) }) in FrozenContext
2024-06-04T16:00:28.468491Z TRACE VirtualDom::render_immediate:render{scope=Doggo}: dioxus_core::scope_context: found context TypeId { t: (9286496122914249738, 8586425926625933774) }
2024-06-04T16:00:28.468510Z TRACE VirtualDom::render_immediate:render{scope=Doggo}: dioxus_core::scope_context: looking for context dioxus_core::suspense::SuspenseContext (TypeId { t: (4533244013398082440, 10897659798729036060) }) in SuspenseBoundary
2024-06-04T16:00:28.468532Z TRACE VirtualDom::render_immediate:render{scope=Doggo}: dioxus_core::scope_context: found context TypeId { t: (4533244013398082440, 10897659798729036060) }
2024-06-04T16:00:28.511040Z TRACE VirtualDom::wait_for_work:VirtualDom::process_events: dioxus_core::virtual_dom: Marking task Task { id: 0, unsend: PhantomData<*const ()> } (spawned in ScopeId(3)) as dirty (called from Location { file: "packages/core/src/virtual_dom.rs", line: 505, col: 58 })
2024-06-04T16:00:28.511188Z  INFO VirtualDom::wait_for_work:VirtualDom::process_events:VirtualDom::poll_tasks: dioxus_core::tasks: Polling task Task { id: 0, unsend: PhantomData<*const ()> }
2024-06-04T16:00:28.511294Z  INFO VirtualDom::wait_for_work:VirtualDom::process_events:VirtualDom::poll_tasks: dioxus_core::tasks: Task Task { id: 0, unsend: PhantomData<*const ()> } finished with result Pending
2024-06-04T16:00:28.511324Z TRACE VirtualDom::wait_for_work:VirtualDom::process_events:VirtualDom::poll_tasks: dioxus_core::virtual_dom: Marking scope ScopeId(3, "Doggo") as dirty
2024-06-04T16:00:28.511523Z TRACE VirtualDom::render_immediate:render{scope=Doggo}: dioxus_signals::signal: Subscribing to the reactive context ReactiveContext(for scope: ScopeId(3, "Doggo"))
2024-06-04T16:00:28.511570Z TRACE VirtualDom::render_immediate:render{scope=Doggo}: dioxus_signals::signal: Subscribing to the reactive context ReactiveContext(for scope: ScopeId(3, "Doggo"))
2024-06-04T16:00:28.511620Z TRACE VirtualDom::render_immediate:render{scope=Doggo}: dioxus_core::scope_context: looking for context dioxus_core::suspense::SuspenseContext (TypeId { t: (4533244013398082440, 10897659798729036060) }) in Doggo
2024-06-04T16:00:28.511644Z TRACE VirtualDom::render_immediate:render{scope=Doggo}: dioxus_core::scope_context: looking for context dioxus_core::suspense::SuspenseContext (TypeId { t: (4533244013398082440, 10897659798729036060) }) in FrozenContext
2024-06-04T16:00:28.511662Z TRACE VirtualDom::render_immediate:render{scope=Doggo}: dioxus_core::scope_context: found context TypeId { t: (9286496122914249738, 8586425926625933774) }
2024-06-04T16:00:28.511680Z TRACE VirtualDom::render_immediate:render{scope=Doggo}: dioxus_core::scope_context: looking for context dioxus_core::suspense::SuspenseContext (TypeId { t: (4533244013398082440, 10897659798729036060) }) in SuspenseBoundary
2024-06-04T16:00:28.511700Z TRACE VirtualDom::render_immediate:render{scope=Doggo}: dioxus_core::scope_context: found context TypeId { t: (4533244013398082440, 10897659798729036060) }
2024-06-04T16:00:28.531238Z TRACE VirtualDom::wait_for_work:VirtualDom::process_events: dioxus_core::virtual_dom: Marking task Task { id: 6, unsend: PhantomData<*const ()> } (spawned in ScopeId(5)) as dirty (called from Location { file: "packages/core/src/virtual_dom.rs", line: 505, col: 58 })
2024-06-04T16:00:28.531353Z  INFO VirtualDom::wait_for_work:VirtualDom::process_events:VirtualDom::poll_tasks: dioxus_core::tasks: Polling task Task { id: 6, unsend: PhantomData<*const ()> }
2024-06-04T16:00:28.531413Z TRACE VirtualDom::wait_for_work:VirtualDom::process_events:VirtualDom::poll_tasks: dioxus_signals::signal: Write on signal at examples/suspense.rs:122:19 finished, updating subscribers
2024-06-04T16:00:28.531451Z TRACE VirtualDom::wait_for_work:VirtualDom::process_events:VirtualDom::poll_tasks: dioxus_signals::reactive_context: Marking reactive context created at packages/signals/src/reactive_context.rs:117:13 as dirty
2024-06-04T16:00:28.531474Z TRACE VirtualDom::wait_for_work:VirtualDom::process_events:VirtualDom::poll_tasks: dioxus_signals::reactive_context: Marking scope ScopeId(5, "LoadingDots") as dirty
2024-06-04T16:00:28.531532Z  INFO VirtualDom::wait_for_work:VirtualDom::process_events:VirtualDom::poll_tasks: dioxus_core::tasks: Task Task { id: 6, unsend: PhantomData<*const ()> } finished with result Pending
2024-06-04T16:00:28.531570Z TRACE VirtualDom::wait_for_work:VirtualDom::process_events:VirtualDom::poll_tasks: dioxus_core::virtual_dom: Marking scope ScopeId(5, "LoadingDots") as dirty
2024-06-04T16:00:28.531711Z TRACE VirtualDom::render_immediate:render{scope=LoadingDots}: dioxus_signals::signal: Subscribing to the reactive context ReactiveContext(for scope: ScopeId(5, "LoadingDots"))
2024-06-04T16:00:28.531763Z TRACE VirtualDom::render_immediate: dioxus_core::scope_context: looking for context dioxus_core::suspense::FrozenContext (TypeId { t: (9286496122914249738, 8586425926625933774) }) in LoadingDots
2024-06-04T16:00:28.531791Z TRACE VirtualDom::render_immediate: dioxus_core::scope_context: looking for context dioxus_core::suspense::FrozenContext (TypeId { t: (9286496122914249738, 8586425926625933774) }) in SuspenseBoundary
2024-06-04T16:00:28.531806Z TRACE VirtualDom::render_immediate: dioxus_core::scope_context: found context TypeId { t: (4533244013398082440, 10897659798729036060) }
2024-06-04T16:00:28.531820Z TRACE VirtualDom::render_immediate: dioxus_core::scope_context: looking for context dioxus_core::suspense::FrozenContext (TypeId { t: (9286496122914249738, 8586425926625933774) }) in app
2024-06-04T16:00:28.531833Z TRACE VirtualDom::render_immediate: dioxus_core::scope_context: found context TypeId { t: (3582638416876954437, 3810890675802792692) }
2024-06-04T16:00:28.531846Z TRACE VirtualDom::render_immediate: dioxus_core::scope_context: found context TypeId { t: (7946844621057603534, 4355211565432133561) }
2024-06-04T16:00:28.531870Z TRACE VirtualDom::render_immediate: dioxus_core::scope_context: found context TypeId { t: (10682502755203913650, 15985576721215419306) }
2024-06-04T16:00:28.531896Z TRACE VirtualDom::render_immediate: dioxus_core::scope_context: context dioxus_core::suspense::FrozenContext (TypeId { t: (9286496122914249738, 8586425926625933774) }) not found
2024-06-04T16:00:28.531935Z TRACE VirtualDom::render_immediate: dioxus_core::diff::node: moving mount self=VNode { vnode: VNodeInner { key: None, template: Cell { value: Template { name: "examples/suspense.rs:127:5:4128", roots: [Dynamic { id: 0 }], node_paths: [[0]], attr_paths: [] } }, dynamic_nodes: [Text(VText { value: ".." })], dynamic_attrs: [] }, mount: Cell { value: MountId(7) } } new=VNode { vnode: VNodeInner { key: None, template: Cell { value: Template { name: "examples/suspense.rs:127:5:4128", roots: [Dynamic { id: 0 }], node_paths: [[0]], attr_paths: [] } }, dynamic_nodes: [Text(VText { value: "..." })], dynamic_attrs: [] }, mount: Cell { value: MountId(7) } }
2024-06-04T16:00:28.531983Z TRACE VirtualDom::render_immediate: dioxus_core::diff::node: mount id: MountId(7)
2024-06-04T16:00:28.531995Z TRACE VirtualDom::render_immediate: dioxus_core::diff::node: mounts: Slab { len: 8, cap: 8 }
2024-06-04T16:00:28.570303Z TRACE VirtualDom::wait_for_work:VirtualDom::process_events: dioxus_core::virtual_dom: Marking task Task { id: 3, unsend: PhantomData<*const ()> } (spawned in ScopeId(4)) as dirty (called from Location { file: "packages/core/src/virtual_dom.rs", line: 505, col: 58 })
2024-06-04T16:00:28.570372Z  INFO VirtualDom::wait_for_work:VirtualDom::process_events:VirtualDom::poll_tasks: dioxus_core::tasks: Polling task Task { id: 3, unsend: PhantomData<*const ()> }
2024-06-04T16:00:28.570432Z  INFO VirtualDom::wait_for_work:VirtualDom::process_events:VirtualDom::poll_tasks: dioxus_core::tasks: Task Task { id: 3, unsend: PhantomData<*const ()> } finished with result Pending
2024-06-04T16:00:28.570459Z TRACE VirtualDom::wait_for_work:VirtualDom::process_events:VirtualDom::poll_tasks: dioxus_core::virtual_dom: Marking scope ScopeId(4, "Doggo") as dirty
2024-06-04T16:00:28.570573Z TRACE VirtualDom::render_immediate:render{scope=Doggo}: dioxus_signals::signal: Subscribing to the reactive context ReactiveContext(for scope: ScopeId(4, "Doggo"))
2024-06-04T16:00:28.570613Z TRACE VirtualDom::render_immediate:render{scope=Doggo}: dioxus_signals::signal: Subscribing to the reactive context ReactiveContext(for scope: ScopeId(4, "Doggo"))
2024-06-04T16:00:28.570647Z TRACE VirtualDom::render_immediate:render{scope=Doggo}: dioxus_core::scope_context: looking for context dioxus_core::suspense::SuspenseContext (TypeId { t: (4533244013398082440, 10897659798729036060) }) in Doggo
2024-06-04T16:00:28.570672Z TRACE VirtualDom::render_immediate:render{scope=Doggo}: dioxus_core::scope_context: looking for context dioxus_core::suspense::SuspenseContext (TypeId { t: (4533244013398082440, 10897659798729036060) }) in FrozenContext
2024-06-04T16:00:28.570693Z TRACE VirtualDom::render_immediate:render{scope=Doggo}: dioxus_core::scope_context: found context TypeId { t: (9286496122914249738, 8586425926625933774) }
2024-06-04T16:00:28.570711Z TRACE VirtualDom::render_immediate:render{scope=Doggo}: dioxus_core::scope_context: looking for context dioxus_core::suspense::SuspenseContext (TypeId { t: (4533244013398082440, 10897659798729036060) }) in SuspenseBoundary
2024-06-04T16:00:28.570729Z TRACE VirtualDom::render_immediate:render{scope=Doggo}: dioxus_core::scope_context: found context TypeId { t: (4533244013398082440, 10897659798729036060) }
2024-06-04T16:00:28.613372Z TRACE VirtualDom::wait_for_work:VirtualDom::process_events: dioxus_core::virtual_dom: Marking task Task { id: 0, unsend: PhantomData<*const ()> } (spawned in ScopeId(3)) as dirty (called from Location { file: "packages/core/src/virtual_dom.rs", line: 505, col: 58 })
2024-06-04T16:00:28.613467Z  INFO VirtualDom::wait_for_work:VirtualDom::process_events:VirtualDom::poll_tasks: dioxus_core::tasks: Polling task Task { id: 0, unsend: PhantomData<*const ()> }
2024-06-04T16:00:28.613531Z  INFO VirtualDom::wait_for_work:VirtualDom::process_events:VirtualDom::poll_tasks: dioxus_core::tasks: Task Task { id: 0, unsend: PhantomData<*const ()> } finished with result Pending
2024-06-04T16:00:28.613560Z TRACE VirtualDom::wait_for_work:VirtualDom::process_events:VirtualDom::poll_tasks: dioxus_core::virtual_dom: Marking scope ScopeId(3, "Doggo") as dirty
2024-06-04T16:00:28.613690Z TRACE VirtualDom::render_immediate:render{scope=Doggo}: dioxus_signals::signal: Subscribing to the reactive context ReactiveContext(for scope: ScopeId(3, "Doggo"))
2024-06-04T16:00:28.613730Z TRACE VirtualDom::render_immediate:render{scope=Doggo}: dioxus_signals::signal: Subscribing to the reactive context ReactiveContext(for scope: ScopeId(3, "Doggo"))
2024-06-04T16:00:28.613762Z TRACE VirtualDom::render_immediate:render{scope=Doggo}: dioxus_core::scope_context: looking for context dioxus_core::suspense::SuspenseContext (TypeId { t: (4533244013398082440, 10897659798729036060) }) in Doggo
2024-06-04T16:00:28.613782Z TRACE VirtualDom::render_immediate:render{scope=Doggo}: dioxus_core::scope_context: looking for context dioxus_core::suspense::SuspenseContext (TypeId { t: (4533244013398082440, 10897659798729036060) }) in FrozenContext
2024-06-04T16:00:28.613798Z TRACE VirtualDom::render_immediate:render{scope=Doggo}: dioxus_core::scope_context: found context TypeId { t: (9286496122914249738, 8586425926625933774) }
2024-06-04T16:00:28.613844Z TRACE VirtualDom::render_immediate:render{scope=Doggo}: dioxus_core::scope_context: looking for context dioxus_core::suspense::SuspenseContext (TypeId { t: (4533244013398082440, 10897659798729036060) }) in SuspenseBoundary
2024-06-04T16:00:28.613860Z TRACE VirtualDom::render_immediate:render{scope=Doggo}: dioxus_core::scope_context: found context TypeId { t: (4533244013398082440, 10897659798729036060) }
2024-06-04T16:00:28.672503Z TRACE VirtualDom::wait_for_work:VirtualDom::process_events: dioxus_core::virtual_dom: Marking task Task { id: 3, unsend: PhantomData<*const ()> } (spawned in ScopeId(4)) as dirty (called from Location { file: "packages/core/src/virtual_dom.rs", line: 505, col: 58 })
2024-06-04T16:00:28.672638Z  INFO VirtualDom::wait_for_work:VirtualDom::process_events:VirtualDom::poll_tasks: dioxus_core::tasks: Polling task Task { id: 3, unsend: PhantomData<*const ()> }
2024-06-04T16:00:28.672728Z  INFO VirtualDom::wait_for_work:VirtualDom::process_events:VirtualDom::poll_tasks: dioxus_core::tasks: Task Task { id: 3, unsend: PhantomData<*const ()> } finished with result Pending
2024-06-04T16:00:28.672759Z TRACE VirtualDom::wait_for_work:VirtualDom::process_events:VirtualDom::poll_tasks: dioxus_core::virtual_dom: Marking scope ScopeId(4, "Doggo") as dirty
2024-06-04T16:00:28.672917Z TRACE VirtualDom::render_immediate:render{scope=Doggo}: dioxus_signals::signal: Subscribing to the reactive context ReactiveContext(for scope: ScopeId(4, "Doggo"))
2024-06-04T16:00:28.672975Z TRACE VirtualDom::render_immediate:render{scope=Doggo}: dioxus_signals::signal: Subscribing to the reactive context ReactiveContext(for scope: ScopeId(4, "Doggo"))
2024-06-04T16:00:28.673012Z TRACE VirtualDom::render_immediate:render{scope=Doggo}: dioxus_core::scope_context: looking for context dioxus_core::suspense::SuspenseContext (TypeId { t: (4533244013398082440, 10897659798729036060) }) in Doggo
2024-06-04T16:00:28.673034Z TRACE VirtualDom::render_immediate:render{scope=Doggo}: dioxus_core::scope_context: looking for context dioxus_core::suspense::SuspenseContext (TypeId { t: (4533244013398082440, 10897659798729036060) }) in FrozenContext
2024-06-04T16:00:28.673051Z TRACE VirtualDom::render_immediate:render{scope=Doggo}: dioxus_core::scope_context: found context TypeId { t: (9286496122914249738, 8586425926625933774) }
2024-06-04T16:00:28.673068Z TRACE VirtualDom::render_immediate:render{scope=Doggo}: dioxus_core::scope_context: looking for context dioxus_core::suspense::SuspenseContext (TypeId { t: (4533244013398082440, 10897659798729036060) }) in SuspenseBoundary
2024-06-04T16:00:28.673084Z TRACE VirtualDom::render_immediate:render{scope=Doggo}: dioxus_core::scope_context: found context TypeId { t: (4533244013398082440, 10897659798729036060) }
2024-06-04T16:00:28.714878Z TRACE VirtualDom::wait_for_work:VirtualDom::process_events: dioxus_core::virtual_dom: Marking task Task { id: 0, unsend: PhantomData<*const ()> } (spawned in ScopeId(3)) as dirty (called from Location { file: "packages/core/src/virtual_dom.rs", line: 505, col: 58 })
2024-06-04T16:00:28.714946Z  INFO VirtualDom::wait_for_work:VirtualDom::process_events:VirtualDom::poll_tasks: dioxus_core::tasks: Polling task Task { id: 0, unsend: PhantomData<*const ()> }
2024-06-04T16:00:28.715002Z  INFO VirtualDom::wait_for_work:VirtualDom::process_events:VirtualDom::poll_tasks: dioxus_core::tasks: Task Task { id: 0, unsend: PhantomData<*const ()> } finished with result Pending
2024-06-04T16:00:28.715028Z TRACE VirtualDom::wait_for_work:VirtualDom::process_events:VirtualDom::poll_tasks: dioxus_core::virtual_dom: Marking scope ScopeId(3, "Doggo") as dirty
2024-06-04T16:00:28.715142Z TRACE VirtualDom::render_immediate:render{scope=Doggo}: dioxus_signals::signal: Subscribing to the reactive context ReactiveContext(for scope: ScopeId(3, "Doggo"))
2024-06-04T16:00:28.715174Z TRACE VirtualDom::render_immediate:render{scope=Doggo}: dioxus_signals::signal: Subscribing to the reactive context ReactiveContext(for scope: ScopeId(3, "Doggo"))
2024-06-04T16:00:28.715204Z TRACE VirtualDom::render_immediate:render{scope=Doggo}: dioxus_core::scope_context: looking for context dioxus_core::suspense::SuspenseContext (TypeId { t: (4533244013398082440, 10897659798729036060) }) in Doggo
2024-06-04T16:00:28.715223Z TRACE VirtualDom::render_immediate:render{scope=Doggo}: dioxus_core::scope_context: looking for context dioxus_core::suspense::SuspenseContext (TypeId { t: (4533244013398082440, 10897659798729036060) }) in FrozenContext
2024-06-04T16:00:28.715240Z TRACE VirtualDom::render_immediate:render{scope=Doggo}: dioxus_core::scope_context: found context TypeId { t: (9286496122914249738, 8586425926625933774) }
2024-06-04T16:00:28.715256Z TRACE VirtualDom::render_immediate:render{scope=Doggo}: dioxus_core::scope_context: looking for context dioxus_core::suspense::SuspenseContext (TypeId { t: (4533244013398082440, 10897659798729036060) }) in SuspenseBoundary
2024-06-04T16:00:28.715272Z TRACE VirtualDom::render_immediate:render{scope=Doggo}: dioxus_core::scope_context: found context TypeId { t: (4533244013398082440, 10897659798729036060) }
2024-06-04T16:00:28.733775Z TRACE VirtualDom::wait_for_work:VirtualDom::process_events: dioxus_core::virtual_dom: Marking task Task { id: 6, unsend: PhantomData<*const ()> } (spawned in ScopeId(5)) as dirty (called from Location { file: "packages/core/src/virtual_dom.rs", line: 505, col: 58 })
2024-06-04T16:00:28.733919Z  INFO VirtualDom::wait_for_work:VirtualDom::process_events:VirtualDom::poll_tasks: dioxus_core::tasks: Polling task Task { id: 6, unsend: PhantomData<*const ()> }
2024-06-04T16:00:28.733982Z TRACE VirtualDom::wait_for_work:VirtualDom::process_events:VirtualDom::poll_tasks: dioxus_signals::signal: Write on signal at examples/suspense.rs:122:19 finished, updating subscribers
2024-06-04T16:00:28.734016Z TRACE VirtualDom::wait_for_work:VirtualDom::process_events:VirtualDom::poll_tasks: dioxus_signals::reactive_context: Marking reactive context created at packages/signals/src/reactive_context.rs:117:13 as dirty
2024-06-04T16:00:28.734042Z TRACE VirtualDom::wait_for_work:VirtualDom::process_events:VirtualDom::poll_tasks: dioxus_signals::reactive_context: Marking scope ScopeId(5, "LoadingDots") as dirty
2024-06-04T16:00:28.734082Z  INFO VirtualDom::wait_for_work:VirtualDom::process_events:VirtualDom::poll_tasks: dioxus_core::tasks: Task Task { id: 6, unsend: PhantomData<*const ()> } finished with result Pending
2024-06-04T16:00:28.734107Z TRACE VirtualDom::wait_for_work:VirtualDom::process_events:VirtualDom::poll_tasks: dioxus_core::virtual_dom: Marking scope ScopeId(5, "LoadingDots") as dirty
2024-06-04T16:00:28.734216Z TRACE VirtualDom::render_immediate:render{scope=LoadingDots}: dioxus_signals::signal: Subscribing to the reactive context ReactiveContext(for scope: ScopeId(5, "LoadingDots"))
2024-06-04T16:00:28.734261Z TRACE VirtualDom::render_immediate: dioxus_core::scope_context: looking for context dioxus_core::suspense::FrozenContext (TypeId { t: (9286496122914249738, 8586425926625933774) }) in LoadingDots
2024-06-04T16:00:28.734279Z TRACE VirtualDom::render_immediate: dioxus_core::scope_context: looking for context dioxus_core::suspense::FrozenContext (TypeId { t: (9286496122914249738, 8586425926625933774) }) in SuspenseBoundary
2024-06-04T16:00:28.734293Z TRACE VirtualDom::render_immediate: dioxus_core::scope_context: found context TypeId { t: (4533244013398082440, 10897659798729036060) }
2024-06-04T16:00:28.734306Z TRACE VirtualDom::render_immediate: dioxus_core::scope_context: looking for context dioxus_core::suspense::FrozenContext (TypeId { t: (9286496122914249738, 8586425926625933774) }) in app
2024-06-04T16:00:28.734319Z TRACE VirtualDom::render_immediate: dioxus_core::scope_context: found context TypeId { t: (3582638416876954437, 3810890675802792692) }
2024-06-04T16:00:28.734332Z TRACE VirtualDom::render_immediate: dioxus_core::scope_context: found context TypeId { t: (7946844621057603534, 4355211565432133561) }
2024-06-04T16:00:28.734344Z TRACE VirtualDom::render_immediate: dioxus_core::scope_context: found context TypeId { t: (10682502755203913650, 15985576721215419306) }
2024-06-04T16:00:28.734357Z TRACE VirtualDom::render_immediate: dioxus_core::scope_context: context dioxus_core::suspense::FrozenContext (TypeId { t: (9286496122914249738, 8586425926625933774) }) not found
2024-06-04T16:00:28.734378Z TRACE VirtualDom::render_immediate: dioxus_core::diff::node: moving mount self=VNode { vnode: VNodeInner { key: None, template: Cell { value: Template { name: "examples/suspense.rs:127:5:4128", roots: [Dynamic { id: 0 }], node_paths: [[0]], attr_paths: [] } }, dynamic_nodes: [Text(VText { value: "..." })], dynamic_attrs: [] }, mount: Cell { value: MountId(7) } } new=VNode { vnode: VNodeInner { key: None, template: Cell { value: Template { name: "examples/suspense.rs:127:5:4128", roots: [Dynamic { id: 0 }], node_paths: [[0]], attr_paths: [] } }, dynamic_nodes: [Text(VText { value: "" })], dynamic_attrs: [] }, mount: Cell { value: MountId(7) } }
2024-06-04T16:00:28.734412Z TRACE VirtualDom::render_immediate: dioxus_core::diff::node: mount id: MountId(7)
2024-06-04T16:00:28.734424Z TRACE VirtualDom::render_immediate: dioxus_core::diff::node: mounts: Slab { len: 8, cap: 8 }
2024-06-04T16:00:28.774809Z TRACE VirtualDom::wait_for_work:VirtualDom::process_events: dioxus_core::virtual_dom: Marking task Task { id: 3, unsend: PhantomData<*const ()> } (spawned in ScopeId(4)) as dirty (called from Location { file: "packages/core/src/virtual_dom.rs", line: 505, col: 58 })
2024-06-04T16:00:28.774891Z  INFO VirtualDom::wait_for_work:VirtualDom::process_events:VirtualDom::poll_tasks: dioxus_core::tasks: Polling task Task { id: 3, unsend: PhantomData<*const ()> }
2024-06-04T16:00:28.774963Z  INFO VirtualDom::wait_for_work:VirtualDom::process_events:VirtualDom::poll_tasks: dioxus_core::tasks: Task Task { id: 3, unsend: PhantomData<*const ()> } finished with result Pending
2024-06-04T16:00:28.774993Z TRACE VirtualDom::wait_for_work:VirtualDom::process_events:VirtualDom::poll_tasks: dioxus_core::virtual_dom: Marking scope ScopeId(4, "Doggo") as dirty
2024-06-04T16:00:28.775144Z TRACE VirtualDom::render_immediate:render{scope=Doggo}: dioxus_signals::signal: Subscribing to the reactive context ReactiveContext(for scope: ScopeId(4, "Doggo"))
2024-06-04T16:00:28.775184Z TRACE VirtualDom::render_immediate:render{scope=Doggo}: dioxus_signals::signal: Subscribing to the reactive context ReactiveContext(for scope: ScopeId(4, "Doggo"))
2024-06-04T16:00:28.775217Z TRACE VirtualDom::render_immediate:render{scope=Doggo}: dioxus_core::scope_context: looking for context dioxus_core::suspense::SuspenseContext (TypeId { t: (4533244013398082440, 10897659798729036060) }) in Doggo
2024-06-04T16:00:28.775252Z TRACE VirtualDom::render_immediate:render{scope=Doggo}: dioxus_core::scope_context: looking for context dioxus_core::suspense::SuspenseContext (TypeId { t: (4533244013398082440, 10897659798729036060) }) in FrozenContext
2024-06-04T16:00:28.775270Z TRACE VirtualDom::render_immediate:render{scope=Doggo}: dioxus_core::scope_context: found context TypeId { t: (9286496122914249738, 8586425926625933774) }
2024-06-04T16:00:28.775288Z TRACE VirtualDom::render_immediate:render{scope=Doggo}: dioxus_core::scope_context: looking for context dioxus_core::suspense::SuspenseContext (TypeId { t: (4533244013398082440, 10897659798729036060) }) in SuspenseBoundary
2024-06-04T16:00:28.775306Z TRACE VirtualDom::render_immediate:render{scope=Doggo}: dioxus_core::scope_context: found context TypeId { t: (4533244013398082440, 10897659798729036060) }
2024-06-04T16:00:28.817038Z TRACE VirtualDom::wait_for_work:VirtualDom::process_events: dioxus_core::virtual_dom: Marking task Task { id: 0, unsend: PhantomData<*const ()> } (spawned in ScopeId(3)) as dirty (called from Location { file: "packages/core/src/virtual_dom.rs", line: 505, col: 58 })
2024-06-04T16:00:28.817115Z  INFO VirtualDom::wait_for_work:VirtualDom::process_events:VirtualDom::poll_tasks: dioxus_core::tasks: Polling task Task { id: 0, unsend: PhantomData<*const ()> }
2024-06-04T16:00:28.817178Z  INFO VirtualDom::wait_for_work:VirtualDom::process_events:VirtualDom::poll_tasks: dioxus_core::tasks: Task Task { id: 0, unsend: PhantomData<*const ()> } finished with result Pending
2024-06-04T16:00:28.817205Z TRACE VirtualDom::wait_for_work:VirtualDom::process_events:VirtualDom::poll_tasks: dioxus_core::virtual_dom: Marking scope ScopeId(3, "Doggo") as dirty
2024-06-04T16:00:28.817330Z TRACE VirtualDom::render_immediate:render{scope=Doggo}: dioxus_signals::signal: Subscribing to the reactive context ReactiveContext(for scope: ScopeId(3, "Doggo"))
2024-06-04T16:00:28.817370Z TRACE VirtualDom::render_immediate:render{scope=Doggo}: dioxus_signals::signal: Subscribing to the reactive context ReactiveContext(for scope: ScopeId(3, "Doggo"))
2024-06-04T16:00:28.817403Z TRACE VirtualDom::render_immediate:render{scope=Doggo}: dioxus_core::scope_context: looking for context dioxus_core::suspense::SuspenseContext (TypeId { t: (4533244013398082440, 10897659798729036060) }) in Doggo
2024-06-04T16:00:28.817427Z TRACE VirtualDom::render_immediate:render{scope=Doggo}: dioxus_core::scope_context: looking for context dioxus_core::suspense::SuspenseContext (TypeId { t: (4533244013398082440, 10897659798729036060) }) in FrozenContext
2024-06-04T16:00:28.817447Z TRACE VirtualDom::render_immediate:render{scope=Doggo}: dioxus_core::scope_context: found context TypeId { t: (9286496122914249738, 8586425926625933774) }
2024-06-04T16:00:28.817466Z TRACE VirtualDom::render_immediate:render{scope=Doggo}: dioxus_core::scope_context: looking for context dioxus_core::suspense::SuspenseContext (TypeId { t: (4533244013398082440, 10897659798729036060) }) in SuspenseBoundary
2024-06-04T16:00:28.817485Z TRACE VirtualDom::render_immediate:render{scope=Doggo}: dioxus_core::scope_context: found context TypeId { t: (4533244013398082440, 10897659798729036060) }
2024-06-04T16:00:28.877002Z TRACE VirtualDom::wait_for_work:VirtualDom::process_events: dioxus_core::virtual_dom: Marking task Task { id: 3, unsend: PhantomData<*const ()> } (spawned in ScopeId(4)) as dirty (called from Location { file: "packages/core/src/virtual_dom.rs", line: 505, col: 58 })
2024-06-04T16:00:28.877103Z  INFO VirtualDom::wait_for_work:VirtualDom::process_events:VirtualDom::poll_tasks: dioxus_core::tasks: Polling task Task { id: 3, unsend: PhantomData<*const ()> }
2024-06-04T16:00:28.877198Z  INFO VirtualDom::wait_for_work:VirtualDom::process_events:VirtualDom::poll_tasks: dioxus_core::tasks: Task Task { id: 3, unsend: PhantomData<*const ()> } finished with result Pending
2024-06-04T16:00:28.877226Z TRACE VirtualDom::wait_for_work:VirtualDom::process_events:VirtualDom::poll_tasks: dioxus_core::virtual_dom: Marking scope ScopeId(4, "Doggo") as dirty
2024-06-04T16:00:28.877372Z TRACE VirtualDom::render_immediate:render{scope=Doggo}: dioxus_signals::signal: Subscribing to the reactive context ReactiveContext(for scope: ScopeId(4, "Doggo"))
2024-06-04T16:00:28.877435Z TRACE VirtualDom::render_immediate:render{scope=Doggo}: dioxus_signals::signal: Subscribing to the reactive context ReactiveContext(for scope: ScopeId(4, "Doggo"))
2024-06-04T16:00:28.877485Z TRACE VirtualDom::render_immediate:render{scope=Doggo}: dioxus_core::scope_context: looking for context dioxus_core::suspense::SuspenseContext (TypeId { t: (4533244013398082440, 10897659798729036060) }) in Doggo
2024-06-04T16:00:28.877510Z TRACE VirtualDom::render_immediate:render{scope=Doggo}: dioxus_core::scope_context: looking for context dioxus_core::suspense::SuspenseContext (TypeId { t: (4533244013398082440, 10897659798729036060) }) in FrozenContext
2024-06-04T16:00:28.877543Z TRACE VirtualDom::render_immediate:render{scope=Doggo}: dioxus_core::scope_context: found context TypeId { t: (9286496122914249738, 8586425926625933774) }
2024-06-04T16:00:28.877562Z TRACE VirtualDom::render_immediate:render{scope=Doggo}: dioxus_core::scope_context: looking for context dioxus_core::suspense::SuspenseContext (TypeId { t: (4533244013398082440, 10897659798729036060) }) in SuspenseBoundary
2024-06-04T16:00:28.877580Z TRACE VirtualDom::render_immediate:render{scope=Doggo}: dioxus_core::scope_context: found context TypeId { t: (4533244013398082440, 10897659798729036060) }
2024-06-04T16:00:28.919713Z TRACE VirtualDom::wait_for_work:VirtualDom::process_events: dioxus_core::virtual_dom: Marking task Task { id: 0, unsend: PhantomData<*const ()> } (spawned in ScopeId(3)) as dirty (called from Location { file: "packages/core/src/virtual_dom.rs", line: 505, col: 58 })
2024-06-04T16:00:28.919791Z  INFO VirtualDom::wait_for_work:VirtualDom::process_events:VirtualDom::poll_tasks: dioxus_core::tasks: Polling task Task { id: 0, unsend: PhantomData<*const ()> }
2024-06-04T16:00:28.919848Z  INFO VirtualDom::wait_for_work:VirtualDom::process_events:VirtualDom::poll_tasks: dioxus_core::tasks: Task Task { id: 0, unsend: PhantomData<*const ()> } finished with result Pending
2024-06-04T16:00:28.919872Z TRACE VirtualDom::wait_for_work:VirtualDom::process_events:VirtualDom::poll_tasks: dioxus_core::virtual_dom: Marking scope ScopeId(3, "Doggo") as dirty
2024-06-04T16:00:28.919982Z TRACE VirtualDom::render_immediate:render{scope=Doggo}: dioxus_signals::signal: Subscribing to the reactive context ReactiveContext(for scope: ScopeId(3, "Doggo"))
2024-06-04T16:00:28.920017Z TRACE VirtualDom::render_immediate:render{scope=Doggo}: dioxus_signals::signal: Subscribing to the reactive context ReactiveContext(for scope: ScopeId(3, "Doggo"))
2024-06-04T16:00:28.920043Z TRACE VirtualDom::render_immediate:render{scope=Doggo}: dioxus_core::scope_context: looking for context dioxus_core::suspense::SuspenseContext (TypeId { t: (4533244013398082440, 10897659798729036060) }) in Doggo
2024-06-04T16:00:28.920062Z TRACE VirtualDom::render_immediate:render{scope=Doggo}: dioxus_core::scope_context: looking for context dioxus_core::suspense::SuspenseContext (TypeId { t: (4533244013398082440, 10897659798729036060) }) in FrozenContext
2024-06-04T16:00:28.920079Z TRACE VirtualDom::render_immediate:render{scope=Doggo}: dioxus_core::scope_context: found context TypeId { t: (9286496122914249738, 8586425926625933774) }
2024-06-04T16:00:28.920094Z TRACE VirtualDom::render_immediate:render{scope=Doggo}: dioxus_core::scope_context: looking for context dioxus_core::suspense::SuspenseContext (TypeId { t: (4533244013398082440, 10897659798729036060) }) in SuspenseBoundary
2024-06-04T16:00:28.920110Z TRACE VirtualDom::render_immediate:render{scope=Doggo}: dioxus_core::scope_context: found context TypeId { t: (4533244013398082440, 10897659798729036060) }
2024-06-04T16:00:28.936075Z TRACE VirtualDom::wait_for_work:VirtualDom::process_events: dioxus_core::virtual_dom: Marking task Task { id: 6, unsend: PhantomData<*const ()> } (spawned in ScopeId(5)) as dirty (called from Location { file: "packages/core/src/virtual_dom.rs", line: 505, col: 58 })
2024-06-04T16:00:28.936161Z  INFO VirtualDom::wait_for_work:VirtualDom::process_events:VirtualDom::poll_tasks: dioxus_core::tasks: Polling task Task { id: 6, unsend: PhantomData<*const ()> }
2024-06-04T16:00:28.936207Z TRACE VirtualDom::wait_for_work:VirtualDom::process_events:VirtualDom::poll_tasks: dioxus_signals::signal: Write on signal at examples/suspense.rs:122:19 finished, updating subscribers
2024-06-04T16:00:28.936237Z TRACE VirtualDom::wait_for_work:VirtualDom::process_events:VirtualDom::poll_tasks: dioxus_signals::reactive_context: Marking reactive context created at packages/signals/src/reactive_context.rs:117:13 as dirty
2024-06-04T16:00:28.936257Z TRACE VirtualDom::wait_for_work:VirtualDom::process_events:VirtualDom::poll_tasks: dioxus_signals::reactive_context: Marking scope ScopeId(5, "LoadingDots") as dirty
2024-06-04T16:00:28.936291Z  INFO VirtualDom::wait_for_work:VirtualDom::process_events:VirtualDom::poll_tasks: dioxus_core::tasks: Task Task { id: 6, unsend: PhantomData<*const ()> } finished with result Pending
2024-06-04T16:00:28.936313Z TRACE VirtualDom::wait_for_work:VirtualDom::process_events:VirtualDom::poll_tasks: dioxus_core::virtual_dom: Marking scope ScopeId(5, "LoadingDots") as dirty
2024-06-04T16:00:28.936419Z TRACE VirtualDom::render_immediate:render{scope=LoadingDots}: dioxus_signals::signal: Subscribing to the reactive context ReactiveContext(for scope: ScopeId(5, "LoadingDots"))
2024-06-04T16:00:28.936460Z TRACE VirtualDom::render_immediate: dioxus_core::scope_context: looking for context dioxus_core::suspense::FrozenContext (TypeId { t: (9286496122914249738, 8586425926625933774) }) in LoadingDots
2024-06-04T16:00:28.936478Z TRACE VirtualDom::render_immediate: dioxus_core::scope_context: looking for context dioxus_core::suspense::FrozenContext (TypeId { t: (9286496122914249738, 8586425926625933774) }) in SuspenseBoundary
2024-06-04T16:00:28.936493Z TRACE VirtualDom::render_immediate: dioxus_core::scope_context: found context TypeId { t: (4533244013398082440, 10897659798729036060) }
2024-06-04T16:00:28.936508Z TRACE VirtualDom::render_immediate: dioxus_core::scope_context: looking for context dioxus_core::suspense::FrozenContext (TypeId { t: (9286496122914249738, 8586425926625933774) }) in app
2024-06-04T16:00:28.936522Z TRACE VirtualDom::render_immediate: dioxus_core::scope_context: found context TypeId { t: (3582638416876954437, 3810890675802792692) }
2024-06-04T16:00:28.936536Z TRACE VirtualDom::render_immediate: dioxus_core::scope_context: found context TypeId { t: (7946844621057603534, 4355211565432133561) }
2024-06-04T16:00:28.936549Z TRACE VirtualDom::render_immediate: dioxus_core::scope_context: found context TypeId { t: (10682502755203913650, 15985576721215419306) }
2024-06-04T16:00:28.936562Z TRACE VirtualDom::render_immediate: dioxus_core::scope_context: context dioxus_core::suspense::FrozenContext (TypeId { t: (9286496122914249738, 8586425926625933774) }) not found
2024-06-04T16:00:28.936585Z TRACE VirtualDom::render_immediate: dioxus_core::diff::node: moving mount self=VNode { vnode: VNodeInner { key: None, template: Cell { value: Template { name: "examples/suspense.rs:127:5:4128", roots: [Dynamic { id: 0 }], node_paths: [[0]], attr_paths: [] } }, dynamic_nodes: [Text(VText { value: "" })], dynamic_attrs: [] }, mount: Cell { value: MountId(7) } } new=VNode { vnode: VNodeInner { key: None, template: Cell { value: Template { name: "examples/suspense.rs:127:5:4128", roots: [Dynamic { id: 0 }], node_paths: [[0]], attr_paths: [] } }, dynamic_nodes: [Text(VText { value: "." })], dynamic_attrs: [] }, mount: Cell { value: MountId(7) } }
2024-06-04T16:00:28.936622Z TRACE VirtualDom::render_immediate: dioxus_core::diff::node: mount id: MountId(7)
2024-06-04T16:00:28.936634Z TRACE VirtualDom::render_immediate: dioxus_core::diff::node: mounts: Slab { len: 8, cap: 8 }
2024-06-04T16:00:28.978135Z TRACE VirtualDom::wait_for_work:VirtualDom::process_events: dioxus_core::virtual_dom: Marking task Task { id: 3, unsend: PhantomData<*const ()> } (spawned in ScopeId(4)) as dirty (called from Location { file: "packages/core/src/virtual_dom.rs", line: 505, col: 58 })
2024-06-04T16:00:28.978218Z  INFO VirtualDom::wait_for_work:VirtualDom::process_events:VirtualDom::poll_tasks: dioxus_core::tasks: Polling task Task { id: 3, unsend: PhantomData<*const ()> }
2024-06-04T16:00:28.978273Z  INFO VirtualDom::wait_for_work:VirtualDom::process_events:VirtualDom::poll_tasks: dioxus_core::tasks: Task Task { id: 3, unsend: PhantomData<*const ()> } finished with result Pending
2024-06-04T16:00:28.978295Z TRACE VirtualDom::wait_for_work:VirtualDom::process_events:VirtualDom::poll_tasks: dioxus_core::virtual_dom: Marking scope ScopeId(4, "Doggo") as dirty
2024-06-04T16:00:28.978405Z TRACE VirtualDom::render_immediate:render{scope=Doggo}: dioxus_signals::signal: Subscribing to the reactive context ReactiveContext(for scope: ScopeId(4, "Doggo"))
2024-06-04T16:00:28.978441Z TRACE VirtualDom::render_immediate:render{scope=Doggo}: dioxus_signals::signal: Subscribing to the reactive context ReactiveContext(for scope: ScopeId(4, "Doggo"))
2024-06-04T16:00:28.978468Z TRACE VirtualDom::render_immediate:render{scope=Doggo}: dioxus_core::scope_context: looking for context dioxus_core::suspense::SuspenseContext (TypeId { t: (4533244013398082440, 10897659798729036060) }) in Doggo
2024-06-04T16:00:28.978487Z TRACE VirtualDom::render_immediate:render{scope=Doggo}: dioxus_core::scope_context: looking for context dioxus_core::suspense::SuspenseContext (TypeId { t: (4533244013398082440, 10897659798729036060) }) in FrozenContext
2024-06-04T16:00:28.978503Z TRACE VirtualDom::render_immediate:render{scope=Doggo}: dioxus_core::scope_context: found context TypeId { t: (9286496122914249738, 8586425926625933774) }
2024-06-04T16:00:28.978517Z TRACE VirtualDom::render_immediate:render{scope=Doggo}: dioxus_core::scope_context: looking for context dioxus_core::suspense::SuspenseContext (TypeId { t: (4533244013398082440, 10897659798729036060) }) in SuspenseBoundary
2024-06-04T16:00:28.978531Z TRACE VirtualDom::render_immediate:render{scope=Doggo}: dioxus_core::scope_context: found context TypeId { t: (4533244013398082440, 10897659798729036060) }
2024-06-04T16:00:29.020605Z TRACE VirtualDom::wait_for_work:VirtualDom::process_events: dioxus_core::virtual_dom: Marking task Task { id: 0, unsend: PhantomData<*const ()> } (spawned in ScopeId(3)) as dirty (called from Location { file: "packages/core/src/virtual_dom.rs", line: 505, col: 58 })
2024-06-04T16:00:29.020666Z  INFO VirtualDom::wait_for_work:VirtualDom::process_events:VirtualDom::poll_tasks: dioxus_core::tasks: Polling task Task { id: 0, unsend: PhantomData<*const ()> }
2024-06-04T16:00:29.020715Z  INFO VirtualDom::wait_for_work:VirtualDom::process_events:VirtualDom::poll_tasks: dioxus_core::tasks: Task Task { id: 0, unsend: PhantomData<*const ()> } finished with result Pending
2024-06-04T16:00:29.020733Z TRACE VirtualDom::wait_for_work:VirtualDom::process_events:VirtualDom::poll_tasks: dioxus_core::virtual_dom: Marking scope ScopeId(3, "Doggo") as dirty
2024-06-04T16:00:29.020821Z TRACE VirtualDom::render_immediate:render{scope=Doggo}: dioxus_signals::signal: Subscribing to the reactive context ReactiveContext(for scope: ScopeId(3, "Doggo"))
2024-06-04T16:00:29.020850Z TRACE VirtualDom::render_immediate:render{scope=Doggo}: dioxus_signals::signal: Subscribing to the reactive context ReactiveContext(for scope: ScopeId(3, "Doggo"))
2024-06-04T16:00:29.020871Z TRACE VirtualDom::render_immediate:render{scope=Doggo}: dioxus_core::scope_context: looking for context dioxus_core::suspense::SuspenseContext (TypeId { t: (4533244013398082440, 10897659798729036060) }) in Doggo
2024-06-04T16:00:29.020886Z TRACE VirtualDom::render_immediate:render{scope=Doggo}: dioxus_core::scope_context: looking for context dioxus_core::suspense::SuspenseContext (TypeId { t: (4533244013398082440, 10897659798729036060) }) in FrozenContext
2024-06-04T16:00:29.020898Z TRACE VirtualDom::render_immediate:render{scope=Doggo}: dioxus_core::scope_context: found context TypeId { t: (9286496122914249738, 8586425926625933774) }
2024-06-04T16:00:29.020909Z TRACE VirtualDom::render_immediate:render{scope=Doggo}: dioxus_core::scope_context: looking for context dioxus_core::suspense::SuspenseContext (TypeId { t: (4533244013398082440, 10897659798729036060) }) in SuspenseBoundary
2024-06-04T16:00:29.020921Z TRACE VirtualDom::render_immediate:render{scope=Doggo}: dioxus_core::scope_context: found context TypeId { t: (4533244013398082440, 10897659798729036060) }
2024-06-04T16:00:29.080731Z TRACE VirtualDom::wait_for_work:VirtualDom::process_events: dioxus_core::virtual_dom: Marking task Task { id: 3, unsend: PhantomData<*const ()> } (spawned in ScopeId(4)) as dirty (called from Location { file: "packages/core/src/virtual_dom.rs", line: 505, col: 58 })
2024-06-04T16:00:29.080809Z  INFO VirtualDom::wait_for_work:VirtualDom::process_events:VirtualDom::poll_tasks: dioxus_core::tasks: Polling task Task { id: 3, unsend: PhantomData<*const ()> }
2024-06-04T16:00:29.080862Z  INFO VirtualDom::wait_for_work:VirtualDom::process_events:VirtualDom::poll_tasks: dioxus_core::tasks: Task Task { id: 3, unsend: PhantomData<*const ()> } finished with result Pending
2024-06-04T16:00:29.080883Z TRACE VirtualDom::wait_for_work:VirtualDom::process_events:VirtualDom::poll_tasks: dioxus_core::virtual_dom: Marking scope ScopeId(4, "Doggo") as dirty
2024-06-04T16:00:29.080982Z TRACE VirtualDom::render_immediate:render{scope=Doggo}: dioxus_signals::signal: Subscribing to the reactive context ReactiveContext(for scope: ScopeId(4, "Doggo"))
2024-06-04T16:00:29.081009Z TRACE VirtualDom::render_immediate:render{scope=Doggo}: dioxus_signals::signal: Subscribing to the reactive context ReactiveContext(for scope: ScopeId(4, "Doggo"))
2024-06-04T16:00:29.081030Z TRACE VirtualDom::render_immediate:render{scope=Doggo}: dioxus_core::scope_context: looking for context dioxus_core::suspense::SuspenseContext (TypeId { t: (4533244013398082440, 10897659798729036060) }) in Doggo
2024-06-04T16:00:29.081044Z TRACE VirtualDom::render_immediate:render{scope=Doggo}: dioxus_core::scope_context: looking for context dioxus_core::suspense::SuspenseContext (TypeId { t: (4533244013398082440, 10897659798729036060) }) in FrozenContext
2024-06-04T16:00:29.081055Z TRACE VirtualDom::render_immediate:render{scope=Doggo}: dioxus_core::scope_context: found context TypeId { t: (9286496122914249738, 8586425926625933774) }
2024-06-04T16:00:29.081067Z TRACE VirtualDom::render_immediate:render{scope=Doggo}: dioxus_core::scope_context: looking for context dioxus_core::suspense::SuspenseContext (TypeId { t: (4533244013398082440, 10897659798729036060) }) in SuspenseBoundary
2024-06-04T16:00:29.081078Z TRACE VirtualDom::render_immediate:render{scope=Doggo}: dioxus_core::scope_context: found context TypeId { t: (4533244013398082440, 10897659798729036060) }
2024-06-04T16:00:29.122822Z TRACE VirtualDom::wait_for_work:VirtualDom::process_events: dioxus_core::virtual_dom: Marking task Task { id: 0, unsend: PhantomData<*const ()> } (spawned in ScopeId(3)) as dirty (called from Location { file: "packages/core/src/virtual_dom.rs", line: 505, col: 58 })
2024-06-04T16:00:29.122935Z  INFO VirtualDom::wait_for_work:VirtualDom::process_events:VirtualDom::poll_tasks: dioxus_core::tasks: Polling task Task { id: 0, unsend: PhantomData<*const ()> }
2024-06-04T16:00:29.122993Z  INFO VirtualDom::wait_for_work:VirtualDom::process_events:VirtualDom::poll_tasks: dioxus_core::tasks: Task Task { id: 0, unsend: PhantomData<*const ()> } finished with result Pending
2024-06-04T16:00:29.123020Z TRACE VirtualDom::wait_for_work:VirtualDom::process_events:VirtualDom::poll_tasks: dioxus_core::virtual_dom: Marking scope ScopeId(3, "Doggo") as dirty
2024-06-04T16:00:29.123148Z TRACE VirtualDom::render_immediate:render{scope=Doggo}: dioxus_signals::signal: Subscribing to the reactive context ReactiveContext(for scope: ScopeId(3, "Doggo"))
2024-06-04T16:00:29.123183Z TRACE VirtualDom::render_immediate:render{scope=Doggo}: dioxus_signals::signal: Subscribing to the reactive context ReactiveContext(for scope: ScopeId(3, "Doggo"))
2024-06-04T16:00:29.123204Z TRACE VirtualDom::render_immediate:render{scope=Doggo}: dioxus_core::scope_context: looking for context dioxus_core::suspense::SuspenseContext (TypeId { t: (4533244013398082440, 10897659798729036060) }) in Doggo
2024-06-04T16:00:29.123218Z TRACE VirtualDom::render_immediate:render{scope=Doggo}: dioxus_core::scope_context: looking for context dioxus_core::suspense::SuspenseContext (TypeId { t: (4533244013398082440, 10897659798729036060) }) in FrozenContext
2024-06-04T16:00:29.123230Z TRACE VirtualDom::render_immediate:render{scope=Doggo}: dioxus_core::scope_context: found context TypeId { t: (9286496122914249738, 8586425926625933774) }
2024-06-04T16:00:29.123241Z TRACE VirtualDom::render_immediate:render{scope=Doggo}: dioxus_core::scope_context: looking for context dioxus_core::suspense::SuspenseContext (TypeId { t: (4533244013398082440, 10897659798729036060) }) in SuspenseBoundary
2024-06-04T16:00:29.123252Z TRACE VirtualDom::render_immediate:render{scope=Doggo}: dioxus_core::scope_context: found context TypeId { t: (4533244013398082440, 10897659798729036060) }
2024-06-04T16:00:29.138867Z TRACE VirtualDom::wait_for_work:VirtualDom::process_events: dioxus_core::virtual_dom: Marking task Task { id: 6, unsend: PhantomData<*const ()> } (spawned in ScopeId(5)) as dirty (called from Location { file: "packages/core/src/virtual_dom.rs", line: 505, col: 58 })
2024-06-04T16:00:29.138931Z  INFO VirtualDom::wait_for_work:VirtualDom::process_events:VirtualDom::poll_tasks: dioxus_core::tasks: Polling task Task { id: 6, unsend: PhantomData<*const ()> }
2024-06-04T16:00:29.138967Z TRACE VirtualDom::wait_for_work:VirtualDom::process_events:VirtualDom::poll_tasks: dioxus_signals::signal: Write on signal at examples/suspense.rs:122:19 finished, updating subscribers
2024-06-04T16:00:29.138991Z TRACE VirtualDom::wait_for_work:VirtualDom::process_events:VirtualDom::poll_tasks: dioxus_signals::reactive_context: Marking reactive context created at packages/signals/src/reactive_context.rs:117:13 as dirty
2024-06-04T16:00:29.139004Z TRACE VirtualDom::wait_for_work:VirtualDom::process_events:VirtualDom::poll_tasks: dioxus_signals::reactive_context: Marking scope ScopeId(5, "LoadingDots") as dirty
2024-06-04T16:00:29.139030Z  INFO VirtualDom::wait_for_work:VirtualDom::process_events:VirtualDom::poll_tasks: dioxus_core::tasks: Task Task { id: 6, unsend: PhantomData<*const ()> } finished with result Pending
2024-06-04T16:00:29.139044Z TRACE VirtualDom::wait_for_work:VirtualDom::process_events:VirtualDom::poll_tasks: dioxus_core::virtual_dom: Marking scope ScopeId(5, "LoadingDots") as dirty
2024-06-04T16:00:29.139123Z TRACE VirtualDom::render_immediate:render{scope=LoadingDots}: dioxus_signals::signal: Subscribing to the reactive context ReactiveContext(for scope: ScopeId(5, "LoadingDots"))
2024-06-04T16:00:29.139153Z TRACE VirtualDom::render_immediate: dioxus_core::scope_context: looking for context dioxus_core::suspense::FrozenContext (TypeId { t: (9286496122914249738, 8586425926625933774) }) in LoadingDots
2024-06-04T16:00:29.139165Z TRACE VirtualDom::render_immediate: dioxus_core::scope_context: looking for context dioxus_core::suspense::FrozenContext (TypeId { t: (9286496122914249738, 8586425926625933774) }) in SuspenseBoundary
2024-06-04T16:00:29.139176Z TRACE VirtualDom::render_immediate: dioxus_core::scope_context: found context TypeId { t: (4533244013398082440, 10897659798729036060) }
2024-06-04T16:00:29.139185Z TRACE VirtualDom::render_immediate: dioxus_core::scope_context: looking for context dioxus_core::suspense::FrozenContext (TypeId { t: (9286496122914249738, 8586425926625933774) }) in app
2024-06-04T16:00:29.139194Z TRACE VirtualDom::render_immediate: dioxus_core::scope_context: found context TypeId { t: (3582638416876954437, 3810890675802792692) }
2024-06-04T16:00:29.139203Z TRACE VirtualDom::render_immediate: dioxus_core::scope_context: found context TypeId { t: (7946844621057603534, 4355211565432133561) }
2024-06-04T16:00:29.139212Z TRACE VirtualDom::render_immediate: dioxus_core::scope_context: found context TypeId { t: (10682502755203913650, 15985576721215419306) }
2024-06-04T16:00:29.139221Z TRACE VirtualDom::render_immediate: dioxus_core::scope_context: context dioxus_core::suspense::FrozenContext (TypeId { t: (9286496122914249738, 8586425926625933774) }) not found
2024-06-04T16:00:29.139239Z TRACE VirtualDom::render_immediate: dioxus_core::diff::node: moving mount self=VNode { vnode: VNodeInner { key: None, template: Cell { value: Template { name: "examples/suspense.rs:127:5:4128", roots: [Dynamic { id: 0 }], node_paths: [[0]], attr_paths: [] } }, dynamic_nodes: [Text(VText { value: "." })], dynamic_attrs: [] }, mount: Cell { value: MountId(7) } } new=VNode { vnode: VNodeInner { key: None, template: Cell { value: Template { name: "examples/suspense.rs:127:5:4128", roots: [Dynamic { id: 0 }], node_paths: [[0]], attr_paths: [] } }, dynamic_nodes: [Text(VText { value: ".." })], dynamic_attrs: [] }, mount: Cell { value: MountId(7) } }
2024-06-04T16:00:29.139265Z TRACE VirtualDom::render_immediate: dioxus_core::diff::node: mount id: MountId(7)
2024-06-04T16:00:29.139274Z TRACE VirtualDom::render_immediate: dioxus_core::diff::node: mounts: Slab { len: 8, cap: 8 }
2024-06-04T16:00:29.182013Z TRACE VirtualDom::wait_for_work:VirtualDom::process_events: dioxus_core::virtual_dom: Marking task Task { id: 3, unsend: PhantomData<*const ()> } (spawned in ScopeId(4)) as dirty (called from Location { file: "packages/core/src/virtual_dom.rs", line: 505, col: 58 })
2024-06-04T16:00:29.182102Z  INFO VirtualDom::wait_for_work:VirtualDom::process_events:VirtualDom::poll_tasks: dioxus_core::tasks: Polling task Task { id: 3, unsend: PhantomData<*const ()> }
2024-06-04T16:00:29.182152Z  INFO VirtualDom::wait_for_work:VirtualDom::process_events:VirtualDom::poll_tasks: dioxus_core::tasks: Task Task { id: 3, unsend: PhantomData<*const ()> } finished with result Pending
2024-06-04T16:00:29.182176Z TRACE VirtualDom::wait_for_work:VirtualDom::process_events:VirtualDom::poll_tasks: dioxus_core::virtual_dom: Marking scope ScopeId(4, "Doggo") as dirty
2024-06-04T16:00:29.182271Z TRACE VirtualDom::render_immediate:render{scope=Doggo}: dioxus_signals::signal: Subscribing to the reactive context ReactiveContext(for scope: ScopeId(4, "Doggo"))
2024-06-04T16:00:29.182303Z TRACE VirtualDom::render_immediate:render{scope=Doggo}: dioxus_signals::signal: Subscribing to the reactive context ReactiveContext(for scope: ScopeId(4, "Doggo"))
2024-06-04T16:00:29.182331Z TRACE VirtualDom::render_immediate:render{scope=Doggo}: dioxus_core::scope_context: looking for context dioxus_core::suspense::SuspenseContext (TypeId { t: (4533244013398082440, 10897659798729036060) }) in Doggo
2024-06-04T16:00:29.182348Z TRACE VirtualDom::render_immediate:render{scope=Doggo}: dioxus_core::scope_context: looking for context dioxus_core::suspense::SuspenseContext (TypeId { t: (4533244013398082440, 10897659798729036060) }) in FrozenContext
2024-06-04T16:00:29.182363Z TRACE VirtualDom::render_immediate:render{scope=Doggo}: dioxus_core::scope_context: found context TypeId { t: (9286496122914249738, 8586425926625933774) }
2024-06-04T16:00:29.182377Z TRACE VirtualDom::render_immediate:render{scope=Doggo}: dioxus_core::scope_context: looking for context dioxus_core::suspense::SuspenseContext (TypeId { t: (4533244013398082440, 10897659798729036060) }) in SuspenseBoundary
2024-06-04T16:00:29.182391Z TRACE VirtualDom::render_immediate:render{scope=Doggo}: dioxus_core::scope_context: found context TypeId { t: (4533244013398082440, 10897659798729036060) }
2024-06-04T16:00:29.225077Z TRACE VirtualDom::wait_for_work:VirtualDom::process_events: dioxus_core::virtual_dom: Marking task Task { id: 0, unsend: PhantomData<*const ()> } (spawned in ScopeId(3)) as dirty (called from Location { file: "packages/core/src/virtual_dom.rs", line: 505, col: 58 })
2024-06-04T16:00:29.225181Z  INFO VirtualDom::wait_for_work:VirtualDom::process_events:VirtualDom::poll_tasks: dioxus_core::tasks: Polling task Task { id: 0, unsend: PhantomData<*const ()> }
2024-06-04T16:00:29.225259Z  INFO VirtualDom::wait_for_work:VirtualDom::process_events:VirtualDom::poll_tasks: dioxus_core::tasks: Task Task { id: 0, unsend: PhantomData<*const ()> } finished with result Pending
2024-06-04T16:00:29.225285Z TRACE VirtualDom::wait_for_work:VirtualDom::process_events:VirtualDom::poll_tasks: dioxus_core::virtual_dom: Marking scope ScopeId(3, "Doggo") as dirty
2024-06-04T16:00:29.225395Z TRACE VirtualDom::render_immediate:render{scope=Doggo}: dioxus_signals::signal: Subscribing to the reactive context ReactiveContext(for scope: ScopeId(3, "Doggo"))
2024-06-04T16:00:29.225430Z TRACE VirtualDom::render_immediate:render{scope=Doggo}: dioxus_signals::signal: Subscribing to the reactive context ReactiveContext(for scope: ScopeId(3, "Doggo"))
2024-06-04T16:00:29.225456Z TRACE VirtualDom::render_immediate:render{scope=Doggo}: dioxus_core::scope_context: looking for context dioxus_core::suspense::SuspenseContext (TypeId { t: (4533244013398082440, 10897659798729036060) }) in Doggo
2024-06-04T16:00:29.225473Z TRACE VirtualDom::render_immediate:render{scope=Doggo}: dioxus_core::scope_context: looking for context dioxus_core::suspense::SuspenseContext (TypeId { t: (4533244013398082440, 10897659798729036060) }) in FrozenContext
2024-06-04T16:00:29.225489Z TRACE VirtualDom::render_immediate:render{scope=Doggo}: dioxus_core::scope_context: found context TypeId { t: (9286496122914249738, 8586425926625933774) }
2024-06-04T16:00:29.225514Z TRACE VirtualDom::render_immediate:render{scope=Doggo}: dioxus_core::scope_context: looking for context dioxus_core::suspense::SuspenseContext (TypeId { t: (4533244013398082440, 10897659798729036060) }) in SuspenseBoundary
2024-06-04T16:00:29.225528Z TRACE VirtualDom::render_immediate:render{scope=Doggo}: dioxus_core::scope_context: found context TypeId { t: (4533244013398082440, 10897659798729036060) }
2024-06-04T16:00:29.284150Z TRACE VirtualDom::wait_for_work:VirtualDom::process_events: dioxus_core::virtual_dom: Marking task Task { id: 3, unsend: PhantomData<*const ()> } (spawned in ScopeId(4)) as dirty (called from Location { file: "packages/core/src/virtual_dom.rs", line: 505, col: 58 })
2024-06-04T16:00:29.284248Z  INFO VirtualDom::wait_for_work:VirtualDom::process_events:VirtualDom::poll_tasks: dioxus_core::tasks: Polling task Task { id: 3, unsend: PhantomData<*const ()> }
2024-06-04T16:00:29.284326Z  INFO VirtualDom::wait_for_work:VirtualDom::process_events:VirtualDom::poll_tasks: dioxus_core::tasks: Task Task { id: 3, unsend: PhantomData<*const ()> } finished with result Pending
2024-06-04T16:00:29.284358Z TRACE VirtualDom::wait_for_work:VirtualDom::process_events:VirtualDom::poll_tasks: dioxus_core::virtual_dom: Marking scope ScopeId(4, "Doggo") as dirty
2024-06-04T16:00:29.284509Z TRACE VirtualDom::render_immediate:render{scope=Doggo}: dioxus_signals::signal: Subscribing to the reactive context ReactiveContext(for scope: ScopeId(4, "Doggo"))
2024-06-04T16:00:29.284548Z TRACE VirtualDom::render_immediate:render{scope=Doggo}: dioxus_signals::signal: Subscribing to the reactive context ReactiveContext(for scope: ScopeId(4, "Doggo"))
2024-06-04T16:00:29.284580Z TRACE VirtualDom::render_immediate:render{scope=Doggo}: dioxus_core::scope_context: looking for context dioxus_core::suspense::SuspenseContext (TypeId { t: (4533244013398082440, 10897659798729036060) }) in Doggo
2024-06-04T16:00:29.284606Z TRACE VirtualDom::render_immediate:render{scope=Doggo}: dioxus_core::scope_context: looking for context dioxus_core::suspense::SuspenseContext (TypeId { t: (4533244013398082440, 10897659798729036060) }) in FrozenContext
2024-06-04T16:00:29.284626Z TRACE VirtualDom::render_immediate:render{scope=Doggo}: dioxus_core::scope_context: found context TypeId { t: (9286496122914249738, 8586425926625933774) }
2024-06-04T16:00:29.284645Z TRACE VirtualDom::render_immediate:render{scope=Doggo}: dioxus_core::scope_context: looking for context dioxus_core::suspense::SuspenseContext (TypeId { t: (4533244013398082440, 10897659798729036060) }) in SuspenseBoundary
2024-06-04T16:00:29.284663Z TRACE VirtualDom::render_immediate:render{scope=Doggo}: dioxus_core::scope_context: found context TypeId { t: (4533244013398082440, 10897659798729036060) }
2024-06-04T16:00:29.327223Z TRACE VirtualDom::wait_for_work:VirtualDom::process_events: dioxus_core::virtual_dom: Marking task Task { id: 0, unsend: PhantomData<*const ()> } (spawned in ScopeId(3)) as dirty (called from Location { file: "packages/core/src/virtual_dom.rs", line: 505, col: 58 })
2024-06-04T16:00:29.327316Z  INFO VirtualDom::wait_for_work:VirtualDom::process_events:VirtualDom::poll_tasks: dioxus_core::tasks: Polling task Task { id: 0, unsend: PhantomData<*const ()> }
2024-06-04T16:00:29.327391Z  INFO VirtualDom::wait_for_work:VirtualDom::process_events:VirtualDom::poll_tasks: dioxus_core::tasks: Task Task { id: 0, unsend: PhantomData<*const ()> } finished with result Pending
2024-06-04T16:00:29.327423Z TRACE VirtualDom::wait_for_work:VirtualDom::process_events:VirtualDom::poll_tasks: dioxus_core::virtual_dom: Marking scope ScopeId(3, "Doggo") as dirty
2024-06-04T16:00:29.327578Z TRACE VirtualDom::render_immediate:render{scope=Doggo}: dioxus_signals::signal: Subscribing to the reactive context ReactiveContext(for scope: ScopeId(3, "Doggo"))
2024-06-04T16:00:29.327614Z TRACE VirtualDom::render_immediate:render{scope=Doggo}: dioxus_signals::signal: Subscribing to the reactive context ReactiveContext(for scope: ScopeId(3, "Doggo"))
2024-06-04T16:00:29.327665Z TRACE VirtualDom::render_immediate:render{scope=Doggo}: dioxus_core::scope_context: looking for context dioxus_core::suspense::SuspenseContext (TypeId { t: (4533244013398082440, 10897659798729036060) }) in Doggo
2024-06-04T16:00:29.327687Z TRACE VirtualDom::render_immediate:render{scope=Doggo}: dioxus_core::scope_context: looking for context dioxus_core::suspense::SuspenseContext (TypeId { t: (4533244013398082440, 10897659798729036060) }) in FrozenContext
2024-06-04T16:00:29.327725Z TRACE VirtualDom::render_immediate:render{scope=Doggo}: dioxus_core::scope_context: found context TypeId { t: (9286496122914249738, 8586425926625933774) }
2024-06-04T16:00:29.327743Z TRACE VirtualDom::render_immediate:render{scope=Doggo}: dioxus_core::scope_context: looking for context dioxus_core::suspense::SuspenseContext (TypeId { t: (4533244013398082440, 10897659798729036060) }) in SuspenseBoundary
2024-06-04T16:00:29.327762Z TRACE VirtualDom::render_immediate:render{scope=Doggo}: dioxus_core::scope_context: found context TypeId { t: (4533244013398082440, 10897659798729036060) }
2024-06-04T16:00:29.340230Z TRACE VirtualDom::wait_for_work:VirtualDom::process_events: dioxus_core::virtual_dom: Marking task Task { id: 6, unsend: PhantomData<*const ()> } (spawned in ScopeId(5)) as dirty (called from Location { file: "packages/core/src/virtual_dom.rs", line: 505, col: 58 })
2024-06-04T16:00:29.340294Z  INFO VirtualDom::wait_for_work:VirtualDom::process_events:VirtualDom::poll_tasks: dioxus_core::tasks: Polling task Task { id: 6, unsend: PhantomData<*const ()> }
2024-06-04T16:00:29.340341Z TRACE VirtualDom::wait_for_work:VirtualDom::process_events:VirtualDom::poll_tasks: dioxus_signals::signal: Write on signal at examples/suspense.rs:122:19 finished, updating subscribers
2024-06-04T16:00:29.340376Z TRACE VirtualDom::wait_for_work:VirtualDom::process_events:VirtualDom::poll_tasks: dioxus_signals::reactive_context: Marking reactive context created at packages/signals/src/reactive_context.rs:117:13 as dirty
2024-06-04T16:00:29.340399Z TRACE VirtualDom::wait_for_work:VirtualDom::process_events:VirtualDom::poll_tasks: dioxus_signals::reactive_context: Marking scope ScopeId(5, "LoadingDots") as dirty
2024-06-04T16:00:29.340441Z  INFO VirtualDom::wait_for_work:VirtualDom::process_events:VirtualDom::poll_tasks: dioxus_core::tasks: Task Task { id: 6, unsend: PhantomData<*const ()> } finished with result Pending
2024-06-04T16:00:29.340466Z TRACE VirtualDom::wait_for_work:VirtualDom::process_events:VirtualDom::poll_tasks: dioxus_core::virtual_dom: Marking scope ScopeId(5, "LoadingDots") as dirty
2024-06-04T16:00:29.340576Z TRACE VirtualDom::render_immediate:render{scope=LoadingDots}: dioxus_signals::signal: Subscribing to the reactive context ReactiveContext(for scope: ScopeId(5, "LoadingDots"))
2024-06-04T16:00:29.340628Z TRACE VirtualDom::render_immediate: dioxus_core::scope_context: looking for context dioxus_core::suspense::FrozenContext (TypeId { t: (9286496122914249738, 8586425926625933774) }) in LoadingDots
2024-06-04T16:00:29.340649Z TRACE VirtualDom::render_immediate: dioxus_core::scope_context: looking for context dioxus_core::suspense::FrozenContext (TypeId { t: (9286496122914249738, 8586425926625933774) }) in SuspenseBoundary
2024-06-04T16:00:29.340665Z TRACE VirtualDom::render_immediate: dioxus_core::scope_context: found context TypeId { t: (4533244013398082440, 10897659798729036060) }
2024-06-04T16:00:29.340681Z TRACE VirtualDom::render_immediate: dioxus_core::scope_context: looking for context dioxus_core::suspense::FrozenContext (TypeId { t: (9286496122914249738, 8586425926625933774) }) in app
2024-06-04T16:00:29.340696Z TRACE VirtualDom::render_immediate: dioxus_core::scope_context: found context TypeId { t: (3582638416876954437, 3810890675802792692) }
2024-06-04T16:00:29.340711Z TRACE VirtualDom::render_immediate: dioxus_core::scope_context: found context TypeId { t: (7946844621057603534, 4355211565432133561) }
2024-06-04T16:00:29.340726Z TRACE VirtualDom::render_immediate: dioxus_core::scope_context: found context TypeId { t: (10682502755203913650, 15985576721215419306) }
2024-06-04T16:00:29.340740Z TRACE VirtualDom::render_immediate: dioxus_core::scope_context: context dioxus_core::suspense::FrozenContext (TypeId { t: (9286496122914249738, 8586425926625933774) }) not found
2024-06-04T16:00:29.340767Z TRACE VirtualDom::render_immediate: dioxus_core::diff::node: moving mount self=VNode { vnode: VNodeInner { key: None, template: Cell { value: Template { name: "examples/suspense.rs:127:5:4128", roots: [Dynamic { id: 0 }], node_paths: [[0]], attr_paths: [] } }, dynamic_nodes: [Text(VText { value: ".." })], dynamic_attrs: [] }, mount: Cell { value: MountId(7) } } new=VNode { vnode: VNodeInner { key: None, template: Cell { value: Template { name: "examples/suspense.rs:127:5:4128", roots: [Dynamic { id: 0 }], node_paths: [[0]], attr_paths: [] } }, dynamic_nodes: [Text(VText { value: "..." })], dynamic_attrs: [] }, mount: Cell { value: MountId(7) } }
2024-06-04T16:00:29.340807Z TRACE VirtualDom::render_immediate: dioxus_core::diff::node: mount id: MountId(7)
2024-06-04T16:00:29.340822Z TRACE VirtualDom::render_immediate: dioxus_core::diff::node: mounts: Slab { len: 8, cap: 8 }
2024-06-04T16:00:29.386306Z TRACE VirtualDom::wait_for_work:VirtualDom::process_events: dioxus_core::virtual_dom: Marking task Task { id: 3, unsend: PhantomData<*const ()> } (spawned in ScopeId(4)) as dirty (called from Location { file: "packages/core/src/virtual_dom.rs", line: 505, col: 58 })
2024-06-04T16:00:29.386395Z  INFO VirtualDom::wait_for_work:VirtualDom::process_events:VirtualDom::poll_tasks: dioxus_core::tasks: Polling task Task { id: 3, unsend: PhantomData<*const ()> }
2024-06-04T16:00:29.386472Z  INFO VirtualDom::wait_for_work:VirtualDom::process_events:VirtualDom::poll_tasks: dioxus_core::tasks: Task Task { id: 3, unsend: PhantomData<*const ()> } finished with result Pending
2024-06-04T16:00:29.386503Z TRACE VirtualDom::wait_for_work:VirtualDom::process_events:VirtualDom::poll_tasks: dioxus_core::virtual_dom: Marking scope ScopeId(4, "Doggo") as dirty
2024-06-04T16:00:29.386638Z TRACE VirtualDom::render_immediate:render{scope=Doggo}: dioxus_signals::signal: Subscribing to the reactive context ReactiveContext(for scope: ScopeId(4, "Doggo"))
2024-06-04T16:00:29.386681Z TRACE VirtualDom::render_immediate:render{scope=Doggo}: dioxus_signals::signal: Subscribing to the reactive context ReactiveContext(for scope: ScopeId(4, "Doggo"))
2024-06-04T16:00:29.386720Z TRACE VirtualDom::render_immediate:render{scope=Doggo}: dioxus_core::scope_context: looking for context dioxus_core::suspense::SuspenseContext (TypeId { t: (4533244013398082440, 10897659798729036060) }) in Doggo
2024-06-04T16:00:29.386745Z TRACE VirtualDom::render_immediate:render{scope=Doggo}: dioxus_core::scope_context: looking for context dioxus_core::suspense::SuspenseContext (TypeId { t: (4533244013398082440, 10897659798729036060) }) in FrozenContext
2024-06-04T16:00:29.386765Z TRACE VirtualDom::render_immediate:render{scope=Doggo}: dioxus_core::scope_context: found context TypeId { t: (9286496122914249738, 8586425926625933774) }
2024-06-04T16:00:29.386798Z TRACE VirtualDom::render_immediate:render{scope=Doggo}: dioxus_core::scope_context: looking for context dioxus_core::suspense::SuspenseContext (TypeId { t: (4533244013398082440, 10897659798729036060) }) in SuspenseBoundary
2024-06-04T16:00:29.386816Z TRACE VirtualDom::render_immediate:render{scope=Doggo}: dioxus_core::scope_context: found context TypeId { t: (4533244013398082440, 10897659798729036060) }
2024-06-04T16:00:29.428808Z TRACE VirtualDom::wait_for_work:VirtualDom::process_events: dioxus_core::virtual_dom: Marking task Task { id: 0, unsend: PhantomData<*const ()> } (spawned in ScopeId(3)) as dirty (called from Location { file: "packages/core/src/virtual_dom.rs", line: 505, col: 58 })
2024-06-04T16:00:29.428945Z  INFO VirtualDom::wait_for_work:VirtualDom::process_events:VirtualDom::poll_tasks: dioxus_core::tasks: Polling task Task { id: 0, unsend: PhantomData<*const ()> }
2024-06-04T16:00:29.429038Z  INFO VirtualDom::wait_for_work:VirtualDom::process_events:VirtualDom::poll_tasks: dioxus_core::tasks: Task Task { id: 0, unsend: PhantomData<*const ()> } finished with result Pending
2024-06-04T16:00:29.429070Z TRACE VirtualDom::wait_for_work:VirtualDom::process_events:VirtualDom::poll_tasks: dioxus_core::virtual_dom: Marking scope ScopeId(3, "Doggo") as dirty
2024-06-04T16:00:29.429219Z TRACE VirtualDom::render_immediate:render{scope=Doggo}: dioxus_signals::signal: Subscribing to the reactive context ReactiveContext(for scope: ScopeId(3, "Doggo"))
2024-06-04T16:00:29.429262Z TRACE VirtualDom::render_immediate:render{scope=Doggo}: dioxus_signals::signal: Subscribing to the reactive context ReactiveContext(for scope: ScopeId(3, "Doggo"))
2024-06-04T16:00:29.429303Z TRACE VirtualDom::render_immediate:render{scope=Doggo}: dioxus_core::scope_context: looking for context dioxus_core::suspense::SuspenseContext (TypeId { t: (4533244013398082440, 10897659798729036060) }) in Doggo
2024-06-04T16:00:29.429330Z TRACE VirtualDom::render_immediate:render{scope=Doggo}: dioxus_core::scope_context: looking for context dioxus_core::suspense::SuspenseContext (TypeId { t: (4533244013398082440, 10897659798729036060) }) in FrozenContext
2024-06-04T16:00:29.429349Z TRACE VirtualDom::render_immediate:render{scope=Doggo}: dioxus_core::scope_context: found context TypeId { t: (9286496122914249738, 8586425926625933774) }
2024-06-04T16:00:29.429368Z TRACE VirtualDom::render_immediate:render{scope=Doggo}: dioxus_core::scope_context: looking for context dioxus_core::suspense::SuspenseContext (TypeId { t: (4533244013398082440, 10897659798729036060) }) in SuspenseBoundary
2024-06-04T16:00:29.429386Z TRACE VirtualDom::render_immediate:render{scope=Doggo}: dioxus_core::scope_context: found context TypeId { t: (4533244013398082440, 10897659798729036060) }
2024-06-04T16:00:29.488901Z TRACE VirtualDom::wait_for_work:VirtualDom::process_events: dioxus_core::virtual_dom: Marking task Task { id: 3, unsend: PhantomData<*const ()> } (spawned in ScopeId(4)) as dirty (called from Location { file: "packages/core/src/virtual_dom.rs", line: 505, col: 58 })
2024-06-04T16:00:29.489035Z  INFO VirtualDom::wait_for_work:VirtualDom::process_events:VirtualDom::poll_tasks: dioxus_core::tasks: Polling task Task { id: 3, unsend: PhantomData<*const ()> }
2024-06-04T16:00:29.489130Z  INFO VirtualDom::wait_for_work:VirtualDom::process_events:VirtualDom::poll_tasks: dioxus_core::tasks: Task Task { id: 3, unsend: PhantomData<*const ()> } finished with result Pending
2024-06-04T16:00:29.489163Z TRACE VirtualDom::wait_for_work:VirtualDom::process_events:VirtualDom::poll_tasks: dioxus_core::virtual_dom: Marking scope ScopeId(4, "Doggo") as dirty
2024-06-04T16:00:29.489336Z TRACE VirtualDom::render_immediate:render{scope=Doggo}: dioxus_signals::signal: Subscribing to the reactive context ReactiveContext(for scope: ScopeId(4, "Doggo"))
2024-06-04T16:00:29.489391Z TRACE VirtualDom::render_immediate:render{scope=Doggo}: dioxus_signals::signal: Subscribing to the reactive context ReactiveContext(for scope: ScopeId(4, "Doggo"))
2024-06-04T16:00:29.489431Z TRACE VirtualDom::render_immediate:render{scope=Doggo}: dioxus_core::scope_context: looking for context dioxus_core::suspense::SuspenseContext (TypeId { t: (4533244013398082440, 10897659798729036060) }) in Doggo
2024-06-04T16:00:29.489458Z TRACE VirtualDom::render_immediate:render{scope=Doggo}: dioxus_core::scope_context: looking for context dioxus_core::suspense::SuspenseContext (TypeId { t: (4533244013398082440, 10897659798729036060) }) in FrozenContext
2024-06-04T16:00:29.489478Z TRACE VirtualDom::render_immediate:render{scope=Doggo}: dioxus_core::scope_context: found context TypeId { t: (9286496122914249738, 8586425926625933774) }
2024-06-04T16:00:29.489496Z TRACE VirtualDom::render_immediate:render{scope=Doggo}: dioxus_core::scope_context: looking for context dioxus_core::suspense::SuspenseContext (TypeId { t: (4533244013398082440, 10897659798729036060) }) in SuspenseBoundary
2024-06-04T16:00:29.489516Z TRACE VirtualDom::render_immediate:render{scope=Doggo}: dioxus_core::scope_context: found context TypeId { t: (4533244013398082440, 10897659798729036060) }
2024-06-04T16:00:29.530973Z TRACE VirtualDom::wait_for_work:VirtualDom::process_events: dioxus_core::virtual_dom: Marking task Task { id: 0, unsend: PhantomData<*const ()> } (spawned in ScopeId(3)) as dirty (called from Location { file: "packages/core/src/virtual_dom.rs", line: 505, col: 58 })
2024-06-04T16:00:29.531079Z  INFO VirtualDom::wait_for_work:VirtualDom::process_events:VirtualDom::poll_tasks: dioxus_core::tasks: Polling task Task { id: 0, unsend: PhantomData<*const ()> }
2024-06-04T16:00:29.531153Z  INFO VirtualDom::wait_for_work:VirtualDom::process_events:VirtualDom::poll_tasks: dioxus_core::tasks: Task Task { id: 0, unsend: PhantomData<*const ()> } finished with result Pending
2024-06-04T16:00:29.531182Z TRACE VirtualDom::wait_for_work:VirtualDom::process_events:VirtualDom::poll_tasks: dioxus_core::virtual_dom: Marking scope ScopeId(3, "Doggo") as dirty
2024-06-04T16:00:29.531342Z TRACE VirtualDom::render_immediate:render{scope=Doggo}: dioxus_signals::signal: Subscribing to the reactive context ReactiveContext(for scope: ScopeId(3, "Doggo"))
2024-06-04T16:00:29.531387Z TRACE VirtualDom::render_immediate:render{scope=Doggo}: dioxus_signals::signal: Subscribing to the reactive context ReactiveContext(for scope: ScopeId(3, "Doggo"))
2024-06-04T16:00:29.531424Z TRACE VirtualDom::render_immediate:render{scope=Doggo}: dioxus_core::scope_context: looking for context dioxus_core::suspense::SuspenseContext (TypeId { t: (4533244013398082440, 10897659798729036060) }) in Doggo
2024-06-04T16:00:29.531446Z TRACE VirtualDom::render_immediate:render{scope=Doggo}: dioxus_core::scope_context: looking for context dioxus_core::suspense::SuspenseContext (TypeId { t: (4533244013398082440, 10897659798729036060) }) in FrozenContext
2024-06-04T16:00:29.531463Z TRACE VirtualDom::render_immediate:render{scope=Doggo}: dioxus_core::scope_context: found context TypeId { t: (9286496122914249738, 8586425926625933774) }
2024-06-04T16:00:29.531479Z TRACE VirtualDom::render_immediate:render{scope=Doggo}: dioxus_core::scope_context: looking for context dioxus_core::suspense::SuspenseContext (TypeId { t: (4533244013398082440, 10897659798729036060) }) in SuspenseBoundary
2024-06-04T16:00:29.531495Z TRACE VirtualDom::render_immediate:render{scope=Doggo}: dioxus_core::scope_context: found context TypeId { t: (4533244013398082440, 10897659798729036060) }
2024-06-04T16:00:29.542999Z TRACE VirtualDom::wait_for_work:VirtualDom::process_events: dioxus_core::virtual_dom: Marking task Task { id: 6, unsend: PhantomData<*const ()> } (spawned in ScopeId(5)) as dirty (called from Location { file: "packages/core/src/virtual_dom.rs", line: 505, col: 58 })
2024-06-04T16:00:29.543063Z  INFO VirtualDom::wait_for_work:VirtualDom::process_events:VirtualDom::poll_tasks: dioxus_core::tasks: Polling task Task { id: 6, unsend: PhantomData<*const ()> }
2024-06-04T16:00:29.543134Z TRACE VirtualDom::wait_for_work:VirtualDom::process_events:VirtualDom::poll_tasks: dioxus_signals::signal: Write on signal at examples/suspense.rs:122:19 finished, updating subscribers
2024-06-04T16:00:29.543176Z TRACE VirtualDom::wait_for_work:VirtualDom::process_events:VirtualDom::poll_tasks: dioxus_signals::reactive_context: Marking reactive context created at packages/signals/src/reactive_context.rs:117:13 as dirty
2024-06-04T16:00:29.543196Z TRACE VirtualDom::wait_for_work:VirtualDom::process_events:VirtualDom::poll_tasks: dioxus_signals::reactive_context: Marking scope ScopeId(5, "LoadingDots") as dirty
2024-06-04T16:00:29.543241Z  INFO VirtualDom::wait_for_work:VirtualDom::process_events:VirtualDom::poll_tasks: dioxus_core::tasks: Task Task { id: 6, unsend: PhantomData<*const ()> } finished with result Pending
2024-06-04T16:00:29.543265Z TRACE VirtualDom::wait_for_work:VirtualDom::process_events:VirtualDom::poll_tasks: dioxus_core::virtual_dom: Marking scope ScopeId(5, "LoadingDots") as dirty
2024-06-04T16:00:29.543384Z TRACE VirtualDom::render_immediate:render{scope=LoadingDots}: dioxus_signals::signal: Subscribing to the reactive context ReactiveContext(for scope: ScopeId(5, "LoadingDots"))
2024-06-04T16:00:29.543443Z TRACE VirtualDom::render_immediate: dioxus_core::scope_context: looking for context dioxus_core::suspense::FrozenContext (TypeId { t: (9286496122914249738, 8586425926625933774) }) in LoadingDots
2024-06-04T16:00:29.543463Z TRACE VirtualDom::render_immediate: dioxus_core::scope_context: looking for context dioxus_core::suspense::FrozenContext (TypeId { t: (9286496122914249738, 8586425926625933774) }) in SuspenseBoundary
2024-06-04T16:00:29.543478Z TRACE VirtualDom::render_immediate: dioxus_core::scope_context: found context TypeId { t: (4533244013398082440, 10897659798729036060) }
2024-06-04T16:00:29.543490Z TRACE VirtualDom::render_immediate: dioxus_core::scope_context: looking for context dioxus_core::suspense::FrozenContext (TypeId { t: (9286496122914249738, 8586425926625933774) }) in app
2024-06-04T16:00:29.543503Z TRACE VirtualDom::render_immediate: dioxus_core::scope_context: found context TypeId { t: (3582638416876954437, 3810890675802792692) }
2024-06-04T16:00:29.543518Z TRACE VirtualDom::render_immediate: dioxus_core::scope_context: found context TypeId { t: (7946844621057603534, 4355211565432133561) }
2024-06-04T16:00:29.543531Z TRACE VirtualDom::render_immediate: dioxus_core::scope_context: found context TypeId { t: (10682502755203913650, 15985576721215419306) }
2024-06-04T16:00:29.543547Z TRACE VirtualDom::render_immediate: dioxus_core::scope_context: context dioxus_core::suspense::FrozenContext (TypeId { t: (9286496122914249738, 8586425926625933774) }) not found
2024-06-04T16:00:29.543577Z TRACE VirtualDom::render_immediate: dioxus_core::diff::node: moving mount self=VNode { vnode: VNodeInner { key: None, template: Cell { value: Template { name: "examples/suspense.rs:127:5:4128", roots: [Dynamic { id: 0 }], node_paths: [[0]], attr_paths: [] } }, dynamic_nodes: [Text(VText { value: "..." })], dynamic_attrs: [] }, mount: Cell { value: MountId(7) } } new=VNode { vnode: VNodeInner { key: None, template: Cell { value: Template { name: "examples/suspense.rs:127:5:4128", roots: [Dynamic { id: 0 }], node_paths: [[0]], attr_paths: [] } }, dynamic_nodes: [Text(VText { value: "" })], dynamic_attrs: [] }, mount: Cell { value: MountId(7) } }
2024-06-04T16:00:29.543622Z TRACE VirtualDom::render_immediate: dioxus_core::diff::node: mount id: MountId(7)
2024-06-04T16:00:29.543635Z TRACE VirtualDom::render_immediate: dioxus_core::diff::node: mounts: Slab { len: 8, cap: 8 }
2024-06-04T16:00:29.592086Z TRACE VirtualDom::wait_for_work:VirtualDom::process_events: dioxus_core::virtual_dom: Marking task Task { id: 3, unsend: PhantomData<*const ()> } (spawned in ScopeId(4)) as dirty (called from Location { file: "packages/core/src/virtual_dom.rs", line: 505, col: 58 })
2024-06-04T16:00:29.592169Z  INFO VirtualDom::wait_for_work:VirtualDom::process_events:VirtualDom::poll_tasks: dioxus_core::tasks: Polling task Task { id: 3, unsend: PhantomData<*const ()> }
2024-06-04T16:00:29.592250Z  INFO VirtualDom::wait_for_work:VirtualDom::process_events:VirtualDom::poll_tasks: dioxus_core::tasks: Task Task { id: 3, unsend: PhantomData<*const ()> } finished with result Pending
2024-06-04T16:00:29.592277Z TRACE VirtualDom::wait_for_work:VirtualDom::process_events:VirtualDom::poll_tasks: dioxus_core::virtual_dom: Marking scope ScopeId(4, "Doggo") as dirty
2024-06-04T16:00:29.592411Z TRACE VirtualDom::render_immediate:render{scope=Doggo}: dioxus_signals::signal: Subscribing to the reactive context ReactiveContext(for scope: ScopeId(4, "Doggo"))
2024-06-04T16:00:29.592454Z TRACE VirtualDom::render_immediate:render{scope=Doggo}: dioxus_signals::signal: Subscribing to the reactive context ReactiveContext(for scope: ScopeId(4, "Doggo"))
2024-06-04T16:00:29.592485Z TRACE VirtualDom::render_immediate:render{scope=Doggo}: dioxus_core::scope_context: looking for context dioxus_core::suspense::SuspenseContext (TypeId { t: (4533244013398082440, 10897659798729036060) }) in Doggo
2024-06-04T16:00:29.592506Z TRACE VirtualDom::render_immediate:render{scope=Doggo}: dioxus_core::scope_context: looking for context dioxus_core::suspense::SuspenseContext (TypeId { t: (4533244013398082440, 10897659798729036060) }) in FrozenContext
2024-06-04T16:00:29.592557Z TRACE VirtualDom::render_immediate:render{scope=Doggo}: dioxus_core::scope_context: found context TypeId { t: (9286496122914249738, 8586425926625933774) }
2024-06-04T16:00:29.592574Z TRACE VirtualDom::render_immediate:render{scope=Doggo}: dioxus_core::scope_context: looking for context dioxus_core::suspense::SuspenseContext (TypeId { t: (4533244013398082440, 10897659798729036060) }) in SuspenseBoundary
2024-06-04T16:00:29.592590Z TRACE VirtualDom::render_immediate:render{scope=Doggo}: dioxus_core::scope_context: found context TypeId { t: (4533244013398082440, 10897659798729036060) }
2024-06-04T16:00:29.633459Z TRACE VirtualDom::wait_for_work:VirtualDom::process_events: dioxus_core::virtual_dom: Marking task Task { id: 0, unsend: PhantomData<*const ()> } (spawned in ScopeId(3)) as dirty (called from Location { file: "packages/core/src/virtual_dom.rs", line: 505, col: 58 })
2024-06-04T16:00:29.633559Z  INFO VirtualDom::wait_for_work:VirtualDom::process_events:VirtualDom::poll_tasks: dioxus_core::tasks: Polling task Task { id: 0, unsend: PhantomData<*const ()> }
2024-06-04T16:00:29.633631Z  INFO VirtualDom::wait_for_work:VirtualDom::process_events:VirtualDom::poll_tasks: dioxus_core::tasks: Task Task { id: 0, unsend: PhantomData<*const ()> } finished with result Pending
2024-06-04T16:00:29.633659Z TRACE VirtualDom::wait_for_work:VirtualDom::process_events:VirtualDom::poll_tasks: dioxus_core::virtual_dom: Marking scope ScopeId(3, "Doggo") as dirty
2024-06-04T16:00:29.633793Z TRACE VirtualDom::render_immediate:render{scope=Doggo}: dioxus_signals::signal: Subscribing to the reactive context ReactiveContext(for scope: ScopeId(3, "Doggo"))
2024-06-04T16:00:29.633841Z TRACE VirtualDom::render_immediate:render{scope=Doggo}: dioxus_signals::signal: Subscribing to the reactive context ReactiveContext(for scope: ScopeId(3, "Doggo"))
2024-06-04T16:00:29.633878Z TRACE VirtualDom::render_immediate:render{scope=Doggo}: dioxus_core::scope_context: looking for context dioxus_core::suspense::SuspenseContext (TypeId { t: (4533244013398082440, 10897659798729036060) }) in Doggo
2024-06-04T16:00:29.633898Z TRACE VirtualDom::render_immediate:render{scope=Doggo}: dioxus_core::scope_context: looking for context dioxus_core::suspense::SuspenseContext (TypeId { t: (4533244013398082440, 10897659798729036060) }) in FrozenContext
2024-06-04T16:00:29.633916Z TRACE VirtualDom::render_immediate:render{scope=Doggo}: dioxus_core::scope_context: found context TypeId { t: (9286496122914249738, 8586425926625933774) }
2024-06-04T16:00:29.633932Z TRACE VirtualDom::render_immediate:render{scope=Doggo}: dioxus_core::scope_context: looking for context dioxus_core::suspense::SuspenseContext (TypeId { t: (4533244013398082440, 10897659798729036060) }) in SuspenseBoundary
2024-06-04T16:00:29.633948Z TRACE VirtualDom::render_immediate:render{scope=Doggo}: dioxus_core::scope_context: found context TypeId { t: (4533244013398082440, 10897659798729036060) }
2024-06-04T16:00:29.694185Z TRACE VirtualDom::wait_for_work:VirtualDom::process_events: dioxus_core::virtual_dom: Marking task Task { id: 3, unsend: PhantomData<*const ()> } (spawned in ScopeId(4)) as dirty (called from Location { file: "packages/core/src/virtual_dom.rs", line: 505, col: 58 })
2024-06-04T16:00:29.694307Z  INFO VirtualDom::wait_for_work:VirtualDom::process_events:VirtualDom::poll_tasks: dioxus_core::tasks: Polling task Task { id: 3, unsend: PhantomData<*const ()> }
2024-06-04T16:00:29.694386Z  INFO VirtualDom::wait_for_work:VirtualDom::process_events:VirtualDom::poll_tasks: dioxus_core::tasks: Task Task { id: 3, unsend: PhantomData<*const ()> } finished with result Pending
2024-06-04T16:00:29.694412Z TRACE VirtualDom::wait_for_work:VirtualDom::process_events:VirtualDom::poll_tasks: dioxus_core::virtual_dom: Marking scope ScopeId(4, "Doggo") as dirty
2024-06-04T16:00:29.694558Z TRACE VirtualDom::render_immediate:render{scope=Doggo}: dioxus_signals::signal: Subscribing to the reactive context ReactiveContext(for scope: ScopeId(4, "Doggo"))
2024-06-04T16:00:29.694611Z TRACE VirtualDom::render_immediate:render{scope=Doggo}: dioxus_signals::signal: Subscribing to the reactive context ReactiveContext(for scope: ScopeId(4, "Doggo"))
2024-06-04T16:00:29.694651Z TRACE VirtualDom::render_immediate:render{scope=Doggo}: dioxus_core::scope_context: looking for context dioxus_core::suspense::SuspenseContext (TypeId { t: (4533244013398082440, 10897659798729036060) }) in Doggo
2024-06-04T16:00:29.694674Z TRACE VirtualDom::render_immediate:render{scope=Doggo}: dioxus_core::scope_context: looking for context dioxus_core::suspense::SuspenseContext (TypeId { t: (4533244013398082440, 10897659798729036060) }) in FrozenContext
2024-06-04T16:00:29.694691Z TRACE VirtualDom::render_immediate:render{scope=Doggo}: dioxus_core::scope_context: found context TypeId { t: (9286496122914249738, 8586425926625933774) }
2024-06-04T16:00:29.694708Z TRACE VirtualDom::render_immediate:render{scope=Doggo}: dioxus_core::scope_context: looking for context dioxus_core::suspense::SuspenseContext (TypeId { t: (4533244013398082440, 10897659798729036060) }) in SuspenseBoundary
2024-06-04T16:00:29.694724Z TRACE VirtualDom::render_immediate:render{scope=Doggo}: dioxus_core::scope_context: found context TypeId { t: (4533244013398082440, 10897659798729036060) }
2024-06-04T16:00:29.735278Z TRACE VirtualDom::wait_for_work:VirtualDom::process_events: dioxus_core::virtual_dom: Marking task Task { id: 0, unsend: PhantomData<*const ()> } (spawned in ScopeId(3)) as dirty (called from Location { file: "packages/core/src/virtual_dom.rs", line: 505, col: 58 })
2024-06-04T16:00:29.735410Z  INFO VirtualDom::wait_for_work:VirtualDom::process_events:VirtualDom::poll_tasks: dioxus_core::tasks: Polling task Task { id: 0, unsend: PhantomData<*const ()> }
2024-06-04T16:00:29.735480Z  INFO VirtualDom::wait_for_work:VirtualDom::process_events:VirtualDom::poll_tasks: dioxus_core::tasks: Task Task { id: 0, unsend: PhantomData<*const ()> } finished with result Pending
2024-06-04T16:00:29.735507Z TRACE VirtualDom::wait_for_work:VirtualDom::process_events:VirtualDom::poll_tasks: dioxus_core::virtual_dom: Marking scope ScopeId(3, "Doggo") as dirty
2024-06-04T16:00:29.735650Z TRACE VirtualDom::render_immediate:render{scope=Doggo}: dioxus_signals::signal: Subscribing to the reactive context ReactiveContext(for scope: ScopeId(3, "Doggo"))
2024-06-04T16:00:29.735714Z TRACE VirtualDom::render_immediate:render{scope=Doggo}: dioxus_signals::signal: Subscribing to the reactive context ReactiveContext(for scope: ScopeId(3, "Doggo"))
2024-06-04T16:00:29.735744Z TRACE VirtualDom::render_immediate:render{scope=Doggo}: dioxus_core::scope_context: looking for context dioxus_core::suspense::SuspenseContext (TypeId { t: (4533244013398082440, 10897659798729036060) }) in Doggo
2024-06-04T16:00:29.735763Z TRACE VirtualDom::render_immediate:render{scope=Doggo}: dioxus_core::scope_context: looking for context dioxus_core::suspense::SuspenseContext (TypeId { t: (4533244013398082440, 10897659798729036060) }) in FrozenContext
2024-06-04T16:00:29.735778Z TRACE VirtualDom::render_immediate:render{scope=Doggo}: dioxus_core::scope_context: found context TypeId { t: (9286496122914249738, 8586425926625933774) }
2024-06-04T16:00:29.735792Z TRACE VirtualDom::render_immediate:render{scope=Doggo}: dioxus_core::scope_context: looking for context dioxus_core::suspense::SuspenseContext (TypeId { t: (4533244013398082440, 10897659798729036060) }) in SuspenseBoundary
2024-06-04T16:00:29.735805Z TRACE VirtualDom::render_immediate:render{scope=Doggo}: dioxus_core::scope_context: found context TypeId { t: (4533244013398082440, 10897659798729036060) }
2024-06-04T16:00:29.745290Z TRACE VirtualDom::wait_for_work:VirtualDom::process_events: dioxus_core::virtual_dom: Marking task Task { id: 6, unsend: PhantomData<*const ()> } (spawned in ScopeId(5)) as dirty (called from Location { file: "packages/core/src/virtual_dom.rs", line: 505, col: 58 })
2024-06-04T16:00:29.745352Z  INFO VirtualDom::wait_for_work:VirtualDom::process_events:VirtualDom::poll_tasks: dioxus_core::tasks: Polling task Task { id: 6, unsend: PhantomData<*const ()> }
2024-06-04T16:00:29.745400Z TRACE VirtualDom::wait_for_work:VirtualDom::process_events:VirtualDom::poll_tasks: dioxus_signals::signal: Write on signal at examples/suspense.rs:122:19 finished, updating subscribers
2024-06-04T16:00:29.745434Z TRACE VirtualDom::wait_for_work:VirtualDom::process_events:VirtualDom::poll_tasks: dioxus_signals::reactive_context: Marking reactive context created at packages/signals/src/reactive_context.rs:117:13 as dirty
2024-06-04T16:00:29.745452Z TRACE VirtualDom::wait_for_work:VirtualDom::process_events:VirtualDom::poll_tasks: dioxus_signals::reactive_context: Marking scope ScopeId(5, "LoadingDots") as dirty
2024-06-04T16:00:29.745489Z  INFO VirtualDom::wait_for_work:VirtualDom::process_events:VirtualDom::poll_tasks: dioxus_core::tasks: Task Task { id: 6, unsend: PhantomData<*const ()> } finished with result Pending
2024-06-04T16:00:29.745509Z TRACE VirtualDom::wait_for_work:VirtualDom::process_events:VirtualDom::poll_tasks: dioxus_core::virtual_dom: Marking scope ScopeId(5, "LoadingDots") as dirty
2024-06-04T16:00:29.745606Z TRACE VirtualDom::render_immediate:render{scope=LoadingDots}: dioxus_signals::signal: Subscribing to the reactive context ReactiveContext(for scope: ScopeId(5, "LoadingDots"))
2024-06-04T16:00:29.745646Z TRACE VirtualDom::render_immediate: dioxus_core::scope_context: looking for context dioxus_core::suspense::FrozenContext (TypeId { t: (9286496122914249738, 8586425926625933774) }) in LoadingDots
2024-06-04T16:00:29.745661Z TRACE VirtualDom::render_immediate: dioxus_core::scope_context: looking for context dioxus_core::suspense::FrozenContext (TypeId { t: (9286496122914249738, 8586425926625933774) }) in SuspenseBoundary
2024-06-04T16:00:29.745674Z TRACE VirtualDom::render_immediate: dioxus_core::scope_context: found context TypeId { t: (4533244013398082440, 10897659798729036060) }
2024-06-04T16:00:29.745686Z TRACE VirtualDom::render_immediate: dioxus_core::scope_context: looking for context dioxus_core::suspense::FrozenContext (TypeId { t: (9286496122914249738, 8586425926625933774) }) in app
2024-06-04T16:00:29.745698Z TRACE VirtualDom::render_immediate: dioxus_core::scope_context: found context TypeId { t: (3582638416876954437, 3810890675802792692) }
2024-06-04T16:00:29.745709Z TRACE VirtualDom::render_immediate: dioxus_core::scope_context: found context TypeId { t: (7946844621057603534, 4355211565432133561) }
2024-06-04T16:00:29.745720Z TRACE VirtualDom::render_immediate: dioxus_core::scope_context: found context TypeId { t: (10682502755203913650, 15985576721215419306) }
2024-06-04T16:00:29.745731Z TRACE VirtualDom::render_immediate: dioxus_core::scope_context: context dioxus_core::suspense::FrozenContext (TypeId { t: (9286496122914249738, 8586425926625933774) }) not found
2024-06-04T16:00:29.745758Z TRACE VirtualDom::render_immediate: dioxus_core::diff::node: moving mount self=VNode { vnode: VNodeInner { key: None, template: Cell { value: Template { name: "examples/suspense.rs:127:5:4128", roots: [Dynamic { id: 0 }], node_paths: [[0]], attr_paths: [] } }, dynamic_nodes: [Text(VText { value: "" })], dynamic_attrs: [] }, mount: Cell { value: MountId(7) } } new=VNode { vnode: VNodeInner { key: None, template: Cell { value: Template { name: "examples/suspense.rs:127:5:4128", roots: [Dynamic { id: 0 }], node_paths: [[0]], attr_paths: [] } }, dynamic_nodes: [Text(VText { value: "." })], dynamic_attrs: [] }, mount: Cell { value: MountId(7) } }
2024-06-04T16:00:29.745796Z TRACE VirtualDom::render_immediate: dioxus_core::diff::node: mount id: MountId(7)
2024-06-04T16:00:29.745806Z TRACE VirtualDom::render_immediate: dioxus_core::diff::node: mounts: Slab { len: 8, cap: 8 }
2024-06-04T16:00:29.796333Z TRACE VirtualDom::wait_for_work:VirtualDom::process_events: dioxus_core::virtual_dom: Marking task Task { id: 3, unsend: PhantomData<*const ()> } (spawned in ScopeId(4)) as dirty (called from Location { file: "packages/core/src/virtual_dom.rs", line: 505, col: 58 })
2024-06-04T16:00:29.796395Z  INFO VirtualDom::wait_for_work:VirtualDom::process_events:VirtualDom::poll_tasks: dioxus_core::tasks: Polling task Task { id: 3, unsend: PhantomData<*const ()> }
2024-06-04T16:00:29.796448Z  INFO VirtualDom::wait_for_work:VirtualDom::process_events:VirtualDom::poll_tasks: dioxus_core::tasks: Task Task { id: 3, unsend: PhantomData<*const ()> } finished with result Pending
2024-06-04T16:00:29.796470Z TRACE VirtualDom::wait_for_work:VirtualDom::process_events:VirtualDom::poll_tasks: dioxus_core::virtual_dom: Marking scope ScopeId(4, "Doggo") as dirty
2024-06-04T16:00:29.796571Z TRACE VirtualDom::render_immediate:render{scope=Doggo}: dioxus_signals::signal: Subscribing to the reactive context ReactiveContext(for scope: ScopeId(4, "Doggo"))
2024-06-04T16:00:29.796603Z TRACE VirtualDom::render_immediate:render{scope=Doggo}: dioxus_signals::signal: Subscribing to the reactive context ReactiveContext(for scope: ScopeId(4, "Doggo"))
2024-06-04T16:00:29.796633Z TRACE VirtualDom::render_immediate:render{scope=Doggo}: dioxus_core::scope_context: looking for context dioxus_core::suspense::SuspenseContext (TypeId { t: (4533244013398082440, 10897659798729036060) }) in Doggo
2024-06-04T16:00:29.796657Z TRACE VirtualDom::render_immediate:render{scope=Doggo}: dioxus_core::scope_context: looking for context dioxus_core::suspense::SuspenseContext (TypeId { t: (4533244013398082440, 10897659798729036060) }) in FrozenContext
2024-06-04T16:00:29.796674Z TRACE VirtualDom::render_immediate:render{scope=Doggo}: dioxus_core::scope_context: found context TypeId { t: (9286496122914249738, 8586425926625933774) }
2024-06-04T16:00:29.796690Z TRACE VirtualDom::render_immediate:render{scope=Doggo}: dioxus_core::scope_context: looking for context dioxus_core::suspense::SuspenseContext (TypeId { t: (4533244013398082440, 10897659798729036060) }) in SuspenseBoundary
2024-06-04T16:00:29.796706Z TRACE VirtualDom::render_immediate:render{scope=Doggo}: dioxus_core::scope_context: found context TypeId { t: (4533244013398082440, 10897659798729036060) }
2024-06-04T16:00:29.837409Z TRACE VirtualDom::wait_for_work:VirtualDom::process_events: dioxus_core::virtual_dom: Marking task Task { id: 0, unsend: PhantomData<*const ()> } (spawned in ScopeId(3)) as dirty (called from Location { file: "packages/core/src/virtual_dom.rs", line: 505, col: 58 })
2024-06-04T16:00:29.837510Z  INFO VirtualDom::wait_for_work:VirtualDom::process_events:VirtualDom::poll_tasks: dioxus_core::tasks: Polling task Task { id: 0, unsend: PhantomData<*const ()> }
2024-06-04T16:00:29.837577Z  INFO VirtualDom::wait_for_work:VirtualDom::process_events:VirtualDom::poll_tasks: dioxus_core::tasks: Task Task { id: 0, unsend: PhantomData<*const ()> } finished with result Pending
2024-06-04T16:00:29.837606Z TRACE VirtualDom::wait_for_work:VirtualDom::process_events:VirtualDom::poll_tasks: dioxus_core::virtual_dom: Marking scope ScopeId(3, "Doggo") as dirty
2024-06-04T16:00:29.837742Z TRACE VirtualDom::render_immediate:render{scope=Doggo}: dioxus_signals::signal: Subscribing to the reactive context ReactiveContext(for scope: ScopeId(3, "Doggo"))
2024-06-04T16:00:29.837780Z TRACE VirtualDom::render_immediate:render{scope=Doggo}: dioxus_signals::signal: Subscribing to the reactive context ReactiveContext(for scope: ScopeId(3, "Doggo"))
2024-06-04T16:00:29.837809Z TRACE VirtualDom::render_immediate:render{scope=Doggo}: dioxus_core::scope_context: looking for context dioxus_core::suspense::SuspenseContext (TypeId { t: (4533244013398082440, 10897659798729036060) }) in Doggo
2024-06-04T16:00:29.837828Z TRACE VirtualDom::render_immediate:render{scope=Doggo}: dioxus_core::scope_context: looking for context dioxus_core::suspense::SuspenseContext (TypeId { t: (4533244013398082440, 10897659798729036060) }) in FrozenContext
2024-06-04T16:00:29.837844Z TRACE VirtualDom::render_immediate:render{scope=Doggo}: dioxus_core::scope_context: found context TypeId { t: (9286496122914249738, 8586425926625933774) }
2024-06-04T16:00:29.837860Z TRACE VirtualDom::render_immediate:render{scope=Doggo}: dioxus_core::scope_context: looking for context dioxus_core::suspense::SuspenseContext (TypeId { t: (4533244013398082440, 10897659798729036060) }) in SuspenseBoundary
2024-06-04T16:00:29.837875Z TRACE VirtualDom::render_immediate:render{scope=Doggo}: dioxus_core::scope_context: found context TypeId { t: (4533244013398082440, 10897659798729036060) }
2024-06-04T16:00:29.898573Z TRACE VirtualDom::wait_for_work:VirtualDom::process_events: dioxus_core::virtual_dom: Marking task Task { id: 3, unsend: PhantomData<*const ()> } (spawned in ScopeId(4)) as dirty (called from Location { file: "packages/core/src/virtual_dom.rs", line: 505, col: 58 })
2024-06-04T16:00:29.898713Z  INFO VirtualDom::wait_for_work:VirtualDom::process_events:VirtualDom::poll_tasks: dioxus_core::tasks: Polling task Task { id: 3, unsend: PhantomData<*const ()> }
2024-06-04T16:00:29.898804Z  INFO VirtualDom::wait_for_work:VirtualDom::process_events:VirtualDom::poll_tasks: dioxus_core::tasks: Task Task { id: 3, unsend: PhantomData<*const ()> } finished with result Pending
2024-06-04T16:00:29.898838Z TRACE VirtualDom::wait_for_work:VirtualDom::process_events:VirtualDom::poll_tasks: dioxus_core::virtual_dom: Marking scope ScopeId(4, "Doggo") as dirty
2024-06-04T16:00:29.898989Z TRACE VirtualDom::render_immediate:render{scope=Doggo}: dioxus_signals::signal: Subscribing to the reactive context ReactiveContext(for scope: ScopeId(4, "Doggo"))
2024-06-04T16:00:29.899034Z TRACE VirtualDom::render_immediate:render{scope=Doggo}: dioxus_signals::signal: Subscribing to the reactive context ReactiveContext(for scope: ScopeId(4, "Doggo"))
2024-06-04T16:00:29.899072Z TRACE VirtualDom::render_immediate:render{scope=Doggo}: dioxus_core::scope_context: looking for context dioxus_core::suspense::SuspenseContext (TypeId { t: (4533244013398082440, 10897659798729036060) }) in Doggo
2024-06-04T16:00:29.899097Z TRACE VirtualDom::render_immediate:render{scope=Doggo}: dioxus_core::scope_context: looking for context dioxus_core::suspense::SuspenseContext (TypeId { t: (4533244013398082440, 10897659798729036060) }) in FrozenContext
2024-06-04T16:00:29.899117Z TRACE VirtualDom::render_immediate:render{scope=Doggo}: dioxus_core::scope_context: found context TypeId { t: (9286496122914249738, 8586425926625933774) }
2024-06-04T16:00:29.899136Z TRACE VirtualDom::render_immediate:render{scope=Doggo}: dioxus_core::scope_context: looking for context dioxus_core::suspense::SuspenseContext (TypeId { t: (4533244013398082440, 10897659798729036060) }) in SuspenseBoundary
2024-06-04T16:00:29.899155Z TRACE VirtualDom::render_immediate:render{scope=Doggo}: dioxus_core::scope_context: found context TypeId { t: (4533244013398082440, 10897659798729036060) }
2024-06-04T16:00:29.938741Z TRACE VirtualDom::wait_for_work:VirtualDom::process_events: dioxus_core::virtual_dom: Marking task Task { id: 0, unsend: PhantomData<*const ()> } (spawned in ScopeId(3)) as dirty (called from Location { file: "packages/core/src/virtual_dom.rs", line: 505, col: 58 })
2024-06-04T16:00:29.938811Z  INFO VirtualDom::wait_for_work:VirtualDom::process_events:VirtualDom::poll_tasks: dioxus_core::tasks: Polling task Task { id: 0, unsend: PhantomData<*const ()> }
2024-06-04T16:00:29.938867Z  INFO VirtualDom::wait_for_work:VirtualDom::process_events:VirtualDom::poll_tasks: dioxus_core::tasks: Task Task { id: 0, unsend: PhantomData<*const ()> } finished with result Pending
2024-06-04T16:00:29.938896Z TRACE VirtualDom::wait_for_work:VirtualDom::process_events:VirtualDom::poll_tasks: dioxus_core::virtual_dom: Marking scope ScopeId(3, "Doggo") as dirty
2024-06-04T16:00:29.939026Z TRACE VirtualDom::render_immediate:render{scope=Doggo}: dioxus_signals::signal: Subscribing to the reactive context ReactiveContext(for scope: ScopeId(3, "Doggo"))
2024-06-04T16:00:29.939063Z TRACE VirtualDom::render_immediate:render{scope=Doggo}: dioxus_signals::signal: Subscribing to the reactive context ReactiveContext(for scope: ScopeId(3, "Doggo"))
2024-06-04T16:00:29.939095Z TRACE VirtualDom::render_immediate:render{scope=Doggo}: dioxus_core::scope_context: looking for context dioxus_core::suspense::SuspenseContext (TypeId { t: (4533244013398082440, 10897659798729036060) }) in Doggo
2024-06-04T16:00:29.939122Z TRACE VirtualDom::render_immediate:render{scope=Doggo}: dioxus_core::scope_context: looking for context dioxus_core::suspense::SuspenseContext (TypeId { t: (4533244013398082440, 10897659798729036060) }) in FrozenContext
2024-06-04T16:00:29.939145Z TRACE VirtualDom::render_immediate:render{scope=Doggo}: dioxus_core::scope_context: found context TypeId { t: (9286496122914249738, 8586425926625933774) }
2024-06-04T16:00:29.939164Z TRACE VirtualDom::render_immediate:render{scope=Doggo}: dioxus_core::scope_context: looking for context dioxus_core::suspense::SuspenseContext (TypeId { t: (4533244013398082440, 10897659798729036060) }) in SuspenseBoundary
2024-06-04T16:00:29.939182Z TRACE VirtualDom::render_immediate:render{scope=Doggo}: dioxus_core::scope_context: found context TypeId { t: (4533244013398082440, 10897659798729036060) }
2024-06-04T16:00:29.947777Z TRACE VirtualDom::wait_for_work:VirtualDom::process_events: dioxus_core::virtual_dom: Marking task Task { id: 6, unsend: PhantomData<*const ()> } (spawned in ScopeId(5)) as dirty (called from Location { file: "packages/core/src/virtual_dom.rs", line: 505, col: 58 })
2024-06-04T16:00:29.947849Z  INFO VirtualDom::wait_for_work:VirtualDom::process_events:VirtualDom::poll_tasks: dioxus_core::tasks: Polling task Task { id: 6, unsend: PhantomData<*const ()> }
2024-06-04T16:00:29.947904Z TRACE VirtualDom::wait_for_work:VirtualDom::process_events:VirtualDom::poll_tasks: dioxus_signals::signal: Write on signal at examples/suspense.rs:122:19 finished, updating subscribers
2024-06-04T16:00:29.947942Z TRACE VirtualDom::wait_for_work:VirtualDom::process_events:VirtualDom::poll_tasks: dioxus_signals::reactive_context: Marking reactive context created at packages/signals/src/reactive_context.rs:117:13 as dirty
2024-06-04T16:00:29.947964Z TRACE VirtualDom::wait_for_work:VirtualDom::process_events:VirtualDom::poll_tasks: dioxus_signals::reactive_context: Marking scope ScopeId(5, "LoadingDots") as dirty
2024-06-04T16:00:29.948006Z  INFO VirtualDom::wait_for_work:VirtualDom::process_events:VirtualDom::poll_tasks: dioxus_core::tasks: Task Task { id: 6, unsend: PhantomData<*const ()> } finished with result Pending
2024-06-04T16:00:29.948030Z TRACE VirtualDom::wait_for_work:VirtualDom::process_events:VirtualDom::poll_tasks: dioxus_core::virtual_dom: Marking scope ScopeId(5, "LoadingDots") as dirty
2024-06-04T16:00:29.948141Z TRACE VirtualDom::render_immediate:render{scope=LoadingDots}: dioxus_signals::signal: Subscribing to the reactive context ReactiveContext(for scope: ScopeId(5, "LoadingDots"))
2024-06-04T16:00:29.948186Z TRACE VirtualDom::render_immediate: dioxus_core::scope_context: looking for context dioxus_core::suspense::FrozenContext (TypeId { t: (9286496122914249738, 8586425926625933774) }) in LoadingDots
2024-06-04T16:00:29.948207Z TRACE VirtualDom::render_immediate: dioxus_core::scope_context: looking for context dioxus_core::suspense::FrozenContext (TypeId { t: (9286496122914249738, 8586425926625933774) }) in SuspenseBoundary
2024-06-04T16:00:29.948224Z TRACE VirtualDom::render_immediate: dioxus_core::scope_context: found context TypeId { t: (4533244013398082440, 10897659798729036060) }
2024-06-04T16:00:29.948240Z TRACE VirtualDom::render_immediate: dioxus_core::scope_context: looking for context dioxus_core::suspense::FrozenContext (TypeId { t: (9286496122914249738, 8586425926625933774) }) in app
2024-06-04T16:00:29.948255Z TRACE VirtualDom::render_immediate: dioxus_core::scope_context: found context TypeId { t: (3582638416876954437, 3810890675802792692) }
2024-06-04T16:00:29.948270Z TRACE VirtualDom::render_immediate: dioxus_core::scope_context: found context TypeId { t: (7946844621057603534, 4355211565432133561) }
2024-06-04T16:00:29.948284Z TRACE VirtualDom::render_immediate: dioxus_core::scope_context: found context TypeId { t: (10682502755203913650, 15985576721215419306) }
2024-06-04T16:00:29.948300Z TRACE VirtualDom::render_immediate: dioxus_core::scope_context: context dioxus_core::suspense::FrozenContext (TypeId { t: (9286496122914249738, 8586425926625933774) }) not found
2024-06-04T16:00:29.948326Z TRACE VirtualDom::render_immediate: dioxus_core::diff::node: moving mount self=VNode { vnode: VNodeInner { key: None, template: Cell { value: Template { name: "examples/suspense.rs:127:5:4128", roots: [Dynamic { id: 0 }], node_paths: [[0]], attr_paths: [] } }, dynamic_nodes: [Text(VText { value: "." })], dynamic_attrs: [] }, mount: Cell { value: MountId(7) } } new=VNode { vnode: VNodeInner { key: None, template: Cell { value: Template { name: "examples/suspense.rs:127:5:4128", roots: [Dynamic { id: 0 }], node_paths: [[0]], attr_paths: [] } }, dynamic_nodes: [Text(VText { value: ".." })], dynamic_attrs: [] }, mount: Cell { value: MountId(7) } }
2024-06-04T16:00:29.948365Z TRACE VirtualDom::render_immediate: dioxus_core::diff::node: mount id: MountId(7)
2024-06-04T16:00:29.948380Z TRACE VirtualDom::render_immediate: dioxus_core::diff::node: mounts: Slab { len: 8, cap: 8 }
2024-06-04T16:00:30.000861Z TRACE VirtualDom::wait_for_work:VirtualDom::process_events: dioxus_core::virtual_dom: Marking task Task { id: 3, unsend: PhantomData<*const ()> } (spawned in ScopeId(4)) as dirty (called from Location { file: "packages/core/src/virtual_dom.rs", line: 505, col: 58 })
2024-06-04T16:00:30.000959Z  INFO VirtualDom::wait_for_work:VirtualDom::process_events:VirtualDom::poll_tasks: dioxus_core::tasks: Polling task Task { id: 3, unsend: PhantomData<*const ()> }
2024-06-04T16:00:30.001039Z  INFO VirtualDom::wait_for_work:VirtualDom::process_events:VirtualDom::poll_tasks: dioxus_core::tasks: Task Task { id: 3, unsend: PhantomData<*const ()> } finished with result Pending
2024-06-04T16:00:30.001077Z TRACE VirtualDom::wait_for_work:VirtualDom::process_events:VirtualDom::poll_tasks: dioxus_core::virtual_dom: Marking scope ScopeId(4, "Doggo") as dirty
2024-06-04T16:00:30.001230Z TRACE VirtualDom::render_immediate:render{scope=Doggo}: dioxus_signals::signal: Subscribing to the reactive context ReactiveContext(for scope: ScopeId(4, "Doggo"))
2024-06-04T16:00:30.001279Z TRACE VirtualDom::render_immediate:render{scope=Doggo}: dioxus_signals::signal: Subscribing to the reactive context ReactiveContext(for scope: ScopeId(4, "Doggo"))
2024-06-04T16:00:30.001317Z TRACE VirtualDom::render_immediate:render{scope=Doggo}: dioxus_core::scope_context: looking for context dioxus_core::suspense::SuspenseContext (TypeId { t: (4533244013398082440, 10897659798729036060) }) in Doggo
2024-06-04T16:00:30.001346Z TRACE VirtualDom::render_immediate:render{scope=Doggo}: dioxus_core::scope_context: looking for context dioxus_core::suspense::SuspenseContext (TypeId { t: (4533244013398082440, 10897659798729036060) }) in FrozenContext
2024-06-04T16:00:30.001371Z TRACE VirtualDom::render_immediate:render{scope=Doggo}: dioxus_core::scope_context: found context TypeId { t: (9286496122914249738, 8586425926625933774) }
2024-06-04T16:00:30.001394Z TRACE VirtualDom::render_immediate:render{scope=Doggo}: dioxus_core::scope_context: looking for context dioxus_core::suspense::SuspenseContext (TypeId { t: (4533244013398082440, 10897659798729036060) }) in SuspenseBoundary
2024-06-04T16:00:30.001416Z TRACE VirtualDom::render_immediate:render{scope=Doggo}: dioxus_core::scope_context: found context TypeId { t: (4533244013398082440, 10897659798729036060) }
2024-06-04T16:00:30.040945Z TRACE VirtualDom::wait_for_work:VirtualDom::process_events: dioxus_core::virtual_dom: Marking task Task { id: 0, unsend: PhantomData<*const ()> } (spawned in ScopeId(3)) as dirty (called from Location { file: "packages/core/src/virtual_dom.rs", line: 505, col: 58 })
2024-06-04T16:00:30.041090Z  INFO VirtualDom::wait_for_work:VirtualDom::process_events:VirtualDom::poll_tasks: dioxus_core::tasks: Polling task Task { id: 0, unsend: PhantomData<*const ()> }
2024-06-04T16:00:30.041198Z  INFO VirtualDom::wait_for_work:VirtualDom::process_events:VirtualDom::poll_tasks: dioxus_core::tasks: Task Task { id: 0, unsend: PhantomData<*const ()> } finished with result Pending
2024-06-04T16:00:30.041252Z TRACE VirtualDom::wait_for_work:VirtualDom::process_events:VirtualDom::poll_tasks: dioxus_core::virtual_dom: Marking scope ScopeId(3, "Doggo") as dirty
2024-06-04T16:00:30.041435Z TRACE VirtualDom::render_immediate:render{scope=Doggo}: dioxus_signals::signal: Subscribing to the reactive context ReactiveContext(for scope: ScopeId(3, "Doggo"))
2024-06-04T16:00:30.041485Z TRACE VirtualDom::render_immediate:render{scope=Doggo}: dioxus_signals::signal: Subscribing to the reactive context ReactiveContext(for scope: ScopeId(3, "Doggo"))
2024-06-04T16:00:30.041526Z TRACE VirtualDom::render_immediate:render{scope=Doggo}: dioxus_core::scope_context: looking for context dioxus_core::suspense::SuspenseContext (TypeId { t: (4533244013398082440, 10897659798729036060) }) in Doggo
2024-06-04T16:00:30.041555Z TRACE VirtualDom::render_immediate:render{scope=Doggo}: dioxus_core::scope_context: looking for context dioxus_core::suspense::SuspenseContext (TypeId { t: (4533244013398082440, 10897659798729036060) }) in FrozenContext
2024-06-04T16:00:30.041579Z TRACE VirtualDom::render_immediate:render{scope=Doggo}: dioxus_core::scope_context: found context TypeId { t: (9286496122914249738, 8586425926625933774) }
2024-06-04T16:00:30.041602Z TRACE VirtualDom::render_immediate:render{scope=Doggo}: dioxus_core::scope_context: looking for context dioxus_core::suspense::SuspenseContext (TypeId { t: (4533244013398082440, 10897659798729036060) }) in SuspenseBoundary
2024-06-04T16:00:30.041625Z TRACE VirtualDom::render_immediate:render{scope=Doggo}: dioxus_core::scope_context: found context TypeId { t: (4533244013398082440, 10897659798729036060) }
2024-06-04T16:00:30.103237Z TRACE VirtualDom::wait_for_work:VirtualDom::process_events: dioxus_core::virtual_dom: Marking task Task { id: 3, unsend: PhantomData<*const ()> } (spawned in ScopeId(4)) as dirty (called from Location { file: "packages/core/src/virtual_dom.rs", line: 505, col: 58 })
2024-06-04T16:00:30.103470Z  INFO VirtualDom::wait_for_work:VirtualDom::process_events:VirtualDom::poll_tasks: dioxus_core::tasks: Polling task Task { id: 3, unsend: PhantomData<*const ()> }
2024-06-04T16:00:30.103608Z  INFO VirtualDom::wait_for_work:VirtualDom::process_events:VirtualDom::poll_tasks: dioxus_core::tasks: Task Task { id: 3, unsend: PhantomData<*const ()> } finished with result Pending
2024-06-04T16:00:30.103654Z TRACE VirtualDom::wait_for_work:VirtualDom::process_events:VirtualDom::poll_tasks: dioxus_core::virtual_dom: Marking scope ScopeId(4, "Doggo") as dirty
2024-06-04T16:00:30.103936Z TRACE VirtualDom::render_immediate:render{scope=Doggo}: dioxus_signals::signal: Subscribing to the reactive context ReactiveContext(for scope: ScopeId(4, "Doggo"))
2024-06-04T16:00:30.104013Z TRACE VirtualDom::render_immediate:render{scope=Doggo}: dioxus_signals::signal: Subscribing to the reactive context ReactiveContext(for scope: ScopeId(4, "Doggo"))
2024-06-04T16:00:30.104069Z TRACE VirtualDom::render_immediate:render{scope=Doggo}: dioxus_core::scope_context: looking for context dioxus_core::suspense::SuspenseContext (TypeId { t: (4533244013398082440, 10897659798729036060) }) in Doggo
2024-06-04T16:00:30.104103Z TRACE VirtualDom::render_immediate:render{scope=Doggo}: dioxus_core::scope_context: looking for context dioxus_core::suspense::SuspenseContext (TypeId { t: (4533244013398082440, 10897659798729036060) }) in FrozenContext
2024-06-04T16:00:30.104130Z TRACE VirtualDom::render_immediate:render{scope=Doggo}: dioxus_core::scope_context: found context TypeId { t: (9286496122914249738, 8586425926625933774) }
2024-06-04T16:00:30.104156Z TRACE VirtualDom::render_immediate:render{scope=Doggo}: dioxus_core::scope_context: looking for context dioxus_core::suspense::SuspenseContext (TypeId { t: (4533244013398082440, 10897659798729036060) }) in SuspenseBoundary
2024-06-04T16:00:30.104181Z TRACE VirtualDom::render_immediate:render{scope=Doggo}: dioxus_core::scope_context: found context TypeId { t: (4533244013398082440, 10897659798729036060) }
2024-06-04T16:00:30.143295Z TRACE VirtualDom::wait_for_work:VirtualDom::process_events: dioxus_core::virtual_dom: Marking task Task { id: 0, unsend: PhantomData<*const ()> } (spawned in ScopeId(3)) as dirty (called from Location { file: "packages/core/src/virtual_dom.rs", line: 505, col: 58 })
2024-06-04T16:00:30.143399Z  INFO VirtualDom::wait_for_work:VirtualDom::process_events:VirtualDom::poll_tasks: dioxus_core::tasks: Polling task Task { id: 0, unsend: PhantomData<*const ()> }
2024-06-04T16:00:30.143470Z  INFO VirtualDom::wait_for_work:VirtualDom::process_events:VirtualDom::poll_tasks: dioxus_core::tasks: Task Task { id: 0, unsend: PhantomData<*const ()> } finished with result Pending
2024-06-04T16:00:30.143492Z TRACE VirtualDom::wait_for_work:VirtualDom::process_events:VirtualDom::poll_tasks: dioxus_core::virtual_dom: Marking scope ScopeId(3, "Doggo") as dirty
2024-06-04T16:00:30.143626Z TRACE VirtualDom::render_immediate:render{scope=Doggo}: dioxus_signals::signal: Subscribing to the reactive context ReactiveContext(for scope: ScopeId(3, "Doggo"))
2024-06-04T16:00:30.143665Z TRACE VirtualDom::render_immediate:render{scope=Doggo}: dioxus_signals::signal: Subscribing to the reactive context ReactiveContext(for scope: ScopeId(3, "Doggo"))
2024-06-04T16:00:30.143692Z TRACE VirtualDom::render_immediate:render{scope=Doggo}: dioxus_core::scope_context: looking for context dioxus_core::suspense::SuspenseContext (TypeId { t: (4533244013398082440, 10897659798729036060) }) in Doggo
2024-06-04T16:00:30.143709Z TRACE VirtualDom::render_immediate:render{scope=Doggo}: dioxus_core::scope_context: looking for context dioxus_core::suspense::SuspenseContext (TypeId { t: (4533244013398082440, 10897659798729036060) }) in FrozenContext
2024-06-04T16:00:30.143721Z TRACE VirtualDom::render_immediate:render{scope=Doggo}: dioxus_core::scope_context: found context TypeId { t: (9286496122914249738, 8586425926625933774) }
2024-06-04T16:00:30.143733Z TRACE VirtualDom::render_immediate:render{scope=Doggo}: dioxus_core::scope_context: looking for context dioxus_core::suspense::SuspenseContext (TypeId { t: (4533244013398082440, 10897659798729036060) }) in SuspenseBoundary
2024-06-04T16:00:30.143745Z TRACE VirtualDom::render_immediate:render{scope=Doggo}: dioxus_core::scope_context: found context TypeId { t: (4533244013398082440, 10897659798729036060) }
2024-06-04T16:00:30.148665Z TRACE VirtualDom::wait_for_work:VirtualDom::process_events: dioxus_core::virtual_dom: Marking task Task { id: 6, unsend: PhantomData<*const ()> } (spawned in ScopeId(5)) as dirty (called from Location { file: "packages/core/src/virtual_dom.rs", line: 505, col: 58 })
2024-06-04T16:00:30.148701Z  INFO VirtualDom::wait_for_work:VirtualDom::process_events:VirtualDom::poll_tasks: dioxus_core::tasks: Polling task Task { id: 6, unsend: PhantomData<*const ()> }
2024-06-04T16:00:30.148733Z TRACE VirtualDom::wait_for_work:VirtualDom::process_events:VirtualDom::poll_tasks: dioxus_signals::signal: Write on signal at examples/suspense.rs:122:19 finished, updating subscribers
2024-06-04T16:00:30.148754Z TRACE VirtualDom::wait_for_work:VirtualDom::process_events:VirtualDom::poll_tasks: dioxus_signals::reactive_context: Marking reactive context created at packages/signals/src/reactive_context.rs:117:13 as dirty
2024-06-04T16:00:30.148767Z TRACE VirtualDom::wait_for_work:VirtualDom::process_events:VirtualDom::poll_tasks: dioxus_signals::reactive_context: Marking scope ScopeId(5, "LoadingDots") as dirty
2024-06-04T16:00:30.148790Z  INFO VirtualDom::wait_for_work:VirtualDom::process_events:VirtualDom::poll_tasks: dioxus_core::tasks: Task Task { id: 6, unsend: PhantomData<*const ()> } finished with result Pending
2024-06-04T16:00:30.148810Z TRACE VirtualDom::wait_for_work:VirtualDom::process_events:VirtualDom::poll_tasks: dioxus_core::virtual_dom: Marking scope ScopeId(5, "LoadingDots") as dirty
2024-06-04T16:00:30.148874Z TRACE VirtualDom::render_immediate:render{scope=LoadingDots}: dioxus_signals::signal: Subscribing to the reactive context ReactiveContext(for scope: ScopeId(5, "LoadingDots"))
2024-06-04T16:00:30.148901Z TRACE VirtualDom::render_immediate: dioxus_core::scope_context: looking for context dioxus_core::suspense::FrozenContext (TypeId { t: (9286496122914249738, 8586425926625933774) }) in LoadingDots
2024-06-04T16:00:30.148914Z TRACE VirtualDom::render_immediate: dioxus_core::scope_context: looking for context dioxus_core::suspense::FrozenContext (TypeId { t: (9286496122914249738, 8586425926625933774) }) in SuspenseBoundary
2024-06-04T16:00:30.148924Z TRACE VirtualDom::render_immediate: dioxus_core::scope_context: found context TypeId { t: (4533244013398082440, 10897659798729036060) }
2024-06-04T16:00:30.148933Z TRACE VirtualDom::render_immediate: dioxus_core::scope_context: looking for context dioxus_core::suspense::FrozenContext (TypeId { t: (9286496122914249738, 8586425926625933774) }) in app
2024-06-04T16:00:30.148942Z TRACE VirtualDom::render_immediate: dioxus_core::scope_context: found context TypeId { t: (3582638416876954437, 3810890675802792692) }
2024-06-04T16:00:30.148951Z TRACE VirtualDom::render_immediate: dioxus_core::scope_context: found context TypeId { t: (7946844621057603534, 4355211565432133561) }
2024-06-04T16:00:30.148960Z TRACE VirtualDom::render_immediate: dioxus_core::scope_context: found context TypeId { t: (10682502755203913650, 15985576721215419306) }
2024-06-04T16:00:30.148969Z TRACE VirtualDom::render_immediate: dioxus_core::scope_context: context dioxus_core::suspense::FrozenContext (TypeId { t: (9286496122914249738, 8586425926625933774) }) not found
2024-06-04T16:00:30.148985Z TRACE VirtualDom::render_immediate: dioxus_core::diff::node: moving mount self=VNode { vnode: VNodeInner { key: None, template: Cell { value: Template { name: "examples/suspense.rs:127:5:4128", roots: [Dynamic { id: 0 }], node_paths: [[0]], attr_paths: [] } }, dynamic_nodes: [Text(VText { value: ".." })], dynamic_attrs: [] }, mount: Cell { value: MountId(7) } } new=VNode { vnode: VNodeInner { key: None, template: Cell { value: Template { name: "examples/suspense.rs:127:5:4128", roots: [Dynamic { id: 0 }], node_paths: [[0]], attr_paths: [] } }, dynamic_nodes: [Text(VText { value: "..." })], dynamic_attrs: [] }, mount: Cell { value: MountId(7) } }
2024-06-04T16:00:30.149009Z TRACE VirtualDom::render_immediate: dioxus_core::diff::node: mount id: MountId(7)
2024-06-04T16:00:30.149018Z TRACE VirtualDom::render_immediate: dioxus_core::diff::node: mounts: Slab { len: 8, cap: 8 }
2024-06-04T16:00:30.205781Z TRACE VirtualDom::wait_for_work:VirtualDom::process_events: dioxus_core::virtual_dom: Marking task Task { id: 3, unsend: PhantomData<*const ()> } (spawned in ScopeId(4)) as dirty (called from Location { file: "packages/core/src/virtual_dom.rs", line: 505, col: 58 })
2024-06-04T16:00:30.205878Z  INFO VirtualDom::wait_for_work:VirtualDom::process_events:VirtualDom::poll_tasks: dioxus_core::tasks: Polling task Task { id: 3, unsend: PhantomData<*const ()> }
2024-06-04T16:00:30.205935Z  INFO VirtualDom::wait_for_work:VirtualDom::process_events:VirtualDom::poll_tasks: dioxus_core::tasks: Task Task { id: 3, unsend: PhantomData<*const ()> } finished with result Pending
2024-06-04T16:00:30.205958Z TRACE VirtualDom::wait_for_work:VirtualDom::process_events:VirtualDom::poll_tasks: dioxus_core::virtual_dom: Marking scope ScopeId(4, "Doggo") as dirty
2024-06-04T16:00:30.206082Z TRACE VirtualDom::render_immediate:render{scope=Doggo}: dioxus_signals::signal: Subscribing to the reactive context ReactiveContext(for scope: ScopeId(4, "Doggo"))
2024-06-04T16:00:30.206114Z TRACE VirtualDom::render_immediate:render{scope=Doggo}: dioxus_signals::signal: Subscribing to the reactive context ReactiveContext(for scope: ScopeId(4, "Doggo"))
2024-06-04T16:00:30.206138Z TRACE VirtualDom::render_immediate:render{scope=Doggo}: dioxus_core::scope_context: looking for context dioxus_core::suspense::SuspenseContext (TypeId { t: (4533244013398082440, 10897659798729036060) }) in Doggo
2024-06-04T16:00:30.206153Z TRACE VirtualDom::render_immediate:render{scope=Doggo}: dioxus_core::scope_context: looking for context dioxus_core::suspense::SuspenseContext (TypeId { t: (4533244013398082440, 10897659798729036060) }) in FrozenContext
2024-06-04T16:00:30.206166Z TRACE VirtualDom::render_immediate:render{scope=Doggo}: dioxus_core::scope_context: found context TypeId { t: (9286496122914249738, 8586425926625933774) }
2024-06-04T16:00:30.206188Z TRACE VirtualDom::render_immediate:render{scope=Doggo}: dioxus_core::scope_context: looking for context dioxus_core::suspense::SuspenseContext (TypeId { t: (4533244013398082440, 10897659798729036060) }) in SuspenseBoundary
2024-06-04T16:00:30.206200Z TRACE VirtualDom::render_immediate:render{scope=Doggo}: dioxus_core::scope_context: found context TypeId { t: (4533244013398082440, 10897659798729036060) }
2024-06-04T16:00:30.245472Z TRACE VirtualDom::wait_for_work:VirtualDom::process_events: dioxus_core::virtual_dom: Marking task Task { id: 0, unsend: PhantomData<*const ()> } (spawned in ScopeId(3)) as dirty (called from Location { file: "packages/core/src/virtual_dom.rs", line: 505, col: 58 })
2024-06-04T16:00:30.245663Z  INFO VirtualDom::wait_for_work:VirtualDom::process_events:VirtualDom::poll_tasks: dioxus_core::tasks: Polling task Task { id: 0, unsend: PhantomData<*const ()> }
2024-06-04T16:00:30.245745Z  INFO VirtualDom::wait_for_work:VirtualDom::process_events:VirtualDom::poll_tasks: dioxus_core::tasks: Task Task { id: 0, unsend: PhantomData<*const ()> } finished with result Pending
2024-06-04T16:00:30.245770Z TRACE VirtualDom::wait_for_work:VirtualDom::process_events:VirtualDom::poll_tasks: dioxus_core::virtual_dom: Marking scope ScopeId(3, "Doggo") as dirty
2024-06-04T16:00:30.245899Z TRACE VirtualDom::render_immediate:render{scope=Doggo}: dioxus_signals::signal: Subscribing to the reactive context ReactiveContext(for scope: ScopeId(3, "Doggo"))
2024-06-04T16:00:30.245935Z TRACE VirtualDom::render_immediate:render{scope=Doggo}: dioxus_signals::signal: Subscribing to the reactive context ReactiveContext(for scope: ScopeId(3, "Doggo"))
2024-06-04T16:00:30.245965Z TRACE VirtualDom::render_immediate:render{scope=Doggo}: dioxus_core::scope_context: looking for context dioxus_core::suspense::SuspenseContext (TypeId { t: (4533244013398082440, 10897659798729036060) }) in Doggo
2024-06-04T16:00:30.245982Z TRACE VirtualDom::render_immediate:render{scope=Doggo}: dioxus_core::scope_context: looking for context dioxus_core::suspense::SuspenseContext (TypeId { t: (4533244013398082440, 10897659798729036060) }) in FrozenContext
2024-06-04T16:00:30.245997Z TRACE VirtualDom::render_immediate:render{scope=Doggo}: dioxus_core::scope_context: found context TypeId { t: (9286496122914249738, 8586425926625933774) }
2024-06-04T16:00:30.246012Z TRACE VirtualDom::render_immediate:render{scope=Doggo}: dioxus_core::scope_context: looking for context dioxus_core::suspense::SuspenseContext (TypeId { t: (4533244013398082440, 10897659798729036060) }) in SuspenseBoundary
2024-06-04T16:00:30.246026Z TRACE VirtualDom::render_immediate:render{scope=Doggo}: dioxus_core::scope_context: found context TypeId { t: (4533244013398082440, 10897659798729036060) }
2024-06-04T16:00:30.307808Z TRACE VirtualDom::wait_for_work:VirtualDom::process_events: dioxus_core::virtual_dom: Marking task Task { id: 3, unsend: PhantomData<*const ()> } (spawned in ScopeId(4)) as dirty (called from Location { file: "packages/core/src/virtual_dom.rs", line: 505, col: 58 })
2024-06-04T16:00:30.307882Z  INFO VirtualDom::wait_for_work:VirtualDom::process_events:VirtualDom::poll_tasks: dioxus_core::tasks: Polling task Task { id: 3, unsend: PhantomData<*const ()> }
2024-06-04T16:00:30.307928Z  INFO VirtualDom::wait_for_work:VirtualDom::process_events:VirtualDom::poll_tasks: dioxus_core::tasks: Task Task { id: 3, unsend: PhantomData<*const ()> } finished with result Pending
2024-06-04T16:00:30.307951Z TRACE VirtualDom::wait_for_work:VirtualDom::process_events:VirtualDom::poll_tasks: dioxus_core::virtual_dom: Marking scope ScopeId(4, "Doggo") as dirty
2024-06-04T16:00:30.308065Z TRACE VirtualDom::render_immediate:render{scope=Doggo}: dioxus_signals::signal: Subscribing to the reactive context ReactiveContext(for scope: ScopeId(4, "Doggo"))
2024-06-04T16:00:30.308098Z TRACE VirtualDom::render_immediate:render{scope=Doggo}: dioxus_signals::signal: Subscribing to the reactive context ReactiveContext(for scope: ScopeId(4, "Doggo"))
2024-06-04T16:00:30.308123Z TRACE VirtualDom::render_immediate:render{scope=Doggo}: dioxus_core::scope_context: looking for context dioxus_core::suspense::SuspenseContext (TypeId { t: (4533244013398082440, 10897659798729036060) }) in Doggo
2024-06-04T16:00:30.308141Z TRACE VirtualDom::render_immediate:render{scope=Doggo}: dioxus_core::scope_context: looking for context dioxus_core::suspense::SuspenseContext (TypeId { t: (4533244013398082440, 10897659798729036060) }) in FrozenContext
2024-06-04T16:00:30.308157Z TRACE VirtualDom::render_immediate:render{scope=Doggo}: dioxus_core::scope_context: found context TypeId { t: (9286496122914249738, 8586425926625933774) }
2024-06-04T16:00:30.308171Z TRACE VirtualDom::render_immediate:render{scope=Doggo}: dioxus_core::scope_context: looking for context dioxus_core::suspense::SuspenseContext (TypeId { t: (4533244013398082440, 10897659798729036060) }) in SuspenseBoundary
2024-06-04T16:00:30.308185Z TRACE VirtualDom::render_immediate:render{scope=Doggo}: dioxus_core::scope_context: found context TypeId { t: (4533244013398082440, 10897659798729036060) }
2024-06-04T16:00:30.347883Z TRACE VirtualDom::wait_for_work:VirtualDom::process_events: dioxus_core::virtual_dom: Marking task Task { id: 0, unsend: PhantomData<*const ()> } (spawned in ScopeId(3)) as dirty (called from Location { file: "packages/core/src/virtual_dom.rs", line: 505, col: 58 })
2024-06-04T16:00:30.348015Z  INFO VirtualDom::wait_for_work:VirtualDom::process_events:VirtualDom::poll_tasks: dioxus_core::tasks: Polling task Task { id: 0, unsend: PhantomData<*const ()> }
2024-06-04T16:00:30.348082Z  INFO VirtualDom::wait_for_work:VirtualDom::process_events:VirtualDom::poll_tasks: dioxus_core::tasks: Task Task { id: 0, unsend: PhantomData<*const ()> } finished with result Pending
2024-06-04T16:00:30.348115Z TRACE VirtualDom::wait_for_work:VirtualDom::process_events:VirtualDom::poll_tasks: dioxus_core::virtual_dom: Marking scope ScopeId(3, "Doggo") as dirty
2024-06-04T16:00:30.348224Z TRACE VirtualDom::render_immediate:render{scope=Doggo}: dioxus_signals::signal: Subscribing to the reactive context ReactiveContext(for scope: ScopeId(3, "Doggo"))
2024-06-04T16:00:30.348267Z TRACE VirtualDom::render_immediate:render{scope=Doggo}: dioxus_signals::signal: Subscribing to the reactive context ReactiveContext(for scope: ScopeId(3, "Doggo"))
2024-06-04T16:00:30.348291Z TRACE VirtualDom::render_immediate:render{scope=Doggo}: dioxus_core::scope_context: looking for context dioxus_core::suspense::SuspenseContext (TypeId { t: (4533244013398082440, 10897659798729036060) }) in Doggo
2024-06-04T16:00:30.348308Z TRACE VirtualDom::render_immediate:render{scope=Doggo}: dioxus_core::scope_context: looking for context dioxus_core::suspense::SuspenseContext (TypeId { t: (4533244013398082440, 10897659798729036060) }) in FrozenContext
2024-06-04T16:00:30.348322Z TRACE VirtualDom::render_immediate:render{scope=Doggo}: dioxus_core::scope_context: found context TypeId { t: (9286496122914249738, 8586425926625933774) }
2024-06-04T16:00:30.348336Z TRACE VirtualDom::render_immediate:render{scope=Doggo}: dioxus_core::scope_context: looking for context dioxus_core::suspense::SuspenseContext (TypeId { t: (4533244013398082440, 10897659798729036060) }) in SuspenseBoundary
2024-06-04T16:00:30.348350Z TRACE VirtualDom::render_immediate:render{scope=Doggo}: dioxus_core::scope_context: found context TypeId { t: (4533244013398082440, 10897659798729036060) }
2024-06-04T16:00:30.356530Z TRACE VirtualDom::wait_for_work:VirtualDom::process_events: dioxus_core::virtual_dom: Marking task Task { id: 6, unsend: PhantomData<*const ()> } (spawned in ScopeId(5)) as dirty (called from Location { file: "packages/core/src/virtual_dom.rs", line: 505, col: 58 })
2024-06-04T16:00:30.356580Z  INFO VirtualDom::wait_for_work:VirtualDom::process_events:VirtualDom::poll_tasks: dioxus_core::tasks: Polling task Task { id: 6, unsend: PhantomData<*const ()> }
2024-06-04T16:00:30.356629Z TRACE VirtualDom::wait_for_work:VirtualDom::process_events:VirtualDom::poll_tasks: dioxus_signals::signal: Write on signal at examples/suspense.rs:122:19 finished, updating subscribers
2024-06-04T16:00:30.356655Z TRACE VirtualDom::wait_for_work:VirtualDom::process_events:VirtualDom::poll_tasks: dioxus_signals::reactive_context: Marking reactive context created at packages/signals/src/reactive_context.rs:117:13 as dirty
2024-06-04T16:00:30.356674Z TRACE VirtualDom::wait_for_work:VirtualDom::process_events:VirtualDom::poll_tasks: dioxus_signals::reactive_context: Marking scope ScopeId(5, "LoadingDots") as dirty
2024-06-04T16:00:30.356713Z  INFO VirtualDom::wait_for_work:VirtualDom::process_events:VirtualDom::poll_tasks: dioxus_core::tasks: Task Task { id: 6, unsend: PhantomData<*const ()> } finished with result Pending
2024-06-04T16:00:30.356733Z TRACE VirtualDom::wait_for_work:VirtualDom::process_events:VirtualDom::poll_tasks: dioxus_core::virtual_dom: Marking scope ScopeId(5, "LoadingDots") as dirty
2024-06-04T16:00:30.356819Z TRACE VirtualDom::render_immediate:render{scope=LoadingDots}: dioxus_signals::signal: Subscribing to the reactive context ReactiveContext(for scope: ScopeId(5, "LoadingDots"))
2024-06-04T16:00:30.356870Z TRACE VirtualDom::render_immediate: dioxus_core::scope_context: looking for context dioxus_core::suspense::FrozenContext (TypeId { t: (9286496122914249738, 8586425926625933774) }) in LoadingDots
2024-06-04T16:00:30.356886Z TRACE VirtualDom::render_immediate: dioxus_core::scope_context: looking for context dioxus_core::suspense::FrozenContext (TypeId { t: (9286496122914249738, 8586425926625933774) }) in SuspenseBoundary
2024-06-04T16:00:30.356899Z TRACE VirtualDom::render_immediate: dioxus_core::scope_context: found context TypeId { t: (4533244013398082440, 10897659798729036060) }
2024-06-04T16:00:30.356915Z TRACE VirtualDom::render_immediate: dioxus_core::scope_context: looking for context dioxus_core::suspense::FrozenContext (TypeId { t: (9286496122914249738, 8586425926625933774) }) in app
2024-06-04T16:00:30.356927Z TRACE VirtualDom::render_immediate: dioxus_core::scope_context: found context TypeId { t: (3582638416876954437, 3810890675802792692) }
2024-06-04T16:00:30.356938Z TRACE VirtualDom::render_immediate: dioxus_core::scope_context: found context TypeId { t: (7946844621057603534, 4355211565432133561) }
2024-06-04T16:00:30.356949Z TRACE VirtualDom::render_immediate: dioxus_core::scope_context: found context TypeId { t: (10682502755203913650, 15985576721215419306) }
2024-06-04T16:00:30.356960Z TRACE VirtualDom::render_immediate: dioxus_core::scope_context: context dioxus_core::suspense::FrozenContext (TypeId { t: (9286496122914249738, 8586425926625933774) }) not found
2024-06-04T16:00:30.356979Z TRACE VirtualDom::render_immediate: dioxus_core::diff::node: moving mount self=VNode { vnode: VNodeInner { key: None, template: Cell { value: Template { name: "examples/suspense.rs:127:5:4128", roots: [Dynamic { id: 0 }], node_paths: [[0]], attr_paths: [] } }, dynamic_nodes: [Text(VText { value: "..." })], dynamic_attrs: [] }, mount: Cell { value: MountId(7) } } new=VNode { vnode: VNodeInner { key: None, template: Cell { value: Template { name: "examples/suspense.rs:127:5:4128", roots: [Dynamic { id: 0 }], node_paths: [[0]], attr_paths: [] } }, dynamic_nodes: [Text(VText { value: "" })], dynamic_attrs: [] }, mount: Cell { value: MountId(7) } }
2024-06-04T16:00:30.357021Z TRACE VirtualDom::render_immediate: dioxus_core::diff::node: mount id: MountId(7)
2024-06-04T16:00:30.357031Z TRACE VirtualDom::render_immediate: dioxus_core::diff::node: mounts: Slab { len: 8, cap: 8 }
2024-06-04T16:00:30.409266Z TRACE VirtualDom::wait_for_work:VirtualDom::process_events: dioxus_core::virtual_dom: Marking task Task { id: 3, unsend: PhantomData<*const ()> } (spawned in ScopeId(4)) as dirty (called from Location { file: "packages/core/src/virtual_dom.rs", line: 505, col: 58 })
2024-06-04T16:00:30.409372Z  INFO VirtualDom::wait_for_work:VirtualDom::process_events:VirtualDom::poll_tasks: dioxus_core::tasks: Polling task Task { id: 3, unsend: PhantomData<*const ()> }
2024-06-04T16:00:30.409469Z  INFO VirtualDom::wait_for_work:VirtualDom::process_events:VirtualDom::poll_tasks: dioxus_core::tasks: Task Task { id: 3, unsend: PhantomData<*const ()> } finished with result Pending
2024-06-04T16:00:30.409499Z TRACE VirtualDom::wait_for_work:VirtualDom::process_events:VirtualDom::poll_tasks: dioxus_core::virtual_dom: Marking scope ScopeId(4, "Doggo") as dirty
2024-06-04T16:00:30.409613Z TRACE VirtualDom::render_immediate:render{scope=Doggo}: dioxus_signals::signal: Subscribing to the reactive context ReactiveContext(for scope: ScopeId(4, "Doggo"))
2024-06-04T16:00:30.409651Z TRACE VirtualDom::render_immediate:render{scope=Doggo}: dioxus_signals::signal: Subscribing to the reactive context ReactiveContext(for scope: ScopeId(4, "Doggo"))
2024-06-04T16:00:30.409681Z TRACE VirtualDom::render_immediate:render{scope=Doggo}: dioxus_core::scope_context: looking for context dioxus_core::suspense::SuspenseContext (TypeId { t: (4533244013398082440, 10897659798729036060) }) in Doggo
2024-06-04T16:00:30.409702Z TRACE VirtualDom::render_immediate:render{scope=Doggo}: dioxus_core::scope_context: looking for context dioxus_core::suspense::SuspenseContext (TypeId { t: (4533244013398082440, 10897659798729036060) }) in FrozenContext
2024-06-04T16:00:30.409719Z TRACE VirtualDom::render_immediate:render{scope=Doggo}: dioxus_core::scope_context: found context TypeId { t: (9286496122914249738, 8586425926625933774) }
2024-06-04T16:00:30.409735Z TRACE VirtualDom::render_immediate:render{scope=Doggo}: dioxus_core::scope_context: looking for context dioxus_core::suspense::SuspenseContext (TypeId { t: (4533244013398082440, 10897659798729036060) }) in SuspenseBoundary
2024-06-04T16:00:30.409750Z TRACE VirtualDom::render_immediate:render{scope=Doggo}: dioxus_core::scope_context: found context TypeId { t: (4533244013398082440, 10897659798729036060) }
2024-06-04T16:00:30.449871Z TRACE VirtualDom::wait_for_work:VirtualDom::process_events: dioxus_core::virtual_dom: Marking task Task { id: 0, unsend: PhantomData<*const ()> } (spawned in ScopeId(3)) as dirty (called from Location { file: "packages/core/src/virtual_dom.rs", line: 505, col: 58 })
2024-06-04T16:00:30.449977Z  INFO VirtualDom::wait_for_work:VirtualDom::process_events:VirtualDom::poll_tasks: dioxus_core::tasks: Polling task Task { id: 0, unsend: PhantomData<*const ()> }
2024-06-04T16:00:30.450043Z  INFO VirtualDom::wait_for_work:VirtualDom::process_events:VirtualDom::poll_tasks: dioxus_core::tasks: Task Task { id: 0, unsend: PhantomData<*const ()> } finished with result Pending
2024-06-04T16:00:30.450070Z TRACE VirtualDom::wait_for_work:VirtualDom::process_events:VirtualDom::poll_tasks: dioxus_core::virtual_dom: Marking scope ScopeId(3, "Doggo") as dirty
2024-06-04T16:00:30.450194Z TRACE VirtualDom::render_immediate:render{scope=Doggo}: dioxus_signals::signal: Subscribing to the reactive context ReactiveContext(for scope: ScopeId(3, "Doggo"))
2024-06-04T16:00:30.450238Z TRACE VirtualDom::render_immediate:render{scope=Doggo}: dioxus_signals::signal: Subscribing to the reactive context ReactiveContext(for scope: ScopeId(3, "Doggo"))
2024-06-04T16:00:30.450266Z TRACE VirtualDom::render_immediate:render{scope=Doggo}: dioxus_core::scope_context: looking for context dioxus_core::suspense::SuspenseContext (TypeId { t: (4533244013398082440, 10897659798729036060) }) in Doggo
2024-06-04T16:00:30.450286Z TRACE VirtualDom::render_immediate:render{scope=Doggo}: dioxus_core::scope_context: looking for context dioxus_core::suspense::SuspenseContext (TypeId { t: (4533244013398082440, 10897659798729036060) }) in FrozenContext
2024-06-04T16:00:30.450303Z TRACE VirtualDom::render_immediate:render{scope=Doggo}: dioxus_core::scope_context: found context TypeId { t: (9286496122914249738, 8586425926625933774) }
2024-06-04T16:00:30.450319Z TRACE VirtualDom::render_immediate:render{scope=Doggo}: dioxus_core::scope_context: looking for context dioxus_core::suspense::SuspenseContext (TypeId { t: (4533244013398082440, 10897659798729036060) }) in SuspenseBoundary
2024-06-04T16:00:30.450334Z TRACE VirtualDom::render_immediate:render{scope=Doggo}: dioxus_core::scope_context: found context TypeId { t: (4533244013398082440, 10897659798729036060) }
2024-06-04T16:00:30.511067Z TRACE VirtualDom::wait_for_work:VirtualDom::process_events: dioxus_core::virtual_dom: Marking task Task { id: 3, unsend: PhantomData<*const ()> } (spawned in ScopeId(4)) as dirty (called from Location { file: "packages/core/src/virtual_dom.rs", line: 505, col: 58 })
2024-06-04T16:00:30.511234Z  INFO VirtualDom::wait_for_work:VirtualDom::process_events:VirtualDom::poll_tasks: dioxus_core::tasks: Polling task Task { id: 3, unsend: PhantomData<*const ()> }
2024-06-04T16:00:30.511310Z  INFO VirtualDom::wait_for_work:VirtualDom::process_events:VirtualDom::poll_tasks: dioxus_core::tasks: Task Task { id: 3, unsend: PhantomData<*const ()> } finished with result Pending
2024-06-04T16:00:30.511341Z TRACE VirtualDom::wait_for_work:VirtualDom::process_events:VirtualDom::poll_tasks: dioxus_core::virtual_dom: Marking scope ScopeId(4, "Doggo") as dirty
2024-06-04T16:00:30.511512Z TRACE VirtualDom::render_immediate:render{scope=Doggo}: dioxus_signals::signal: Subscribing to the reactive context ReactiveContext(for scope: ScopeId(4, "Doggo"))
2024-06-04T16:00:30.511622Z TRACE VirtualDom::render_immediate:render{scope=Doggo}: dioxus_signals::signal: Subscribing to the reactive context ReactiveContext(for scope: ScopeId(4, "Doggo"))
2024-06-04T16:00:30.511660Z TRACE VirtualDom::render_immediate:render{scope=Doggo}: dioxus_core::scope_context: looking for context dioxus_core::suspense::SuspenseContext (TypeId { t: (4533244013398082440, 10897659798729036060) }) in Doggo
2024-06-04T16:00:30.511685Z TRACE VirtualDom::render_immediate:render{scope=Doggo}: dioxus_core::scope_context: looking for context dioxus_core::suspense::SuspenseContext (TypeId { t: (4533244013398082440, 10897659798729036060) }) in FrozenContext
2024-06-04T16:00:30.511705Z TRACE VirtualDom::render_immediate:render{scope=Doggo}: dioxus_core::scope_context: found context TypeId { t: (9286496122914249738, 8586425926625933774) }
2024-06-04T16:00:30.511724Z TRACE VirtualDom::render_immediate:render{scope=Doggo}: dioxus_core::scope_context: looking for context dioxus_core::suspense::SuspenseContext (TypeId { t: (4533244013398082440, 10897659798729036060) }) in SuspenseBoundary
2024-06-04T16:00:30.511742Z TRACE VirtualDom::render_immediate:render{scope=Doggo}: dioxus_core::scope_context: found context TypeId { t: (4533244013398082440, 10897659798729036060) }
2024-06-04T16:00:30.551402Z TRACE VirtualDom::wait_for_work:VirtualDom::process_events: dioxus_core::virtual_dom: Marking task Task { id: 0, unsend: PhantomData<*const ()> } (spawned in ScopeId(3)) as dirty (called from Location { file: "packages/core/src/virtual_dom.rs", line: 505, col: 58 })
2024-06-04T16:00:30.551503Z  INFO VirtualDom::wait_for_work:VirtualDom::process_events:VirtualDom::poll_tasks: dioxus_core::tasks: Polling task Task { id: 0, unsend: PhantomData<*const ()> }
2024-06-04T16:00:30.551577Z  INFO VirtualDom::wait_for_work:VirtualDom::process_events:VirtualDom::poll_tasks: dioxus_core::tasks: Task Task { id: 0, unsend: PhantomData<*const ()> } finished with result Pending
2024-06-04T16:00:30.551604Z TRACE VirtualDom::wait_for_work:VirtualDom::process_events:VirtualDom::poll_tasks: dioxus_core::virtual_dom: Marking scope ScopeId(3, "Doggo") as dirty
2024-06-04T16:00:30.551734Z TRACE VirtualDom::render_immediate:render{scope=Doggo}: dioxus_signals::signal: Subscribing to the reactive context ReactiveContext(for scope: ScopeId(3, "Doggo"))
2024-06-04T16:00:30.551775Z TRACE VirtualDom::render_immediate:render{scope=Doggo}: dioxus_signals::signal: Subscribing to the reactive context ReactiveContext(for scope: ScopeId(3, "Doggo"))
2024-06-04T16:00:30.551807Z TRACE VirtualDom::render_immediate:render{scope=Doggo}: dioxus_core::scope_context: looking for context dioxus_core::suspense::SuspenseContext (TypeId { t: (4533244013398082440, 10897659798729036060) }) in Doggo
2024-06-04T16:00:30.551835Z TRACE VirtualDom::render_immediate:render{scope=Doggo}: dioxus_core::scope_context: looking for context dioxus_core::suspense::SuspenseContext (TypeId { t: (4533244013398082440, 10897659798729036060) }) in FrozenContext
2024-06-04T16:00:30.551852Z TRACE VirtualDom::render_immediate:render{scope=Doggo}: dioxus_core::scope_context: found context TypeId { t: (9286496122914249738, 8586425926625933774) }
2024-06-04T16:00:30.551869Z TRACE VirtualDom::render_immediate:render{scope=Doggo}: dioxus_core::scope_context: looking for context dioxus_core::suspense::SuspenseContext (TypeId { t: (4533244013398082440, 10897659798729036060) }) in SuspenseBoundary
2024-06-04T16:00:30.551894Z TRACE VirtualDom::render_immediate:render{scope=Doggo}: dioxus_core::scope_context: found context TypeId { t: (4533244013398082440, 10897659798729036060) }
2024-06-04T16:00:30.558169Z TRACE VirtualDom::wait_for_work:VirtualDom::process_events: dioxus_core::virtual_dom: Marking task Task { id: 6, unsend: PhantomData<*const ()> } (spawned in ScopeId(5)) as dirty (called from Location { file: "packages/core/src/virtual_dom.rs", line: 505, col: 58 })
2024-06-04T16:00:30.558239Z  INFO VirtualDom::wait_for_work:VirtualDom::process_events:VirtualDom::poll_tasks: dioxus_core::tasks: Polling task Task { id: 6, unsend: PhantomData<*const ()> }
2024-06-04T16:00:30.558290Z TRACE VirtualDom::wait_for_work:VirtualDom::process_events:VirtualDom::poll_tasks: dioxus_signals::signal: Write on signal at examples/suspense.rs:122:19 finished, updating subscribers
2024-06-04T16:00:30.558325Z TRACE VirtualDom::wait_for_work:VirtualDom::process_events:VirtualDom::poll_tasks: dioxus_signals::reactive_context: Marking reactive context created at packages/signals/src/reactive_context.rs:117:13 as dirty
2024-06-04T16:00:30.558349Z TRACE VirtualDom::wait_for_work:VirtualDom::process_events:VirtualDom::poll_tasks: dioxus_signals::reactive_context: Marking scope ScopeId(5, "LoadingDots") as dirty
2024-06-04T16:00:30.558392Z  INFO VirtualDom::wait_for_work:VirtualDom::process_events:VirtualDom::poll_tasks: dioxus_core::tasks: Task Task { id: 6, unsend: PhantomData<*const ()> } finished with result Pending
2024-06-04T16:00:30.558418Z TRACE VirtualDom::wait_for_work:VirtualDom::process_events:VirtualDom::poll_tasks: dioxus_core::virtual_dom: Marking scope ScopeId(5, "LoadingDots") as dirty
2024-06-04T16:00:30.558548Z TRACE VirtualDom::render_immediate:render{scope=LoadingDots}: dioxus_signals::signal: Subscribing to the reactive context ReactiveContext(for scope: ScopeId(5, "LoadingDots"))
2024-06-04T16:00:30.558597Z TRACE VirtualDom::render_immediate: dioxus_core::scope_context: looking for context dioxus_core::suspense::FrozenContext (TypeId { t: (9286496122914249738, 8586425926625933774) }) in LoadingDots
2024-06-04T16:00:30.558617Z TRACE VirtualDom::render_immediate: dioxus_core::scope_context: looking for context dioxus_core::suspense::FrozenContext (TypeId { t: (9286496122914249738, 8586425926625933774) }) in SuspenseBoundary
2024-06-04T16:00:30.558633Z TRACE VirtualDom::render_immediate: dioxus_core::scope_context: found context TypeId { t: (4533244013398082440, 10897659798729036060) }
2024-06-04T16:00:30.558649Z TRACE VirtualDom::render_immediate: dioxus_core::scope_context: looking for context dioxus_core::suspense::FrozenContext (TypeId { t: (9286496122914249738, 8586425926625933774) }) in app
2024-06-04T16:00:30.558664Z TRACE VirtualDom::render_immediate: dioxus_core::scope_context: found context TypeId { t: (3582638416876954437, 3810890675802792692) }
2024-06-04T16:00:30.558678Z TRACE VirtualDom::render_immediate: dioxus_core::scope_context: found context TypeId { t: (7946844621057603534, 4355211565432133561) }
2024-06-04T16:00:30.558691Z TRACE VirtualDom::render_immediate: dioxus_core::scope_context: found context TypeId { t: (10682502755203913650, 15985576721215419306) }
2024-06-04T16:00:30.558733Z TRACE VirtualDom::render_immediate: dioxus_core::scope_context: context dioxus_core::suspense::FrozenContext (TypeId { t: (9286496122914249738, 8586425926625933774) }) not found
2024-06-04T16:00:30.558758Z TRACE VirtualDom::render_immediate: dioxus_core::diff::node: moving mount self=VNode { vnode: VNodeInner { key: None, template: Cell { value: Template { name: "examples/suspense.rs:127:5:4128", roots: [Dynamic { id: 0 }], node_paths: [[0]], attr_paths: [] } }, dynamic_nodes: [Text(VText { value: "" })], dynamic_attrs: [] }, mount: Cell { value: MountId(7) } } new=VNode { vnode: VNodeInner { key: None, template: Cell { value: Template { name: "examples/suspense.rs:127:5:4128", roots: [Dynamic { id: 0 }], node_paths: [[0]], attr_paths: [] } }, dynamic_nodes: [Text(VText { value: "." })], dynamic_attrs: [] }, mount: Cell { value: MountId(7) } }
2024-06-04T16:00:30.558794Z TRACE VirtualDom::render_immediate: dioxus_core::diff::node: mount id: MountId(7)
2024-06-04T16:00:30.558806Z TRACE VirtualDom::render_immediate: dioxus_core::diff::node: mounts: Slab { len: 8, cap: 8 }
2024-06-04T16:00:30.613265Z TRACE VirtualDom::wait_for_work:VirtualDom::process_events: dioxus_core::virtual_dom: Marking task Task { id: 3, unsend: PhantomData<*const ()> } (spawned in ScopeId(4)) as dirty (called from Location { file: "packages/core/src/virtual_dom.rs", line: 505, col: 58 })
2024-06-04T16:00:30.613355Z  INFO VirtualDom::wait_for_work:VirtualDom::process_events:VirtualDom::poll_tasks: dioxus_core::tasks: Polling task Task { id: 3, unsend: PhantomData<*const ()> }
2024-06-04T16:00:30.613426Z  INFO VirtualDom::wait_for_work:VirtualDom::process_events:VirtualDom::poll_tasks: dioxus_core::tasks: Task Task { id: 3, unsend: PhantomData<*const ()> } finished with result Pending
2024-06-04T16:00:30.613452Z TRACE VirtualDom::wait_for_work:VirtualDom::process_events:VirtualDom::poll_tasks: dioxus_core::virtual_dom: Marking scope ScopeId(4, "Doggo") as dirty
2024-06-04T16:00:30.613591Z TRACE VirtualDom::render_immediate:render{scope=Doggo}: dioxus_signals::signal: Subscribing to the reactive context ReactiveContext(for scope: ScopeId(4, "Doggo"))
2024-06-04T16:00:30.613635Z TRACE VirtualDom::render_immediate:render{scope=Doggo}: dioxus_signals::signal: Subscribing to the reactive context ReactiveContext(for scope: ScopeId(4, "Doggo"))
2024-06-04T16:00:30.613666Z TRACE VirtualDom::render_immediate:render{scope=Doggo}: dioxus_core::scope_context: looking for context dioxus_core::suspense::SuspenseContext (TypeId { t: (4533244013398082440, 10897659798729036060) }) in Doggo
2024-06-04T16:00:30.613687Z TRACE VirtualDom::render_immediate:render{scope=Doggo}: dioxus_core::scope_context: looking for context dioxus_core::suspense::SuspenseContext (TypeId { t: (4533244013398082440, 10897659798729036060) }) in FrozenContext
2024-06-04T16:00:30.613705Z TRACE VirtualDom::render_immediate:render{scope=Doggo}: dioxus_core::scope_context: found context TypeId { t: (9286496122914249738, 8586425926625933774) }
2024-06-04T16:00:30.613722Z TRACE VirtualDom::render_immediate:render{scope=Doggo}: dioxus_core::scope_context: looking for context dioxus_core::suspense::SuspenseContext (TypeId { t: (4533244013398082440, 10897659798729036060) }) in SuspenseBoundary
2024-06-04T16:00:30.613738Z TRACE VirtualDom::render_immediate:render{scope=Doggo}: dioxus_core::scope_context: found context TypeId { t: (4533244013398082440, 10897659798729036060) }
2024-06-04T16:00:30.653338Z TRACE VirtualDom::wait_for_work:VirtualDom::process_events: dioxus_core::virtual_dom: Marking task Task { id: 0, unsend: PhantomData<*const ()> } (spawned in ScopeId(3)) as dirty (called from Location { file: "packages/core/src/virtual_dom.rs", line: 505, col: 58 })
2024-06-04T16:00:30.653423Z  INFO VirtualDom::wait_for_work:VirtualDom::process_events:VirtualDom::poll_tasks: dioxus_core::tasks: Polling task Task { id: 0, unsend: PhantomData<*const ()> }
2024-06-04T16:00:30.653484Z  INFO VirtualDom::wait_for_work:VirtualDom::process_events:VirtualDom::poll_tasks: dioxus_core::tasks: Task Task { id: 0, unsend: PhantomData<*const ()> } finished with result Pending
2024-06-04T16:00:30.653511Z TRACE VirtualDom::wait_for_work:VirtualDom::process_events:VirtualDom::poll_tasks: dioxus_core::virtual_dom: Marking scope ScopeId(3, "Doggo") as dirty
2024-06-04T16:00:30.653637Z TRACE VirtualDom::render_immediate:render{scope=Doggo}: dioxus_signals::signal: Subscribing to the reactive context ReactiveContext(for scope: ScopeId(3, "Doggo"))
2024-06-04T16:00:30.653673Z TRACE VirtualDom::render_immediate:render{scope=Doggo}: dioxus_signals::signal: Subscribing to the reactive context ReactiveContext(for scope: ScopeId(3, "Doggo"))
2024-06-04T16:00:30.653702Z TRACE VirtualDom::render_immediate:render{scope=Doggo}: dioxus_core::scope_context: looking for context dioxus_core::suspense::SuspenseContext (TypeId { t: (4533244013398082440, 10897659798729036060) }) in Doggo
2024-06-04T16:00:30.653722Z TRACE VirtualDom::render_immediate:render{scope=Doggo}: dioxus_core::scope_context: looking for context dioxus_core::suspense::SuspenseContext (TypeId { t: (4533244013398082440, 10897659798729036060) }) in FrozenContext
2024-06-04T16:00:30.653739Z TRACE VirtualDom::render_immediate:render{scope=Doggo}: dioxus_core::scope_context: found context TypeId { t: (9286496122914249738, 8586425926625933774) }
2024-06-04T16:00:30.653755Z TRACE VirtualDom::render_immediate:render{scope=Doggo}: dioxus_core::scope_context: looking for context dioxus_core::suspense::SuspenseContext (TypeId { t: (4533244013398082440, 10897659798729036060) }) in SuspenseBoundary
2024-06-04T16:00:30.653771Z TRACE VirtualDom::render_immediate:render{scope=Doggo}: dioxus_core::scope_context: found context TypeId { t: (4533244013398082440, 10897659798729036060) }
2024-06-04T16:00:30.715435Z TRACE VirtualDom::wait_for_work:VirtualDom::process_events: dioxus_core::virtual_dom: Marking task Task { id: 3, unsend: PhantomData<*const ()> } (spawned in ScopeId(4)) as dirty (called from Location { file: "packages/core/src/virtual_dom.rs", line: 505, col: 58 })
2024-06-04T16:00:30.715602Z  INFO VirtualDom::wait_for_work:VirtualDom::process_events:VirtualDom::poll_tasks: dioxus_core::tasks: Polling task Task { id: 3, unsend: PhantomData<*const ()> }
2024-06-04T16:00:30.715682Z  INFO VirtualDom::wait_for_work:VirtualDom::process_events:VirtualDom::poll_tasks: dioxus_core::tasks: Task Task { id: 3, unsend: PhantomData<*const ()> } finished with result Pending
2024-06-04T16:00:30.715723Z TRACE VirtualDom::wait_for_work:VirtualDom::process_events:VirtualDom::poll_tasks: dioxus_core::virtual_dom: Marking scope ScopeId(4, "Doggo") as dirty
2024-06-04T16:00:30.715890Z TRACE VirtualDom::render_immediate:render{scope=Doggo}: dioxus_signals::signal: Subscribing to the reactive context ReactiveContext(for scope: ScopeId(4, "Doggo"))
2024-06-04T16:00:30.715948Z TRACE VirtualDom::render_immediate:render{scope=Doggo}: dioxus_signals::signal: Subscribing to the reactive context ReactiveContext(for scope: ScopeId(4, "Doggo"))
2024-06-04T16:00:30.715990Z TRACE VirtualDom::render_immediate:render{scope=Doggo}: dioxus_core::scope_context: looking for context dioxus_core::suspense::SuspenseContext (TypeId { t: (4533244013398082440, 10897659798729036060) }) in Doggo
2024-06-04T16:00:30.716021Z TRACE VirtualDom::render_immediate:render{scope=Doggo}: dioxus_core::scope_context: looking for context dioxus_core::suspense::SuspenseContext (TypeId { t: (4533244013398082440, 10897659798729036060) }) in FrozenContext
2024-06-04T16:00:30.716046Z TRACE VirtualDom::render_immediate:render{scope=Doggo}: dioxus_core::scope_context: found context TypeId { t: (9286496122914249738, 8586425926625933774) }
2024-06-04T16:00:30.716070Z TRACE VirtualDom::render_immediate:render{scope=Doggo}: dioxus_core::scope_context: looking for context dioxus_core::suspense::SuspenseContext (TypeId { t: (4533244013398082440, 10897659798729036060) }) in SuspenseBoundary
2024-06-04T16:00:30.716093Z TRACE VirtualDom::render_immediate:render{scope=Doggo}: dioxus_core::scope_context: found context TypeId { t: (4533244013398082440, 10897659798729036060) }
2024-06-04T16:00:30.755486Z TRACE VirtualDom::wait_for_work:VirtualDom::process_events: dioxus_core::virtual_dom: Marking task Task { id: 0, unsend: PhantomData<*const ()> } (spawned in ScopeId(3)) as dirty (called from Location { file: "packages/core/src/virtual_dom.rs", line: 505, col: 58 })
2024-06-04T16:00:30.755574Z  INFO VirtualDom::wait_for_work:VirtualDom::process_events:VirtualDom::poll_tasks: dioxus_core::tasks: Polling task Task { id: 0, unsend: PhantomData<*const ()> }
2024-06-04T16:00:30.755644Z  INFO VirtualDom::wait_for_work:VirtualDom::process_events:VirtualDom::poll_tasks: dioxus_core::tasks: Task Task { id: 0, unsend: PhantomData<*const ()> } finished with result Pending
2024-06-04T16:00:30.755678Z TRACE VirtualDom::wait_for_work:VirtualDom::process_events:VirtualDom::poll_tasks: dioxus_core::virtual_dom: Marking scope ScopeId(3, "Doggo") as dirty
2024-06-04T16:00:30.755814Z TRACE VirtualDom::render_immediate:render{scope=Doggo}: dioxus_signals::signal: Subscribing to the reactive context ReactiveContext(for scope: ScopeId(3, "Doggo"))
2024-06-04T16:00:30.755851Z TRACE VirtualDom::render_immediate:render{scope=Doggo}: dioxus_signals::signal: Subscribing to the reactive context ReactiveContext(for scope: ScopeId(3, "Doggo"))
2024-06-04T16:00:30.755883Z TRACE VirtualDom::render_immediate:render{scope=Doggo}: dioxus_core::scope_context: looking for context dioxus_core::suspense::SuspenseContext (TypeId { t: (4533244013398082440, 10897659798729036060) }) in Doggo
2024-06-04T16:00:30.755906Z TRACE VirtualDom::render_immediate:render{scope=Doggo}: dioxus_core::scope_context: looking for context dioxus_core::suspense::SuspenseContext (TypeId { t: (4533244013398082440, 10897659798729036060) }) in FrozenContext
2024-06-04T16:00:30.755925Z TRACE VirtualDom::render_immediate:render{scope=Doggo}: dioxus_core::scope_context: found context TypeId { t: (9286496122914249738, 8586425926625933774) }
2024-06-04T16:00:30.755944Z TRACE VirtualDom::render_immediate:render{scope=Doggo}: dioxus_core::scope_context: looking for context dioxus_core::suspense::SuspenseContext (TypeId { t: (4533244013398082440, 10897659798729036060) }) in SuspenseBoundary
2024-06-04T16:00:30.755962Z TRACE VirtualDom::render_immediate:render{scope=Doggo}: dioxus_core::scope_context: found context TypeId { t: (4533244013398082440, 10897659798729036060) }
2024-06-04T16:00:30.759997Z TRACE VirtualDom::wait_for_work:VirtualDom::process_events: dioxus_core::virtual_dom: Marking task Task { id: 6, unsend: PhantomData<*const ()> } (spawned in ScopeId(5)) as dirty (called from Location { file: "packages/core/src/virtual_dom.rs", line: 505, col: 58 })
2024-06-04T16:00:30.760049Z  INFO VirtualDom::wait_for_work:VirtualDom::process_events:VirtualDom::poll_tasks: dioxus_core::tasks: Polling task Task { id: 6, unsend: PhantomData<*const ()> }
2024-06-04T16:00:30.760092Z TRACE VirtualDom::wait_for_work:VirtualDom::process_events:VirtualDom::poll_tasks: dioxus_signals::signal: Write on signal at examples/suspense.rs:122:19 finished, updating subscribers
2024-06-04T16:00:30.760123Z TRACE VirtualDom::wait_for_work:VirtualDom::process_events:VirtualDom::poll_tasks: dioxus_signals::reactive_context: Marking reactive context created at packages/signals/src/reactive_context.rs:117:13 as dirty
2024-06-04T16:00:30.760144Z TRACE VirtualDom::wait_for_work:VirtualDom::process_events:VirtualDom::poll_tasks: dioxus_signals::reactive_context: Marking scope ScopeId(5, "LoadingDots") as dirty
2024-06-04T16:00:30.760187Z  INFO VirtualDom::wait_for_work:VirtualDom::process_events:VirtualDom::poll_tasks: dioxus_core::tasks: Task Task { id: 6, unsend: PhantomData<*const ()> } finished with result Pending
2024-06-04T16:00:30.760209Z TRACE VirtualDom::wait_for_work:VirtualDom::process_events:VirtualDom::poll_tasks: dioxus_core::virtual_dom: Marking scope ScopeId(5, "LoadingDots") as dirty
2024-06-04T16:00:30.760315Z TRACE VirtualDom::render_immediate:render{scope=LoadingDots}: dioxus_signals::signal: Subscribing to the reactive context ReactiveContext(for scope: ScopeId(5, "LoadingDots"))
2024-06-04T16:00:30.760373Z TRACE VirtualDom::render_immediate: dioxus_core::scope_context: looking for context dioxus_core::suspense::FrozenContext (TypeId { t: (9286496122914249738, 8586425926625933774) }) in LoadingDots
2024-06-04T16:00:30.760393Z TRACE VirtualDom::render_immediate: dioxus_core::scope_context: looking for context dioxus_core::suspense::FrozenContext (TypeId { t: (9286496122914249738, 8586425926625933774) }) in SuspenseBoundary
2024-06-04T16:00:30.760438Z TRACE VirtualDom::render_immediate: dioxus_core::scope_context: found context TypeId { t: (4533244013398082440, 10897659798729036060) }
2024-06-04T16:00:30.760454Z TRACE VirtualDom::render_immediate: dioxus_core::scope_context: looking for context dioxus_core::suspense::FrozenContext (TypeId { t: (9286496122914249738, 8586425926625933774) }) in app
2024-06-04T16:00:30.760469Z TRACE VirtualDom::render_immediate: dioxus_core::scope_context: found context TypeId { t: (3582638416876954437, 3810890675802792692) }
2024-06-04T16:00:30.760484Z TRACE VirtualDom::render_immediate: dioxus_core::scope_context: found context TypeId { t: (7946844621057603534, 4355211565432133561) }
2024-06-04T16:00:30.760499Z TRACE VirtualDom::render_immediate: dioxus_core::scope_context: found context TypeId { t: (10682502755203913650, 15985576721215419306) }
2024-06-04T16:00:30.760514Z TRACE VirtualDom::render_immediate: dioxus_core::scope_context: context dioxus_core::suspense::FrozenContext (TypeId { t: (9286496122914249738, 8586425926625933774) }) not found
2024-06-04T16:00:30.760542Z TRACE VirtualDom::render_immediate: dioxus_core::diff::node: moving mount self=VNode { vnode: VNodeInner { key: None, template: Cell { value: Template { name: "examples/suspense.rs:127:5:4128", roots: [Dynamic { id: 0 }], node_paths: [[0]], attr_paths: [] } }, dynamic_nodes: [Text(VText { value: "." })], dynamic_attrs: [] }, mount: Cell { value: MountId(7) } } new=VNode { vnode: VNodeInner { key: None, template: Cell { value: Template { name: "examples/suspense.rs:127:5:4128", roots: [Dynamic { id: 0 }], node_paths: [[0]], attr_paths: [] } }, dynamic_nodes: [Text(VText { value: ".." })], dynamic_attrs: [] }, mount: Cell { value: MountId(7) } }
2024-06-04T16:00:30.760596Z TRACE VirtualDom::render_immediate: dioxus_core::diff::node: mount id: MountId(7)
2024-06-04T16:00:30.760611Z TRACE VirtualDom::render_immediate: dioxus_core::diff::node: mounts: Slab { len: 8, cap: 8 }
2024-06-04T16:00:30.817225Z TRACE VirtualDom::wait_for_work:VirtualDom::process_events: dioxus_core::virtual_dom: Marking task Task { id: 3, unsend: PhantomData<*const ()> } (spawned in ScopeId(4)) as dirty (called from Location { file: "packages/core/src/virtual_dom.rs", line: 505, col: 58 })
2024-06-04T16:00:30.817336Z  INFO VirtualDom::wait_for_work:VirtualDom::process_events:VirtualDom::poll_tasks: dioxus_core::tasks: Polling task Task { id: 3, unsend: PhantomData<*const ()> }
2024-06-04T16:00:30.817408Z  INFO VirtualDom::wait_for_work:VirtualDom::process_events:VirtualDom::poll_tasks: dioxus_core::tasks: Task Task { id: 3, unsend: PhantomData<*const ()> } finished with result Pending
2024-06-04T16:00:30.817440Z TRACE VirtualDom::wait_for_work:VirtualDom::process_events:VirtualDom::poll_tasks: dioxus_core::virtual_dom: Marking scope ScopeId(4, "Doggo") as dirty
2024-06-04T16:00:30.817597Z TRACE VirtualDom::render_immediate:render{scope=Doggo}: dioxus_signals::signal: Subscribing to the reactive context ReactiveContext(for scope: ScopeId(4, "Doggo"))
2024-06-04T16:00:30.817645Z TRACE VirtualDom::render_immediate:render{scope=Doggo}: dioxus_signals::signal: Subscribing to the reactive context ReactiveContext(for scope: ScopeId(4, "Doggo"))
2024-06-04T16:00:30.817680Z TRACE VirtualDom::render_immediate:render{scope=Doggo}: dioxus_core::scope_context: looking for context dioxus_core::suspense::SuspenseContext (TypeId { t: (4533244013398082440, 10897659798729036060) }) in Doggo
2024-06-04T16:00:30.817704Z TRACE VirtualDom::render_immediate:render{scope=Doggo}: dioxus_core::scope_context: looking for context dioxus_core::suspense::SuspenseContext (TypeId { t: (4533244013398082440, 10897659798729036060) }) in FrozenContext
2024-06-04T16:00:30.817725Z TRACE VirtualDom::render_immediate:render{scope=Doggo}: dioxus_core::scope_context: found context TypeId { t: (9286496122914249738, 8586425926625933774) }
2024-06-04T16:00:30.817744Z TRACE VirtualDom::render_immediate:render{scope=Doggo}: dioxus_core::scope_context: looking for context dioxus_core::suspense::SuspenseContext (TypeId { t: (4533244013398082440, 10897659798729036060) }) in SuspenseBoundary
2024-06-04T16:00:30.817763Z TRACE VirtualDom::render_immediate:render{scope=Doggo}: dioxus_core::scope_context: found context TypeId { t: (4533244013398082440, 10897659798729036060) }
2024-06-04T16:00:30.857057Z TRACE VirtualDom::wait_for_work:VirtualDom::process_events: dioxus_core::virtual_dom: Marking task Task { id: 0, unsend: PhantomData<*const ()> } (spawned in ScopeId(3)) as dirty (called from Location { file: "packages/core/src/virtual_dom.rs", line: 505, col: 58 })
2024-06-04T16:00:30.857249Z  INFO VirtualDom::wait_for_work:VirtualDom::process_events:VirtualDom::poll_tasks: dioxus_core::tasks: Polling task Task { id: 0, unsend: PhantomData<*const ()> }
2024-06-04T16:00:30.857352Z  INFO VirtualDom::wait_for_work:VirtualDom::process_events:VirtualDom::poll_tasks: dioxus_core::tasks: Task Task { id: 0, unsend: PhantomData<*const ()> } finished with result Pending
2024-06-04T16:00:30.857393Z TRACE VirtualDom::wait_for_work:VirtualDom::process_events:VirtualDom::poll_tasks: dioxus_core::virtual_dom: Marking scope ScopeId(3, "Doggo") as dirty
2024-06-04T16:00:30.857565Z TRACE VirtualDom::render_immediate:render{scope=Doggo}: dioxus_signals::signal: Subscribing to the reactive context ReactiveContext(for scope: ScopeId(3, "Doggo"))
2024-06-04T16:00:30.857615Z TRACE VirtualDom::render_immediate:render{scope=Doggo}: dioxus_signals::signal: Subscribing to the reactive context ReactiveContext(for scope: ScopeId(3, "Doggo"))
2024-06-04T16:00:30.857653Z TRACE VirtualDom::render_immediate:render{scope=Doggo}: dioxus_core::scope_context: looking for context dioxus_core::suspense::SuspenseContext (TypeId { t: (4533244013398082440, 10897659798729036060) }) in Doggo
2024-06-04T16:00:30.857676Z TRACE VirtualDom::render_immediate:render{scope=Doggo}: dioxus_core::scope_context: looking for context dioxus_core::suspense::SuspenseContext (TypeId { t: (4533244013398082440, 10897659798729036060) }) in FrozenContext
2024-06-04T16:00:30.857695Z TRACE VirtualDom::render_immediate:render{scope=Doggo}: dioxus_core::scope_context: found context TypeId { t: (9286496122914249738, 8586425926625933774) }
2024-06-04T16:00:30.857753Z TRACE VirtualDom::render_immediate:render{scope=Doggo}: dioxus_core::scope_context: looking for context dioxus_core::suspense::SuspenseContext (TypeId { t: (4533244013398082440, 10897659798729036060) }) in SuspenseBoundary
2024-06-04T16:00:30.857789Z TRACE VirtualDom::render_immediate:render{scope=Doggo}: dioxus_core::scope_context: found context TypeId { t: (4533244013398082440, 10897659798729036060) }
2024-06-04T16:00:30.919018Z TRACE VirtualDom::wait_for_work:VirtualDom::process_events: dioxus_core::virtual_dom: Marking task Task { id: 3, unsend: PhantomData<*const ()> } (spawned in ScopeId(4)) as dirty (called from Location { file: "packages/core/src/virtual_dom.rs", line: 505, col: 58 })
2024-06-04T16:00:30.919144Z  INFO VirtualDom::wait_for_work:VirtualDom::process_events:VirtualDom::poll_tasks: dioxus_core::tasks: Polling task Task { id: 3, unsend: PhantomData<*const ()> }
2024-06-04T16:00:30.919222Z  INFO VirtualDom::wait_for_work:VirtualDom::process_events:VirtualDom::poll_tasks: dioxus_core::tasks: Task Task { id: 3, unsend: PhantomData<*const ()> } finished with result Pending
2024-06-04T16:00:30.919254Z TRACE VirtualDom::wait_for_work:VirtualDom::process_events:VirtualDom::poll_tasks: dioxus_core::virtual_dom: Marking scope ScopeId(4, "Doggo") as dirty
2024-06-04T16:00:30.919414Z TRACE VirtualDom::render_immediate:render{scope=Doggo}: dioxus_signals::signal: Subscribing to the reactive context ReactiveContext(for scope: ScopeId(4, "Doggo"))
2024-06-04T16:00:30.919470Z TRACE VirtualDom::render_immediate:render{scope=Doggo}: dioxus_signals::signal: Subscribing to the reactive context ReactiveContext(for scope: ScopeId(4, "Doggo"))
2024-06-04T16:00:30.919512Z TRACE VirtualDom::render_immediate:render{scope=Doggo}: dioxus_core::scope_context: looking for context dioxus_core::suspense::SuspenseContext (TypeId { t: (4533244013398082440, 10897659798729036060) }) in Doggo
2024-06-04T16:00:30.919540Z TRACE VirtualDom::render_immediate:render{scope=Doggo}: dioxus_core::scope_context: looking for context dioxus_core::suspense::SuspenseContext (TypeId { t: (4533244013398082440, 10897659798729036060) }) in FrozenContext
2024-06-04T16:00:30.919560Z TRACE VirtualDom::render_immediate:render{scope=Doggo}: dioxus_core::scope_context: found context TypeId { t: (9286496122914249738, 8586425926625933774) }
2024-06-04T16:00:30.919579Z TRACE VirtualDom::render_immediate:render{scope=Doggo}: dioxus_core::scope_context: looking for context dioxus_core::suspense::SuspenseContext (TypeId { t: (4533244013398082440, 10897659798729036060) }) in SuspenseBoundary
2024-06-04T16:00:30.919598Z TRACE VirtualDom::render_immediate:render{scope=Doggo}: dioxus_core::scope_context: found context TypeId { t: (4533244013398082440, 10897659798729036060) }
2024-06-04T16:00:30.960115Z TRACE VirtualDom::wait_for_work:VirtualDom::process_events: dioxus_core::virtual_dom: Marking task Task { id: 0, unsend: PhantomData<*const ()> } (spawned in ScopeId(3)) as dirty (called from Location { file: "packages/core/src/virtual_dom.rs", line: 505, col: 58 })
2024-06-04T16:00:30.960227Z  INFO VirtualDom::wait_for_work:VirtualDom::process_events:VirtualDom::poll_tasks: dioxus_core::tasks: Polling task Task { id: 0, unsend: PhantomData<*const ()> }
2024-06-04T16:00:30.960319Z  INFO VirtualDom::wait_for_work:VirtualDom::process_events:VirtualDom::poll_tasks: dioxus_core::tasks: Task Task { id: 0, unsend: PhantomData<*const ()> } finished with result Pending
2024-06-04T16:00:30.960350Z TRACE VirtualDom::wait_for_work:VirtualDom::process_events:VirtualDom::poll_tasks: dioxus_core::virtual_dom: Marking scope ScopeId(3, "Doggo") as dirty
2024-06-04T16:00:30.960513Z TRACE VirtualDom::render_immediate:render{scope=Doggo}: dioxus_signals::signal: Subscribing to the reactive context ReactiveContext(for scope: ScopeId(3, "Doggo"))
2024-06-04T16:00:30.960566Z TRACE VirtualDom::render_immediate:render{scope=Doggo}: dioxus_signals::signal: Subscribing to the reactive context ReactiveContext(for scope: ScopeId(3, "Doggo"))
2024-06-04T16:00:30.960604Z TRACE VirtualDom::render_immediate:render{scope=Doggo}: dioxus_core::scope_context: looking for context dioxus_core::suspense::SuspenseContext (TypeId { t: (4533244013398082440, 10897659798729036060) }) in Doggo
2024-06-04T16:00:30.960628Z TRACE VirtualDom::render_immediate:render{scope=Doggo}: dioxus_core::scope_context: looking for context dioxus_core::suspense::SuspenseContext (TypeId { t: (4533244013398082440, 10897659798729036060) }) in FrozenContext
2024-06-04T16:00:30.960665Z TRACE VirtualDom::render_immediate:render{scope=Doggo}: dioxus_core::scope_context: found context TypeId { t: (9286496122914249738, 8586425926625933774) }
2024-06-04T16:00:30.960700Z TRACE VirtualDom::render_immediate:render{scope=Doggo}: dioxus_core::scope_context: looking for context dioxus_core::suspense::SuspenseContext (TypeId { t: (4533244013398082440, 10897659798729036060) }) in SuspenseBoundary
2024-06-04T16:00:30.960727Z TRACE VirtualDom::render_immediate:render{scope=Doggo}: dioxus_core::scope_context: found context TypeId { t: (4533244013398082440, 10897659798729036060) }
2024-06-04T16:00:30.962355Z TRACE VirtualDom::wait_for_work:VirtualDom::process_events: dioxus_core::virtual_dom: Marking task Task { id: 6, unsend: PhantomData<*const ()> } (spawned in ScopeId(5)) as dirty (called from Location { file: "packages/core/src/virtual_dom.rs", line: 505, col: 58 })
2024-06-04T16:00:30.962433Z  INFO VirtualDom::wait_for_work:VirtualDom::process_events:VirtualDom::poll_tasks: dioxus_core::tasks: Polling task Task { id: 6, unsend: PhantomData<*const ()> }
2024-06-04T16:00:30.962489Z TRACE VirtualDom::wait_for_work:VirtualDom::process_events:VirtualDom::poll_tasks: dioxus_signals::signal: Write on signal at examples/suspense.rs:122:19 finished, updating subscribers
2024-06-04T16:00:30.962524Z TRACE VirtualDom::wait_for_work:VirtualDom::process_events:VirtualDom::poll_tasks: dioxus_signals::reactive_context: Marking reactive context created at packages/signals/src/reactive_context.rs:117:13 as dirty
2024-06-04T16:00:30.962547Z TRACE VirtualDom::wait_for_work:VirtualDom::process_events:VirtualDom::poll_tasks: dioxus_signals::reactive_context: Marking scope ScopeId(5, "LoadingDots") as dirty
2024-06-04T16:00:30.962591Z  INFO VirtualDom::wait_for_work:VirtualDom::process_events:VirtualDom::poll_tasks: dioxus_core::tasks: Task Task { id: 6, unsend: PhantomData<*const ()> } finished with result Pending
2024-06-04T16:00:30.962629Z TRACE VirtualDom::wait_for_work:VirtualDom::process_events:VirtualDom::poll_tasks: dioxus_core::virtual_dom: Marking scope ScopeId(5, "LoadingDots") as dirty
2024-06-04T16:00:30.962758Z TRACE VirtualDom::render_immediate:render{scope=LoadingDots}: dioxus_signals::signal: Subscribing to the reactive context ReactiveContext(for scope: ScopeId(5, "LoadingDots"))
2024-06-04T16:00:30.962810Z TRACE VirtualDom::render_immediate: dioxus_core::scope_context: looking for context dioxus_core::suspense::FrozenContext (TypeId { t: (9286496122914249738, 8586425926625933774) }) in LoadingDots
2024-06-04T16:00:30.962836Z TRACE VirtualDom::render_immediate: dioxus_core::scope_context: looking for context dioxus_core::suspense::FrozenContext (TypeId { t: (9286496122914249738, 8586425926625933774) }) in SuspenseBoundary
2024-06-04T16:00:30.962854Z TRACE VirtualDom::render_immediate: dioxus_core::scope_context: found context TypeId { t: (4533244013398082440, 10897659798729036060) }
2024-06-04T16:00:30.962870Z TRACE VirtualDom::render_immediate: dioxus_core::scope_context: looking for context dioxus_core::suspense::FrozenContext (TypeId { t: (9286496122914249738, 8586425926625933774) }) in app
2024-06-04T16:00:30.962885Z TRACE VirtualDom::render_immediate: dioxus_core::scope_context: found context TypeId { t: (3582638416876954437, 3810890675802792692) }
2024-06-04T16:00:30.962901Z TRACE VirtualDom::render_immediate: dioxus_core::scope_context: found context TypeId { t: (7946844621057603534, 4355211565432133561) }
2024-06-04T16:00:30.962916Z TRACE VirtualDom::render_immediate: dioxus_core::scope_context: found context TypeId { t: (10682502755203913650, 15985576721215419306) }
2024-06-04T16:00:30.962931Z TRACE VirtualDom::render_immediate: dioxus_core::scope_context: context dioxus_core::suspense::FrozenContext (TypeId { t: (9286496122914249738, 8586425926625933774) }) not found
2024-06-04T16:00:30.962963Z TRACE VirtualDom::render_immediate: dioxus_core::diff::node: moving mount self=VNode { vnode: VNodeInner { key: None, template: Cell { value: Template { name: "examples/suspense.rs:127:5:4128", roots: [Dynamic { id: 0 }], node_paths: [[0]], attr_paths: [] } }, dynamic_nodes: [Text(VText { value: ".." })], dynamic_attrs: [] }, mount: Cell { value: MountId(7) } } new=VNode { vnode: VNodeInner { key: None, template: Cell { value: Template { name: "examples/suspense.rs:127:5:4128", roots: [Dynamic { id: 0 }], node_paths: [[0]], attr_paths: [] } }, dynamic_nodes: [Text(VText { value: "..." })], dynamic_attrs: [] }, mount: Cell { value: MountId(7) } }
2024-06-04T16:00:30.963004Z TRACE VirtualDom::render_immediate: dioxus_core::diff::node: mount id: MountId(7)
2024-06-04T16:00:30.963019Z TRACE VirtualDom::render_immediate: dioxus_core::diff::node: mounts: Slab { len: 8, cap: 8 }
2024-06-04T16:00:31.021275Z TRACE VirtualDom::wait_for_work:VirtualDom::process_events: dioxus_core::virtual_dom: Marking task Task { id: 3, unsend: PhantomData<*const ()> } (spawned in ScopeId(4)) as dirty (called from Location { file: "packages/core/src/virtual_dom.rs", line: 505, col: 58 })
2024-06-04T16:00:31.021385Z  INFO VirtualDom::wait_for_work:VirtualDom::process_events:VirtualDom::poll_tasks: dioxus_core::tasks: Polling task Task { id: 3, unsend: PhantomData<*const ()> }
2024-06-04T16:00:31.021470Z  INFO VirtualDom::wait_for_work:VirtualDom::process_events:VirtualDom::poll_tasks: dioxus_core::tasks: Task Task { id: 3, unsend: PhantomData<*const ()> } finished with result Pending
2024-06-04T16:00:31.021499Z TRACE VirtualDom::wait_for_work:VirtualDom::process_events:VirtualDom::poll_tasks: dioxus_core::virtual_dom: Marking scope ScopeId(4, "Doggo") as dirty
2024-06-04T16:00:31.021649Z TRACE VirtualDom::render_immediate:render{scope=Doggo}: dioxus_signals::signal: Subscribing to the reactive context ReactiveContext(for scope: ScopeId(4, "Doggo"))
2024-06-04T16:00:31.021696Z TRACE VirtualDom::render_immediate:render{scope=Doggo}: dioxus_signals::signal: Subscribing to the reactive context ReactiveContext(for scope: ScopeId(4, "Doggo"))
2024-06-04T16:00:31.021730Z TRACE VirtualDom::render_immediate:render{scope=Doggo}: dioxus_core::scope_context: looking for context dioxus_core::suspense::SuspenseContext (TypeId { t: (4533244013398082440, 10897659798729036060) }) in Doggo
2024-06-04T16:00:31.021752Z TRACE VirtualDom::render_immediate:render{scope=Doggo}: dioxus_core::scope_context: looking for context dioxus_core::suspense::SuspenseContext (TypeId { t: (4533244013398082440, 10897659798729036060) }) in FrozenContext
2024-06-04T16:00:31.021770Z TRACE VirtualDom::render_immediate:render{scope=Doggo}: dioxus_core::scope_context: found context TypeId { t: (9286496122914249738, 8586425926625933774) }
2024-06-04T16:00:31.021786Z TRACE VirtualDom::render_immediate:render{scope=Doggo}: dioxus_core::scope_context: looking for context dioxus_core::suspense::SuspenseContext (TypeId { t: (4533244013398082440, 10897659798729036060) }) in SuspenseBoundary
2024-06-04T16:00:31.021802Z TRACE VirtualDom::render_immediate:render{scope=Doggo}: dioxus_core::scope_context: found context TypeId { t: (4533244013398082440, 10897659798729036060) }
2024-06-04T16:00:31.062034Z TRACE VirtualDom::wait_for_work:VirtualDom::process_events: dioxus_core::virtual_dom: Marking task Task { id: 0, unsend: PhantomData<*const ()> } (spawned in ScopeId(3)) as dirty (called from Location { file: "packages/core/src/virtual_dom.rs", line: 505, col: 58 })
2024-06-04T16:00:31.062101Z  INFO VirtualDom::wait_for_work:VirtualDom::process_events:VirtualDom::poll_tasks: dioxus_core::tasks: Polling task Task { id: 0, unsend: PhantomData<*const ()> }
2024-06-04T16:00:31.062155Z  INFO VirtualDom::wait_for_work:VirtualDom::process_events:VirtualDom::poll_tasks: dioxus_core::tasks: Task Task { id: 0, unsend: PhantomData<*const ()> } finished with result Pending
2024-06-04T16:00:31.062175Z TRACE VirtualDom::wait_for_work:VirtualDom::process_events:VirtualDom::poll_tasks: dioxus_core::virtual_dom: Marking scope ScopeId(3, "Doggo") as dirty
2024-06-04T16:00:31.062274Z TRACE VirtualDom::render_immediate:render{scope=Doggo}: dioxus_signals::signal: Subscribing to the reactive context ReactiveContext(for scope: ScopeId(3, "Doggo"))
2024-06-04T16:00:31.062304Z TRACE VirtualDom::render_immediate:render{scope=Doggo}: dioxus_signals::signal: Subscribing to the reactive context ReactiveContext(for scope: ScopeId(3, "Doggo"))
2024-06-04T16:00:31.062327Z TRACE VirtualDom::render_immediate:render{scope=Doggo}: dioxus_core::scope_context: looking for context dioxus_core::suspense::SuspenseContext (TypeId { t: (4533244013398082440, 10897659798729036060) }) in Doggo
2024-06-04T16:00:31.062344Z TRACE VirtualDom::render_immediate:render{scope=Doggo}: dioxus_core::scope_context: looking for context dioxus_core::suspense::SuspenseContext (TypeId { t: (4533244013398082440, 10897659798729036060) }) in FrozenContext
2024-06-04T16:00:31.062357Z TRACE VirtualDom::render_immediate:render{scope=Doggo}: dioxus_core::scope_context: found context TypeId { t: (9286496122914249738, 8586425926625933774) }
2024-06-04T16:00:31.062371Z TRACE VirtualDom::render_immediate:render{scope=Doggo}: dioxus_core::scope_context: looking for context dioxus_core::suspense::SuspenseContext (TypeId { t: (4533244013398082440, 10897659798729036060) }) in SuspenseBoundary
2024-06-04T16:00:31.062384Z TRACE VirtualDom::render_immediate:render{scope=Doggo}: dioxus_core::scope_context: found context TypeId { t: (4533244013398082440, 10897659798729036060) }
2024-06-04T16:00:31.123190Z TRACE VirtualDom::wait_for_work:VirtualDom::process_events: dioxus_core::virtual_dom: Marking task Task { id: 3, unsend: PhantomData<*const ()> } (spawned in ScopeId(4)) as dirty (called from Location { file: "packages/core/src/virtual_dom.rs", line: 505, col: 58 })
2024-06-04T16:00:31.123275Z  INFO VirtualDom::wait_for_work:VirtualDom::process_events:VirtualDom::poll_tasks: dioxus_core::tasks: Polling task Task { id: 3, unsend: PhantomData<*const ()> }
2024-06-04T16:00:31.123326Z  INFO VirtualDom::wait_for_work:VirtualDom::process_events:VirtualDom::poll_tasks: dioxus_core::tasks: Task Task { id: 3, unsend: PhantomData<*const ()> } finished with result Pending
2024-06-04T16:00:31.123347Z TRACE VirtualDom::wait_for_work:VirtualDom::process_events:VirtualDom::poll_tasks: dioxus_core::virtual_dom: Marking scope ScopeId(4, "Doggo") as dirty
2024-06-04T16:00:31.123447Z TRACE VirtualDom::render_immediate:render{scope=Doggo}: dioxus_signals::signal: Subscribing to the reactive context ReactiveContext(for scope: ScopeId(4, "Doggo"))
2024-06-04T16:00:31.123478Z TRACE VirtualDom::render_immediate:render{scope=Doggo}: dioxus_signals::signal: Subscribing to the reactive context ReactiveContext(for scope: ScopeId(4, "Doggo"))
2024-06-04T16:00:31.123501Z TRACE VirtualDom::render_immediate:render{scope=Doggo}: dioxus_core::scope_context: looking for context dioxus_core::suspense::SuspenseContext (TypeId { t: (4533244013398082440, 10897659798729036060) }) in Doggo
2024-06-04T16:00:31.123516Z TRACE VirtualDom::render_immediate:render{scope=Doggo}: dioxus_core::scope_context: looking for context dioxus_core::suspense::SuspenseContext (TypeId { t: (4533244013398082440, 10897659798729036060) }) in FrozenContext
2024-06-04T16:00:31.123530Z TRACE VirtualDom::render_immediate:render{scope=Doggo}: dioxus_core::scope_context: found context TypeId { t: (9286496122914249738, 8586425926625933774) }
2024-06-04T16:00:31.123543Z TRACE VirtualDom::render_immediate:render{scope=Doggo}: dioxus_core::scope_context: looking for context dioxus_core::suspense::SuspenseContext (TypeId { t: (4533244013398082440, 10897659798729036060) }) in SuspenseBoundary
2024-06-04T16:00:31.123557Z TRACE VirtualDom::render_immediate:render{scope=Doggo}: dioxus_core::scope_context: found context TypeId { t: (4533244013398082440, 10897659798729036060) }
2024-06-04T16:00:31.164261Z TRACE VirtualDom::wait_for_work:VirtualDom::process_events: dioxus_core::virtual_dom: Marking task Task { id: 6, unsend: PhantomData<*const ()> } (spawned in ScopeId(5)) as dirty (called from Location { file: "packages/core/src/virtual_dom.rs", line: 505, col: 58 })
2024-06-04T16:00:31.164344Z TRACE VirtualDom::wait_for_work:VirtualDom::process_events: dioxus_core::virtual_dom: Marking task Task { id: 0, unsend: PhantomData<*const ()> } (spawned in ScopeId(3)) as dirty (called from Location { file: "packages/core/src/virtual_dom.rs", line: 505, col: 58 })
2024-06-04T16:00:31.164381Z  INFO VirtualDom::wait_for_work:VirtualDom::process_events:VirtualDom::poll_tasks: dioxus_core::tasks: Polling task Task { id: 6, unsend: PhantomData<*const ()> }
2024-06-04T16:00:31.164437Z TRACE VirtualDom::wait_for_work:VirtualDom::process_events:VirtualDom::poll_tasks: dioxus_signals::signal: Write on signal at examples/suspense.rs:122:19 finished, updating subscribers
2024-06-04T16:00:31.164468Z TRACE VirtualDom::wait_for_work:VirtualDom::process_events:VirtualDom::poll_tasks: dioxus_signals::reactive_context: Marking reactive context created at packages/signals/src/reactive_context.rs:117:13 as dirty
2024-06-04T16:00:31.164485Z TRACE VirtualDom::wait_for_work:VirtualDom::process_events:VirtualDom::poll_tasks: dioxus_signals::reactive_context: Marking scope ScopeId(5, "LoadingDots") as dirty
2024-06-04T16:00:31.164525Z  INFO VirtualDom::wait_for_work:VirtualDom::process_events:VirtualDom::poll_tasks: dioxus_core::tasks: Task Task { id: 6, unsend: PhantomData<*const ()> } finished with result Pending
2024-06-04T16:00:31.164551Z TRACE VirtualDom::wait_for_work:VirtualDom::process_events:VirtualDom::poll_tasks: dioxus_core::virtual_dom: Marking scope ScopeId(5, "LoadingDots") as dirty
2024-06-04T16:00:31.164645Z TRACE VirtualDom::render_immediate:render{scope=LoadingDots}: dioxus_signals::signal: Subscribing to the reactive context ReactiveContext(for scope: ScopeId(5, "LoadingDots"))
2024-06-04T16:00:31.164681Z TRACE VirtualDom::render_immediate: dioxus_core::scope_context: looking for context dioxus_core::suspense::FrozenContext (TypeId { t: (9286496122914249738, 8586425926625933774) }) in LoadingDots
2024-06-04T16:00:31.164697Z TRACE VirtualDom::render_immediate: dioxus_core::scope_context: looking for context dioxus_core::suspense::FrozenContext (TypeId { t: (9286496122914249738, 8586425926625933774) }) in SuspenseBoundary
2024-06-04T16:00:31.164709Z TRACE VirtualDom::render_immediate: dioxus_core::scope_context: found context TypeId { t: (4533244013398082440, 10897659798729036060) }
2024-06-04T16:00:31.164720Z TRACE VirtualDom::render_immediate: dioxus_core::scope_context: looking for context dioxus_core::suspense::FrozenContext (TypeId { t: (9286496122914249738, 8586425926625933774) }) in app
2024-06-04T16:00:31.164731Z TRACE VirtualDom::render_immediate: dioxus_core::scope_context: found context TypeId { t: (3582638416876954437, 3810890675802792692) }
2024-06-04T16:00:31.164743Z TRACE VirtualDom::render_immediate: dioxus_core::scope_context: found context TypeId { t: (7946844621057603534, 4355211565432133561) }
2024-06-04T16:00:31.164753Z TRACE VirtualDom::render_immediate: dioxus_core::scope_context: found context TypeId { t: (10682502755203913650, 15985576721215419306) }
2024-06-04T16:00:31.164771Z TRACE VirtualDom::render_immediate: dioxus_core::scope_context: context dioxus_core::suspense::FrozenContext (TypeId { t: (9286496122914249738, 8586425926625933774) }) not found
2024-06-04T16:00:31.164791Z TRACE VirtualDom::render_immediate: dioxus_core::diff::node: moving mount self=VNode { vnode: VNodeInner { key: None, template: Cell { value: Template { name: "examples/suspense.rs:127:5:4128", roots: [Dynamic { id: 0 }], node_paths: [[0]], attr_paths: [] } }, dynamic_nodes: [Text(VText { value: "..." })], dynamic_attrs: [] }, mount: Cell { value: MountId(7) } } new=VNode { vnode: VNodeInner { key: None, template: Cell { value: Template { name: "examples/suspense.rs:127:5:4128", roots: [Dynamic { id: 0 }], node_paths: [[0]], attr_paths: [] } }, dynamic_nodes: [Text(VText { value: "" })], dynamic_attrs: [] }, mount: Cell { value: MountId(7) } }
2024-06-04T16:00:31.164820Z TRACE VirtualDom::render_immediate: dioxus_core::diff::node: mount id: MountId(7)
2024-06-04T16:00:31.164830Z TRACE VirtualDom::render_immediate: dioxus_core::diff::node: mounts: Slab { len: 8, cap: 8 }
2024-06-04T16:00:31.164852Z  INFO VirtualDom::render_immediate: dioxus_core::tasks: Polling task Task { id: 0, unsend: PhantomData<*const ()> }
2024-06-04T16:00:31.164879Z  INFO VirtualDom::render_immediate: dioxus_core::tasks: Task Task { id: 0, unsend: PhantomData<*const ()> } finished with result Pending
2024-06-04T16:00:31.164895Z TRACE VirtualDom::render_immediate: dioxus_core::virtual_dom: Marking scope ScopeId(3, "Doggo") as dirty
2024-06-04T16:00:31.164932Z TRACE VirtualDom::render_immediate:render{scope=Doggo}: dioxus_signals::signal: Subscribing to the reactive context ReactiveContext(for scope: ScopeId(3, "Doggo"))
2024-06-04T16:00:31.164956Z TRACE VirtualDom::render_immediate:render{scope=Doggo}: dioxus_signals::signal: Subscribing to the reactive context ReactiveContext(for scope: ScopeId(3, "Doggo"))
2024-06-04T16:00:31.164981Z TRACE VirtualDom::render_immediate:render{scope=Doggo}: dioxus_core::scope_context: looking for context dioxus_core::suspense::SuspenseContext (TypeId { t: (4533244013398082440, 10897659798729036060) }) in Doggo
2024-06-04T16:00:31.164998Z TRACE VirtualDom::render_immediate:render{scope=Doggo}: dioxus_core::scope_context: looking for context dioxus_core::suspense::SuspenseContext (TypeId { t: (4533244013398082440, 10897659798729036060) }) in FrozenContext
2024-06-04T16:00:31.165012Z TRACE VirtualDom::render_immediate:render{scope=Doggo}: dioxus_core::scope_context: found context TypeId { t: (9286496122914249738, 8586425926625933774) }
2024-06-04T16:00:31.165025Z TRACE VirtualDom::render_immediate:render{scope=Doggo}: dioxus_core::scope_context: looking for context dioxus_core::suspense::SuspenseContext (TypeId { t: (4533244013398082440, 10897659798729036060) }) in SuspenseBoundary
2024-06-04T16:00:31.165039Z TRACE VirtualDom::render_immediate:render{scope=Doggo}: dioxus_core::scope_context: found context TypeId { t: (4533244013398082440, 10897659798729036060) }
2024-06-04T16:00:31.224989Z TRACE VirtualDom::wait_for_work:VirtualDom::process_events: dioxus_core::virtual_dom: Marking task Task { id: 3, unsend: PhantomData<*const ()> } (spawned in ScopeId(4)) as dirty (called from Location { file: "packages/core/src/virtual_dom.rs", line: 505, col: 58 })
2024-06-04T16:00:31.225077Z  INFO VirtualDom::wait_for_work:VirtualDom::process_events:VirtualDom::poll_tasks: dioxus_core::tasks: Polling task Task { id: 3, unsend: PhantomData<*const ()> }
2024-06-04T16:00:31.225142Z  INFO VirtualDom::wait_for_work:VirtualDom::process_events:VirtualDom::poll_tasks: dioxus_core::tasks: Task Task { id: 3, unsend: PhantomData<*const ()> } finished with result Pending
2024-06-04T16:00:31.225169Z TRACE VirtualDom::wait_for_work:VirtualDom::process_events:VirtualDom::poll_tasks: dioxus_core::virtual_dom: Marking scope ScopeId(4, "Doggo") as dirty
2024-06-04T16:00:31.225293Z TRACE VirtualDom::render_immediate:render{scope=Doggo}: dioxus_signals::signal: Subscribing to the reactive context ReactiveContext(for scope: ScopeId(4, "Doggo"))
2024-06-04T16:00:31.225328Z TRACE VirtualDom::render_immediate:render{scope=Doggo}: dioxus_signals::signal: Subscribing to the reactive context ReactiveContext(for scope: ScopeId(4, "Doggo"))
2024-06-04T16:00:31.225355Z TRACE VirtualDom::render_immediate:render{scope=Doggo}: dioxus_core::scope_context: looking for context dioxus_core::suspense::SuspenseContext (TypeId { t: (4533244013398082440, 10897659798729036060) }) in Doggo
2024-06-04T16:00:31.225376Z TRACE VirtualDom::render_immediate:render{scope=Doggo}: dioxus_core::scope_context: looking for context dioxus_core::suspense::SuspenseContext (TypeId { t: (4533244013398082440, 10897659798729036060) }) in FrozenContext
2024-06-04T16:00:31.225393Z TRACE VirtualDom::render_immediate:render{scope=Doggo}: dioxus_core::scope_context: found context TypeId { t: (9286496122914249738, 8586425926625933774) }
2024-06-04T16:00:31.225409Z TRACE VirtualDom::render_immediate:render{scope=Doggo}: dioxus_core::scope_context: looking for context dioxus_core::suspense::SuspenseContext (TypeId { t: (4533244013398082440, 10897659798729036060) }) in SuspenseBoundary
2024-06-04T16:00:31.225437Z TRACE VirtualDom::render_immediate:render{scope=Doggo}: dioxus_core::scope_context: found context TypeId { t: (4533244013398082440, 10897659798729036060) }
2024-06-04T16:00:31.267008Z TRACE VirtualDom::wait_for_work:VirtualDom::process_events: dioxus_core::virtual_dom: Marking task Task { id: 0, unsend: PhantomData<*const ()> } (spawned in ScopeId(3)) as dirty (called from Location { file: "packages/core/src/virtual_dom.rs", line: 505, col: 58 })
2024-06-04T16:00:31.267069Z  INFO VirtualDom::wait_for_work:VirtualDom::process_events:VirtualDom::poll_tasks: dioxus_core::tasks: Polling task Task { id: 0, unsend: PhantomData<*const ()> }
2024-06-04T16:00:31.267121Z  INFO VirtualDom::wait_for_work:VirtualDom::process_events:VirtualDom::poll_tasks: dioxus_core::tasks: Task Task { id: 0, unsend: PhantomData<*const ()> } finished with result Pending
2024-06-04T16:00:31.267146Z TRACE VirtualDom::wait_for_work:VirtualDom::process_events:VirtualDom::poll_tasks: dioxus_core::virtual_dom: Marking scope ScopeId(3, "Doggo") as dirty
2024-06-04T16:00:31.267254Z TRACE VirtualDom::render_immediate:render{scope=Doggo}: dioxus_signals::signal: Subscribing to the reactive context ReactiveContext(for scope: ScopeId(3, "Doggo"))
2024-06-04T16:00:31.267284Z TRACE VirtualDom::render_immediate:render{scope=Doggo}: dioxus_signals::signal: Subscribing to the reactive context ReactiveContext(for scope: ScopeId(3, "Doggo"))
2024-06-04T16:00:31.267310Z TRACE VirtualDom::render_immediate:render{scope=Doggo}: dioxus_core::scope_context: looking for context dioxus_core::suspense::SuspenseContext (TypeId { t: (4533244013398082440, 10897659798729036060) }) in Doggo
2024-06-04T16:00:31.267329Z TRACE VirtualDom::render_immediate:render{scope=Doggo}: dioxus_core::scope_context: looking for context dioxus_core::suspense::SuspenseContext (TypeId { t: (4533244013398082440, 10897659798729036060) }) in FrozenContext
2024-06-04T16:00:31.267346Z TRACE VirtualDom::render_immediate:render{scope=Doggo}: dioxus_core::scope_context: found context TypeId { t: (9286496122914249738, 8586425926625933774) }
2024-06-04T16:00:31.267362Z TRACE VirtualDom::render_immediate:render{scope=Doggo}: dioxus_core::scope_context: looking for context dioxus_core::suspense::SuspenseContext (TypeId { t: (4533244013398082440, 10897659798729036060) }) in SuspenseBoundary
2024-06-04T16:00:31.267378Z TRACE VirtualDom::render_immediate:render{scope=Doggo}: dioxus_core::scope_context: found context TypeId { t: (4533244013398082440, 10897659798729036060) }
2024-06-04T16:00:31.328134Z TRACE VirtualDom::wait_for_work:VirtualDom::process_events: dioxus_core::virtual_dom: Marking task Task { id: 3, unsend: PhantomData<*const ()> } (spawned in ScopeId(4)) as dirty (called from Location { file: "packages/core/src/virtual_dom.rs", line: 505, col: 58 })
2024-06-04T16:00:31.328243Z  INFO VirtualDom::wait_for_work:VirtualDom::process_events:VirtualDom::poll_tasks: dioxus_core::tasks: Polling task Task { id: 3, unsend: PhantomData<*const ()> }
2024-06-04T16:00:31.328328Z  INFO VirtualDom::wait_for_work:VirtualDom::process_events:VirtualDom::poll_tasks: dioxus_core::tasks: Task Task { id: 3, unsend: PhantomData<*const ()> } finished with result Pending
2024-06-04T16:00:31.328358Z TRACE VirtualDom::wait_for_work:VirtualDom::process_events:VirtualDom::poll_tasks: dioxus_core::virtual_dom: Marking scope ScopeId(4, "Doggo") as dirty
2024-06-04T16:00:31.328557Z TRACE VirtualDom::render_immediate:render{scope=Doggo}: dioxus_signals::signal: Subscribing to the reactive context ReactiveContext(for scope: ScopeId(4, "Doggo"))
2024-06-04T16:00:31.328599Z TRACE VirtualDom::render_immediate:render{scope=Doggo}: dioxus_signals::signal: Subscribing to the reactive context ReactiveContext(for scope: ScopeId(4, "Doggo"))
2024-06-04T16:00:31.328643Z TRACE VirtualDom::render_immediate:render{scope=Doggo}: dioxus_core::scope_context: looking for context dioxus_core::suspense::SuspenseContext (TypeId { t: (4533244013398082440, 10897659798729036060) }) in Doggo
2024-06-04T16:00:31.328672Z TRACE VirtualDom::render_immediate:render{scope=Doggo}: dioxus_core::scope_context: looking for context dioxus_core::suspense::SuspenseContext (TypeId { t: (4533244013398082440, 10897659798729036060) }) in FrozenContext
2024-06-04T16:00:31.328697Z TRACE VirtualDom::render_immediate:render{scope=Doggo}: dioxus_core::scope_context: found context TypeId { t: (9286496122914249738, 8586425926625933774) }
2024-06-04T16:00:31.328716Z TRACE VirtualDom::render_immediate:render{scope=Doggo}: dioxus_core::scope_context: looking for context dioxus_core::suspense::SuspenseContext (TypeId { t: (4533244013398082440, 10897659798729036060) }) in SuspenseBoundary
2024-06-04T16:00:31.328735Z TRACE VirtualDom::render_immediate:render{scope=Doggo}: dioxus_core::scope_context: found context TypeId { t: (4533244013398082440, 10897659798729036060) }
2024-06-04T16:00:31.366204Z TRACE VirtualDom::wait_for_work:VirtualDom::process_events: dioxus_core::virtual_dom: Marking task Task { id: 6, unsend: PhantomData<*const ()> } (spawned in ScopeId(5)) as dirty (called from Location { file: "packages/core/src/virtual_dom.rs", line: 505, col: 58 })
2024-06-04T16:00:31.366301Z  INFO VirtualDom::wait_for_work:VirtualDom::process_events:VirtualDom::poll_tasks: dioxus_core::tasks: Polling task Task { id: 6, unsend: PhantomData<*const ()> }
2024-06-04T16:00:31.366369Z TRACE VirtualDom::wait_for_work:VirtualDom::process_events:VirtualDom::poll_tasks: dioxus_signals::signal: Write on signal at examples/suspense.rs:122:19 finished, updating subscribers
2024-06-04T16:00:31.366410Z TRACE VirtualDom::wait_for_work:VirtualDom::process_events:VirtualDom::poll_tasks: dioxus_signals::reactive_context: Marking reactive context created at packages/signals/src/reactive_context.rs:117:13 as dirty
2024-06-04T16:00:31.366432Z TRACE VirtualDom::wait_for_work:VirtualDom::process_events:VirtualDom::poll_tasks: dioxus_signals::reactive_context: Marking scope ScopeId(5, "LoadingDots") as dirty
2024-06-04T16:00:31.366474Z  INFO VirtualDom::wait_for_work:VirtualDom::process_events:VirtualDom::poll_tasks: dioxus_core::tasks: Task Task { id: 6, unsend: PhantomData<*const ()> } finished with result Pending
2024-06-04T16:00:31.366498Z TRACE VirtualDom::wait_for_work:VirtualDom::process_events:VirtualDom::poll_tasks: dioxus_core::virtual_dom: Marking scope ScopeId(5, "LoadingDots") as dirty
2024-06-04T16:00:31.366617Z TRACE VirtualDom::render_immediate:render{scope=LoadingDots}: dioxus_signals::signal: Subscribing to the reactive context ReactiveContext(for scope: ScopeId(5, "LoadingDots"))
2024-06-04T16:00:31.366662Z TRACE VirtualDom::render_immediate: dioxus_core::scope_context: looking for context dioxus_core::suspense::FrozenContext (TypeId { t: (9286496122914249738, 8586425926625933774) }) in LoadingDots
2024-06-04T16:00:31.366683Z TRACE VirtualDom::render_immediate: dioxus_core::scope_context: looking for context dioxus_core::suspense::FrozenContext (TypeId { t: (9286496122914249738, 8586425926625933774) }) in SuspenseBoundary
2024-06-04T16:00:31.366699Z TRACE VirtualDom::render_immediate: dioxus_core::scope_context: found context TypeId { t: (4533244013398082440, 10897659798729036060) }
2024-06-04T16:00:31.366714Z TRACE VirtualDom::render_immediate: dioxus_core::scope_context: looking for context dioxus_core::suspense::FrozenContext (TypeId { t: (9286496122914249738, 8586425926625933774) }) in app
2024-06-04T16:00:31.366729Z TRACE VirtualDom::render_immediate: dioxus_core::scope_context: found context TypeId { t: (3582638416876954437, 3810890675802792692) }
2024-06-04T16:00:31.366744Z TRACE VirtualDom::render_immediate: dioxus_core::scope_context: found context TypeId { t: (7946844621057603534, 4355211565432133561) }
2024-06-04T16:00:31.366759Z TRACE VirtualDom::render_immediate: dioxus_core::scope_context: found context TypeId { t: (10682502755203913650, 15985576721215419306) }
2024-06-04T16:00:31.366774Z TRACE VirtualDom::render_immediate: dioxus_core::scope_context: context dioxus_core::suspense::FrozenContext (TypeId { t: (9286496122914249738, 8586425926625933774) }) not found
2024-06-04T16:00:31.366800Z TRACE VirtualDom::render_immediate: dioxus_core::diff::node: moving mount self=VNode { vnode: VNodeInner { key: None, template: Cell { value: Template { name: "examples/suspense.rs:127:5:4128", roots: [Dynamic { id: 0 }], node_paths: [[0]], attr_paths: [] } }, dynamic_nodes: [Text(VText { value: "" })], dynamic_attrs: [] }, mount: Cell { value: MountId(7) } } new=VNode { vnode: VNodeInner { key: None, template: Cell { value: Template { name: "examples/suspense.rs:127:5:4128", roots: [Dynamic { id: 0 }], node_paths: [[0]], attr_paths: [] } }, dynamic_nodes: [Text(VText { value: "." })], dynamic_attrs: [] }, mount: Cell { value: MountId(7) } }
2024-06-04T16:00:31.366841Z TRACE VirtualDom::render_immediate: dioxus_core::diff::node: mount id: MountId(7)
2024-06-04T16:00:31.366854Z TRACE VirtualDom::render_immediate: dioxus_core::diff::node: mounts: Slab { len: 8, cap: 8 }
2024-06-04T16:00:31.368482Z TRACE VirtualDom::wait_for_work:VirtualDom::process_events: dioxus_core::virtual_dom: Marking task Task { id: 0, unsend: PhantomData<*const ()> } (spawned in ScopeId(3)) as dirty (called from Location { file: "packages/core/src/virtual_dom.rs", line: 505, col: 58 })
2024-06-04T16:00:31.368530Z  INFO VirtualDom::wait_for_work:VirtualDom::process_events:VirtualDom::poll_tasks: dioxus_core::tasks: Polling task Task { id: 0, unsend: PhantomData<*const ()> }
2024-06-04T16:00:31.368582Z  INFO VirtualDom::wait_for_work:VirtualDom::process_events:VirtualDom::poll_tasks: dioxus_core::tasks: Task Task { id: 0, unsend: PhantomData<*const ()> } finished with result Pending
2024-06-04T16:00:31.368607Z TRACE VirtualDom::wait_for_work:VirtualDom::process_events:VirtualDom::poll_tasks: dioxus_core::virtual_dom: Marking scope ScopeId(3, "Doggo") as dirty
2024-06-04T16:00:31.368708Z TRACE VirtualDom::render_immediate:render{scope=Doggo}: dioxus_signals::signal: Subscribing to the reactive context ReactiveContext(for scope: ScopeId(3, "Doggo"))
2024-06-04T16:00:31.368740Z TRACE VirtualDom::render_immediate:render{scope=Doggo}: dioxus_signals::signal: Subscribing to the reactive context ReactiveContext(for scope: ScopeId(3, "Doggo"))
2024-06-04T16:00:31.368771Z TRACE VirtualDom::render_immediate:render{scope=Doggo}: dioxus_core::scope_context: looking for context dioxus_core::suspense::SuspenseContext (TypeId { t: (4533244013398082440, 10897659798729036060) }) in Doggo
2024-06-04T16:00:31.368795Z TRACE VirtualDom::render_immediate:render{scope=Doggo}: dioxus_core::scope_context: looking for context dioxus_core::suspense::SuspenseContext (TypeId { t: (4533244013398082440, 10897659798729036060) }) in FrozenContext
2024-06-04T16:00:31.368814Z TRACE VirtualDom::render_immediate:render{scope=Doggo}: dioxus_core::scope_context: found context TypeId { t: (9286496122914249738, 8586425926625933774) }
2024-06-04T16:00:31.368833Z TRACE VirtualDom::render_immediate:render{scope=Doggo}: dioxus_core::scope_context: looking for context dioxus_core::suspense::SuspenseContext (TypeId { t: (4533244013398082440, 10897659798729036060) }) in SuspenseBoundary
2024-06-04T16:00:31.368851Z TRACE VirtualDom::render_immediate:render{scope=Doggo}: dioxus_core::scope_context: found context TypeId { t: (4533244013398082440, 10897659798729036060) }
2024-06-04T16:00:31.430662Z TRACE VirtualDom::wait_for_work:VirtualDom::process_events: dioxus_core::virtual_dom: Marking task Task { id: 3, unsend: PhantomData<*const ()> } (spawned in ScopeId(4)) as dirty (called from Location { file: "packages/core/src/virtual_dom.rs", line: 505, col: 58 })
2024-06-04T16:00:31.430801Z  INFO VirtualDom::wait_for_work:VirtualDom::process_events:VirtualDom::poll_tasks: dioxus_core::tasks: Polling task Task { id: 3, unsend: PhantomData<*const ()> }
2024-06-04T16:00:31.430903Z  INFO VirtualDom::wait_for_work:VirtualDom::process_events:VirtualDom::poll_tasks: dioxus_core::tasks: Task Task { id: 3, unsend: PhantomData<*const ()> } finished with result Pending
2024-06-04T16:00:31.430943Z TRACE VirtualDom::wait_for_work:VirtualDom::process_events:VirtualDom::poll_tasks: dioxus_core::virtual_dom: Marking scope ScopeId(4, "Doggo") as dirty
2024-06-04T16:00:31.431144Z TRACE VirtualDom::render_immediate:render{scope=Doggo}: dioxus_signals::signal: Subscribing to the reactive context ReactiveContext(for scope: ScopeId(4, "Doggo"))
2024-06-04T16:00:31.431214Z TRACE VirtualDom::render_immediate:render{scope=Doggo}: dioxus_signals::signal: Subscribing to the reactive context ReactiveContext(for scope: ScopeId(4, "Doggo"))
2024-06-04T16:00:31.431261Z TRACE VirtualDom::render_immediate:render{scope=Doggo}: dioxus_core::scope_context: looking for context dioxus_core::suspense::SuspenseContext (TypeId { t: (4533244013398082440, 10897659798729036060) }) in Doggo
2024-06-04T16:00:31.431293Z TRACE VirtualDom::render_immediate:render{scope=Doggo}: dioxus_core::scope_context: looking for context dioxus_core::suspense::SuspenseContext (TypeId { t: (4533244013398082440, 10897659798729036060) }) in FrozenContext
2024-06-04T16:00:31.431321Z TRACE VirtualDom::render_immediate:render{scope=Doggo}: dioxus_core::scope_context: found context TypeId { t: (9286496122914249738, 8586425926625933774) }
2024-06-04T16:00:31.431345Z TRACE VirtualDom::render_immediate:render{scope=Doggo}: dioxus_core::scope_context: looking for context dioxus_core::suspense::SuspenseContext (TypeId { t: (4533244013398082440, 10897659798729036060) }) in SuspenseBoundary
2024-06-04T16:00:31.431367Z TRACE VirtualDom::render_immediate:render{scope=Doggo}: dioxus_core::scope_context: found context TypeId { t: (4533244013398082440, 10897659798729036060) }
2024-06-04T16:00:31.470706Z TRACE VirtualDom::wait_for_work:VirtualDom::process_events: dioxus_core::virtual_dom: Marking task Task { id: 0, unsend: PhantomData<*const ()> } (spawned in ScopeId(3)) as dirty (called from Location { file: "packages/core/src/virtual_dom.rs", line: 505, col: 58 })
2024-06-04T16:00:31.470805Z  INFO VirtualDom::wait_for_work:VirtualDom::process_events:VirtualDom::poll_tasks: dioxus_core::tasks: Polling task Task { id: 0, unsend: PhantomData<*const ()> }
2024-06-04T16:00:31.470876Z  INFO VirtualDom::wait_for_work:VirtualDom::process_events:VirtualDom::poll_tasks: dioxus_core::tasks: Task Task { id: 0, unsend: PhantomData<*const ()> } finished with result Pending
2024-06-04T16:00:31.470905Z TRACE VirtualDom::wait_for_work:VirtualDom::process_events:VirtualDom::poll_tasks: dioxus_core::virtual_dom: Marking scope ScopeId(3, "Doggo") as dirty
2024-06-04T16:00:31.471055Z TRACE VirtualDom::render_immediate:render{scope=Doggo}: dioxus_signals::signal: Subscribing to the reactive context ReactiveContext(for scope: ScopeId(3, "Doggo"))
2024-06-04T16:00:31.471098Z TRACE VirtualDom::render_immediate:render{scope=Doggo}: dioxus_signals::signal: Subscribing to the reactive context ReactiveContext(for scope: ScopeId(3, "Doggo"))
2024-06-04T16:00:31.471133Z TRACE VirtualDom::render_immediate:render{scope=Doggo}: dioxus_core::scope_context: looking for context dioxus_core::suspense::SuspenseContext (TypeId { t: (4533244013398082440, 10897659798729036060) }) in Doggo
2024-06-04T16:00:31.471157Z TRACE VirtualDom::render_immediate:render{scope=Doggo}: dioxus_core::scope_context: looking for context dioxus_core::suspense::SuspenseContext (TypeId { t: (4533244013398082440, 10897659798729036060) }) in FrozenContext
2024-06-04T16:00:31.471177Z TRACE VirtualDom::render_immediate:render{scope=Doggo}: dioxus_core::scope_context: found context TypeId { t: (9286496122914249738, 8586425926625933774) }
2024-06-04T16:00:31.471197Z TRACE VirtualDom::render_immediate:render{scope=Doggo}: dioxus_core::scope_context: looking for context dioxus_core::suspense::SuspenseContext (TypeId { t: (4533244013398082440, 10897659798729036060) }) in SuspenseBoundary
2024-06-04T16:00:31.471216Z TRACE VirtualDom::render_immediate:render{scope=Doggo}: dioxus_core::scope_context: found context TypeId { t: (4533244013398082440, 10897659798729036060) }
2024-06-04T16:00:31.533055Z TRACE VirtualDom::wait_for_work:VirtualDom::process_events: dioxus_core::virtual_dom: Marking task Task { id: 3, unsend: PhantomData<*const ()> } (spawned in ScopeId(4)) as dirty (called from Location { file: "packages/core/src/virtual_dom.rs", line: 505, col: 58 })
2024-06-04T16:00:31.533176Z  INFO VirtualDom::wait_for_work:VirtualDom::process_events:VirtualDom::poll_tasks: dioxus_core::tasks: Polling task Task { id: 3, unsend: PhantomData<*const ()> }
2024-06-04T16:00:31.533259Z  INFO VirtualDom::wait_for_work:VirtualDom::process_events:VirtualDom::poll_tasks: dioxus_core::tasks: Task Task { id: 3, unsend: PhantomData<*const ()> } finished with result Pending
2024-06-04T16:00:31.533295Z TRACE VirtualDom::wait_for_work:VirtualDom::process_events:VirtualDom::poll_tasks: dioxus_core::virtual_dom: Marking scope ScopeId(4, "Doggo") as dirty
2024-06-04T16:00:31.533467Z TRACE VirtualDom::render_immediate:render{scope=Doggo}: dioxus_signals::signal: Subscribing to the reactive context ReactiveContext(for scope: ScopeId(4, "Doggo"))
2024-06-04T16:00:31.533518Z TRACE VirtualDom::render_immediate:render{scope=Doggo}: dioxus_signals::signal: Subscribing to the reactive context ReactiveContext(for scope: ScopeId(4, "Doggo"))
2024-06-04T16:00:31.533572Z TRACE VirtualDom::render_immediate:render{scope=Doggo}: dioxus_core::scope_context: looking for context dioxus_core::suspense::SuspenseContext (TypeId { t: (4533244013398082440, 10897659798729036060) }) in Doggo
2024-06-04T16:00:31.533602Z TRACE VirtualDom::render_immediate:render{scope=Doggo}: dioxus_core::scope_context: looking for context dioxus_core::suspense::SuspenseContext (TypeId { t: (4533244013398082440, 10897659798729036060) }) in FrozenContext
2024-06-04T16:00:31.533636Z TRACE VirtualDom::render_immediate:render{scope=Doggo}: dioxus_core::scope_context: found context TypeId { t: (9286496122914249738, 8586425926625933774) }
2024-06-04T16:00:31.533660Z TRACE VirtualDom::render_immediate:render{scope=Doggo}: dioxus_core::scope_context: looking for context dioxus_core::suspense::SuspenseContext (TypeId { t: (4533244013398082440, 10897659798729036060) }) in SuspenseBoundary
2024-06-04T16:00:31.533682Z TRACE VirtualDom::render_immediate:render{scope=Doggo}: dioxus_core::scope_context: found context TypeId { t: (4533244013398082440, 10897659798729036060) }
2024-06-04T16:00:31.568507Z TRACE VirtualDom::wait_for_work:VirtualDom::process_events: dioxus_core::virtual_dom: Marking task Task { id: 6, unsend: PhantomData<*const ()> } (spawned in ScopeId(5)) as dirty (called from Location { file: "packages/core/src/virtual_dom.rs", line: 505, col: 58 })
2024-06-04T16:00:31.568629Z  INFO VirtualDom::wait_for_work:VirtualDom::process_events:VirtualDom::poll_tasks: dioxus_core::tasks: Polling task Task { id: 6, unsend: PhantomData<*const ()> }
2024-06-04T16:00:31.568735Z TRACE VirtualDom::wait_for_work:VirtualDom::process_events:VirtualDom::poll_tasks: dioxus_signals::signal: Write on signal at examples/suspense.rs:122:19 finished, updating subscribers
2024-06-04T16:00:31.568781Z TRACE VirtualDom::wait_for_work:VirtualDom::process_events:VirtualDom::poll_tasks: dioxus_signals::reactive_context: Marking reactive context created at packages/signals/src/reactive_context.rs:117:13 as dirty
2024-06-04T16:00:31.568809Z TRACE VirtualDom::wait_for_work:VirtualDom::process_events:VirtualDom::poll_tasks: dioxus_signals::reactive_context: Marking scope ScopeId(5, "LoadingDots") as dirty
2024-06-04T16:00:31.568864Z  INFO VirtualDom::wait_for_work:VirtualDom::process_events:VirtualDom::poll_tasks: dioxus_core::tasks: Task Task { id: 6, unsend: PhantomData<*const ()> } finished with result Pending
2024-06-04T16:00:31.568895Z TRACE VirtualDom::wait_for_work:VirtualDom::process_events:VirtualDom::poll_tasks: dioxus_core::virtual_dom: Marking scope ScopeId(5, "LoadingDots") as dirty
2024-06-04T16:00:31.569055Z TRACE VirtualDom::render_immediate:render{scope=LoadingDots}: dioxus_signals::signal: Subscribing to the reactive context ReactiveContext(for scope: ScopeId(5, "LoadingDots"))
2024-06-04T16:00:31.569115Z TRACE VirtualDom::render_immediate: dioxus_core::scope_context: looking for context dioxus_core::suspense::FrozenContext (TypeId { t: (9286496122914249738, 8586425926625933774) }) in LoadingDots
2024-06-04T16:00:31.569143Z TRACE VirtualDom::render_immediate: dioxus_core::scope_context: looking for context dioxus_core::suspense::FrozenContext (TypeId { t: (9286496122914249738, 8586425926625933774) }) in SuspenseBoundary
2024-06-04T16:00:31.569164Z TRACE VirtualDom::render_immediate: dioxus_core::scope_context: found context TypeId { t: (4533244013398082440, 10897659798729036060) }
2024-06-04T16:00:31.569183Z TRACE VirtualDom::render_immediate: dioxus_core::scope_context: looking for context dioxus_core::suspense::FrozenContext (TypeId { t: (9286496122914249738, 8586425926625933774) }) in app
2024-06-04T16:00:31.569201Z TRACE VirtualDom::render_immediate: dioxus_core::scope_context: found context TypeId { t: (3582638416876954437, 3810890675802792692) }
2024-06-04T16:00:31.569220Z TRACE VirtualDom::render_immediate: dioxus_core::scope_context: found context TypeId { t: (7946844621057603534, 4355211565432133561) }
2024-06-04T16:00:31.569271Z TRACE VirtualDom::render_immediate: dioxus_core::scope_context: found context TypeId { t: (10682502755203913650, 15985576721215419306) }
2024-06-04T16:00:31.569291Z TRACE VirtualDom::render_immediate: dioxus_core::scope_context: context dioxus_core::suspense::FrozenContext (TypeId { t: (9286496122914249738, 8586425926625933774) }) not found
2024-06-04T16:00:31.569326Z TRACE VirtualDom::render_immediate: dioxus_core::diff::node: moving mount self=VNode { vnode: VNodeInner { key: None, template: Cell { value: Template { name: "examples/suspense.rs:127:5:4128", roots: [Dynamic { id: 0 }], node_paths: [[0]], attr_paths: [] } }, dynamic_nodes: [Text(VText { value: "." })], dynamic_attrs: [] }, mount: Cell { value: MountId(7) } } new=VNode { vnode: VNodeInner { key: None, template: Cell { value: Template { name: "examples/suspense.rs:127:5:4128", roots: [Dynamic { id: 0 }], node_paths: [[0]], attr_paths: [] } }, dynamic_nodes: [Text(VText { value: ".." })], dynamic_attrs: [] }, mount: Cell { value: MountId(7) } }
2024-06-04T16:00:31.569378Z TRACE VirtualDom::render_immediate: dioxus_core::diff::node: mount id: MountId(7)
2024-06-04T16:00:31.569395Z TRACE VirtualDom::render_immediate: dioxus_core::diff::node: mounts: Slab { len: 8, cap: 8 }
2024-06-04T16:00:31.571921Z TRACE VirtualDom::wait_for_work:VirtualDom::process_events: dioxus_core::virtual_dom: Marking task Task { id: 0, unsend: PhantomData<*const ()> } (spawned in ScopeId(3)) as dirty (called from Location { file: "packages/core/src/virtual_dom.rs", line: 505, col: 58 })
2024-06-04T16:00:31.571995Z  INFO VirtualDom::wait_for_work:VirtualDom::process_events:VirtualDom::poll_tasks: dioxus_core::tasks: Polling task Task { id: 0, unsend: PhantomData<*const ()> }
2024-06-04T16:00:31.572061Z  INFO VirtualDom::wait_for_work:VirtualDom::process_events:VirtualDom::poll_tasks: dioxus_core::tasks: Task Task { id: 0, unsend: PhantomData<*const ()> } finished with result Pending
2024-06-04T16:00:31.572089Z TRACE VirtualDom::wait_for_work:VirtualDom::process_events:VirtualDom::poll_tasks: dioxus_core::virtual_dom: Marking scope ScopeId(3, "Doggo") as dirty
2024-06-04T16:00:31.572204Z TRACE VirtualDom::render_immediate:render{scope=Doggo}: dioxus_signals::signal: Subscribing to the reactive context ReactiveContext(for scope: ScopeId(3, "Doggo"))
2024-06-04T16:00:31.572243Z TRACE VirtualDom::render_immediate:render{scope=Doggo}: dioxus_signals::signal: Subscribing to the reactive context ReactiveContext(for scope: ScopeId(3, "Doggo"))
2024-06-04T16:00:31.572278Z TRACE VirtualDom::render_immediate:render{scope=Doggo}: dioxus_core::scope_context: looking for context dioxus_core::suspense::SuspenseContext (TypeId { t: (4533244013398082440, 10897659798729036060) }) in Doggo
2024-06-04T16:00:31.572301Z TRACE VirtualDom::render_immediate:render{scope=Doggo}: dioxus_core::scope_context: looking for context dioxus_core::suspense::SuspenseContext (TypeId { t: (4533244013398082440, 10897659798729036060) }) in FrozenContext
2024-06-04T16:00:31.572321Z TRACE VirtualDom::render_immediate:render{scope=Doggo}: dioxus_core::scope_context: found context TypeId { t: (9286496122914249738, 8586425926625933774) }
2024-06-04T16:00:31.572344Z TRACE VirtualDom::render_immediate:render{scope=Doggo}: dioxus_core::scope_context: looking for context dioxus_core::suspense::SuspenseContext (TypeId { t: (4533244013398082440, 10897659798729036060) }) in SuspenseBoundary
2024-06-04T16:00:31.572363Z TRACE VirtualDom::render_immediate:render{scope=Doggo}: dioxus_core::scope_context: found context TypeId { t: (4533244013398082440, 10897659798729036060) }
2024-06-04T16:00:31.636072Z TRACE VirtualDom::wait_for_work:VirtualDom::process_events: dioxus_core::virtual_dom: Marking task Task { id: 3, unsend: PhantomData<*const ()> } (spawned in ScopeId(4)) as dirty (called from Location { file: "packages/core/src/virtual_dom.rs", line: 505, col: 58 })
2024-06-04T16:00:31.636196Z  INFO VirtualDom::wait_for_work:VirtualDom::process_events:VirtualDom::poll_tasks: dioxus_core::tasks: Polling task Task { id: 3, unsend: PhantomData<*const ()> }
2024-06-04T16:00:31.636279Z  INFO VirtualDom::wait_for_work:VirtualDom::process_events:VirtualDom::poll_tasks: dioxus_core::tasks: Task Task { id: 3, unsend: PhantomData<*const ()> } finished with result Pending
2024-06-04T16:00:31.636312Z TRACE VirtualDom::wait_for_work:VirtualDom::process_events:VirtualDom::poll_tasks: dioxus_core::virtual_dom: Marking scope ScopeId(4, "Doggo") as dirty
2024-06-04T16:00:31.636479Z TRACE VirtualDom::render_immediate:render{scope=Doggo}: dioxus_signals::signal: Subscribing to the reactive context ReactiveContext(for scope: ScopeId(4, "Doggo"))
2024-06-04T16:00:31.636530Z TRACE VirtualDom::render_immediate:render{scope=Doggo}: dioxus_signals::signal: Subscribing to the reactive context ReactiveContext(for scope: ScopeId(4, "Doggo"))
2024-06-04T16:00:31.636569Z TRACE VirtualDom::render_immediate:render{scope=Doggo}: dioxus_core::scope_context: looking for context dioxus_core::suspense::SuspenseContext (TypeId { t: (4533244013398082440, 10897659798729036060) }) in Doggo
2024-06-04T16:00:31.636597Z TRACE VirtualDom::render_immediate:render{scope=Doggo}: dioxus_core::scope_context: looking for context dioxus_core::suspense::SuspenseContext (TypeId { t: (4533244013398082440, 10897659798729036060) }) in FrozenContext
2024-06-04T16:00:31.636620Z TRACE VirtualDom::render_immediate:render{scope=Doggo}: dioxus_core::scope_context: found context TypeId { t: (9286496122914249738, 8586425926625933774) }
2024-06-04T16:00:31.636640Z TRACE VirtualDom::render_immediate:render{scope=Doggo}: dioxus_core::scope_context: looking for context dioxus_core::suspense::SuspenseContext (TypeId { t: (4533244013398082440, 10897659798729036060) }) in SuspenseBoundary
2024-06-04T16:00:31.636659Z TRACE VirtualDom::render_immediate:render{scope=Doggo}: dioxus_core::scope_context: found context TypeId { t: (4533244013398082440, 10897659798729036060) }
2024-06-04T16:00:31.674065Z TRACE VirtualDom::wait_for_work:VirtualDom::process_events: dioxus_core::virtual_dom: Marking task Task { id: 0, unsend: PhantomData<*const ()> } (spawned in ScopeId(3)) as dirty (called from Location { file: "packages/core/src/virtual_dom.rs", line: 505, col: 58 })
2024-06-04T16:00:31.674198Z  INFO VirtualDom::wait_for_work:VirtualDom::process_events:VirtualDom::poll_tasks: dioxus_core::tasks: Polling task Task { id: 0, unsend: PhantomData<*const ()> }
2024-06-04T16:00:31.674275Z  INFO VirtualDom::wait_for_work:VirtualDom::process_events:VirtualDom::poll_tasks: dioxus_core::tasks: Task Task { id: 0, unsend: PhantomData<*const ()> } finished with result Pending
2024-06-04T16:00:31.674306Z TRACE VirtualDom::wait_for_work:VirtualDom::process_events:VirtualDom::poll_tasks: dioxus_core::virtual_dom: Marking scope ScopeId(3, "Doggo") as dirty
2024-06-04T16:00:31.674481Z TRACE VirtualDom::render_immediate:render{scope=Doggo}: dioxus_signals::signal: Subscribing to the reactive context ReactiveContext(for scope: ScopeId(3, "Doggo"))
2024-06-04T16:00:31.674546Z TRACE VirtualDom::render_immediate:render{scope=Doggo}: dioxus_signals::signal: Subscribing to the reactive context ReactiveContext(for scope: ScopeId(3, "Doggo"))
2024-06-04T16:00:31.674596Z TRACE VirtualDom::render_immediate:render{scope=Doggo}: dioxus_core::scope_context: looking for context dioxus_core::suspense::SuspenseContext (TypeId { t: (4533244013398082440, 10897659798729036060) }) in Doggo
2024-06-04T16:00:31.674621Z TRACE VirtualDom::render_immediate:render{scope=Doggo}: dioxus_core::scope_context: looking for context dioxus_core::suspense::SuspenseContext (TypeId { t: (4533244013398082440, 10897659798729036060) }) in FrozenContext
2024-06-04T16:00:31.674640Z TRACE VirtualDom::render_immediate:render{scope=Doggo}: dioxus_core::scope_context: found context TypeId { t: (9286496122914249738, 8586425926625933774) }
2024-06-04T16:00:31.674659Z TRACE VirtualDom::render_immediate:render{scope=Doggo}: dioxus_core::scope_context: looking for context dioxus_core::suspense::SuspenseContext (TypeId { t: (4533244013398082440, 10897659798729036060) }) in SuspenseBoundary
2024-06-04T16:00:31.674677Z TRACE VirtualDom::render_immediate:render{scope=Doggo}: dioxus_core::scope_context: found context TypeId { t: (4533244013398082440, 10897659798729036060) }
2024-06-04T16:00:31.738649Z TRACE VirtualDom::wait_for_work:VirtualDom::process_events: dioxus_core::virtual_dom: Marking task Task { id: 3, unsend: PhantomData<*const ()> } (spawned in ScopeId(4)) as dirty (called from Location { file: "packages/core/src/virtual_dom.rs", line: 505, col: 58 })
2024-06-04T16:00:31.738786Z  INFO VirtualDom::wait_for_work:VirtualDom::process_events:VirtualDom::poll_tasks: dioxus_core::tasks: Polling task Task { id: 3, unsend: PhantomData<*const ()> }
2024-06-04T16:00:31.738889Z  INFO VirtualDom::wait_for_work:VirtualDom::process_events:VirtualDom::poll_tasks: dioxus_core::tasks: Task Task { id: 3, unsend: PhantomData<*const ()> } finished with result Pending
2024-06-04T16:00:31.738922Z TRACE VirtualDom::wait_for_work:VirtualDom::process_events:VirtualDom::poll_tasks: dioxus_core::virtual_dom: Marking scope ScopeId(4, "Doggo") as dirty
2024-06-04T16:00:31.739101Z TRACE VirtualDom::render_immediate:render{scope=Doggo}: dioxus_signals::signal: Subscribing to the reactive context ReactiveContext(for scope: ScopeId(4, "Doggo"))
2024-06-04T16:00:31.739168Z TRACE VirtualDom::render_immediate:render{scope=Doggo}: dioxus_signals::signal: Subscribing to the reactive context ReactiveContext(for scope: ScopeId(4, "Doggo"))
2024-06-04T16:00:31.739207Z TRACE VirtualDom::render_immediate:render{scope=Doggo}: dioxus_core::scope_context: looking for context dioxus_core::suspense::SuspenseContext (TypeId { t: (4533244013398082440, 10897659798729036060) }) in Doggo
2024-06-04T16:00:31.739241Z TRACE VirtualDom::render_immediate:render{scope=Doggo}: dioxus_core::scope_context: looking for context dioxus_core::suspense::SuspenseContext (TypeId { t: (4533244013398082440, 10897659798729036060) }) in FrozenContext
2024-06-04T16:00:31.739276Z TRACE VirtualDom::render_immediate:render{scope=Doggo}: dioxus_core::scope_context: found context TypeId { t: (9286496122914249738, 8586425926625933774) }
2024-06-04T16:00:31.739296Z TRACE VirtualDom::render_immediate:render{scope=Doggo}: dioxus_core::scope_context: looking for context dioxus_core::suspense::SuspenseContext (TypeId { t: (4533244013398082440, 10897659798729036060) }) in SuspenseBoundary
2024-06-04T16:00:31.739315Z TRACE VirtualDom::render_immediate:render{scope=Doggo}: dioxus_core::scope_context: found context TypeId { t: (4533244013398082440, 10897659798729036060) }
2024-06-04T16:00:31.770668Z TRACE VirtualDom::wait_for_work:VirtualDom::process_events: dioxus_core::virtual_dom: Marking task Task { id: 6, unsend: PhantomData<*const ()> } (spawned in ScopeId(5)) as dirty (called from Location { file: "packages/core/src/virtual_dom.rs", line: 505, col: 58 })
2024-06-04T16:00:31.770772Z  INFO VirtualDom::wait_for_work:VirtualDom::process_events:VirtualDom::poll_tasks: dioxus_core::tasks: Polling task Task { id: 6, unsend: PhantomData<*const ()> }
2024-06-04T16:00:31.770837Z TRACE VirtualDom::wait_for_work:VirtualDom::process_events:VirtualDom::poll_tasks: dioxus_signals::signal: Write on signal at examples/suspense.rs:122:19 finished, updating subscribers
2024-06-04T16:00:31.770872Z TRACE VirtualDom::wait_for_work:VirtualDom::process_events:VirtualDom::poll_tasks: dioxus_signals::reactive_context: Marking reactive context created at packages/signals/src/reactive_context.rs:117:13 as dirty
2024-06-04T16:00:31.770891Z TRACE VirtualDom::wait_for_work:VirtualDom::process_events:VirtualDom::poll_tasks: dioxus_signals::reactive_context: Marking scope ScopeId(5, "LoadingDots") as dirty
2024-06-04T16:00:31.770934Z  INFO VirtualDom::wait_for_work:VirtualDom::process_events:VirtualDom::poll_tasks: dioxus_core::tasks: Task Task { id: 6, unsend: PhantomData<*const ()> } finished with result Pending
2024-06-04T16:00:31.770960Z TRACE VirtualDom::wait_for_work:VirtualDom::process_events:VirtualDom::poll_tasks: dioxus_core::virtual_dom: Marking scope ScopeId(5, "LoadingDots") as dirty
2024-06-04T16:00:31.771091Z TRACE VirtualDom::render_immediate:render{scope=LoadingDots}: dioxus_signals::signal: Subscribing to the reactive context ReactiveContext(for scope: ScopeId(5, "LoadingDots"))
2024-06-04T16:00:31.771135Z TRACE VirtualDom::render_immediate: dioxus_core::scope_context: looking for context dioxus_core::suspense::FrozenContext (TypeId { t: (9286496122914249738, 8586425926625933774) }) in LoadingDots
2024-06-04T16:00:31.771153Z TRACE VirtualDom::render_immediate: dioxus_core::scope_context: looking for context dioxus_core::suspense::FrozenContext (TypeId { t: (9286496122914249738, 8586425926625933774) }) in SuspenseBoundary
2024-06-04T16:00:31.771178Z TRACE VirtualDom::render_immediate: dioxus_core::scope_context: found context TypeId { t: (4533244013398082440, 10897659798729036060) }
2024-06-04T16:00:31.771191Z TRACE VirtualDom::render_immediate: dioxus_core::scope_context: looking for context dioxus_core::suspense::FrozenContext (TypeId { t: (9286496122914249738, 8586425926625933774) }) in app
2024-06-04T16:00:31.771205Z TRACE VirtualDom::render_immediate: dioxus_core::scope_context: found context TypeId { t: (3582638416876954437, 3810890675802792692) }
2024-06-04T16:00:31.771218Z TRACE VirtualDom::render_immediate: dioxus_core::scope_context: found context TypeId { t: (7946844621057603534, 4355211565432133561) }
2024-06-04T16:00:31.771231Z TRACE VirtualDom::render_immediate: dioxus_core::scope_context: found context TypeId { t: (10682502755203913650, 15985576721215419306) }
2024-06-04T16:00:31.771243Z TRACE VirtualDom::render_immediate: dioxus_core::scope_context: context dioxus_core::suspense::FrozenContext (TypeId { t: (9286496122914249738, 8586425926625933774) }) not found
2024-06-04T16:00:31.771271Z TRACE VirtualDom::render_immediate: dioxus_core::diff::node: moving mount self=VNode { vnode: VNodeInner { key: None, template: Cell { value: Template { name: "examples/suspense.rs:127:5:4128", roots: [Dynamic { id: 0 }], node_paths: [[0]], attr_paths: [] } }, dynamic_nodes: [Text(VText { value: ".." })], dynamic_attrs: [] }, mount: Cell { value: MountId(7) } } new=VNode { vnode: VNodeInner { key: None, template: Cell { value: Template { name: "examples/suspense.rs:127:5:4128", roots: [Dynamic { id: 0 }], node_paths: [[0]], attr_paths: [] } }, dynamic_nodes: [Text(VText { value: "..." })], dynamic_attrs: [] }, mount: Cell { value: MountId(7) } }
2024-06-04T16:00:31.771310Z TRACE VirtualDom::render_immediate: dioxus_core::diff::node: mount id: MountId(7)
2024-06-04T16:00:31.771322Z TRACE VirtualDom::render_immediate: dioxus_core::diff::node: mounts: Slab { len: 8, cap: 8 }
2024-06-04T16:00:31.791323Z TRACE VirtualDom::wait_for_work:VirtualDom::process_events: dioxus_core::virtual_dom: Marking task Task { id: 0, unsend: PhantomData<*const ()> } (spawned in ScopeId(3)) as dirty (called from Location { file: "packages/core/src/virtual_dom.rs", line: 505, col: 58 })
2024-06-04T16:00:31.791393Z  INFO VirtualDom::wait_for_work:VirtualDom::process_events:VirtualDom::poll_tasks: dioxus_core::tasks: Polling task Task { id: 0, unsend: PhantomData<*const ()> }
2024-06-04T16:00:31.791464Z  INFO VirtualDom::wait_for_work:VirtualDom::process_events:VirtualDom::poll_tasks: dioxus_core::tasks: Task Task { id: 0, unsend: PhantomData<*const ()> } finished with result Pending
2024-06-04T16:00:31.791492Z TRACE VirtualDom::wait_for_work:VirtualDom::process_events:VirtualDom::poll_tasks: dioxus_core::virtual_dom: Marking scope ScopeId(3, "Doggo") as dirty
2024-06-04T16:00:31.791607Z TRACE VirtualDom::render_immediate:render{scope=Doggo}: dioxus_signals::signal: Subscribing to the reactive context ReactiveContext(for scope: ScopeId(3, "Doggo"))
2024-06-04T16:00:31.791645Z TRACE VirtualDom::render_immediate:render{scope=Doggo}: dioxus_signals::signal: Subscribing to the reactive context ReactiveContext(for scope: ScopeId(3, "Doggo"))
2024-06-04T16:00:31.791681Z TRACE VirtualDom::render_immediate:render{scope=Doggo}: dioxus_core::scope_context: looking for context dioxus_core::suspense::SuspenseContext (TypeId { t: (4533244013398082440, 10897659798729036060) }) in Doggo
2024-06-04T16:00:31.791705Z TRACE VirtualDom::render_immediate:render{scope=Doggo}: dioxus_core::scope_context: looking for context dioxus_core::suspense::SuspenseContext (TypeId { t: (4533244013398082440, 10897659798729036060) }) in FrozenContext
2024-06-04T16:00:31.791725Z TRACE VirtualDom::render_immediate:render{scope=Doggo}: dioxus_core::scope_context: found context TypeId { t: (9286496122914249738, 8586425926625933774) }
2024-06-04T16:00:31.791743Z TRACE VirtualDom::render_immediate:render{scope=Doggo}: dioxus_core::scope_context: looking for context dioxus_core::suspense::SuspenseContext (TypeId { t: (4533244013398082440, 10897659798729036060) }) in SuspenseBoundary
2024-06-04T16:00:31.791762Z TRACE VirtualDom::render_immediate:render{scope=Doggo}: dioxus_core::scope_context: found context TypeId { t: (4533244013398082440, 10897659798729036060) }
2024-06-04T16:00:31.840402Z TRACE VirtualDom::wait_for_work:VirtualDom::process_events: dioxus_core::virtual_dom: Marking task Task { id: 3, unsend: PhantomData<*const ()> } (spawned in ScopeId(4)) as dirty (called from Location { file: "packages/core/src/virtual_dom.rs", line: 505, col: 58 })
2024-06-04T16:00:31.840523Z  INFO VirtualDom::wait_for_work:VirtualDom::process_events:VirtualDom::poll_tasks: dioxus_core::tasks: Polling task Task { id: 3, unsend: PhantomData<*const ()> }
2024-06-04T16:00:31.840622Z  INFO VirtualDom::wait_for_work:VirtualDom::process_events:VirtualDom::poll_tasks: dioxus_core::tasks: Task Task { id: 3, unsend: PhantomData<*const ()> } finished with result Pending
2024-06-04T16:00:31.840656Z TRACE VirtualDom::wait_for_work:VirtualDom::process_events:VirtualDom::poll_tasks: dioxus_core::virtual_dom: Marking scope ScopeId(4, "Doggo") as dirty
2024-06-04T16:00:31.840827Z TRACE VirtualDom::render_immediate:render{scope=Doggo}: dioxus_signals::signal: Subscribing to the reactive context ReactiveContext(for scope: ScopeId(4, "Doggo"))
2024-06-04T16:00:31.840895Z TRACE VirtualDom::render_immediate:render{scope=Doggo}: dioxus_signals::signal: Subscribing to the reactive context ReactiveContext(for scope: ScopeId(4, "Doggo"))
2024-06-04T16:00:31.840928Z TRACE VirtualDom::render_immediate:render{scope=Doggo}: dioxus_core::scope_context: looking for context dioxus_core::suspense::SuspenseContext (TypeId { t: (4533244013398082440, 10897659798729036060) }) in Doggo
2024-06-04T16:00:31.840953Z TRACE VirtualDom::render_immediate:render{scope=Doggo}: dioxus_core::scope_context: looking for context dioxus_core::suspense::SuspenseContext (TypeId { t: (4533244013398082440, 10897659798729036060) }) in FrozenContext
2024-06-04T16:00:31.841002Z TRACE VirtualDom::render_immediate:render{scope=Doggo}: dioxus_core::scope_context: found context TypeId { t: (9286496122914249738, 8586425926625933774) }
2024-06-04T16:00:31.841029Z TRACE VirtualDom::render_immediate:render{scope=Doggo}: dioxus_core::scope_context: looking for context dioxus_core::suspense::SuspenseContext (TypeId { t: (4533244013398082440, 10897659798729036060) }) in SuspenseBoundary
2024-06-04T16:00:31.841048Z TRACE VirtualDom::render_immediate:render{scope=Doggo}: dioxus_core::scope_context: found context TypeId { t: (4533244013398082440, 10897659798729036060) }
2024-06-04T16:00:31.893503Z TRACE VirtualDom::wait_for_work:VirtualDom::process_events: dioxus_core::virtual_dom: Marking task Task { id: 0, unsend: PhantomData<*const ()> } (spawned in ScopeId(3)) as dirty (called from Location { file: "packages/core/src/virtual_dom.rs", line: 505, col: 58 })
2024-06-04T16:00:31.893593Z  INFO VirtualDom::wait_for_work:VirtualDom::process_events:VirtualDom::poll_tasks: dioxus_core::tasks: Polling task Task { id: 0, unsend: PhantomData<*const ()> }
2024-06-04T16:00:31.893667Z  INFO VirtualDom::wait_for_work:VirtualDom::process_events:VirtualDom::poll_tasks: dioxus_core::tasks: Task Task { id: 0, unsend: PhantomData<*const ()> } finished with result Pending
2024-06-04T16:00:31.893698Z TRACE VirtualDom::wait_for_work:VirtualDom::process_events:VirtualDom::poll_tasks: dioxus_core::virtual_dom: Marking scope ScopeId(3, "Doggo") as dirty
2024-06-04T16:00:31.893844Z TRACE VirtualDom::render_immediate:render{scope=Doggo}: dioxus_signals::signal: Subscribing to the reactive context ReactiveContext(for scope: ScopeId(3, "Doggo"))
2024-06-04T16:00:31.893895Z TRACE VirtualDom::render_immediate:render{scope=Doggo}: dioxus_signals::signal: Subscribing to the reactive context ReactiveContext(for scope: ScopeId(3, "Doggo"))
2024-06-04T16:00:31.893929Z TRACE VirtualDom::render_immediate:render{scope=Doggo}: dioxus_core::scope_context: looking for context dioxus_core::suspense::SuspenseContext (TypeId { t: (4533244013398082440, 10897659798729036060) }) in Doggo
2024-06-04T16:00:31.893976Z TRACE VirtualDom::render_immediate:render{scope=Doggo}: dioxus_core::scope_context: looking for context dioxus_core::suspense::SuspenseContext (TypeId { t: (4533244013398082440, 10897659798729036060) }) in FrozenContext
2024-06-04T16:00:31.893996Z TRACE VirtualDom::render_immediate:render{scope=Doggo}: dioxus_core::scope_context: found context TypeId { t: (9286496122914249738, 8586425926625933774) }
2024-06-04T16:00:31.894014Z TRACE VirtualDom::render_immediate:render{scope=Doggo}: dioxus_core::scope_context: looking for context dioxus_core::suspense::SuspenseContext (TypeId { t: (4533244013398082440, 10897659798729036060) }) in SuspenseBoundary
2024-06-04T16:00:31.894033Z TRACE VirtualDom::render_immediate:render{scope=Doggo}: dioxus_core::scope_context: found context TypeId { t: (4533244013398082440, 10897659798729036060) }
2024-06-04T16:00:31.942618Z TRACE VirtualDom::wait_for_work:VirtualDom::process_events: dioxus_core::virtual_dom: Marking task Task { id: 3, unsend: PhantomData<*const ()> } (spawned in ScopeId(4)) as dirty (called from Location { file: "packages/core/src/virtual_dom.rs", line: 505, col: 58 })
2024-06-04T16:00:31.942737Z  INFO VirtualDom::wait_for_work:VirtualDom::process_events:VirtualDom::poll_tasks: dioxus_core::tasks: Polling task Task { id: 3, unsend: PhantomData<*const ()> }
2024-06-04T16:00:31.942813Z  INFO VirtualDom::wait_for_work:VirtualDom::process_events:VirtualDom::poll_tasks: dioxus_core::tasks: Task Task { id: 3, unsend: PhantomData<*const ()> } finished with result Pending
2024-06-04T16:00:31.942853Z TRACE VirtualDom::wait_for_work:VirtualDom::process_events:VirtualDom::poll_tasks: dioxus_core::virtual_dom: Marking scope ScopeId(4, "Doggo") as dirty
2024-06-04T16:00:31.943006Z TRACE VirtualDom::render_immediate:render{scope=Doggo}: dioxus_signals::signal: Subscribing to the reactive context ReactiveContext(for scope: ScopeId(4, "Doggo"))
2024-06-04T16:00:31.943052Z TRACE VirtualDom::render_immediate:render{scope=Doggo}: dioxus_signals::signal: Subscribing to the reactive context ReactiveContext(for scope: ScopeId(4, "Doggo"))
2024-06-04T16:00:31.943099Z TRACE VirtualDom::render_immediate:render{scope=Doggo}: dioxus_core::scope_context: looking for context dioxus_core::suspense::SuspenseContext (TypeId { t: (4533244013398082440, 10897659798729036060) }) in Doggo
2024-06-04T16:00:31.943124Z TRACE VirtualDom::render_immediate:render{scope=Doggo}: dioxus_core::scope_context: looking for context dioxus_core::suspense::SuspenseContext (TypeId { t: (4533244013398082440, 10897659798729036060) }) in FrozenContext
2024-06-04T16:00:31.943145Z TRACE VirtualDom::render_immediate:render{scope=Doggo}: dioxus_core::scope_context: found context TypeId { t: (9286496122914249738, 8586425926625933774) }
2024-06-04T16:00:31.943164Z TRACE VirtualDom::render_immediate:render{scope=Doggo}: dioxus_core::scope_context: looking for context dioxus_core::suspense::SuspenseContext (TypeId { t: (4533244013398082440, 10897659798729036060) }) in SuspenseBoundary
2024-06-04T16:00:31.943182Z TRACE VirtualDom::render_immediate:render{scope=Doggo}: dioxus_core::scope_context: found context TypeId { t: (4533244013398082440, 10897659798729036060) }
2024-06-04T16:00:31.972668Z TRACE VirtualDom::wait_for_work:VirtualDom::process_events: dioxus_core::virtual_dom: Marking task Task { id: 6, unsend: PhantomData<*const ()> } (spawned in ScopeId(5)) as dirty (called from Location { file: "packages/core/src/virtual_dom.rs", line: 505, col: 58 })
2024-06-04T16:00:31.972752Z  INFO VirtualDom::wait_for_work:VirtualDom::process_events:VirtualDom::poll_tasks: dioxus_core::tasks: Polling task Task { id: 6, unsend: PhantomData<*const ()> }
2024-06-04T16:00:31.972819Z TRACE VirtualDom::wait_for_work:VirtualDom::process_events:VirtualDom::poll_tasks: dioxus_signals::signal: Write on signal at examples/suspense.rs:122:19 finished, updating subscribers
2024-06-04T16:00:31.972850Z TRACE VirtualDom::wait_for_work:VirtualDom::process_events:VirtualDom::poll_tasks: dioxus_signals::reactive_context: Marking reactive context created at packages/signals/src/reactive_context.rs:117:13 as dirty
2024-06-04T16:00:31.972871Z TRACE VirtualDom::wait_for_work:VirtualDom::process_events:VirtualDom::poll_tasks: dioxus_signals::reactive_context: Marking scope ScopeId(5, "LoadingDots") as dirty
2024-06-04T16:00:31.972912Z  INFO VirtualDom::wait_for_work:VirtualDom::process_events:VirtualDom::poll_tasks: dioxus_core::tasks: Task Task { id: 6, unsend: PhantomData<*const ()> } finished with result Pending
2024-06-04T16:00:31.972936Z TRACE VirtualDom::wait_for_work:VirtualDom::process_events:VirtualDom::poll_tasks: dioxus_core::virtual_dom: Marking scope ScopeId(5, "LoadingDots") as dirty
2024-06-04T16:00:31.973066Z TRACE VirtualDom::render_immediate:render{scope=LoadingDots}: dioxus_signals::signal: Subscribing to the reactive context ReactiveContext(for scope: ScopeId(5, "LoadingDots"))
2024-06-04T16:00:31.973119Z TRACE VirtualDom::render_immediate: dioxus_core::scope_context: looking for context dioxus_core::suspense::FrozenContext (TypeId { t: (9286496122914249738, 8586425926625933774) }) in LoadingDots
2024-06-04T16:00:31.973139Z TRACE VirtualDom::render_immediate: dioxus_core::scope_context: looking for context dioxus_core::suspense::FrozenContext (TypeId { t: (9286496122914249738, 8586425926625933774) }) in SuspenseBoundary
2024-06-04T16:00:31.973156Z TRACE VirtualDom::render_immediate: dioxus_core::scope_context: found context TypeId { t: (4533244013398082440, 10897659798729036060) }
2024-06-04T16:00:31.973171Z TRACE VirtualDom::render_immediate: dioxus_core::scope_context: looking for context dioxus_core::suspense::FrozenContext (TypeId { t: (9286496122914249738, 8586425926625933774) }) in app
2024-06-04T16:00:31.973186Z TRACE VirtualDom::render_immediate: dioxus_core::scope_context: found context TypeId { t: (3582638416876954437, 3810890675802792692) }
2024-06-04T16:00:31.973201Z TRACE VirtualDom::render_immediate: dioxus_core::scope_context: found context TypeId { t: (7946844621057603534, 4355211565432133561) }
2024-06-04T16:00:31.973215Z TRACE VirtualDom::render_immediate: dioxus_core::scope_context: found context TypeId { t: (10682502755203913650, 15985576721215419306) }
2024-06-04T16:00:31.973231Z TRACE VirtualDom::render_immediate: dioxus_core::scope_context: context dioxus_core::suspense::FrozenContext (TypeId { t: (9286496122914249738, 8586425926625933774) }) not found
2024-06-04T16:00:31.973257Z TRACE VirtualDom::render_immediate: dioxus_core::diff::node: moving mount self=VNode { vnode: VNodeInner { key: None, template: Cell { value: Template { name: "examples/suspense.rs:127:5:4128", roots: [Dynamic { id: 0 }], node_paths: [[0]], attr_paths: [] } }, dynamic_nodes: [Text(VText { value: "..." })], dynamic_attrs: [] }, mount: Cell { value: MountId(7) } } new=VNode { vnode: VNodeInner { key: None, template: Cell { value: Template { name: "examples/suspense.rs:127:5:4128", roots: [Dynamic { id: 0 }], node_paths: [[0]], attr_paths: [] } }, dynamic_nodes: [Text(VText { value: "" })], dynamic_attrs: [] }, mount: Cell { value: MountId(7) } }
2024-06-04T16:00:31.973297Z TRACE VirtualDom::render_immediate: dioxus_core::diff::node: mount id: MountId(7)
2024-06-04T16:00:31.973311Z TRACE VirtualDom::render_immediate: dioxus_core::diff::node: mounts: Slab { len: 8, cap: 8 }
2024-06-04T16:00:31.995427Z TRACE VirtualDom::wait_for_work:VirtualDom::process_events: dioxus_core::virtual_dom: Marking task Task { id: 0, unsend: PhantomData<*const ()> } (spawned in ScopeId(3)) as dirty (called from Location { file: "packages/core/src/virtual_dom.rs", line: 505, col: 58 })
2024-06-04T16:00:31.995536Z  INFO VirtualDom::wait_for_work:VirtualDom::process_events:VirtualDom::poll_tasks: dioxus_core::tasks: Polling task Task { id: 0, unsend: PhantomData<*const ()> }
2024-06-04T16:00:31.995605Z  INFO VirtualDom::wait_for_work:VirtualDom::process_events:VirtualDom::poll_tasks: dioxus_core::tasks: Task Task { id: 0, unsend: PhantomData<*const ()> } finished with result Pending
2024-06-04T16:00:31.995632Z TRACE VirtualDom::wait_for_work:VirtualDom::process_events:VirtualDom::poll_tasks: dioxus_core::virtual_dom: Marking scope ScopeId(3, "Doggo") as dirty
2024-06-04T16:00:31.995766Z TRACE VirtualDom::render_immediate:render{scope=Doggo}: dioxus_signals::signal: Subscribing to the reactive context ReactiveContext(for scope: ScopeId(3, "Doggo"))
2024-06-04T16:00:31.995817Z TRACE VirtualDom::render_immediate:render{scope=Doggo}: dioxus_signals::signal: Subscribing to the reactive context ReactiveContext(for scope: ScopeId(3, "Doggo"))
2024-06-04T16:00:31.995859Z TRACE VirtualDom::render_immediate:render{scope=Doggo}: dioxus_core::scope_context: looking for context dioxus_core::suspense::SuspenseContext (TypeId { t: (4533244013398082440, 10897659798729036060) }) in Doggo
2024-06-04T16:00:31.995881Z TRACE VirtualDom::render_immediate:render{scope=Doggo}: dioxus_core::scope_context: looking for context dioxus_core::suspense::SuspenseContext (TypeId { t: (4533244013398082440, 10897659798729036060) }) in FrozenContext
2024-06-04T16:00:31.995900Z TRACE VirtualDom::render_immediate:render{scope=Doggo}: dioxus_core::scope_context: found context TypeId { t: (9286496122914249738, 8586425926625933774) }
2024-06-04T16:00:31.995918Z TRACE VirtualDom::render_immediate:render{scope=Doggo}: dioxus_core::scope_context: looking for context dioxus_core::suspense::SuspenseContext (TypeId { t: (4533244013398082440, 10897659798729036060) }) in SuspenseBoundary
2024-06-04T16:00:31.995936Z TRACE VirtualDom::render_immediate:render{scope=Doggo}: dioxus_core::scope_context: found context TypeId { t: (4533244013398082440, 10897659798729036060) }
2024-06-04T16:00:32.044511Z TRACE VirtualDom::wait_for_work:VirtualDom::process_events: dioxus_core::virtual_dom: Marking task Task { id: 3, unsend: PhantomData<*const ()> } (spawned in ScopeId(4)) as dirty (called from Location { file: "packages/core/src/virtual_dom.rs", line: 505, col: 58 })
2024-06-04T16:00:32.044607Z  INFO VirtualDom::wait_for_work:VirtualDom::process_events:VirtualDom::poll_tasks: dioxus_core::tasks: Polling task Task { id: 3, unsend: PhantomData<*const ()> }
2024-06-04T16:00:32.044687Z  INFO VirtualDom::wait_for_work:VirtualDom::process_events:VirtualDom::poll_tasks: dioxus_core::tasks: Task Task { id: 3, unsend: PhantomData<*const ()> } finished with result Pending
2024-06-04T16:00:32.044725Z TRACE VirtualDom::wait_for_work:VirtualDom::process_events:VirtualDom::poll_tasks: dioxus_core::virtual_dom: Marking scope ScopeId(4, "Doggo") as dirty
2024-06-04T16:00:32.044873Z TRACE VirtualDom::render_immediate:render{scope=Doggo}: dioxus_signals::signal: Subscribing to the reactive context ReactiveContext(for scope: ScopeId(4, "Doggo"))
2024-06-04T16:00:32.044970Z TRACE VirtualDom::render_immediate:render{scope=Doggo}: dioxus_signals::signal: Subscribing to the reactive context ReactiveContext(for scope: ScopeId(4, "Doggo"))
2024-06-04T16:00:32.045014Z TRACE VirtualDom::render_immediate:render{scope=Doggo}: dioxus_core::scope_context: looking for context dioxus_core::suspense::SuspenseContext (TypeId { t: (4533244013398082440, 10897659798729036060) }) in Doggo
2024-06-04T16:00:32.045037Z TRACE VirtualDom::render_immediate:render{scope=Doggo}: dioxus_core::scope_context: looking for context dioxus_core::suspense::SuspenseContext (TypeId { t: (4533244013398082440, 10897659798729036060) }) in FrozenContext
2024-06-04T16:00:32.045072Z TRACE VirtualDom::render_immediate:render{scope=Doggo}: dioxus_core::scope_context: found context TypeId { t: (9286496122914249738, 8586425926625933774) }
2024-06-04T16:00:32.045091Z TRACE VirtualDom::render_immediate:render{scope=Doggo}: dioxus_core::scope_context: looking for context dioxus_core::suspense::SuspenseContext (TypeId { t: (4533244013398082440, 10897659798729036060) }) in SuspenseBoundary
2024-06-04T16:00:32.045118Z TRACE VirtualDom::render_immediate:render{scope=Doggo}: dioxus_core::scope_context: found context TypeId { t: (4533244013398082440, 10897659798729036060) }
2024-06-04T16:00:32.097799Z TRACE VirtualDom::wait_for_work:VirtualDom::process_events: dioxus_core::virtual_dom: Marking task Task { id: 0, unsend: PhantomData<*const ()> } (spawned in ScopeId(3)) as dirty (called from Location { file: "packages/core/src/virtual_dom.rs", line: 505, col: 58 })
2024-06-04T16:00:32.097953Z  INFO VirtualDom::wait_for_work:VirtualDom::process_events:VirtualDom::poll_tasks: dioxus_core::tasks: Polling task Task { id: 0, unsend: PhantomData<*const ()> }
2024-06-04T16:00:32.098066Z  INFO VirtualDom::wait_for_work:VirtualDom::process_events:VirtualDom::poll_tasks: dioxus_core::tasks: Task Task { id: 0, unsend: PhantomData<*const ()> } finished with result Pending
2024-06-04T16:00:32.098102Z TRACE VirtualDom::wait_for_work:VirtualDom::process_events:VirtualDom::poll_tasks: dioxus_core::virtual_dom: Marking scope ScopeId(3, "Doggo") as dirty
2024-06-04T16:00:32.098332Z TRACE VirtualDom::render_immediate:render{scope=Doggo}: dioxus_signals::signal: Subscribing to the reactive context ReactiveContext(for scope: ScopeId(3, "Doggo"))
2024-06-04T16:00:32.098381Z TRACE VirtualDom::render_immediate:render{scope=Doggo}: dioxus_signals::signal: Subscribing to the reactive context ReactiveContext(for scope: ScopeId(3, "Doggo"))
2024-06-04T16:00:32.098425Z TRACE VirtualDom::render_immediate:render{scope=Doggo}: dioxus_core::scope_context: looking for context dioxus_core::suspense::SuspenseContext (TypeId { t: (4533244013398082440, 10897659798729036060) }) in Doggo
2024-06-04T16:00:32.098455Z TRACE VirtualDom::render_immediate:render{scope=Doggo}: dioxus_core::scope_context: looking for context dioxus_core::suspense::SuspenseContext (TypeId { t: (4533244013398082440, 10897659798729036060) }) in FrozenContext
2024-06-04T16:00:32.098479Z TRACE VirtualDom::render_immediate:render{scope=Doggo}: dioxus_core::scope_context: found context TypeId { t: (9286496122914249738, 8586425926625933774) }
2024-06-04T16:00:32.098503Z TRACE VirtualDom::render_immediate:render{scope=Doggo}: dioxus_core::scope_context: looking for context dioxus_core::suspense::SuspenseContext (TypeId { t: (4533244013398082440, 10897659798729036060) }) in SuspenseBoundary
2024-06-04T16:00:32.098526Z TRACE VirtualDom::render_immediate:render{scope=Doggo}: dioxus_core::scope_context: found context TypeId { t: (4533244013398082440, 10897659798729036060) }
2024-06-04T16:00:32.146862Z TRACE VirtualDom::wait_for_work:VirtualDom::process_events: dioxus_core::virtual_dom: Marking task Task { id: 3, unsend: PhantomData<*const ()> } (spawned in ScopeId(4)) as dirty (called from Location { file: "packages/core/src/virtual_dom.rs", line: 505, col: 58 })
2024-06-04T16:00:32.146996Z  INFO VirtualDom::wait_for_work:VirtualDom::process_events:VirtualDom::poll_tasks: dioxus_core::tasks: Polling task Task { id: 3, unsend: PhantomData<*const ()> }
2024-06-04T16:00:32.147072Z  INFO VirtualDom::wait_for_work:VirtualDom::process_events:VirtualDom::poll_tasks: dioxus_core::tasks: Task Task { id: 3, unsend: PhantomData<*const ()> } finished with result Pending
2024-06-04T16:00:32.147106Z TRACE VirtualDom::wait_for_work:VirtualDom::process_events:VirtualDom::poll_tasks: dioxus_core::virtual_dom: Marking scope ScopeId(4, "Doggo") as dirty
2024-06-04T16:00:32.147286Z TRACE VirtualDom::render_immediate:render{scope=Doggo}: dioxus_signals::signal: Subscribing to the reactive context ReactiveContext(for scope: ScopeId(4, "Doggo"))
2024-06-04T16:00:32.147336Z TRACE VirtualDom::render_immediate:render{scope=Doggo}: dioxus_signals::signal: Subscribing to the reactive context ReactiveContext(for scope: ScopeId(4, "Doggo"))
2024-06-04T16:00:32.147378Z TRACE VirtualDom::render_immediate:render{scope=Doggo}: dioxus_core::scope_context: looking for context dioxus_core::suspense::SuspenseContext (TypeId { t: (4533244013398082440, 10897659798729036060) }) in Doggo
2024-06-04T16:00:32.147406Z TRACE VirtualDom::render_immediate:render{scope=Doggo}: dioxus_core::scope_context: looking for context dioxus_core::suspense::SuspenseContext (TypeId { t: (4533244013398082440, 10897659798729036060) }) in FrozenContext
2024-06-04T16:00:32.147429Z TRACE VirtualDom::render_immediate:render{scope=Doggo}: dioxus_core::scope_context: found context TypeId { t: (9286496122914249738, 8586425926625933774) }
2024-06-04T16:00:32.147452Z TRACE VirtualDom::render_immediate:render{scope=Doggo}: dioxus_core::scope_context: looking for context dioxus_core::suspense::SuspenseContext (TypeId { t: (4533244013398082440, 10897659798729036060) }) in SuspenseBoundary
2024-06-04T16:00:32.147475Z TRACE VirtualDom::render_immediate:render{scope=Doggo}: dioxus_core::scope_context: found context TypeId { t: (4533244013398082440, 10897659798729036060) }
2024-06-04T16:00:32.174892Z TRACE VirtualDom::wait_for_work:VirtualDom::process_events: dioxus_core::virtual_dom: Marking task Task { id: 6, unsend: PhantomData<*const ()> } (spawned in ScopeId(5)) as dirty (called from Location { file: "packages/core/src/virtual_dom.rs", line: 505, col: 58 })
2024-06-04T16:00:32.174990Z  INFO VirtualDom::wait_for_work:VirtualDom::process_events:VirtualDom::poll_tasks: dioxus_core::tasks: Polling task Task { id: 6, unsend: PhantomData<*const ()> }
2024-06-04T16:00:32.175056Z TRACE VirtualDom::wait_for_work:VirtualDom::process_events:VirtualDom::poll_tasks: dioxus_signals::signal: Write on signal at examples/suspense.rs:122:19 finished, updating subscribers
2024-06-04T16:00:32.175093Z TRACE VirtualDom::wait_for_work:VirtualDom::process_events:VirtualDom::poll_tasks: dioxus_signals::reactive_context: Marking reactive context created at packages/signals/src/reactive_context.rs:117:13 as dirty
2024-06-04T16:00:32.175114Z TRACE VirtualDom::wait_for_work:VirtualDom::process_events:VirtualDom::poll_tasks: dioxus_signals::reactive_context: Marking scope ScopeId(5, "LoadingDots") as dirty
2024-06-04T16:00:32.175160Z  INFO VirtualDom::wait_for_work:VirtualDom::process_events:VirtualDom::poll_tasks: dioxus_core::tasks: Task Task { id: 6, unsend: PhantomData<*const ()> } finished with result Pending
2024-06-04T16:00:32.175185Z TRACE VirtualDom::wait_for_work:VirtualDom::process_events:VirtualDom::poll_tasks: dioxus_core::virtual_dom: Marking scope ScopeId(5, "LoadingDots") as dirty
2024-06-04T16:00:32.175322Z TRACE VirtualDom::render_immediate:render{scope=LoadingDots}: dioxus_signals::signal: Subscribing to the reactive context ReactiveContext(for scope: ScopeId(5, "LoadingDots"))
2024-06-04T16:00:32.175373Z TRACE VirtualDom::render_immediate: dioxus_core::scope_context: looking for context dioxus_core::suspense::FrozenContext (TypeId { t: (9286496122914249738, 8586425926625933774) }) in LoadingDots
2024-06-04T16:00:32.175394Z TRACE VirtualDom::render_immediate: dioxus_core::scope_context: looking for context dioxus_core::suspense::FrozenContext (TypeId { t: (9286496122914249738, 8586425926625933774) }) in SuspenseBoundary
2024-06-04T16:00:32.175411Z TRACE VirtualDom::render_immediate: dioxus_core::scope_context: found context TypeId { t: (4533244013398082440, 10897659798729036060) }
2024-06-04T16:00:32.175427Z TRACE VirtualDom::render_immediate: dioxus_core::scope_context: looking for context dioxus_core::suspense::FrozenContext (TypeId { t: (9286496122914249738, 8586425926625933774) }) in app
2024-06-04T16:00:32.175442Z TRACE VirtualDom::render_immediate: dioxus_core::scope_context: found context TypeId { t: (3582638416876954437, 3810890675802792692) }
2024-06-04T16:00:32.175457Z TRACE VirtualDom::render_immediate: dioxus_core::scope_context: found context TypeId { t: (7946844621057603534, 4355211565432133561) }
2024-06-04T16:00:32.175471Z TRACE VirtualDom::render_immediate: dioxus_core::scope_context: found context TypeId { t: (10682502755203913650, 15985576721215419306) }
2024-06-04T16:00:32.175486Z TRACE VirtualDom::render_immediate: dioxus_core::scope_context: context dioxus_core::suspense::FrozenContext (TypeId { t: (9286496122914249738, 8586425926625933774) }) not found
2024-06-04T16:00:32.175516Z TRACE VirtualDom::render_immediate: dioxus_core::diff::node: moving mount self=VNode { vnode: VNodeInner { key: None, template: Cell { value: Template { name: "examples/suspense.rs:127:5:4128", roots: [Dynamic { id: 0 }], node_paths: [[0]], attr_paths: [] } }, dynamic_nodes: [Text(VText { value: "" })], dynamic_attrs: [] }, mount: Cell { value: MountId(7) } } new=VNode { vnode: VNodeInner { key: None, template: Cell { value: Template { name: "examples/suspense.rs:127:5:4128", roots: [Dynamic { id: 0 }], node_paths: [[0]], attr_paths: [] } }, dynamic_nodes: [Text(VText { value: "." })], dynamic_attrs: [] }, mount: Cell { value: MountId(7) } }
2024-06-04T16:00:32.175559Z TRACE VirtualDom::render_immediate: dioxus_core::diff::node: mount id: MountId(7)
2024-06-04T16:00:32.175574Z TRACE VirtualDom::render_immediate: dioxus_core::diff::node: mounts: Slab { len: 8, cap: 8 }
2024-06-04T16:00:32.200177Z TRACE VirtualDom::wait_for_work:VirtualDom::process_events: dioxus_core::virtual_dom: Marking task Task { id: 0, unsend: PhantomData<*const ()> } (spawned in ScopeId(3)) as dirty (called from Location { file: "packages/core/src/virtual_dom.rs", line: 505, col: 58 })
2024-06-04T16:00:32.200262Z  INFO VirtualDom::wait_for_work:VirtualDom::process_events:VirtualDom::poll_tasks: dioxus_core::tasks: Polling task Task { id: 0, unsend: PhantomData<*const ()> }
2024-06-04T16:00:32.200331Z  INFO VirtualDom::wait_for_work:VirtualDom::process_events:VirtualDom::poll_tasks: dioxus_core::tasks: Task Task { id: 0, unsend: PhantomData<*const ()> } finished with result Pending
2024-06-04T16:00:32.200360Z TRACE VirtualDom::wait_for_work:VirtualDom::process_events:VirtualDom::poll_tasks: dioxus_core::virtual_dom: Marking scope ScopeId(3, "Doggo") as dirty
2024-06-04T16:00:32.200489Z TRACE VirtualDom::render_immediate:render{scope=Doggo}: dioxus_signals::signal: Subscribing to the reactive context ReactiveContext(for scope: ScopeId(3, "Doggo"))
2024-06-04T16:00:32.200530Z TRACE VirtualDom::render_immediate:render{scope=Doggo}: dioxus_signals::signal: Subscribing to the reactive context ReactiveContext(for scope: ScopeId(3, "Doggo"))
2024-06-04T16:00:32.200564Z TRACE VirtualDom::render_immediate:render{scope=Doggo}: dioxus_core::scope_context: looking for context dioxus_core::suspense::SuspenseContext (TypeId { t: (4533244013398082440, 10897659798729036060) }) in Doggo
2024-06-04T16:00:32.200588Z TRACE VirtualDom::render_immediate:render{scope=Doggo}: dioxus_core::scope_context: looking for context dioxus_core::suspense::SuspenseContext (TypeId { t: (4533244013398082440, 10897659798729036060) }) in FrozenContext
2024-06-04T16:00:32.200608Z TRACE VirtualDom::render_immediate:render{scope=Doggo}: dioxus_core::scope_context: found context TypeId { t: (9286496122914249738, 8586425926625933774) }
2024-06-04T16:00:32.200627Z TRACE VirtualDom::render_immediate:render{scope=Doggo}: dioxus_core::scope_context: looking for context dioxus_core::suspense::SuspenseContext (TypeId { t: (4533244013398082440, 10897659798729036060) }) in SuspenseBoundary
2024-06-04T16:00:32.200646Z TRACE VirtualDom::render_immediate:render{scope=Doggo}: dioxus_core::scope_context: found context TypeId { t: (4533244013398082440, 10897659798729036060) }
2024-06-04T16:00:32.249140Z TRACE VirtualDom::wait_for_work:VirtualDom::process_events: dioxus_core::virtual_dom: Marking task Task { id: 3, unsend: PhantomData<*const ()> } (spawned in ScopeId(4)) as dirty (called from Location { file: "packages/core/src/virtual_dom.rs", line: 505, col: 58 })
2024-06-04T16:00:32.249230Z  INFO VirtualDom::wait_for_work:VirtualDom::process_events:VirtualDom::poll_tasks: dioxus_core::tasks: Polling task Task { id: 3, unsend: PhantomData<*const ()> }
2024-06-04T16:00:32.249307Z  INFO VirtualDom::wait_for_work:VirtualDom::process_events:VirtualDom::poll_tasks: dioxus_core::tasks: Task Task { id: 3, unsend: PhantomData<*const ()> } finished with result Pending
2024-06-04T16:00:32.249337Z TRACE VirtualDom::wait_for_work:VirtualDom::process_events:VirtualDom::poll_tasks: dioxus_core::virtual_dom: Marking scope ScopeId(4, "Doggo") as dirty
2024-06-04T16:00:32.249481Z TRACE VirtualDom::render_immediate:render{scope=Doggo}: dioxus_signals::signal: Subscribing to the reactive context ReactiveContext(for scope: ScopeId(4, "Doggo"))
2024-06-04T16:00:32.249522Z TRACE VirtualDom::render_immediate:render{scope=Doggo}: dioxus_signals::signal: Subscribing to the reactive context ReactiveContext(for scope: ScopeId(4, "Doggo"))
2024-06-04T16:00:32.249555Z TRACE VirtualDom::render_immediate:render{scope=Doggo}: dioxus_core::scope_context: looking for context dioxus_core::suspense::SuspenseContext (TypeId { t: (4533244013398082440, 10897659798729036060) }) in Doggo
2024-06-04T16:00:32.249579Z TRACE VirtualDom::render_immediate:render{scope=Doggo}: dioxus_core::scope_context: looking for context dioxus_core::suspense::SuspenseContext (TypeId { t: (4533244013398082440, 10897659798729036060) }) in FrozenContext
2024-06-04T16:00:32.249598Z TRACE VirtualDom::render_immediate:render{scope=Doggo}: dioxus_core::scope_context: found context TypeId { t: (9286496122914249738, 8586425926625933774) }
2024-06-04T16:00:32.249616Z TRACE VirtualDom::render_immediate:render{scope=Doggo}: dioxus_core::scope_context: looking for context dioxus_core::suspense::SuspenseContext (TypeId { t: (4533244013398082440, 10897659798729036060) }) in SuspenseBoundary
2024-06-04T16:00:32.249635Z TRACE VirtualDom::render_immediate:render{scope=Doggo}: dioxus_core::scope_context: found context TypeId { t: (4533244013398082440, 10897659798729036060) }
2024-06-04T16:00:32.302197Z TRACE VirtualDom::wait_for_work:VirtualDom::process_events: dioxus_core::virtual_dom: Marking task Task { id: 0, unsend: PhantomData<*const ()> } (spawned in ScopeId(3)) as dirty (called from Location { file: "packages/core/src/virtual_dom.rs", line: 505, col: 58 })
2024-06-04T16:00:32.302292Z  INFO VirtualDom::wait_for_work:VirtualDom::process_events:VirtualDom::poll_tasks: dioxus_core::tasks: Polling task Task { id: 0, unsend: PhantomData<*const ()> }
2024-06-04T16:00:32.302370Z  INFO VirtualDom::wait_for_work:VirtualDom::process_events:VirtualDom::poll_tasks: dioxus_core::tasks: Task Task { id: 0, unsend: PhantomData<*const ()> } finished with result Pending
2024-06-04T16:00:32.302400Z TRACE VirtualDom::wait_for_work:VirtualDom::process_events:VirtualDom::poll_tasks: dioxus_core::virtual_dom: Marking scope ScopeId(3, "Doggo") as dirty
2024-06-04T16:00:32.302545Z TRACE VirtualDom::render_immediate:render{scope=Doggo}: dioxus_signals::signal: Subscribing to the reactive context ReactiveContext(for scope: ScopeId(3, "Doggo"))
2024-06-04T16:00:32.302589Z TRACE VirtualDom::render_immediate:render{scope=Doggo}: dioxus_signals::signal: Subscribing to the reactive context ReactiveContext(for scope: ScopeId(3, "Doggo"))
2024-06-04T16:00:32.302624Z TRACE VirtualDom::render_immediate:render{scope=Doggo}: dioxus_core::scope_context: looking for context dioxus_core::suspense::SuspenseContext (TypeId { t: (4533244013398082440, 10897659798729036060) }) in Doggo
2024-06-04T16:00:32.302647Z TRACE VirtualDom::render_immediate:render{scope=Doggo}: dioxus_core::scope_context: looking for context dioxus_core::suspense::SuspenseContext (TypeId { t: (4533244013398082440, 10897659798729036060) }) in FrozenContext
2024-06-04T16:00:32.302667Z TRACE VirtualDom::render_immediate:render{scope=Doggo}: dioxus_core::scope_context: found context TypeId { t: (9286496122914249738, 8586425926625933774) }
2024-06-04T16:00:32.302686Z TRACE VirtualDom::render_immediate:render{scope=Doggo}: dioxus_core::scope_context: looking for context dioxus_core::suspense::SuspenseContext (TypeId { t: (4533244013398082440, 10897659798729036060) }) in SuspenseBoundary
2024-06-04T16:00:32.302707Z TRACE VirtualDom::render_immediate:render{scope=Doggo}: dioxus_core::scope_context: found context TypeId { t: (4533244013398082440, 10897659798729036060) }
2024-06-04T16:00:32.351434Z TRACE VirtualDom::wait_for_work:VirtualDom::process_events: dioxus_core::virtual_dom: Marking task Task { id: 3, unsend: PhantomData<*const ()> } (spawned in ScopeId(4)) as dirty (called from Location { file: "packages/core/src/virtual_dom.rs", line: 505, col: 58 })
2024-06-04T16:00:32.351580Z  INFO VirtualDom::wait_for_work:VirtualDom::process_events:VirtualDom::poll_tasks: dioxus_core::tasks: Polling task Task { id: 3, unsend: PhantomData<*const ()> }
2024-06-04T16:00:32.351660Z  INFO VirtualDom::wait_for_work:VirtualDom::process_events:VirtualDom::poll_tasks: dioxus_core::tasks: Task Task { id: 3, unsend: PhantomData<*const ()> } finished with result Pending
2024-06-04T16:00:32.351697Z TRACE VirtualDom::wait_for_work:VirtualDom::process_events:VirtualDom::poll_tasks: dioxus_core::virtual_dom: Marking scope ScopeId(4, "Doggo") as dirty
2024-06-04T16:00:32.351863Z TRACE VirtualDom::render_immediate:render{scope=Doggo}: dioxus_signals::signal: Subscribing to the reactive context ReactiveContext(for scope: ScopeId(4, "Doggo"))
2024-06-04T16:00:32.351915Z TRACE VirtualDom::render_immediate:render{scope=Doggo}: dioxus_signals::signal: Subscribing to the reactive context ReactiveContext(for scope: ScopeId(4, "Doggo"))
2024-06-04T16:00:32.351955Z TRACE VirtualDom::render_immediate:render{scope=Doggo}: dioxus_core::scope_context: looking for context dioxus_core::suspense::SuspenseContext (TypeId { t: (4533244013398082440, 10897659798729036060) }) in Doggo
2024-06-04T16:00:32.351981Z TRACE VirtualDom::render_immediate:render{scope=Doggo}: dioxus_core::scope_context: looking for context dioxus_core::suspense::SuspenseContext (TypeId { t: (4533244013398082440, 10897659798729036060) }) in FrozenContext
2024-06-04T16:00:32.352002Z TRACE VirtualDom::render_immediate:render{scope=Doggo}: dioxus_core::scope_context: found context TypeId { t: (9286496122914249738, 8586425926625933774) }
2024-06-04T16:00:32.352022Z TRACE VirtualDom::render_immediate:render{scope=Doggo}: dioxus_core::scope_context: looking for context dioxus_core::suspense::SuspenseContext (TypeId { t: (4533244013398082440, 10897659798729036060) }) in SuspenseBoundary
2024-06-04T16:00:32.352040Z TRACE VirtualDom::render_immediate:render{scope=Doggo}: dioxus_core::scope_context: found context TypeId { t: (4533244013398082440, 10897659798729036060) }
2024-06-04T16:00:32.377362Z TRACE VirtualDom::wait_for_work:VirtualDom::process_events: dioxus_core::virtual_dom: Marking task Task { id: 6, unsend: PhantomData<*const ()> } (spawned in ScopeId(5)) as dirty (called from Location { file: "packages/core/src/virtual_dom.rs", line: 505, col: 58 })
2024-06-04T16:00:32.377455Z  INFO VirtualDom::wait_for_work:VirtualDom::process_events:VirtualDom::poll_tasks: dioxus_core::tasks: Polling task Task { id: 6, unsend: PhantomData<*const ()> }
2024-06-04T16:00:32.377506Z TRACE VirtualDom::wait_for_work:VirtualDom::process_events:VirtualDom::poll_tasks: dioxus_signals::signal: Write on signal at examples/suspense.rs:122:19 finished, updating subscribers
2024-06-04T16:00:32.377535Z TRACE VirtualDom::wait_for_work:VirtualDom::process_events:VirtualDom::poll_tasks: dioxus_signals::reactive_context: Marking reactive context created at packages/signals/src/reactive_context.rs:117:13 as dirty
2024-06-04T16:00:32.377553Z TRACE VirtualDom::wait_for_work:VirtualDom::process_events:VirtualDom::poll_tasks: dioxus_signals::reactive_context: Marking scope ScopeId(5, "LoadingDots") as dirty
2024-06-04T16:00:32.377587Z  INFO VirtualDom::wait_for_work:VirtualDom::process_events:VirtualDom::poll_tasks: dioxus_core::tasks: Task Task { id: 6, unsend: PhantomData<*const ()> } finished with result Pending
2024-06-04T16:00:32.377607Z TRACE VirtualDom::wait_for_work:VirtualDom::process_events:VirtualDom::poll_tasks: dioxus_core::virtual_dom: Marking scope ScopeId(5, "LoadingDots") as dirty
2024-06-04T16:00:32.377710Z TRACE VirtualDom::render_immediate:render{scope=LoadingDots}: dioxus_signals::signal: Subscribing to the reactive context ReactiveContext(for scope: ScopeId(5, "LoadingDots"))
2024-06-04T16:00:32.377748Z TRACE VirtualDom::render_immediate: dioxus_core::scope_context: looking for context dioxus_core::suspense::FrozenContext (TypeId { t: (9286496122914249738, 8586425926625933774) }) in LoadingDots
2024-06-04T16:00:32.377765Z TRACE VirtualDom::render_immediate: dioxus_core::scope_context: looking for context dioxus_core::suspense::FrozenContext (TypeId { t: (9286496122914249738, 8586425926625933774) }) in SuspenseBoundary
2024-06-04T16:00:32.377779Z TRACE VirtualDom::render_immediate: dioxus_core::scope_context: found context TypeId { t: (4533244013398082440, 10897659798729036060) }
2024-06-04T16:00:32.377792Z TRACE VirtualDom::render_immediate: dioxus_core::scope_context: looking for context dioxus_core::suspense::FrozenContext (TypeId { t: (9286496122914249738, 8586425926625933774) }) in app
2024-06-04T16:00:32.377805Z TRACE VirtualDom::render_immediate: dioxus_core::scope_context: found context TypeId { t: (3582638416876954437, 3810890675802792692) }
2024-06-04T16:00:32.377818Z TRACE VirtualDom::render_immediate: dioxus_core::scope_context: found context TypeId { t: (7946844621057603534, 4355211565432133561) }
2024-06-04T16:00:32.377831Z TRACE VirtualDom::render_immediate: dioxus_core::scope_context: found context TypeId { t: (10682502755203913650, 15985576721215419306) }
2024-06-04T16:00:32.377844Z TRACE VirtualDom::render_immediate: dioxus_core::scope_context: context dioxus_core::suspense::FrozenContext (TypeId { t: (9286496122914249738, 8586425926625933774) }) not found
2024-06-04T16:00:32.377865Z TRACE VirtualDom::render_immediate: dioxus_core::diff::node: moving mount self=VNode { vnode: VNodeInner { key: None, template: Cell { value: Template { name: "examples/suspense.rs:127:5:4128", roots: [Dynamic { id: 0 }], node_paths: [[0]], attr_paths: [] } }, dynamic_nodes: [Text(VText { value: "." })], dynamic_attrs: [] }, mount: Cell { value: MountId(7) } } new=VNode { vnode: VNodeInner { key: None, template: Cell { value: Template { name: "examples/suspense.rs:127:5:4128", roots: [Dynamic { id: 0 }], node_paths: [[0]], attr_paths: [] } }, dynamic_nodes: [Text(VText { value: ".." })], dynamic_attrs: [] }, mount: Cell { value: MountId(7) } }
2024-06-04T16:00:32.377899Z TRACE VirtualDom::render_immediate: dioxus_core::diff::node: mount id: MountId(7)
2024-06-04T16:00:32.377911Z TRACE VirtualDom::render_immediate: dioxus_core::diff::node: mounts: Slab { len: 8, cap: 8 }
2024-06-04T16:00:32.404363Z TRACE VirtualDom::wait_for_work:VirtualDom::process_events: dioxus_core::virtual_dom: Marking task Task { id: 0, unsend: PhantomData<*const ()> } (spawned in ScopeId(3)) as dirty (called from Location { file: "packages/core/src/virtual_dom.rs", line: 505, col: 58 })
2024-06-04T16:00:32.404434Z  INFO VirtualDom::wait_for_work:VirtualDom::process_events:VirtualDom::poll_tasks: dioxus_core::tasks: Polling task Task { id: 0, unsend: PhantomData<*const ()> }
2024-06-04T16:00:32.404498Z  INFO VirtualDom::wait_for_work:VirtualDom::process_events:VirtualDom::poll_tasks: dioxus_core::tasks: Task Task { id: 0, unsend: PhantomData<*const ()> } finished with result Pending
2024-06-04T16:00:32.404528Z TRACE VirtualDom::wait_for_work:VirtualDom::process_events:VirtualDom::poll_tasks: dioxus_core::virtual_dom: Marking scope ScopeId(3, "Doggo") as dirty
2024-06-04T16:00:32.404653Z TRACE VirtualDom::render_immediate:render{scope=Doggo}: dioxus_signals::signal: Subscribing to the reactive context ReactiveContext(for scope: ScopeId(3, "Doggo"))
2024-06-04T16:00:32.404689Z TRACE VirtualDom::render_immediate:render{scope=Doggo}: dioxus_signals::signal: Subscribing to the reactive context ReactiveContext(for scope: ScopeId(3, "Doggo"))
2024-06-04T16:00:32.404732Z TRACE VirtualDom::render_immediate:render{scope=Doggo}: dioxus_core::scope_context: looking for context dioxus_core::suspense::SuspenseContext (TypeId { t: (4533244013398082440, 10897659798729036060) }) in Doggo
2024-06-04T16:00:32.404754Z TRACE VirtualDom::render_immediate:render{scope=Doggo}: dioxus_core::scope_context: looking for context dioxus_core::suspense::SuspenseContext (TypeId { t: (4533244013398082440, 10897659798729036060) }) in FrozenContext
2024-06-04T16:00:32.404774Z TRACE VirtualDom::render_immediate:render{scope=Doggo}: dioxus_core::scope_context: found context TypeId { t: (9286496122914249738, 8586425926625933774) }
2024-06-04T16:00:32.404792Z TRACE VirtualDom::render_immediate:render{scope=Doggo}: dioxus_core::scope_context: looking for context dioxus_core::suspense::SuspenseContext (TypeId { t: (4533244013398082440, 10897659798729036060) }) in SuspenseBoundary
2024-06-04T16:00:32.404816Z TRACE VirtualDom::render_immediate:render{scope=Doggo}: dioxus_core::scope_context: found context TypeId { t: (4533244013398082440, 10897659798729036060) }
2024-06-04T16:00:32.453455Z TRACE VirtualDom::wait_for_work:VirtualDom::process_events: dioxus_core::virtual_dom: Marking task Task { id: 3, unsend: PhantomData<*const ()> } (spawned in ScopeId(4)) as dirty (called from Location { file: "packages/core/src/virtual_dom.rs", line: 505, col: 58 })
2024-06-04T16:00:32.453549Z  INFO VirtualDom::wait_for_work:VirtualDom::process_events:VirtualDom::poll_tasks: dioxus_core::tasks: Polling task Task { id: 3, unsend: PhantomData<*const ()> }
2024-06-04T16:00:32.453619Z  INFO VirtualDom::wait_for_work:VirtualDom::process_events:VirtualDom::poll_tasks: dioxus_core::tasks: Task Task { id: 3, unsend: PhantomData<*const ()> } finished with result Pending
2024-06-04T16:00:32.453646Z TRACE VirtualDom::wait_for_work:VirtualDom::process_events:VirtualDom::poll_tasks: dioxus_core::virtual_dom: Marking scope ScopeId(4, "Doggo") as dirty
2024-06-04T16:00:32.453766Z TRACE VirtualDom::render_immediate:render{scope=Doggo}: dioxus_signals::signal: Subscribing to the reactive context ReactiveContext(for scope: ScopeId(4, "Doggo"))
2024-06-04T16:00:32.453801Z TRACE VirtualDom::render_immediate:render{scope=Doggo}: dioxus_signals::signal: Subscribing to the reactive context ReactiveContext(for scope: ScopeId(4, "Doggo"))
2024-06-04T16:00:32.453829Z TRACE VirtualDom::render_immediate:render{scope=Doggo}: dioxus_core::scope_context: looking for context dioxus_core::suspense::SuspenseContext (TypeId { t: (4533244013398082440, 10897659798729036060) }) in Doggo
2024-06-04T16:00:32.453849Z TRACE VirtualDom::render_immediate:render{scope=Doggo}: dioxus_core::scope_context: looking for context dioxus_core::suspense::SuspenseContext (TypeId { t: (4533244013398082440, 10897659798729036060) }) in FrozenContext
2024-06-04T16:00:32.453866Z TRACE VirtualDom::render_immediate:render{scope=Doggo}: dioxus_core::scope_context: found context TypeId { t: (9286496122914249738, 8586425926625933774) }
2024-06-04T16:00:32.453882Z TRACE VirtualDom::render_immediate:render{scope=Doggo}: dioxus_core::scope_context: looking for context dioxus_core::suspense::SuspenseContext (TypeId { t: (4533244013398082440, 10897659798729036060) }) in SuspenseBoundary
2024-06-04T16:00:32.453898Z TRACE VirtualDom::render_immediate:render{scope=Doggo}: dioxus_core::scope_context: found context TypeId { t: (4533244013398082440, 10897659798729036060) }
2024-06-04T16:00:32.506574Z TRACE VirtualDom::wait_for_work:VirtualDom::process_events: dioxus_core::virtual_dom: Marking task Task { id: 0, unsend: PhantomData<*const ()> } (spawned in ScopeId(3)) as dirty (called from Location { file: "packages/core/src/virtual_dom.rs", line: 505, col: 58 })
2024-06-04T16:00:32.506705Z  INFO VirtualDom::wait_for_work:VirtualDom::process_events:VirtualDom::poll_tasks: dioxus_core::tasks: Polling task Task { id: 0, unsend: PhantomData<*const ()> }
2024-06-04T16:00:32.506780Z  INFO VirtualDom::wait_for_work:VirtualDom::process_events:VirtualDom::poll_tasks: dioxus_core::tasks: Task Task { id: 0, unsend: PhantomData<*const ()> } finished with result Pending
2024-06-04T16:00:32.506813Z TRACE VirtualDom::wait_for_work:VirtualDom::process_events:VirtualDom::poll_tasks: dioxus_core::virtual_dom: Marking scope ScopeId(3, "Doggo") as dirty
2024-06-04T16:00:32.506979Z TRACE VirtualDom::render_immediate:render{scope=Doggo}: dioxus_signals::signal: Subscribing to the reactive context ReactiveContext(for scope: ScopeId(3, "Doggo"))
2024-06-04T16:00:32.507021Z TRACE VirtualDom::render_immediate:render{scope=Doggo}: dioxus_signals::signal: Subscribing to the reactive context ReactiveContext(for scope: ScopeId(3, "Doggo"))
2024-06-04T16:00:32.507053Z TRACE VirtualDom::render_immediate:render{scope=Doggo}: dioxus_core::scope_context: looking for context dioxus_core::suspense::SuspenseContext (TypeId { t: (4533244013398082440, 10897659798729036060) }) in Doggo
2024-06-04T16:00:32.507075Z TRACE VirtualDom::render_immediate:render{scope=Doggo}: dioxus_core::scope_context: looking for context dioxus_core::suspense::SuspenseContext (TypeId { t: (4533244013398082440, 10897659798729036060) }) in FrozenContext
2024-06-04T16:00:32.507095Z TRACE VirtualDom::render_immediate:render{scope=Doggo}: dioxus_core::scope_context: found context TypeId { t: (9286496122914249738, 8586425926625933774) }
2024-06-04T16:00:32.507114Z TRACE VirtualDom::render_immediate:render{scope=Doggo}: dioxus_core::scope_context: looking for context dioxus_core::suspense::SuspenseContext (TypeId { t: (4533244013398082440, 10897659798729036060) }) in SuspenseBoundary
2024-06-04T16:00:32.507132Z TRACE VirtualDom::render_immediate:render{scope=Doggo}: dioxus_core::scope_context: found context TypeId { t: (4533244013398082440, 10897659798729036060) }
2024-06-04T16:00:32.554667Z TRACE VirtualDom::wait_for_work:VirtualDom::process_events: dioxus_core::virtual_dom: Marking task Task { id: 3, unsend: PhantomData<*const ()> } (spawned in ScopeId(4)) as dirty (called from Location { file: "packages/core/src/virtual_dom.rs", line: 505, col: 58 })
2024-06-04T16:00:32.554786Z  INFO VirtualDom::wait_for_work:VirtualDom::process_events:VirtualDom::poll_tasks: dioxus_core::tasks: Polling task Task { id: 3, unsend: PhantomData<*const ()> }
2024-06-04T16:00:32.554857Z  INFO VirtualDom::wait_for_work:VirtualDom::process_events:VirtualDom::poll_tasks: dioxus_core::tasks: Task Task { id: 3, unsend: PhantomData<*const ()> } finished with result Pending
2024-06-04T16:00:32.554888Z TRACE VirtualDom::wait_for_work:VirtualDom::process_events:VirtualDom::poll_tasks: dioxus_core::virtual_dom: Marking scope ScopeId(4, "Doggo") as dirty
2024-06-04T16:00:32.555044Z TRACE VirtualDom::render_immediate:render{scope=Doggo}: dioxus_signals::signal: Subscribing to the reactive context ReactiveContext(for scope: ScopeId(4, "Doggo"))
2024-06-04T16:00:32.555088Z TRACE VirtualDom::render_immediate:render{scope=Doggo}: dioxus_signals::signal: Subscribing to the reactive context ReactiveContext(for scope: ScopeId(4, "Doggo"))
2024-06-04T16:00:32.555120Z TRACE VirtualDom::render_immediate:render{scope=Doggo}: dioxus_core::scope_context: looking for context dioxus_core::suspense::SuspenseContext (TypeId { t: (4533244013398082440, 10897659798729036060) }) in Doggo
2024-06-04T16:00:32.555142Z TRACE VirtualDom::render_immediate:render{scope=Doggo}: dioxus_core::scope_context: looking for context dioxus_core::suspense::SuspenseContext (TypeId { t: (4533244013398082440, 10897659798729036060) }) in FrozenContext
2024-06-04T16:00:32.555159Z TRACE VirtualDom::render_immediate:render{scope=Doggo}: dioxus_core::scope_context: found context TypeId { t: (9286496122914249738, 8586425926625933774) }
2024-06-04T16:00:32.555176Z TRACE VirtualDom::render_immediate:render{scope=Doggo}: dioxus_core::scope_context: looking for context dioxus_core::suspense::SuspenseContext (TypeId { t: (4533244013398082440, 10897659798729036060) }) in SuspenseBoundary
2024-06-04T16:00:32.555192Z TRACE VirtualDom::render_immediate:render{scope=Doggo}: dioxus_core::scope_context: found context TypeId { t: (4533244013398082440, 10897659798729036060) }
2024-06-04T16:00:32.579396Z TRACE VirtualDom::wait_for_work:VirtualDom::process_events: dioxus_core::virtual_dom: Marking task Task { id: 6, unsend: PhantomData<*const ()> } (spawned in ScopeId(5)) as dirty (called from Location { file: "packages/core/src/virtual_dom.rs", line: 505, col: 58 })
2024-06-04T16:00:32.579564Z  INFO VirtualDom::wait_for_work:VirtualDom::process_events:VirtualDom::poll_tasks: dioxus_core::tasks: Polling task Task { id: 6, unsend: PhantomData<*const ()> }
2024-06-04T16:00:32.579646Z TRACE VirtualDom::wait_for_work:VirtualDom::process_events:VirtualDom::poll_tasks: dioxus_signals::signal: Write on signal at examples/suspense.rs:122:19 finished, updating subscribers
2024-06-04T16:00:32.579683Z TRACE VirtualDom::wait_for_work:VirtualDom::process_events:VirtualDom::poll_tasks: dioxus_signals::reactive_context: Marking reactive context created at packages/signals/src/reactive_context.rs:117:13 as dirty
2024-06-04T16:00:32.579702Z TRACE VirtualDom::wait_for_work:VirtualDom::process_events:VirtualDom::poll_tasks: dioxus_signals::reactive_context: Marking scope ScopeId(5, "LoadingDots") as dirty
2024-06-04T16:00:32.579745Z  INFO VirtualDom::wait_for_work:VirtualDom::process_events:VirtualDom::poll_tasks: dioxus_core::tasks: Task Task { id: 6, unsend: PhantomData<*const ()> } finished with result Pending
2024-06-04T16:00:32.579767Z TRACE VirtualDom::wait_for_work:VirtualDom::process_events:VirtualDom::poll_tasks: dioxus_core::virtual_dom: Marking scope ScopeId(5, "LoadingDots") as dirty
2024-06-04T16:00:32.579890Z TRACE VirtualDom::render_immediate:render{scope=LoadingDots}: dioxus_signals::signal: Subscribing to the reactive context ReactiveContext(for scope: ScopeId(5, "LoadingDots"))
2024-06-04T16:00:32.579935Z TRACE VirtualDom::render_immediate: dioxus_core::scope_context: looking for context dioxus_core::suspense::FrozenContext (TypeId { t: (9286496122914249738, 8586425926625933774) }) in LoadingDots
2024-06-04T16:00:32.579954Z TRACE VirtualDom::render_immediate: dioxus_core::scope_context: looking for context dioxus_core::suspense::FrozenContext (TypeId { t: (9286496122914249738, 8586425926625933774) }) in SuspenseBoundary
2024-06-04T16:00:32.579969Z TRACE VirtualDom::render_immediate: dioxus_core::scope_context: found context TypeId { t: (4533244013398082440, 10897659798729036060) }
2024-06-04T16:00:32.579982Z TRACE VirtualDom::render_immediate: dioxus_core::scope_context: looking for context dioxus_core::suspense::FrozenContext (TypeId { t: (9286496122914249738, 8586425926625933774) }) in app
2024-06-04T16:00:32.579996Z TRACE VirtualDom::render_immediate: dioxus_core::scope_context: found context TypeId { t: (3582638416876954437, 3810890675802792692) }
2024-06-04T16:00:32.580009Z TRACE VirtualDom::render_immediate: dioxus_core::scope_context: found context TypeId { t: (7946844621057603534, 4355211565432133561) }
2024-06-04T16:00:32.580021Z TRACE VirtualDom::render_immediate: dioxus_core::scope_context: found context TypeId { t: (10682502755203913650, 15985576721215419306) }
2024-06-04T16:00:32.580034Z TRACE VirtualDom::render_immediate: dioxus_core::scope_context: context dioxus_core::suspense::FrozenContext (TypeId { t: (9286496122914249738, 8586425926625933774) }) not found
2024-06-04T16:00:32.580061Z TRACE VirtualDom::render_immediate: dioxus_core::diff::node: moving mount self=VNode { vnode: VNodeInner { key: None, template: Cell { value: Template { name: "examples/suspense.rs:127:5:4128", roots: [Dynamic { id: 0 }], node_paths: [[0]], attr_paths: [] } }, dynamic_nodes: [Text(VText { value: ".." })], dynamic_attrs: [] }, mount: Cell { value: MountId(7) } } new=VNode { vnode: VNodeInner { key: None, template: Cell { value: Template { name: "examples/suspense.rs:127:5:4128", roots: [Dynamic { id: 0 }], node_paths: [[0]], attr_paths: [] } }, dynamic_nodes: [Text(VText { value: "..." })], dynamic_attrs: [] }, mount: Cell { value: MountId(7) } }
2024-06-04T16:00:32.580099Z TRACE VirtualDom::render_immediate: dioxus_core::diff::node: mount id: MountId(7)
2024-06-04T16:00:32.580111Z TRACE VirtualDom::render_immediate: dioxus_core::diff::node: mounts: Slab { len: 8, cap: 8 }
2024-06-04T16:00:32.608401Z TRACE VirtualDom::wait_for_work:VirtualDom::process_events: dioxus_core::virtual_dom: Marking task Task { id: 0, unsend: PhantomData<*const ()> } (spawned in ScopeId(3)) as dirty (called from Location { file: "packages/core/src/virtual_dom.rs", line: 505, col: 58 })
2024-06-04T16:00:32.608457Z  INFO VirtualDom::wait_for_work:VirtualDom::process_events:VirtualDom::poll_tasks: dioxus_core::tasks: Polling task Task { id: 0, unsend: PhantomData<*const ()> }
2024-06-04T16:00:32.608517Z  INFO VirtualDom::wait_for_work:VirtualDom::process_events:VirtualDom::poll_tasks: dioxus_core::tasks: Task Task { id: 0, unsend: PhantomData<*const ()> } finished with result Pending
2024-06-04T16:00:32.608539Z TRACE VirtualDom::wait_for_work:VirtualDom::process_events:VirtualDom::poll_tasks: dioxus_core::virtual_dom: Marking scope ScopeId(3, "Doggo") as dirty
2024-06-04T16:00:32.608642Z TRACE VirtualDom::render_immediate:render{scope=Doggo}: dioxus_signals::signal: Subscribing to the reactive context ReactiveContext(for scope: ScopeId(3, "Doggo"))
2024-06-04T16:00:32.608676Z TRACE VirtualDom::render_immediate:render{scope=Doggo}: dioxus_signals::signal: Subscribing to the reactive context ReactiveContext(for scope: ScopeId(3, "Doggo"))
2024-06-04T16:00:32.608706Z TRACE VirtualDom::render_immediate:render{scope=Doggo}: dioxus_core::scope_context: looking for context dioxus_core::suspense::SuspenseContext (TypeId { t: (4533244013398082440, 10897659798729036060) }) in Doggo
2024-06-04T16:00:32.608725Z TRACE VirtualDom::render_immediate:render{scope=Doggo}: dioxus_core::scope_context: looking for context dioxus_core::suspense::SuspenseContext (TypeId { t: (4533244013398082440, 10897659798729036060) }) in FrozenContext
2024-06-04T16:00:32.608740Z TRACE VirtualDom::render_immediate:render{scope=Doggo}: dioxus_core::scope_context: found context TypeId { t: (9286496122914249738, 8586425926625933774) }
2024-06-04T16:00:32.608753Z TRACE VirtualDom::render_immediate:render{scope=Doggo}: dioxus_core::scope_context: looking for context dioxus_core::suspense::SuspenseContext (TypeId { t: (4533244013398082440, 10897659798729036060) }) in SuspenseBoundary
2024-06-04T16:00:32.608766Z TRACE VirtualDom::render_immediate:render{scope=Doggo}: dioxus_core::scope_context: found context TypeId { t: (4533244013398082440, 10897659798729036060) }
2024-06-04T16:00:32.656469Z TRACE VirtualDom::wait_for_work:VirtualDom::process_events: dioxus_core::virtual_dom: Marking task Task { id: 3, unsend: PhantomData<*const ()> } (spawned in ScopeId(4)) as dirty (called from Location { file: "packages/core/src/virtual_dom.rs", line: 505, col: 58 })
2024-06-04T16:00:32.656564Z  INFO VirtualDom::wait_for_work:VirtualDom::process_events:VirtualDom::poll_tasks: dioxus_core::tasks: Polling task Task { id: 3, unsend: PhantomData<*const ()> }
2024-06-04T16:00:32.656625Z  INFO VirtualDom::wait_for_work:VirtualDom::process_events:VirtualDom::poll_tasks: dioxus_core::tasks: Task Task { id: 3, unsend: PhantomData<*const ()> } finished with result Pending
2024-06-04T16:00:32.656655Z TRACE VirtualDom::wait_for_work:VirtualDom::process_events:VirtualDom::poll_tasks: dioxus_core::virtual_dom: Marking scope ScopeId(4, "Doggo") as dirty
2024-06-04T16:00:32.656781Z TRACE VirtualDom::render_immediate:render{scope=Doggo}: dioxus_signals::signal: Subscribing to the reactive context ReactiveContext(for scope: ScopeId(4, "Doggo"))
2024-06-04T16:00:32.656828Z TRACE VirtualDom::render_immediate:render{scope=Doggo}: dioxus_signals::signal: Subscribing to the reactive context ReactiveContext(for scope: ScopeId(4, "Doggo"))
2024-06-04T16:00:32.656859Z TRACE VirtualDom::render_immediate:render{scope=Doggo}: dioxus_core::scope_context: looking for context dioxus_core::suspense::SuspenseContext (TypeId { t: (4533244013398082440, 10897659798729036060) }) in Doggo
2024-06-04T16:00:32.656889Z TRACE VirtualDom::render_immediate:render{scope=Doggo}: dioxus_core::scope_context: looking for context dioxus_core::suspense::SuspenseContext (TypeId { t: (4533244013398082440, 10897659798729036060) }) in FrozenContext
2024-06-04T16:00:32.656915Z TRACE VirtualDom::render_immediate:render{scope=Doggo}: dioxus_core::scope_context: found context TypeId { t: (9286496122914249738, 8586425926625933774) }
2024-06-04T16:00:32.656931Z TRACE VirtualDom::render_immediate:render{scope=Doggo}: dioxus_core::scope_context: looking for context dioxus_core::suspense::SuspenseContext (TypeId { t: (4533244013398082440, 10897659798729036060) }) in SuspenseBoundary
2024-06-04T16:00:32.656947Z TRACE VirtualDom::render_immediate:render{scope=Doggo}: dioxus_core::scope_context: found context TypeId { t: (4533244013398082440, 10897659798729036060) }
2024-06-04T16:00:32.710570Z TRACE VirtualDom::wait_for_work:VirtualDom::process_events: dioxus_core::virtual_dom: Marking task Task { id: 0, unsend: PhantomData<*const ()> } (spawned in ScopeId(3)) as dirty (called from Location { file: "packages/core/src/virtual_dom.rs", line: 505, col: 58 })
2024-06-04T16:00:32.710671Z  INFO VirtualDom::wait_for_work:VirtualDom::process_events:VirtualDom::poll_tasks: dioxus_core::tasks: Polling task Task { id: 0, unsend: PhantomData<*const ()> }
2024-06-04T16:00:32.710740Z  INFO VirtualDom::wait_for_work:VirtualDom::process_events:VirtualDom::poll_tasks: dioxus_core::tasks: Task Task { id: 0, unsend: PhantomData<*const ()> } finished with result Pending
2024-06-04T16:00:32.710766Z TRACE VirtualDom::wait_for_work:VirtualDom::process_events:VirtualDom::poll_tasks: dioxus_core::virtual_dom: Marking scope ScopeId(3, "Doggo") as dirty
2024-06-04T16:00:32.710933Z TRACE VirtualDom::render_immediate:render{scope=Doggo}: dioxus_signals::signal: Subscribing to the reactive context ReactiveContext(for scope: ScopeId(3, "Doggo"))
2024-06-04T16:00:32.710989Z TRACE VirtualDom::render_immediate:render{scope=Doggo}: dioxus_signals::signal: Subscribing to the reactive context ReactiveContext(for scope: ScopeId(3, "Doggo"))
2024-06-04T16:00:32.711026Z TRACE VirtualDom::render_immediate:render{scope=Doggo}: dioxus_core::scope_context: looking for context dioxus_core::suspense::SuspenseContext (TypeId { t: (4533244013398082440, 10897659798729036060) }) in Doggo
2024-06-04T16:00:32.711046Z TRACE VirtualDom::render_immediate:render{scope=Doggo}: dioxus_core::scope_context: looking for context dioxus_core::suspense::SuspenseContext (TypeId { t: (4533244013398082440, 10897659798729036060) }) in FrozenContext
2024-06-04T16:00:32.711060Z TRACE VirtualDom::render_immediate:render{scope=Doggo}: dioxus_core::scope_context: found context TypeId { t: (9286496122914249738, 8586425926625933774) }
2024-06-04T16:00:32.711074Z TRACE VirtualDom::render_immediate:render{scope=Doggo}: dioxus_core::scope_context: looking for context dioxus_core::suspense::SuspenseContext (TypeId { t: (4533244013398082440, 10897659798729036060) }) in SuspenseBoundary
2024-06-04T16:00:32.711088Z TRACE VirtualDom::render_immediate:render{scope=Doggo}: dioxus_core::scope_context: found context TypeId { t: (4533244013398082440, 10897659798729036060) }
2024-06-04T16:00:32.758096Z TRACE VirtualDom::wait_for_work:VirtualDom::process_events: dioxus_core::virtual_dom: Marking task Task { id: 3, unsend: PhantomData<*const ()> } (spawned in ScopeId(4)) as dirty (called from Location { file: "packages/core/src/virtual_dom.rs", line: 505, col: 58 })
2024-06-04T16:00:32.758172Z  INFO VirtualDom::wait_for_work:VirtualDom::process_events:VirtualDom::poll_tasks: dioxus_core::tasks: Polling task Task { id: 3, unsend: PhantomData<*const ()> }
2024-06-04T16:00:32.758237Z  INFO VirtualDom::wait_for_work:VirtualDom::process_events:VirtualDom::poll_tasks: dioxus_core::tasks: Task Task { id: 3, unsend: PhantomData<*const ()> } finished with result Pending
2024-06-04T16:00:32.758264Z TRACE VirtualDom::wait_for_work:VirtualDom::process_events:VirtualDom::poll_tasks: dioxus_core::virtual_dom: Marking scope ScopeId(4, "Doggo") as dirty
2024-06-04T16:00:32.758404Z TRACE VirtualDom::render_immediate:render{scope=Doggo}: dioxus_signals::signal: Subscribing to the reactive context ReactiveContext(for scope: ScopeId(4, "Doggo"))
2024-06-04T16:00:32.758439Z TRACE VirtualDom::render_immediate:render{scope=Doggo}: dioxus_signals::signal: Subscribing to the reactive context ReactiveContext(for scope: ScopeId(4, "Doggo"))
2024-06-04T16:00:32.758477Z TRACE VirtualDom::render_immediate:render{scope=Doggo}: dioxus_core::scope_context: looking for context dioxus_core::suspense::SuspenseContext (TypeId { t: (4533244013398082440, 10897659798729036060) }) in Doggo
2024-06-04T16:00:32.758497Z TRACE VirtualDom::render_immediate:render{scope=Doggo}: dioxus_core::scope_context: looking for context dioxus_core::suspense::SuspenseContext (TypeId { t: (4533244013398082440, 10897659798729036060) }) in FrozenContext
2024-06-04T16:00:32.758513Z TRACE VirtualDom::render_immediate:render{scope=Doggo}: dioxus_core::scope_context: found context TypeId { t: (9286496122914249738, 8586425926625933774) }
2024-06-04T16:00:32.758529Z TRACE VirtualDom::render_immediate:render{scope=Doggo}: dioxus_core::scope_context: looking for context dioxus_core::suspense::SuspenseContext (TypeId { t: (4533244013398082440, 10897659798729036060) }) in SuspenseBoundary
2024-06-04T16:00:32.758545Z TRACE VirtualDom::render_immediate:render{scope=Doggo}: dioxus_core::scope_context: found context TypeId { t: (4533244013398082440, 10897659798729036060) }
2024-06-04T16:00:32.781150Z TRACE VirtualDom::wait_for_work:VirtualDom::process_events: dioxus_core::virtual_dom: Marking task Task { id: 6, unsend: PhantomData<*const ()> } (spawned in ScopeId(5)) as dirty (called from Location { file: "packages/core/src/virtual_dom.rs", line: 505, col: 58 })
2024-06-04T16:00:32.781280Z  INFO VirtualDom::wait_for_work:VirtualDom::process_events:VirtualDom::poll_tasks: dioxus_core::tasks: Polling task Task { id: 6, unsend: PhantomData<*const ()> }
2024-06-04T16:00:32.781340Z TRACE VirtualDom::wait_for_work:VirtualDom::process_events:VirtualDom::poll_tasks: dioxus_signals::signal: Write on signal at examples/suspense.rs:122:19 finished, updating subscribers
2024-06-04T16:00:32.781373Z TRACE VirtualDom::wait_for_work:VirtualDom::process_events:VirtualDom::poll_tasks: dioxus_signals::reactive_context: Marking reactive context created at packages/signals/src/reactive_context.rs:117:13 as dirty
2024-06-04T16:00:32.781398Z TRACE VirtualDom::wait_for_work:VirtualDom::process_events:VirtualDom::poll_tasks: dioxus_signals::reactive_context: Marking scope ScopeId(5, "LoadingDots") as dirty
2024-06-04T16:00:32.781445Z  INFO VirtualDom::wait_for_work:VirtualDom::process_events:VirtualDom::poll_tasks: dioxus_core::tasks: Task Task { id: 6, unsend: PhantomData<*const ()> } finished with result Pending
2024-06-04T16:00:32.781466Z TRACE VirtualDom::wait_for_work:VirtualDom::process_events:VirtualDom::poll_tasks: dioxus_core::virtual_dom: Marking scope ScopeId(5, "LoadingDots") as dirty
2024-06-04T16:00:32.781584Z TRACE VirtualDom::render_immediate:render{scope=LoadingDots}: dioxus_signals::signal: Subscribing to the reactive context ReactiveContext(for scope: ScopeId(5, "LoadingDots"))
2024-06-04T16:00:32.781637Z TRACE VirtualDom::render_immediate: dioxus_core::scope_context: looking for context dioxus_core::suspense::FrozenContext (TypeId { t: (9286496122914249738, 8586425926625933774) }) in LoadingDots
2024-06-04T16:00:32.781655Z TRACE VirtualDom::render_immediate: dioxus_core::scope_context: looking for context dioxus_core::suspense::FrozenContext (TypeId { t: (9286496122914249738, 8586425926625933774) }) in SuspenseBoundary
2024-06-04T16:00:32.781674Z TRACE VirtualDom::render_immediate: dioxus_core::scope_context: found context TypeId { t: (4533244013398082440, 10897659798729036060) }
2024-06-04T16:00:32.781687Z TRACE VirtualDom::render_immediate: dioxus_core::scope_context: looking for context dioxus_core::suspense::FrozenContext (TypeId { t: (9286496122914249738, 8586425926625933774) }) in app
2024-06-04T16:00:32.781701Z TRACE VirtualDom::render_immediate: dioxus_core::scope_context: found context TypeId { t: (3582638416876954437, 3810890675802792692) }
2024-06-04T16:00:32.781714Z TRACE VirtualDom::render_immediate: dioxus_core::scope_context: found context TypeId { t: (7946844621057603534, 4355211565432133561) }
2024-06-04T16:00:32.781726Z TRACE VirtualDom::render_immediate: dioxus_core::scope_context: found context TypeId { t: (10682502755203913650, 15985576721215419306) }
2024-06-04T16:00:32.781739Z TRACE VirtualDom::render_immediate: dioxus_core::scope_context: context dioxus_core::suspense::FrozenContext (TypeId { t: (9286496122914249738, 8586425926625933774) }) not found
2024-06-04T16:00:32.781767Z TRACE VirtualDom::render_immediate: dioxus_core::diff::node: moving mount self=VNode { vnode: VNodeInner { key: None, template: Cell { value: Template { name: "examples/suspense.rs:127:5:4128", roots: [Dynamic { id: 0 }], node_paths: [[0]], attr_paths: [] } }, dynamic_nodes: [Text(VText { value: "..." })], dynamic_attrs: [] }, mount: Cell { value: MountId(7) } } new=VNode { vnode: VNodeInner { key: None, template: Cell { value: Template { name: "examples/suspense.rs:127:5:4128", roots: [Dynamic { id: 0 }], node_paths: [[0]], attr_paths: [] } }, dynamic_nodes: [Text(VText { value: "" })], dynamic_attrs: [] }, mount: Cell { value: MountId(7) } }
2024-06-04T16:00:32.781810Z TRACE VirtualDom::render_immediate: dioxus_core::diff::node: mount id: MountId(7)
2024-06-04T16:00:32.781822Z TRACE VirtualDom::render_immediate: dioxus_core::diff::node: mounts: Slab { len: 8, cap: 8 }
2024-06-04T16:00:32.812205Z TRACE VirtualDom::wait_for_work:VirtualDom::process_events: dioxus_core::virtual_dom: Marking task Task { id: 0, unsend: PhantomData<*const ()> } (spawned in ScopeId(3)) as dirty (called from Location { file: "packages/core/src/virtual_dom.rs", line: 505, col: 58 })
2024-06-04T16:00:32.812289Z  INFO VirtualDom::wait_for_work:VirtualDom::process_events:VirtualDom::poll_tasks: dioxus_core::tasks: Polling task Task { id: 0, unsend: PhantomData<*const ()> }
2024-06-04T16:00:32.812345Z  INFO VirtualDom::wait_for_work:VirtualDom::process_events:VirtualDom::poll_tasks: dioxus_core::tasks: Task Task { id: 0, unsend: PhantomData<*const ()> } finished with result Pending
2024-06-04T16:00:32.812384Z TRACE VirtualDom::wait_for_work:VirtualDom::process_events:VirtualDom::poll_tasks: dioxus_core::virtual_dom: Marking scope ScopeId(3, "Doggo") as dirty
2024-06-04T16:00:32.812492Z TRACE VirtualDom::render_immediate:render{scope=Doggo}: dioxus_signals::signal: Subscribing to the reactive context ReactiveContext(for scope: ScopeId(3, "Doggo"))
2024-06-04T16:00:32.812544Z TRACE VirtualDom::render_immediate:render{scope=Doggo}: dioxus_signals::signal: Subscribing to the reactive context ReactiveContext(for scope: ScopeId(3, "Doggo"))
2024-06-04T16:00:32.812581Z TRACE VirtualDom::render_immediate:render{scope=Doggo}: dioxus_core::scope_context: looking for context dioxus_core::suspense::SuspenseContext (TypeId { t: (4533244013398082440, 10897659798729036060) }) in Doggo
2024-06-04T16:00:32.812604Z TRACE VirtualDom::render_immediate:render{scope=Doggo}: dioxus_core::scope_context: looking for context dioxus_core::suspense::SuspenseContext (TypeId { t: (4533244013398082440, 10897659798729036060) }) in FrozenContext
2024-06-04T16:00:32.812623Z TRACE VirtualDom::render_immediate:render{scope=Doggo}: dioxus_core::scope_context: found context TypeId { t: (9286496122914249738, 8586425926625933774) }
2024-06-04T16:00:32.812641Z TRACE VirtualDom::render_immediate:render{scope=Doggo}: dioxus_core::scope_context: looking for context dioxus_core::suspense::SuspenseContext (TypeId { t: (4533244013398082440, 10897659798729036060) }) in SuspenseBoundary
2024-06-04T16:00:32.812660Z TRACE VirtualDom::render_immediate:render{scope=Doggo}: dioxus_core::scope_context: found context TypeId { t: (4533244013398082440, 10897659798729036060) }
2024-06-04T16:00:32.860791Z TRACE VirtualDom::wait_for_work:VirtualDom::process_events: dioxus_core::virtual_dom: Marking task Task { id: 3, unsend: PhantomData<*const ()> } (spawned in ScopeId(4)) as dirty (called from Location { file: "packages/core/src/virtual_dom.rs", line: 505, col: 58 })
2024-06-04T16:00:32.860924Z  INFO VirtualDom::wait_for_work:VirtualDom::process_events:VirtualDom::poll_tasks: dioxus_core::tasks: Polling task Task { id: 3, unsend: PhantomData<*const ()> }
2024-06-04T16:00:32.861014Z  INFO VirtualDom::wait_for_work:VirtualDom::process_events:VirtualDom::poll_tasks: dioxus_core::tasks: Task Task { id: 3, unsend: PhantomData<*const ()> } finished with result Pending
2024-06-04T16:00:32.861054Z TRACE VirtualDom::wait_for_work:VirtualDom::process_events:VirtualDom::poll_tasks: dioxus_core::virtual_dom: Marking scope ScopeId(4, "Doggo") as dirty
2024-06-04T16:00:32.861204Z TRACE VirtualDom::render_immediate:render{scope=Doggo}: dioxus_signals::signal: Subscribing to the reactive context ReactiveContext(for scope: ScopeId(4, "Doggo"))
2024-06-04T16:00:32.861248Z TRACE VirtualDom::render_immediate:render{scope=Doggo}: dioxus_signals::signal: Subscribing to the reactive context ReactiveContext(for scope: ScopeId(4, "Doggo"))
2024-06-04T16:00:32.861311Z TRACE VirtualDom::render_immediate:render{scope=Doggo}: dioxus_core::scope_context: looking for context dioxus_core::suspense::SuspenseContext (TypeId { t: (4533244013398082440, 10897659798729036060) }) in Doggo
2024-06-04T16:00:32.861339Z TRACE VirtualDom::render_immediate:render{scope=Doggo}: dioxus_core::scope_context: looking for context dioxus_core::suspense::SuspenseContext (TypeId { t: (4533244013398082440, 10897659798729036060) }) in FrozenContext
2024-06-04T16:00:32.861373Z TRACE VirtualDom::render_immediate:render{scope=Doggo}: dioxus_core::scope_context: found context TypeId { t: (9286496122914249738, 8586425926625933774) }
2024-06-04T16:00:32.861390Z TRACE VirtualDom::render_immediate:render{scope=Doggo}: dioxus_core::scope_context: looking for context dioxus_core::suspense::SuspenseContext (TypeId { t: (4533244013398082440, 10897659798729036060) }) in SuspenseBoundary
2024-06-04T16:00:32.861406Z TRACE VirtualDom::render_immediate:render{scope=Doggo}: dioxus_core::scope_context: found context TypeId { t: (4533244013398082440, 10897659798729036060) }
2024-06-04T16:00:32.914904Z TRACE VirtualDom::wait_for_work:VirtualDom::process_events: dioxus_core::virtual_dom: Marking task Task { id: 0, unsend: PhantomData<*const ()> } (spawned in ScopeId(3)) as dirty (called from Location { file: "packages/core/src/virtual_dom.rs", line: 505, col: 58 })
2024-06-04T16:00:32.915010Z  INFO VirtualDom::wait_for_work:VirtualDom::process_events:VirtualDom::poll_tasks: dioxus_core::tasks: Polling task Task { id: 0, unsend: PhantomData<*const ()> }
2024-06-04T16:00:32.915103Z  INFO VirtualDom::wait_for_work:VirtualDom::process_events:VirtualDom::poll_tasks: dioxus_core::tasks: Task Task { id: 0, unsend: PhantomData<*const ()> } finished with result Pending
2024-06-04T16:00:32.915141Z TRACE VirtualDom::wait_for_work:VirtualDom::process_events:VirtualDom::poll_tasks: dioxus_core::virtual_dom: Marking scope ScopeId(3, "Doggo") as dirty
2024-06-04T16:00:32.915289Z TRACE VirtualDom::render_immediate:render{scope=Doggo}: dioxus_signals::signal: Subscribing to the reactive context ReactiveContext(for scope: ScopeId(3, "Doggo"))
2024-06-04T16:00:32.915330Z TRACE VirtualDom::render_immediate:render{scope=Doggo}: dioxus_signals::signal: Subscribing to the reactive context ReactiveContext(for scope: ScopeId(3, "Doggo"))
2024-06-04T16:00:32.915366Z TRACE VirtualDom::render_immediate:render{scope=Doggo}: dioxus_core::scope_context: looking for context dioxus_core::suspense::SuspenseContext (TypeId { t: (4533244013398082440, 10897659798729036060) }) in Doggo
2024-06-04T16:00:32.915390Z TRACE VirtualDom::render_immediate:render{scope=Doggo}: dioxus_core::scope_context: looking for context dioxus_core::suspense::SuspenseContext (TypeId { t: (4533244013398082440, 10897659798729036060) }) in FrozenContext
2024-06-04T16:00:32.915410Z TRACE VirtualDom::render_immediate:render{scope=Doggo}: dioxus_core::scope_context: found context TypeId { t: (9286496122914249738, 8586425926625933774) }
2024-06-04T16:00:32.915429Z TRACE VirtualDom::render_immediate:render{scope=Doggo}: dioxus_core::scope_context: looking for context dioxus_core::suspense::SuspenseContext (TypeId { t: (4533244013398082440, 10897659798729036060) }) in SuspenseBoundary
2024-06-04T16:00:32.915448Z TRACE VirtualDom::render_immediate:render{scope=Doggo}: dioxus_core::scope_context: found context TypeId { t: (4533244013398082440, 10897659798729036060) }
2024-06-04T16:00:32.962984Z TRACE VirtualDom::wait_for_work:VirtualDom::process_events: dioxus_core::virtual_dom: Marking task Task { id: 3, unsend: PhantomData<*const ()> } (spawned in ScopeId(4)) as dirty (called from Location { file: "packages/core/src/virtual_dom.rs", line: 505, col: 58 })
2024-06-04T16:00:32.963112Z  INFO VirtualDom::wait_for_work:VirtualDom::process_events:VirtualDom::poll_tasks: dioxus_core::tasks: Polling task Task { id: 3, unsend: PhantomData<*const ()> }
2024-06-04T16:00:32.963184Z  INFO VirtualDom::wait_for_work:VirtualDom::process_events:VirtualDom::poll_tasks: dioxus_core::tasks: Task Task { id: 3, unsend: PhantomData<*const ()> } finished with result Pending
2024-06-04T16:00:32.963211Z TRACE VirtualDom::wait_for_work:VirtualDom::process_events:VirtualDom::poll_tasks: dioxus_core::virtual_dom: Marking scope ScopeId(4, "Doggo") as dirty
2024-06-04T16:00:32.963356Z TRACE VirtualDom::render_immediate:render{scope=Doggo}: dioxus_signals::signal: Subscribing to the reactive context ReactiveContext(for scope: ScopeId(4, "Doggo"))
2024-06-04T16:00:32.963403Z TRACE VirtualDom::render_immediate:render{scope=Doggo}: dioxus_signals::signal: Subscribing to the reactive context ReactiveContext(for scope: ScopeId(4, "Doggo"))
2024-06-04T16:00:32.963435Z TRACE VirtualDom::render_immediate:render{scope=Doggo}: dioxus_core::scope_context: looking for context dioxus_core::suspense::SuspenseContext (TypeId { t: (4533244013398082440, 10897659798729036060) }) in Doggo
2024-06-04T16:00:32.963454Z TRACE VirtualDom::render_immediate:render{scope=Doggo}: dioxus_core::scope_context: looking for context dioxus_core::suspense::SuspenseContext (TypeId { t: (4533244013398082440, 10897659798729036060) }) in FrozenContext
2024-06-04T16:00:32.963470Z TRACE VirtualDom::render_immediate:render{scope=Doggo}: dioxus_core::scope_context: found context TypeId { t: (9286496122914249738, 8586425926625933774) }
2024-06-04T16:00:32.963484Z TRACE VirtualDom::render_immediate:render{scope=Doggo}: dioxus_core::scope_context: looking for context dioxus_core::suspense::SuspenseContext (TypeId { t: (4533244013398082440, 10897659798729036060) }) in SuspenseBoundary
2024-06-04T16:00:32.963498Z TRACE VirtualDom::render_immediate:render{scope=Doggo}: dioxus_core::scope_context: found context TypeId { t: (4533244013398082440, 10897659798729036060) }
2024-06-04T16:00:32.984001Z TRACE VirtualDom::wait_for_work:VirtualDom::process_events: dioxus_core::virtual_dom: Marking task Task { id: 6, unsend: PhantomData<*const ()> } (spawned in ScopeId(5)) as dirty (called from Location { file: "packages/core/src/virtual_dom.rs", line: 505, col: 58 })
2024-06-04T16:00:32.984060Z  INFO VirtualDom::wait_for_work:VirtualDom::process_events:VirtualDom::poll_tasks: dioxus_core::tasks: Polling task Task { id: 6, unsend: PhantomData<*const ()> }
2024-06-04T16:00:32.984096Z TRACE VirtualDom::wait_for_work:VirtualDom::process_events:VirtualDom::poll_tasks: dioxus_signals::signal: Write on signal at examples/suspense.rs:122:19 finished, updating subscribers
2024-06-04T16:00:32.984118Z TRACE VirtualDom::wait_for_work:VirtualDom::process_events:VirtualDom::poll_tasks: dioxus_signals::reactive_context: Marking reactive context created at packages/signals/src/reactive_context.rs:117:13 as dirty
2024-06-04T16:00:32.984135Z TRACE VirtualDom::wait_for_work:VirtualDom::process_events:VirtualDom::poll_tasks: dioxus_signals::reactive_context: Marking scope ScopeId(5, "LoadingDots") as dirty
2024-06-04T16:00:32.984162Z  INFO VirtualDom::wait_for_work:VirtualDom::process_events:VirtualDom::poll_tasks: dioxus_core::tasks: Task Task { id: 6, unsend: PhantomData<*const ()> } finished with result Pending
2024-06-04T16:00:32.984177Z TRACE VirtualDom::wait_for_work:VirtualDom::process_events:VirtualDom::poll_tasks: dioxus_core::virtual_dom: Marking scope ScopeId(5, "LoadingDots") as dirty
2024-06-04T16:00:32.984255Z TRACE VirtualDom::render_immediate:render{scope=LoadingDots}: dioxus_signals::signal: Subscribing to the reactive context ReactiveContext(for scope: ScopeId(5, "LoadingDots"))
2024-06-04T16:00:32.984290Z TRACE VirtualDom::render_immediate: dioxus_core::scope_context: looking for context dioxus_core::suspense::FrozenContext (TypeId { t: (9286496122914249738, 8586425926625933774) }) in LoadingDots
2024-06-04T16:00:32.984303Z TRACE VirtualDom::render_immediate: dioxus_core::scope_context: looking for context dioxus_core::suspense::FrozenContext (TypeId { t: (9286496122914249738, 8586425926625933774) }) in SuspenseBoundary
2024-06-04T16:00:32.984313Z TRACE VirtualDom::render_immediate: dioxus_core::scope_context: found context TypeId { t: (4533244013398082440, 10897659798729036060) }
2024-06-04T16:00:32.984322Z TRACE VirtualDom::render_immediate: dioxus_core::scope_context: looking for context dioxus_core::suspense::FrozenContext (TypeId { t: (9286496122914249738, 8586425926625933774) }) in app
2024-06-04T16:00:32.984332Z TRACE VirtualDom::render_immediate: dioxus_core::scope_context: found context TypeId { t: (3582638416876954437, 3810890675802792692) }
2024-06-04T16:00:32.984341Z TRACE VirtualDom::render_immediate: dioxus_core::scope_context: found context TypeId { t: (7946844621057603534, 4355211565432133561) }
2024-06-04T16:00:32.984350Z TRACE VirtualDom::render_immediate: dioxus_core::scope_context: found context TypeId { t: (10682502755203913650, 15985576721215419306) }
2024-06-04T16:00:32.984359Z TRACE VirtualDom::render_immediate: dioxus_core::scope_context: context dioxus_core::suspense::FrozenContext (TypeId { t: (9286496122914249738, 8586425926625933774) }) not found
2024-06-04T16:00:32.984375Z TRACE VirtualDom::render_immediate: dioxus_core::diff::node: moving mount self=VNode { vnode: VNodeInner { key: None, template: Cell { value: Template { name: "examples/suspense.rs:127:5:4128", roots: [Dynamic { id: 0 }], node_paths: [[0]], attr_paths: [] } }, dynamic_nodes: [Text(VText { value: "" })], dynamic_attrs: [] }, mount: Cell { value: MountId(7) } } new=VNode { vnode: VNodeInner { key: None, template: Cell { value: Template { name: "examples/suspense.rs:127:5:4128", roots: [Dynamic { id: 0 }], node_paths: [[0]], attr_paths: [] } }, dynamic_nodes: [Text(VText { value: "." })], dynamic_attrs: [] }, mount: Cell { value: MountId(7) } }
2024-06-04T16:00:32.984400Z TRACE VirtualDom::render_immediate: dioxus_core::diff::node: mount id: MountId(7)
2024-06-04T16:00:32.984409Z TRACE VirtualDom::render_immediate: dioxus_core::diff::node: mounts: Slab { len: 8, cap: 8 }
2024-06-04T16:00:33.017955Z TRACE VirtualDom::wait_for_work:VirtualDom::process_events: dioxus_core::virtual_dom: Marking task Task { id: 0, unsend: PhantomData<*const ()> } (spawned in ScopeId(3)) as dirty (called from Location { file: "packages/core/src/virtual_dom.rs", line: 505, col: 58 })
2024-06-04T16:00:33.018055Z  INFO VirtualDom::wait_for_work:VirtualDom::process_events:VirtualDom::poll_tasks: dioxus_core::tasks: Polling task Task { id: 0, unsend: PhantomData<*const ()> }
2024-06-04T16:00:33.018128Z  INFO VirtualDom::wait_for_work:VirtualDom::process_events:VirtualDom::poll_tasks: dioxus_core::tasks: Task Task { id: 0, unsend: PhantomData<*const ()> } finished with result Pending
2024-06-04T16:00:33.018152Z TRACE VirtualDom::wait_for_work:VirtualDom::process_events:VirtualDom::poll_tasks: dioxus_core::virtual_dom: Marking scope ScopeId(3, "Doggo") as dirty
2024-06-04T16:00:33.018263Z TRACE VirtualDom::render_immediate:render{scope=Doggo}: dioxus_signals::signal: Subscribing to the reactive context ReactiveContext(for scope: ScopeId(3, "Doggo"))
2024-06-04T16:00:33.018293Z TRACE VirtualDom::render_immediate:render{scope=Doggo}: dioxus_signals::signal: Subscribing to the reactive context ReactiveContext(for scope: ScopeId(3, "Doggo"))
2024-06-04T16:00:33.018315Z TRACE VirtualDom::render_immediate:render{scope=Doggo}: dioxus_core::scope_context: looking for context dioxus_core::suspense::SuspenseContext (TypeId { t: (4533244013398082440, 10897659798729036060) }) in Doggo
2024-06-04T16:00:33.018330Z TRACE VirtualDom::render_immediate:render{scope=Doggo}: dioxus_core::scope_context: looking for context dioxus_core::suspense::SuspenseContext (TypeId { t: (4533244013398082440, 10897659798729036060) }) in FrozenContext
2024-06-04T16:00:33.018342Z TRACE VirtualDom::render_immediate:render{scope=Doggo}: dioxus_core::scope_context: found context TypeId { t: (9286496122914249738, 8586425926625933774) }
2024-06-04T16:00:33.018354Z TRACE VirtualDom::render_immediate:render{scope=Doggo}: dioxus_core::scope_context: looking for context dioxus_core::suspense::SuspenseContext (TypeId { t: (4533244013398082440, 10897659798729036060) }) in SuspenseBoundary
2024-06-04T16:00:33.018365Z TRACE VirtualDom::render_immediate:render{scope=Doggo}: dioxus_core::scope_context: found context TypeId { t: (4533244013398082440, 10897659798729036060) }
2024-06-04T16:00:33.065365Z TRACE VirtualDom::wait_for_work:VirtualDom::process_events: dioxus_core::virtual_dom: Marking task Task { id: 3, unsend: PhantomData<*const ()> } (spawned in ScopeId(4)) as dirty (called from Location { file: "packages/core/src/virtual_dom.rs", line: 505, col: 58 })
2024-06-04T16:00:33.065441Z  INFO VirtualDom::wait_for_work:VirtualDom::process_events:VirtualDom::poll_tasks: dioxus_core::tasks: Polling task Task { id: 3, unsend: PhantomData<*const ()> }
2024-06-04T16:00:33.065490Z  INFO VirtualDom::wait_for_work:VirtualDom::process_events:VirtualDom::poll_tasks: dioxus_core::tasks: Task Task { id: 3, unsend: PhantomData<*const ()> } finished with result Pending
2024-06-04T16:00:33.065511Z TRACE VirtualDom::wait_for_work:VirtualDom::process_events:VirtualDom::poll_tasks: dioxus_core::virtual_dom: Marking scope ScopeId(4, "Doggo") as dirty
2024-06-04T16:00:33.065611Z TRACE VirtualDom::render_immediate:render{scope=Doggo}: dioxus_signals::signal: Subscribing to the reactive context ReactiveContext(for scope: ScopeId(4, "Doggo"))
2024-06-04T16:00:33.065641Z TRACE VirtualDom::render_immediate:render{scope=Doggo}: dioxus_signals::signal: Subscribing to the reactive context ReactiveContext(for scope: ScopeId(4, "Doggo"))
2024-06-04T16:00:33.065663Z TRACE VirtualDom::render_immediate:render{scope=Doggo}: dioxus_core::scope_context: looking for context dioxus_core::suspense::SuspenseContext (TypeId { t: (4533244013398082440, 10897659798729036060) }) in Doggo
2024-06-04T16:00:33.065678Z TRACE VirtualDom::render_immediate:render{scope=Doggo}: dioxus_core::scope_context: looking for context dioxus_core::suspense::SuspenseContext (TypeId { t: (4533244013398082440, 10897659798729036060) }) in FrozenContext
2024-06-04T16:00:33.065690Z TRACE VirtualDom::render_immediate:render{scope=Doggo}: dioxus_core::scope_context: found context TypeId { t: (9286496122914249738, 8586425926625933774) }
2024-06-04T16:00:33.065702Z TRACE VirtualDom::render_immediate:render{scope=Doggo}: dioxus_core::scope_context: looking for context dioxus_core::suspense::SuspenseContext (TypeId { t: (4533244013398082440, 10897659798729036060) }) in SuspenseBoundary
2024-06-04T16:00:33.065713Z TRACE VirtualDom::render_immediate:render{scope=Doggo}: dioxus_core::scope_context: found context TypeId { t: (4533244013398082440, 10897659798729036060) }
2024-06-04T16:00:33.119904Z TRACE VirtualDom::wait_for_work:VirtualDom::process_events: dioxus_core::virtual_dom: Marking task Task { id: 0, unsend: PhantomData<*const ()> } (spawned in ScopeId(3)) as dirty (called from Location { file: "packages/core/src/virtual_dom.rs", line: 505, col: 58 })
2024-06-04T16:00:33.119965Z  INFO VirtualDom::wait_for_work:VirtualDom::process_events:VirtualDom::poll_tasks: dioxus_core::tasks: Polling task Task { id: 0, unsend: PhantomData<*const ()> }
2024-06-04T16:00:33.120008Z  INFO VirtualDom::wait_for_work:VirtualDom::process_events:VirtualDom::poll_tasks: dioxus_core::tasks: Task Task { id: 0, unsend: PhantomData<*const ()> } finished with result Pending
2024-06-04T16:00:33.120025Z TRACE VirtualDom::wait_for_work:VirtualDom::process_events:VirtualDom::poll_tasks: dioxus_core::virtual_dom: Marking scope ScopeId(3, "Doggo") as dirty
2024-06-04T16:00:33.120119Z TRACE VirtualDom::render_immediate:render{scope=Doggo}: dioxus_signals::signal: Subscribing to the reactive context ReactiveContext(for scope: ScopeId(3, "Doggo"))
2024-06-04T16:00:33.120148Z TRACE VirtualDom::render_immediate:render{scope=Doggo}: dioxus_signals::signal: Subscribing to the reactive context ReactiveContext(for scope: ScopeId(3, "Doggo"))
2024-06-04T16:00:33.120169Z TRACE VirtualDom::render_immediate:render{scope=Doggo}: dioxus_core::scope_context: looking for context dioxus_core::suspense::SuspenseContext (TypeId { t: (4533244013398082440, 10897659798729036060) }) in Doggo
2024-06-04T16:00:33.120187Z TRACE VirtualDom::render_immediate:render{scope=Doggo}: dioxus_core::scope_context: looking for context dioxus_core::suspense::SuspenseContext (TypeId { t: (4533244013398082440, 10897659798729036060) }) in FrozenContext
2024-06-04T16:00:33.120203Z TRACE VirtualDom::render_immediate:render{scope=Doggo}: dioxus_core::scope_context: found context TypeId { t: (9286496122914249738, 8586425926625933774) }
2024-06-04T16:00:33.120218Z TRACE VirtualDom::render_immediate:render{scope=Doggo}: dioxus_core::scope_context: looking for context dioxus_core::suspense::SuspenseContext (TypeId { t: (4533244013398082440, 10897659798729036060) }) in SuspenseBoundary
2024-06-04T16:00:33.120230Z TRACE VirtualDom::render_immediate:render{scope=Doggo}: dioxus_core::scope_context: found context TypeId { t: (4533244013398082440, 10897659798729036060) }
2024-06-04T16:00:33.168008Z TRACE VirtualDom::wait_for_work:VirtualDom::process_events: dioxus_core::virtual_dom: Marking task Task { id: 3, unsend: PhantomData<*const ()> } (spawned in ScopeId(4)) as dirty (called from Location { file: "packages/core/src/virtual_dom.rs", line: 505, col: 58 })
2024-06-04T16:00:33.168096Z  INFO VirtualDom::wait_for_work:VirtualDom::process_events:VirtualDom::poll_tasks: dioxus_core::tasks: Polling task Task { id: 3, unsend: PhantomData<*const ()> }
2024-06-04T16:00:33.168159Z  INFO VirtualDom::wait_for_work:VirtualDom::process_events:VirtualDom::poll_tasks: dioxus_core::tasks: Task Task { id: 3, unsend: PhantomData<*const ()> } finished with result Pending
2024-06-04T16:00:33.168187Z TRACE VirtualDom::wait_for_work:VirtualDom::process_events:VirtualDom::poll_tasks: dioxus_core::virtual_dom: Marking scope ScopeId(4, "Doggo") as dirty
2024-06-04T16:00:33.168284Z TRACE VirtualDom::render_immediate:render{scope=Doggo}: dioxus_signals::signal: Subscribing to the reactive context ReactiveContext(for scope: ScopeId(4, "Doggo"))
2024-06-04T16:00:33.168311Z TRACE VirtualDom::render_immediate:render{scope=Doggo}: dioxus_signals::signal: Subscribing to the reactive context ReactiveContext(for scope: ScopeId(4, "Doggo"))
2024-06-04T16:00:33.168332Z TRACE VirtualDom::render_immediate:render{scope=Doggo}: dioxus_core::scope_context: looking for context dioxus_core::suspense::SuspenseContext (TypeId { t: (4533244013398082440, 10897659798729036060) }) in Doggo
2024-06-04T16:00:33.168350Z TRACE VirtualDom::render_immediate:render{scope=Doggo}: dioxus_core::scope_context: looking for context dioxus_core::suspense::SuspenseContext (TypeId { t: (4533244013398082440, 10897659798729036060) }) in FrozenContext
2024-06-04T16:00:33.168362Z TRACE VirtualDom::render_immediate:render{scope=Doggo}: dioxus_core::scope_context: found context TypeId { t: (9286496122914249738, 8586425926625933774) }
2024-06-04T16:00:33.168373Z TRACE VirtualDom::render_immediate:render{scope=Doggo}: dioxus_core::scope_context: looking for context dioxus_core::suspense::SuspenseContext (TypeId { t: (4533244013398082440, 10897659798729036060) }) in SuspenseBoundary
2024-06-04T16:00:33.168384Z TRACE VirtualDom::render_immediate:render{scope=Doggo}: dioxus_core::scope_context: found context TypeId { t: (4533244013398082440, 10897659798729036060) }
2024-06-04T16:00:33.186993Z TRACE VirtualDom::wait_for_work:VirtualDom::process_events: dioxus_core::virtual_dom: Marking task Task { id: 6, unsend: PhantomData<*const ()> } (spawned in ScopeId(5)) as dirty (called from Location { file: "packages/core/src/virtual_dom.rs", line: 505, col: 58 })
2024-06-04T16:00:33.187030Z  INFO VirtualDom::wait_for_work:VirtualDom::process_events:VirtualDom::poll_tasks: dioxus_core::tasks: Polling task Task { id: 6, unsend: PhantomData<*const ()> }
2024-06-04T16:00:33.187061Z TRACE VirtualDom::wait_for_work:VirtualDom::process_events:VirtualDom::poll_tasks: dioxus_signals::signal: Write on signal at examples/suspense.rs:122:19 finished, updating subscribers
2024-06-04T16:00:33.187080Z TRACE VirtualDom::wait_for_work:VirtualDom::process_events:VirtualDom::poll_tasks: dioxus_signals::reactive_context: Marking reactive context created at packages/signals/src/reactive_context.rs:117:13 as dirty
2024-06-04T16:00:33.187092Z TRACE VirtualDom::wait_for_work:VirtualDom::process_events:VirtualDom::poll_tasks: dioxus_signals::reactive_context: Marking scope ScopeId(5, "LoadingDots") as dirty
2024-06-04T16:00:33.187116Z  INFO VirtualDom::wait_for_work:VirtualDom::process_events:VirtualDom::poll_tasks: dioxus_core::tasks: Task Task { id: 6, unsend: PhantomData<*const ()> } finished with result Pending
2024-06-04T16:00:33.187130Z TRACE VirtualDom::wait_for_work:VirtualDom::process_events:VirtualDom::poll_tasks: dioxus_core::virtual_dom: Marking scope ScopeId(5, "LoadingDots") as dirty
2024-06-04T16:00:33.187200Z TRACE VirtualDom::render_immediate:render{scope=LoadingDots}: dioxus_signals::signal: Subscribing to the reactive context ReactiveContext(for scope: ScopeId(5, "LoadingDots"))
2024-06-04T16:00:33.187228Z TRACE VirtualDom::render_immediate: dioxus_core::scope_context: looking for context dioxus_core::suspense::FrozenContext (TypeId { t: (9286496122914249738, 8586425926625933774) }) in LoadingDots
2024-06-04T16:00:33.187240Z TRACE VirtualDom::render_immediate: dioxus_core::scope_context: looking for context dioxus_core::suspense::FrozenContext (TypeId { t: (9286496122914249738, 8586425926625933774) }) in SuspenseBoundary
2024-06-04T16:00:33.187250Z TRACE VirtualDom::render_immediate: dioxus_core::scope_context: found context TypeId { t: (4533244013398082440, 10897659798729036060) }
2024-06-04T16:00:33.187259Z TRACE VirtualDom::render_immediate: dioxus_core::scope_context: looking for context dioxus_core::suspense::FrozenContext (TypeId { t: (9286496122914249738, 8586425926625933774) }) in app
2024-06-04T16:00:33.187268Z TRACE VirtualDom::render_immediate: dioxus_core::scope_context: found context TypeId { t: (3582638416876954437, 3810890675802792692) }
2024-06-04T16:00:33.187277Z TRACE VirtualDom::render_immediate: dioxus_core::scope_context: found context TypeId { t: (7946844621057603534, 4355211565432133561) }
2024-06-04T16:00:33.187286Z TRACE VirtualDom::render_immediate: dioxus_core::scope_context: found context TypeId { t: (10682502755203913650, 15985576721215419306) }
2024-06-04T16:00:33.187295Z TRACE VirtualDom::render_immediate: dioxus_core::scope_context: context dioxus_core::suspense::FrozenContext (TypeId { t: (9286496122914249738, 8586425926625933774) }) not found
2024-06-04T16:00:33.187311Z TRACE VirtualDom::render_immediate: dioxus_core::diff::node: moving mount self=VNode { vnode: VNodeInner { key: None, template: Cell { value: Template { name: "examples/suspense.rs:127:5:4128", roots: [Dynamic { id: 0 }], node_paths: [[0]], attr_paths: [] } }, dynamic_nodes: [Text(VText { value: "." })], dynamic_attrs: [] }, mount: Cell { value: MountId(7) } } new=VNode { vnode: VNodeInner { key: None, template: Cell { value: Template { name: "examples/suspense.rs:127:5:4128", roots: [Dynamic { id: 0 }], node_paths: [[0]], attr_paths: [] } }, dynamic_nodes: [Text(VText { value: ".." })], dynamic_attrs: [] }, mount: Cell { value: MountId(7) } }
2024-06-04T16:00:33.187335Z TRACE VirtualDom::render_immediate: dioxus_core::diff::node: mount id: MountId(7)
2024-06-04T16:00:33.187343Z TRACE VirtualDom::render_immediate: dioxus_core::diff::node: mounts: Slab { len: 8, cap: 8 }
2024-06-04T16:00:33.222055Z TRACE VirtualDom::wait_for_work:VirtualDom::process_events: dioxus_core::virtual_dom: Marking task Task { id: 0, unsend: PhantomData<*const ()> } (spawned in ScopeId(3)) as dirty (called from Location { file: "packages/core/src/virtual_dom.rs", line: 505, col: 58 })
2024-06-04T16:00:33.222148Z  INFO VirtualDom::wait_for_work:VirtualDom::process_events:VirtualDom::poll_tasks: dioxus_core::tasks: Polling task Task { id: 0, unsend: PhantomData<*const ()> }
2024-06-04T16:00:33.222222Z  INFO VirtualDom::wait_for_work:VirtualDom::process_events:VirtualDom::poll_tasks: dioxus_core::tasks: Task Task { id: 0, unsend: PhantomData<*const ()> } finished with result Pending
2024-06-04T16:00:33.222244Z TRACE VirtualDom::wait_for_work:VirtualDom::process_events:VirtualDom::poll_tasks: dioxus_core::virtual_dom: Marking scope ScopeId(3, "Doggo") as dirty
2024-06-04T16:00:33.222353Z TRACE VirtualDom::render_immediate:render{scope=Doggo}: dioxus_signals::signal: Subscribing to the reactive context ReactiveContext(for scope: ScopeId(3, "Doggo"))
2024-06-04T16:00:33.222386Z TRACE VirtualDom::render_immediate:render{scope=Doggo}: dioxus_signals::signal: Subscribing to the reactive context ReactiveContext(for scope: ScopeId(3, "Doggo"))
2024-06-04T16:00:33.222413Z TRACE VirtualDom::render_immediate:render{scope=Doggo}: dioxus_core::scope_context: looking for context dioxus_core::suspense::SuspenseContext (TypeId { t: (4533244013398082440, 10897659798729036060) }) in Doggo
2024-06-04T16:00:33.222429Z TRACE VirtualDom::render_immediate:render{scope=Doggo}: dioxus_core::scope_context: looking for context dioxus_core::suspense::SuspenseContext (TypeId { t: (4533244013398082440, 10897659798729036060) }) in FrozenContext
2024-06-04T16:00:33.222442Z TRACE VirtualDom::render_immediate:render{scope=Doggo}: dioxus_core::scope_context: found context TypeId { t: (9286496122914249738, 8586425926625933774) }
2024-06-04T16:00:33.222454Z TRACE VirtualDom::render_immediate:render{scope=Doggo}: dioxus_core::scope_context: looking for context dioxus_core::suspense::SuspenseContext (TypeId { t: (4533244013398082440, 10897659798729036060) }) in SuspenseBoundary
2024-06-04T16:00:33.222466Z TRACE VirtualDom::render_immediate:render{scope=Doggo}: dioxus_core::scope_context: found context TypeId { t: (4533244013398082440, 10897659798729036060) }
2024-06-04T16:00:33.269479Z TRACE VirtualDom::wait_for_work:VirtualDom::process_events: dioxus_core::virtual_dom: Marking task Task { id: 3, unsend: PhantomData<*const ()> } (spawned in ScopeId(4)) as dirty (called from Location { file: "packages/core/src/virtual_dom.rs", line: 505, col: 58 })
2024-06-04T16:00:33.269529Z  INFO VirtualDom::wait_for_work:VirtualDom::process_events:VirtualDom::poll_tasks: dioxus_core::tasks: Polling task Task { id: 3, unsend: PhantomData<*const ()> }
2024-06-04T16:00:33.269568Z  INFO VirtualDom::wait_for_work:VirtualDom::process_events:VirtualDom::poll_tasks: dioxus_core::tasks: Task Task { id: 3, unsend: PhantomData<*const ()> } finished with result Pending
2024-06-04T16:00:33.269589Z TRACE VirtualDom::wait_for_work:VirtualDom::process_events:VirtualDom::poll_tasks: dioxus_core::virtual_dom: Marking scope ScopeId(4, "Doggo") as dirty
2024-06-04T16:00:33.269680Z TRACE VirtualDom::render_immediate:render{scope=Doggo}: dioxus_signals::signal: Subscribing to the reactive context ReactiveContext(for scope: ScopeId(4, "Doggo"))
2024-06-04T16:00:33.269707Z TRACE VirtualDom::render_immediate:render{scope=Doggo}: dioxus_signals::signal: Subscribing to the reactive context ReactiveContext(for scope: ScopeId(4, "Doggo"))
2024-06-04T16:00:33.269729Z TRACE VirtualDom::render_immediate:render{scope=Doggo}: dioxus_core::scope_context: looking for context dioxus_core::suspense::SuspenseContext (TypeId { t: (4533244013398082440, 10897659798729036060) }) in Doggo
2024-06-04T16:00:33.269746Z TRACE VirtualDom::render_immediate:render{scope=Doggo}: dioxus_core::scope_context: looking for context dioxus_core::suspense::SuspenseContext (TypeId { t: (4533244013398082440, 10897659798729036060) }) in FrozenContext
2024-06-04T16:00:33.269760Z TRACE VirtualDom::render_immediate:render{scope=Doggo}: dioxus_core::scope_context: found context TypeId { t: (9286496122914249738, 8586425926625933774) }
2024-06-04T16:00:33.269774Z TRACE VirtualDom::render_immediate:render{scope=Doggo}: dioxus_core::scope_context: looking for context dioxus_core::suspense::SuspenseContext (TypeId { t: (4533244013398082440, 10897659798729036060) }) in SuspenseBoundary
2024-06-04T16:00:33.269787Z TRACE VirtualDom::render_immediate:render{scope=Doggo}: dioxus_core::scope_context: found context TypeId { t: (4533244013398082440, 10897659798729036060) }
2024-06-04T16:00:33.323727Z TRACE VirtualDom::wait_for_work:VirtualDom::process_events: dioxus_core::virtual_dom: Marking task Task { id: 0, unsend: PhantomData<*const ()> } (spawned in ScopeId(3)) as dirty (called from Location { file: "packages/core/src/virtual_dom.rs", line: 505, col: 58 })
2024-06-04T16:00:33.323825Z  INFO VirtualDom::wait_for_work:VirtualDom::process_events:VirtualDom::poll_tasks: dioxus_core::tasks: Polling task Task { id: 0, unsend: PhantomData<*const ()> }
2024-06-04T16:00:33.323890Z  INFO VirtualDom::wait_for_work:VirtualDom::process_events:VirtualDom::poll_tasks: dioxus_core::tasks: Task Task { id: 0, unsend: PhantomData<*const ()> } finished with result Pending
2024-06-04T16:00:33.323916Z TRACE VirtualDom::wait_for_work:VirtualDom::process_events:VirtualDom::poll_tasks: dioxus_core::virtual_dom: Marking scope ScopeId(3, "Doggo") as dirty
2024-06-04T16:00:33.324037Z TRACE VirtualDom::render_immediate:render{scope=Doggo}: dioxus_signals::signal: Subscribing to the reactive context ReactiveContext(for scope: ScopeId(3, "Doggo"))
2024-06-04T16:00:33.324079Z TRACE VirtualDom::render_immediate:render{scope=Doggo}: dioxus_signals::signal: Subscribing to the reactive context ReactiveContext(for scope: ScopeId(3, "Doggo"))
2024-06-04T16:00:33.324117Z TRACE VirtualDom::render_immediate:render{scope=Doggo}: dioxus_core::scope_context: looking for context dioxus_core::suspense::SuspenseContext (TypeId { t: (4533244013398082440, 10897659798729036060) }) in Doggo
2024-06-04T16:00:33.324139Z TRACE VirtualDom::render_immediate:render{scope=Doggo}: dioxus_core::scope_context: looking for context dioxus_core::suspense::SuspenseContext (TypeId { t: (4533244013398082440, 10897659798729036060) }) in FrozenContext
2024-06-04T16:00:33.324156Z TRACE VirtualDom::render_immediate:render{scope=Doggo}: dioxus_core::scope_context: found context TypeId { t: (9286496122914249738, 8586425926625933774) }
2024-06-04T16:00:33.324172Z TRACE VirtualDom::render_immediate:render{scope=Doggo}: dioxus_core::scope_context: looking for context dioxus_core::suspense::SuspenseContext (TypeId { t: (4533244013398082440, 10897659798729036060) }) in SuspenseBoundary
2024-06-04T16:00:33.324188Z TRACE VirtualDom::render_immediate:render{scope=Doggo}: dioxus_core::scope_context: found context TypeId { t: (4533244013398082440, 10897659798729036060) }
2024-06-04T16:00:33.371428Z TRACE VirtualDom::wait_for_work:VirtualDom::process_events: dioxus_core::virtual_dom: Marking task Task { id: 3, unsend: PhantomData<*const ()> } (spawned in ScopeId(4)) as dirty (called from Location { file: "packages/core/src/virtual_dom.rs", line: 505, col: 58 })
2024-06-04T16:00:33.371525Z  INFO VirtualDom::wait_for_work:VirtualDom::process_events:VirtualDom::poll_tasks: dioxus_core::tasks: Polling task Task { id: 3, unsend: PhantomData<*const ()> }
2024-06-04T16:00:33.371592Z  INFO VirtualDom::wait_for_work:VirtualDom::process_events:VirtualDom::poll_tasks: dioxus_core::tasks: Task Task { id: 3, unsend: PhantomData<*const ()> } finished with result Pending
2024-06-04T16:00:33.371621Z TRACE VirtualDom::wait_for_work:VirtualDom::process_events:VirtualDom::poll_tasks: dioxus_core::virtual_dom: Marking scope ScopeId(4, "Doggo") as dirty
2024-06-04T16:00:33.371780Z TRACE VirtualDom::render_immediate:render{scope=Doggo}: dioxus_signals::signal: Subscribing to the reactive context ReactiveContext(for scope: ScopeId(4, "Doggo"))
2024-06-04T16:00:33.371823Z TRACE VirtualDom::render_immediate:render{scope=Doggo}: dioxus_signals::signal: Subscribing to the reactive context ReactiveContext(for scope: ScopeId(4, "Doggo"))
2024-06-04T16:00:33.371857Z TRACE VirtualDom::render_immediate:render{scope=Doggo}: dioxus_core::scope_context: looking for context dioxus_core::suspense::SuspenseContext (TypeId { t: (4533244013398082440, 10897659798729036060) }) in Doggo
2024-06-04T16:00:33.371881Z TRACE VirtualDom::render_immediate:render{scope=Doggo}: dioxus_core::scope_context: looking for context dioxus_core::suspense::SuspenseContext (TypeId { t: (4533244013398082440, 10897659798729036060) }) in FrozenContext
2024-06-04T16:00:33.371901Z TRACE VirtualDom::render_immediate:render{scope=Doggo}: dioxus_core::scope_context: found context TypeId { t: (9286496122914249738, 8586425926625933774) }
2024-06-04T16:00:33.371919Z TRACE VirtualDom::render_immediate:render{scope=Doggo}: dioxus_core::scope_context: looking for context dioxus_core::suspense::SuspenseContext (TypeId { t: (4533244013398082440, 10897659798729036060) }) in SuspenseBoundary
2024-06-04T16:00:33.371938Z TRACE VirtualDom::render_immediate:render{scope=Doggo}: dioxus_core::scope_context: found context TypeId { t: (4533244013398082440, 10897659798729036060) }
2024-06-04T16:00:33.389447Z TRACE VirtualDom::wait_for_work:VirtualDom::process_events: dioxus_core::virtual_dom: Marking task Task { id: 6, unsend: PhantomData<*const ()> } (spawned in ScopeId(5)) as dirty (called from Location { file: "packages/core/src/virtual_dom.rs", line: 505, col: 58 })
2024-06-04T16:00:33.389515Z  INFO VirtualDom::wait_for_work:VirtualDom::process_events:VirtualDom::poll_tasks: dioxus_core::tasks: Polling task Task { id: 6, unsend: PhantomData<*const ()> }
2024-06-04T16:00:33.389571Z TRACE VirtualDom::wait_for_work:VirtualDom::process_events:VirtualDom::poll_tasks: dioxus_signals::signal: Write on signal at examples/suspense.rs:122:19 finished, updating subscribers
2024-06-04T16:00:33.389602Z TRACE VirtualDom::wait_for_work:VirtualDom::process_events:VirtualDom::poll_tasks: dioxus_signals::reactive_context: Marking reactive context created at packages/signals/src/reactive_context.rs:117:13 as dirty
2024-06-04T16:00:33.389618Z TRACE VirtualDom::wait_for_work:VirtualDom::process_events:VirtualDom::poll_tasks: dioxus_signals::reactive_context: Marking scope ScopeId(5, "LoadingDots") as dirty
2024-06-04T16:00:33.389666Z  INFO VirtualDom::wait_for_work:VirtualDom::process_events:VirtualDom::poll_tasks: dioxus_core::tasks: Task Task { id: 6, unsend: PhantomData<*const ()> } finished with result Pending
2024-06-04T16:00:33.389684Z TRACE VirtualDom::wait_for_work:VirtualDom::process_events:VirtualDom::poll_tasks: dioxus_core::virtual_dom: Marking scope ScopeId(5, "LoadingDots") as dirty
2024-06-04T16:00:33.389797Z TRACE VirtualDom::render_immediate:render{scope=LoadingDots}: dioxus_signals::signal: Subscribing to the reactive context ReactiveContext(for scope: ScopeId(5, "LoadingDots"))
2024-06-04T16:00:33.389847Z TRACE VirtualDom::render_immediate: dioxus_core::scope_context: looking for context dioxus_core::suspense::FrozenContext (TypeId { t: (9286496122914249738, 8586425926625933774) }) in LoadingDots
2024-06-04T16:00:33.389862Z TRACE VirtualDom::render_immediate: dioxus_core::scope_context: looking for context dioxus_core::suspense::FrozenContext (TypeId { t: (9286496122914249738, 8586425926625933774) }) in SuspenseBoundary
2024-06-04T16:00:33.389875Z TRACE VirtualDom::render_immediate: dioxus_core::scope_context: found context TypeId { t: (4533244013398082440, 10897659798729036060) }
2024-06-04T16:00:33.389886Z TRACE VirtualDom::render_immediate: dioxus_core::scope_context: looking for context dioxus_core::suspense::FrozenContext (TypeId { t: (9286496122914249738, 8586425926625933774) }) in app
2024-06-04T16:00:33.389897Z TRACE VirtualDom::render_immediate: dioxus_core::scope_context: found context TypeId { t: (3582638416876954437, 3810890675802792692) }
2024-06-04T16:00:33.389908Z TRACE VirtualDom::render_immediate: dioxus_core::scope_context: found context TypeId { t: (7946844621057603534, 4355211565432133561) }
2024-06-04T16:00:33.389936Z TRACE VirtualDom::render_immediate: dioxus_core::scope_context: found context TypeId { t: (10682502755203913650, 15985576721215419306) }
2024-06-04T16:00:33.389955Z TRACE VirtualDom::render_immediate: dioxus_core::scope_context: context dioxus_core::suspense::FrozenContext (TypeId { t: (9286496122914249738, 8586425926625933774) }) not found
2024-06-04T16:00:33.389980Z TRACE VirtualDom::render_immediate: dioxus_core::diff::node: moving mount self=VNode { vnode: VNodeInner { key: None, template: Cell { value: Template { name: "examples/suspense.rs:127:5:4128", roots: [Dynamic { id: 0 }], node_paths: [[0]], attr_paths: [] } }, dynamic_nodes: [Text(VText { value: ".." })], dynamic_attrs: [] }, mount: Cell { value: MountId(7) } } new=VNode { vnode: VNodeInner { key: None, template: Cell { value: Template { name: "examples/suspense.rs:127:5:4128", roots: [Dynamic { id: 0 }], node_paths: [[0]], attr_paths: [] } }, dynamic_nodes: [Text(VText { value: "..." })], dynamic_attrs: [] }, mount: Cell { value: MountId(7) } }
2024-06-04T16:00:33.390031Z TRACE VirtualDom::render_immediate: dioxus_core::diff::node: mount id: MountId(7)
2024-06-04T16:00:33.390041Z TRACE VirtualDom::render_immediate: dioxus_core::diff::node: mounts: Slab { len: 8, cap: 8 }
2024-06-04T16:00:33.425898Z TRACE VirtualDom::wait_for_work:VirtualDom::process_events: dioxus_core::virtual_dom: Marking task Task { id: 0, unsend: PhantomData<*const ()> } (spawned in ScopeId(3)) as dirty (called from Location { file: "packages/core/src/virtual_dom.rs", line: 505, col: 58 })
2024-06-04T16:00:33.426002Z  INFO VirtualDom::wait_for_work:VirtualDom::process_events:VirtualDom::poll_tasks: dioxus_core::tasks: Polling task Task { id: 0, unsend: PhantomData<*const ()> }
2024-06-04T16:00:33.426082Z  INFO VirtualDom::wait_for_work:VirtualDom::process_events:VirtualDom::poll_tasks: dioxus_core::tasks: Task Task { id: 0, unsend: PhantomData<*const ()> } finished with result Pending
2024-06-04T16:00:33.426111Z TRACE VirtualDom::wait_for_work:VirtualDom::process_events:VirtualDom::poll_tasks: dioxus_core::virtual_dom: Marking scope ScopeId(3, "Doggo") as dirty
2024-06-04T16:00:33.426242Z TRACE VirtualDom::render_immediate:render{scope=Doggo}: dioxus_signals::signal: Subscribing to the reactive context ReactiveContext(for scope: ScopeId(3, "Doggo"))
2024-06-04T16:00:33.426277Z TRACE VirtualDom::render_immediate:render{scope=Doggo}: dioxus_signals::signal: Subscribing to the reactive context ReactiveContext(for scope: ScopeId(3, "Doggo"))
2024-06-04T16:00:33.426308Z TRACE VirtualDom::render_immediate:render{scope=Doggo}: dioxus_core::scope_context: looking for context dioxus_core::suspense::SuspenseContext (TypeId { t: (4533244013398082440, 10897659798729036060) }) in Doggo
2024-06-04T16:00:33.426328Z TRACE VirtualDom::render_immediate:render{scope=Doggo}: dioxus_core::scope_context: looking for context dioxus_core::suspense::SuspenseContext (TypeId { t: (4533244013398082440, 10897659798729036060) }) in FrozenContext
2024-06-04T16:00:33.426346Z TRACE VirtualDom::render_immediate:render{scope=Doggo}: dioxus_core::scope_context: found context TypeId { t: (9286496122914249738, 8586425926625933774) }
2024-06-04T16:00:33.426362Z TRACE VirtualDom::render_immediate:render{scope=Doggo}: dioxus_core::scope_context: looking for context dioxus_core::suspense::SuspenseContext (TypeId { t: (4533244013398082440, 10897659798729036060) }) in SuspenseBoundary
2024-06-04T16:00:33.426378Z TRACE VirtualDom::render_immediate:render{scope=Doggo}: dioxus_core::scope_context: found context TypeId { t: (4533244013398082440, 10897659798729036060) }
2024-06-04T16:00:33.473678Z TRACE VirtualDom::wait_for_work:VirtualDom::process_events: dioxus_core::virtual_dom: Marking task Task { id: 3, unsend: PhantomData<*const ()> } (spawned in ScopeId(4)) as dirty (called from Location { file: "packages/core/src/virtual_dom.rs", line: 505, col: 58 })
2024-06-04T16:00:33.473761Z  INFO VirtualDom::wait_for_work:VirtualDom::process_events:VirtualDom::poll_tasks: dioxus_core::tasks: Polling task Task { id: 3, unsend: PhantomData<*const ()> }
2024-06-04T16:00:33.473858Z  INFO VirtualDom::wait_for_work:VirtualDom::process_events:VirtualDom::poll_tasks: dioxus_core::tasks: Task Task { id: 3, unsend: PhantomData<*const ()> } finished with result Pending
2024-06-04T16:00:33.473889Z TRACE VirtualDom::wait_for_work:VirtualDom::process_events:VirtualDom::poll_tasks: dioxus_core::virtual_dom: Marking scope ScopeId(4, "Doggo") as dirty
2024-06-04T16:00:33.474034Z TRACE VirtualDom::render_immediate:render{scope=Doggo}: dioxus_signals::signal: Subscribing to the reactive context ReactiveContext(for scope: ScopeId(4, "Doggo"))
2024-06-04T16:00:33.474100Z TRACE VirtualDom::render_immediate:render{scope=Doggo}: dioxus_signals::signal: Subscribing to the reactive context ReactiveContext(for scope: ScopeId(4, "Doggo"))
2024-06-04T16:00:33.474141Z TRACE VirtualDom::render_immediate:render{scope=Doggo}: dioxus_core::scope_context: looking for context dioxus_core::suspense::SuspenseContext (TypeId { t: (4533244013398082440, 10897659798729036060) }) in Doggo
2024-06-04T16:00:33.474164Z TRACE VirtualDom::render_immediate:render{scope=Doggo}: dioxus_core::scope_context: looking for context dioxus_core::suspense::SuspenseContext (TypeId { t: (4533244013398082440, 10897659798729036060) }) in FrozenContext
2024-06-04T16:00:33.474184Z TRACE VirtualDom::render_immediate:render{scope=Doggo}: dioxus_core::scope_context: found context TypeId { t: (9286496122914249738, 8586425926625933774) }
2024-06-04T16:00:33.474202Z TRACE VirtualDom::render_immediate:render{scope=Doggo}: dioxus_core::scope_context: looking for context dioxus_core::suspense::SuspenseContext (TypeId { t: (4533244013398082440, 10897659798729036060) }) in SuspenseBoundary
2024-06-04T16:00:33.474228Z TRACE VirtualDom::render_immediate:render{scope=Doggo}: dioxus_core::scope_context: found context TypeId { t: (4533244013398082440, 10897659798729036060) }
2024-06-04T16:00:33.528513Z TRACE VirtualDom::wait_for_work:VirtualDom::process_events: dioxus_core::virtual_dom: Marking task Task { id: 0, unsend: PhantomData<*const ()> } (spawned in ScopeId(3)) as dirty (called from Location { file: "packages/core/src/virtual_dom.rs", line: 505, col: 58 })
2024-06-04T16:00:33.528617Z  INFO VirtualDom::wait_for_work:VirtualDom::process_events:VirtualDom::poll_tasks: dioxus_core::tasks: Polling task Task { id: 0, unsend: PhantomData<*const ()> }
2024-06-04T16:00:33.528693Z  INFO VirtualDom::wait_for_work:VirtualDom::process_events:VirtualDom::poll_tasks: dioxus_core::tasks: Task Task { id: 0, unsend: PhantomData<*const ()> } finished with result Pending
2024-06-04T16:00:33.528737Z TRACE VirtualDom::wait_for_work:VirtualDom::process_events:VirtualDom::poll_tasks: dioxus_core::virtual_dom: Marking scope ScopeId(3, "Doggo") as dirty
2024-06-04T16:00:33.528892Z TRACE VirtualDom::render_immediate:render{scope=Doggo}: dioxus_signals::signal: Subscribing to the reactive context ReactiveContext(for scope: ScopeId(3, "Doggo"))
2024-06-04T16:00:33.528944Z TRACE VirtualDom::render_immediate:render{scope=Doggo}: dioxus_signals::signal: Subscribing to the reactive context ReactiveContext(for scope: ScopeId(3, "Doggo"))
2024-06-04T16:00:33.528982Z TRACE VirtualDom::render_immediate:render{scope=Doggo}: dioxus_core::scope_context: looking for context dioxus_core::suspense::SuspenseContext (TypeId { t: (4533244013398082440, 10897659798729036060) }) in Doggo
2024-06-04T16:00:33.529055Z TRACE VirtualDom::render_immediate:render{scope=Doggo}: dioxus_core::scope_context: looking for context dioxus_core::suspense::SuspenseContext (TypeId { t: (4533244013398082440, 10897659798729036060) }) in FrozenContext
2024-06-04T16:00:33.529080Z TRACE VirtualDom::render_immediate:render{scope=Doggo}: dioxus_core::scope_context: found context TypeId { t: (9286496122914249738, 8586425926625933774) }
2024-06-04T16:00:33.529103Z TRACE VirtualDom::render_immediate:render{scope=Doggo}: dioxus_core::scope_context: looking for context dioxus_core::suspense::SuspenseContext (TypeId { t: (4533244013398082440, 10897659798729036060) }) in SuspenseBoundary
2024-06-04T16:00:33.529136Z TRACE VirtualDom::render_immediate:render{scope=Doggo}: dioxus_core::scope_context: found context TypeId { t: (4533244013398082440, 10897659798729036060) }
2024-06-04T16:00:33.575591Z TRACE VirtualDom::wait_for_work:VirtualDom::process_events: dioxus_core::virtual_dom: Marking task Task { id: 3, unsend: PhantomData<*const ()> } (spawned in ScopeId(4)) as dirty (called from Location { file: "packages/core/src/virtual_dom.rs", line: 505, col: 58 })
2024-06-04T16:00:33.575705Z  INFO VirtualDom::wait_for_work:VirtualDom::process_events:VirtualDom::poll_tasks: dioxus_core::tasks: Polling task Task { id: 3, unsend: PhantomData<*const ()> }
2024-06-04T16:00:33.575793Z  INFO VirtualDom::wait_for_work:VirtualDom::process_events:VirtualDom::poll_tasks: dioxus_core::tasks: Task Task { id: 3, unsend: PhantomData<*const ()> } finished with result Pending
2024-06-04T16:00:33.575830Z TRACE VirtualDom::wait_for_work:VirtualDom::process_events:VirtualDom::poll_tasks: dioxus_core::virtual_dom: Marking scope ScopeId(4, "Doggo") as dirty
2024-06-04T16:00:33.576004Z TRACE VirtualDom::render_immediate:render{scope=Doggo}: dioxus_signals::signal: Subscribing to the reactive context ReactiveContext(for scope: ScopeId(4, "Doggo"))
2024-06-04T16:00:33.576055Z TRACE VirtualDom::render_immediate:render{scope=Doggo}: dioxus_signals::signal: Subscribing to the reactive context ReactiveContext(for scope: ScopeId(4, "Doggo"))
2024-06-04T16:00:33.576105Z TRACE VirtualDom::render_immediate:render{scope=Doggo}: dioxus_core::scope_context: looking for context dioxus_core::suspense::SuspenseContext (TypeId { t: (4533244013398082440, 10897659798729036060) }) in Doggo
2024-06-04T16:00:33.576134Z TRACE VirtualDom::render_immediate:render{scope=Doggo}: dioxus_core::scope_context: looking for context dioxus_core::suspense::SuspenseContext (TypeId { t: (4533244013398082440, 10897659798729036060) }) in FrozenContext
2024-06-04T16:00:33.576167Z TRACE VirtualDom::render_immediate:render{scope=Doggo}: dioxus_core::scope_context: found context TypeId { t: (9286496122914249738, 8586425926625933774) }
2024-06-04T16:00:33.576190Z TRACE VirtualDom::render_immediate:render{scope=Doggo}: dioxus_core::scope_context: looking for context dioxus_core::suspense::SuspenseContext (TypeId { t: (4533244013398082440, 10897659798729036060) }) in SuspenseBoundary
2024-06-04T16:00:33.576212Z TRACE VirtualDom::render_immediate:render{scope=Doggo}: dioxus_core::scope_context: found context TypeId { t: (4533244013398082440, 10897659798729036060) }
2024-06-04T16:00:33.591254Z TRACE VirtualDom::wait_for_work:VirtualDom::process_events: dioxus_core::virtual_dom: Marking task Task { id: 6, unsend: PhantomData<*const ()> } (spawned in ScopeId(5)) as dirty (called from Location { file: "packages/core/src/virtual_dom.rs", line: 505, col: 58 })
2024-06-04T16:00:33.591337Z  INFO VirtualDom::wait_for_work:VirtualDom::process_events:VirtualDom::poll_tasks: dioxus_core::tasks: Polling task Task { id: 6, unsend: PhantomData<*const ()> }
2024-06-04T16:00:33.591396Z TRACE VirtualDom::wait_for_work:VirtualDom::process_events:VirtualDom::poll_tasks: dioxus_signals::signal: Write on signal at examples/suspense.rs:122:19 finished, updating subscribers
2024-06-04T16:00:33.591433Z TRACE VirtualDom::wait_for_work:VirtualDom::process_events:VirtualDom::poll_tasks: dioxus_signals::reactive_context: Marking reactive context created at packages/signals/src/reactive_context.rs:117:13 as dirty
2024-06-04T16:00:33.591454Z TRACE VirtualDom::wait_for_work:VirtualDom::process_events:VirtualDom::poll_tasks: dioxus_signals::reactive_context: Marking scope ScopeId(5, "LoadingDots") as dirty
2024-06-04T16:00:33.591506Z  INFO VirtualDom::wait_for_work:VirtualDom::process_events:VirtualDom::poll_tasks: dioxus_core::tasks: Task Task { id: 6, unsend: PhantomData<*const ()> } finished with result Pending
2024-06-04T16:00:33.591533Z TRACE VirtualDom::wait_for_work:VirtualDom::process_events:VirtualDom::poll_tasks: dioxus_core::virtual_dom: Marking scope ScopeId(5, "LoadingDots") as dirty
2024-06-04T16:00:33.591655Z TRACE VirtualDom::render_immediate:render{scope=LoadingDots}: dioxus_signals::signal: Subscribing to the reactive context ReactiveContext(for scope: ScopeId(5, "LoadingDots"))
2024-06-04T16:00:33.591703Z TRACE VirtualDom::render_immediate: dioxus_core::scope_context: looking for context dioxus_core::suspense::FrozenContext (TypeId { t: (9286496122914249738, 8586425926625933774) }) in LoadingDots
2024-06-04T16:00:33.591733Z TRACE VirtualDom::render_immediate: dioxus_core::scope_context: looking for context dioxus_core::suspense::FrozenContext (TypeId { t: (9286496122914249738, 8586425926625933774) }) in SuspenseBoundary
2024-06-04T16:00:33.591750Z TRACE VirtualDom::render_immediate: dioxus_core::scope_context: found context TypeId { t: (4533244013398082440, 10897659798729036060) }
2024-06-04T16:00:33.591766Z TRACE VirtualDom::render_immediate: dioxus_core::scope_context: looking for context dioxus_core::suspense::FrozenContext (TypeId { t: (9286496122914249738, 8586425926625933774) }) in app
2024-06-04T16:00:33.591781Z TRACE VirtualDom::render_immediate: dioxus_core::scope_context: found context TypeId { t: (3582638416876954437, 3810890675802792692) }
2024-06-04T16:00:33.591814Z TRACE VirtualDom::render_immediate: dioxus_core::scope_context: found context TypeId { t: (7946844621057603534, 4355211565432133561) }
2024-06-04T16:00:33.591829Z TRACE VirtualDom::render_immediate: dioxus_core::scope_context: found context TypeId { t: (10682502755203913650, 15985576721215419306) }
2024-06-04T16:00:33.591853Z TRACE VirtualDom::render_immediate: dioxus_core::scope_context: context dioxus_core::suspense::FrozenContext (TypeId { t: (9286496122914249738, 8586425926625933774) }) not found
2024-06-04T16:00:33.591893Z TRACE VirtualDom::render_immediate: dioxus_core::diff::node: moving mount self=VNode { vnode: VNodeInner { key: None, template: Cell { value: Template { name: "examples/suspense.rs:127:5:4128", roots: [Dynamic { id: 0 }], node_paths: [[0]], attr_paths: [] } }, dynamic_nodes: [Text(VText { value: "..." })], dynamic_attrs: [] }, mount: Cell { value: MountId(7) } } new=VNode { vnode: VNodeInner { key: None, template: Cell { value: Template { name: "examples/suspense.rs:127:5:4128", roots: [Dynamic { id: 0 }], node_paths: [[0]], attr_paths: [] } }, dynamic_nodes: [Text(VText { value: "" })], dynamic_attrs: [] }, mount: Cell { value: MountId(7) } }
2024-06-04T16:00:33.591936Z TRACE VirtualDom::render_immediate: dioxus_core::diff::node: mount id: MountId(7)
2024-06-04T16:00:33.591951Z TRACE VirtualDom::render_immediate: dioxus_core::diff::node: mounts: Slab { len: 8, cap: 8 }
2024-06-04T16:00:33.630304Z TRACE VirtualDom::wait_for_work:VirtualDom::process_events: dioxus_core::virtual_dom: Marking task Task { id: 0, unsend: PhantomData<*const ()> } (spawned in ScopeId(3)) as dirty (called from Location { file: "packages/core/src/virtual_dom.rs", line: 505, col: 58 })
2024-06-04T16:00:33.630375Z  INFO VirtualDom::wait_for_work:VirtualDom::process_events:VirtualDom::poll_tasks: dioxus_core::tasks: Polling task Task { id: 0, unsend: PhantomData<*const ()> }
2024-06-04T16:00:33.630439Z  INFO VirtualDom::wait_for_work:VirtualDom::process_events:VirtualDom::poll_tasks: dioxus_core::tasks: Task Task { id: 0, unsend: PhantomData<*const ()> } finished with result Pending
2024-06-04T16:00:33.630465Z TRACE VirtualDom::wait_for_work:VirtualDom::process_events:VirtualDom::poll_tasks: dioxus_core::virtual_dom: Marking scope ScopeId(3, "Doggo") as dirty
2024-06-04T16:00:33.630587Z TRACE VirtualDom::render_immediate:render{scope=Doggo}: dioxus_signals::signal: Subscribing to the reactive context ReactiveContext(for scope: ScopeId(3, "Doggo"))
2024-06-04T16:00:33.630630Z TRACE VirtualDom::render_immediate:render{scope=Doggo}: dioxus_signals::signal: Subscribing to the reactive context ReactiveContext(for scope: ScopeId(3, "Doggo"))
2024-06-04T16:00:33.630665Z TRACE VirtualDom::render_immediate:render{scope=Doggo}: dioxus_core::scope_context: looking for context dioxus_core::suspense::SuspenseContext (TypeId { t: (4533244013398082440, 10897659798729036060) }) in Doggo
2024-06-04T16:00:33.630685Z TRACE VirtualDom::render_immediate:render{scope=Doggo}: dioxus_core::scope_context: looking for context dioxus_core::suspense::SuspenseContext (TypeId { t: (4533244013398082440, 10897659798729036060) }) in FrozenContext
2024-06-04T16:00:33.630702Z TRACE VirtualDom::render_immediate:render{scope=Doggo}: dioxus_core::scope_context: found context TypeId { t: (9286496122914249738, 8586425926625933774) }
2024-06-04T16:00:33.630718Z TRACE VirtualDom::render_immediate:render{scope=Doggo}: dioxus_core::scope_context: looking for context dioxus_core::suspense::SuspenseContext (TypeId { t: (4533244013398082440, 10897659798729036060) }) in SuspenseBoundary
2024-06-04T16:00:33.630734Z TRACE VirtualDom::render_immediate:render{scope=Doggo}: dioxus_core::scope_context: found context TypeId { t: (4533244013398082440, 10897659798729036060) }
2024-06-04T16:00:33.678087Z TRACE VirtualDom::wait_for_work:VirtualDom::process_events: dioxus_core::virtual_dom: Marking task Task { id: 3, unsend: PhantomData<*const ()> } (spawned in ScopeId(4)) as dirty (called from Location { file: "packages/core/src/virtual_dom.rs", line: 505, col: 58 })
2024-06-04T16:00:33.678205Z  INFO VirtualDom::wait_for_work:VirtualDom::process_events:VirtualDom::poll_tasks: dioxus_core::tasks: Polling task Task { id: 3, unsend: PhantomData<*const ()> }
2024-06-04T16:00:33.678293Z  INFO VirtualDom::wait_for_work:VirtualDom::process_events:VirtualDom::poll_tasks: dioxus_core::tasks: Task Task { id: 3, unsend: PhantomData<*const ()> } finished with result Pending
2024-06-04T16:00:33.678327Z TRACE VirtualDom::wait_for_work:VirtualDom::process_events:VirtualDom::poll_tasks: dioxus_core::virtual_dom: Marking scope ScopeId(4, "Doggo") as dirty
2024-06-04T16:00:33.678484Z TRACE VirtualDom::render_immediate:render{scope=Doggo}: dioxus_signals::signal: Subscribing to the reactive context ReactiveContext(for scope: ScopeId(4, "Doggo"))
2024-06-04T16:00:33.678537Z TRACE VirtualDom::render_immediate:render{scope=Doggo}: dioxus_signals::signal: Subscribing to the reactive context ReactiveContext(for scope: ScopeId(4, "Doggo"))
2024-06-04T16:00:33.678575Z TRACE VirtualDom::render_immediate:render{scope=Doggo}: dioxus_core::scope_context: looking for context dioxus_core::suspense::SuspenseContext (TypeId { t: (4533244013398082440, 10897659798729036060) }) in Doggo
2024-06-04T16:00:33.678599Z TRACE VirtualDom::render_immediate:render{scope=Doggo}: dioxus_core::scope_context: looking for context dioxus_core::suspense::SuspenseContext (TypeId { t: (4533244013398082440, 10897659798729036060) }) in FrozenContext
2024-06-04T16:00:33.678621Z TRACE VirtualDom::render_immediate:render{scope=Doggo}: dioxus_core::scope_context: found context TypeId { t: (9286496122914249738, 8586425926625933774) }
2024-06-04T16:00:33.678640Z TRACE VirtualDom::render_immediate:render{scope=Doggo}: dioxus_core::scope_context: looking for context dioxus_core::suspense::SuspenseContext (TypeId { t: (4533244013398082440, 10897659798729036060) }) in SuspenseBoundary
2024-06-04T16:00:33.678668Z TRACE VirtualDom::render_immediate:render{scope=Doggo}: dioxus_core::scope_context: found context TypeId { t: (4533244013398082440, 10897659798729036060) }
2024-06-04T16:00:33.732018Z TRACE VirtualDom::wait_for_work:VirtualDom::process_events: dioxus_core::virtual_dom: Marking task Task { id: 0, unsend: PhantomData<*const ()> } (spawned in ScopeId(3)) as dirty (called from Location { file: "packages/core/src/virtual_dom.rs", line: 505, col: 58 })
2024-06-04T16:00:33.732134Z  INFO VirtualDom::wait_for_work:VirtualDom::process_events:VirtualDom::poll_tasks: dioxus_core::tasks: Polling task Task { id: 0, unsend: PhantomData<*const ()> }
2024-06-04T16:00:33.732210Z  INFO VirtualDom::wait_for_work:VirtualDom::process_events:VirtualDom::poll_tasks: dioxus_core::tasks: Task Task { id: 0, unsend: PhantomData<*const ()> } finished with result Pending
2024-06-04T16:00:33.732244Z TRACE VirtualDom::wait_for_work:VirtualDom::process_events:VirtualDom::poll_tasks: dioxus_core::virtual_dom: Marking scope ScopeId(3, "Doggo") as dirty
2024-06-04T16:00:33.732400Z TRACE VirtualDom::render_immediate:render{scope=Doggo}: dioxus_signals::signal: Subscribing to the reactive context ReactiveContext(for scope: ScopeId(3, "Doggo"))
2024-06-04T16:00:33.732445Z TRACE VirtualDom::render_immediate:render{scope=Doggo}: dioxus_signals::signal: Subscribing to the reactive context ReactiveContext(for scope: ScopeId(3, "Doggo"))
2024-06-04T16:00:33.732481Z TRACE VirtualDom::render_immediate:render{scope=Doggo}: dioxus_core::scope_context: looking for context dioxus_core::suspense::SuspenseContext (TypeId { t: (4533244013398082440, 10897659798729036060) }) in Doggo
2024-06-04T16:00:33.732505Z TRACE VirtualDom::render_immediate:render{scope=Doggo}: dioxus_core::scope_context: looking for context dioxus_core::suspense::SuspenseContext (TypeId { t: (4533244013398082440, 10897659798729036060) }) in FrozenContext
2024-06-04T16:00:33.732525Z TRACE VirtualDom::render_immediate:render{scope=Doggo}: dioxus_core::scope_context: found context TypeId { t: (9286496122914249738, 8586425926625933774) }
2024-06-04T16:00:33.732544Z TRACE VirtualDom::render_immediate:render{scope=Doggo}: dioxus_core::scope_context: looking for context dioxus_core::suspense::SuspenseContext (TypeId { t: (4533244013398082440, 10897659798729036060) }) in SuspenseBoundary
2024-06-04T16:00:33.732563Z TRACE VirtualDom::render_immediate:render{scope=Doggo}: dioxus_core::scope_context: found context TypeId { t: (4533244013398082440, 10897659798729036060) }
2024-06-04T16:00:33.780375Z TRACE VirtualDom::wait_for_work:VirtualDom::process_events: dioxus_core::virtual_dom: Marking task Task { id: 3, unsend: PhantomData<*const ()> } (spawned in ScopeId(4)) as dirty (called from Location { file: "packages/core/src/virtual_dom.rs", line: 505, col: 58 })
2024-06-04T16:00:33.780502Z  INFO VirtualDom::wait_for_work:VirtualDom::process_events:VirtualDom::poll_tasks: dioxus_core::tasks: Polling task Task { id: 3, unsend: PhantomData<*const ()> }
2024-06-04T16:00:33.780577Z  INFO VirtualDom::wait_for_work:VirtualDom::process_events:VirtualDom::poll_tasks: dioxus_core::tasks: Task Task { id: 3, unsend: PhantomData<*const ()> } finished with result Pending
2024-06-04T16:00:33.780607Z TRACE VirtualDom::wait_for_work:VirtualDom::process_events:VirtualDom::poll_tasks: dioxus_core::virtual_dom: Marking scope ScopeId(4, "Doggo") as dirty
2024-06-04T16:00:33.780764Z TRACE VirtualDom::render_immediate:render{scope=Doggo}: dioxus_signals::signal: Subscribing to the reactive context ReactiveContext(for scope: ScopeId(4, "Doggo"))
2024-06-04T16:00:33.780808Z TRACE VirtualDom::render_immediate:render{scope=Doggo}: dioxus_signals::signal: Subscribing to the reactive context ReactiveContext(for scope: ScopeId(4, "Doggo"))
2024-06-04T16:00:33.780840Z TRACE VirtualDom::render_immediate:render{scope=Doggo}: dioxus_core::scope_context: looking for context dioxus_core::suspense::SuspenseContext (TypeId { t: (4533244013398082440, 10897659798729036060) }) in Doggo
2024-06-04T16:00:33.780861Z TRACE VirtualDom::render_immediate:render{scope=Doggo}: dioxus_core::scope_context: looking for context dioxus_core::suspense::SuspenseContext (TypeId { t: (4533244013398082440, 10897659798729036060) }) in FrozenContext
2024-06-04T16:00:33.780879Z TRACE VirtualDom::render_immediate:render{scope=Doggo}: dioxus_core::scope_context: found context TypeId { t: (9286496122914249738, 8586425926625933774) }
2024-06-04T16:00:33.780895Z TRACE VirtualDom::render_immediate:render{scope=Doggo}: dioxus_core::scope_context: looking for context dioxus_core::suspense::SuspenseContext (TypeId { t: (4533244013398082440, 10897659798729036060) }) in SuspenseBoundary
2024-06-04T16:00:33.780911Z TRACE VirtualDom::render_immediate:render{scope=Doggo}: dioxus_core::scope_context: found context TypeId { t: (4533244013398082440, 10897659798729036060) }
2024-06-04T16:00:33.793384Z TRACE VirtualDom::wait_for_work:VirtualDom::process_events: dioxus_core::virtual_dom: Marking task Task { id: 6, unsend: PhantomData<*const ()> } (spawned in ScopeId(5)) as dirty (called from Location { file: "packages/core/src/virtual_dom.rs", line: 505, col: 58 })
2024-06-04T16:00:33.793470Z  INFO VirtualDom::wait_for_work:VirtualDom::process_events:VirtualDom::poll_tasks: dioxus_core::tasks: Polling task Task { id: 6, unsend: PhantomData<*const ()> }
2024-06-04T16:00:33.793535Z TRACE VirtualDom::wait_for_work:VirtualDom::process_events:VirtualDom::poll_tasks: dioxus_signals::signal: Write on signal at examples/suspense.rs:122:19 finished, updating subscribers
2024-06-04T16:00:33.793577Z TRACE VirtualDom::wait_for_work:VirtualDom::process_events:VirtualDom::poll_tasks: dioxus_signals::reactive_context: Marking reactive context created at packages/signals/src/reactive_context.rs:117:13 as dirty
2024-06-04T16:00:33.793600Z TRACE VirtualDom::wait_for_work:VirtualDom::process_events:VirtualDom::poll_tasks: dioxus_signals::reactive_context: Marking scope ScopeId(5, "LoadingDots") as dirty
2024-06-04T16:00:33.793655Z  INFO VirtualDom::wait_for_work:VirtualDom::process_events:VirtualDom::poll_tasks: dioxus_core::tasks: Task Task { id: 6, unsend: PhantomData<*const ()> } finished with result Pending
2024-06-04T16:00:33.793685Z TRACE VirtualDom::wait_for_work:VirtualDom::process_events:VirtualDom::poll_tasks: dioxus_core::virtual_dom: Marking scope ScopeId(5, "LoadingDots") as dirty
2024-06-04T16:00:33.793811Z TRACE VirtualDom::render_immediate:render{scope=LoadingDots}: dioxus_signals::signal: Subscribing to the reactive context ReactiveContext(for scope: ScopeId(5, "LoadingDots"))
2024-06-04T16:00:33.793861Z TRACE VirtualDom::render_immediate: dioxus_core::scope_context: looking for context dioxus_core::suspense::FrozenContext (TypeId { t: (9286496122914249738, 8586425926625933774) }) in LoadingDots
2024-06-04T16:00:33.793886Z TRACE VirtualDom::render_immediate: dioxus_core::scope_context: looking for context dioxus_core::suspense::FrozenContext (TypeId { t: (9286496122914249738, 8586425926625933774) }) in SuspenseBoundary
2024-06-04T16:00:33.793903Z TRACE VirtualDom::render_immediate: dioxus_core::scope_context: found context TypeId { t: (4533244013398082440, 10897659798729036060) }
2024-06-04T16:00:33.793919Z TRACE VirtualDom::render_immediate: dioxus_core::scope_context: looking for context dioxus_core::suspense::FrozenContext (TypeId { t: (9286496122914249738, 8586425926625933774) }) in app
2024-06-04T16:00:33.793932Z TRACE VirtualDom::render_immediate: dioxus_core::scope_context: found context TypeId { t: (3582638416876954437, 3810890675802792692) }
2024-06-04T16:00:33.793946Z TRACE VirtualDom::render_immediate: dioxus_core::scope_context: found context TypeId { t: (7946844621057603534, 4355211565432133561) }
2024-06-04T16:00:33.793958Z TRACE VirtualDom::render_immediate: dioxus_core::scope_context: found context TypeId { t: (10682502755203913650, 15985576721215419306) }
2024-06-04T16:00:33.793974Z TRACE VirtualDom::render_immediate: dioxus_core::scope_context: context dioxus_core::suspense::FrozenContext (TypeId { t: (9286496122914249738, 8586425926625933774) }) not found
2024-06-04T16:00:33.794002Z TRACE VirtualDom::render_immediate: dioxus_core::diff::node: moving mount self=VNode { vnode: VNodeInner { key: None, template: Cell { value: Template { name: "examples/suspense.rs:127:5:4128", roots: [Dynamic { id: 0 }], node_paths: [[0]], attr_paths: [] } }, dynamic_nodes: [Text(VText { value: "" })], dynamic_attrs: [] }, mount: Cell { value: MountId(7) } } new=VNode { vnode: VNodeInner { key: None, template: Cell { value: Template { name: "examples/suspense.rs:127:5:4128", roots: [Dynamic { id: 0 }], node_paths: [[0]], attr_paths: [] } }, dynamic_nodes: [Text(VText { value: "." })], dynamic_attrs: [] }, mount: Cell { value: MountId(7) } }
2024-06-04T16:00:33.794040Z TRACE VirtualDom::render_immediate: dioxus_core::diff::node: mount id: MountId(7)
2024-06-04T16:00:33.794052Z TRACE VirtualDom::render_immediate: dioxus_core::diff::node: mounts: Slab { len: 8, cap: 8 }
2024-06-04T16:00:33.834451Z TRACE VirtualDom::wait_for_work:VirtualDom::process_events: dioxus_core::virtual_dom: Marking task Task { id: 0, unsend: PhantomData<*const ()> } (spawned in ScopeId(3)) as dirty (called from Location { file: "packages/core/src/virtual_dom.rs", line: 505, col: 58 })
2024-06-04T16:00:33.834507Z  INFO VirtualDom::wait_for_work:VirtualDom::process_events:VirtualDom::poll_tasks: dioxus_core::tasks: Polling task Task { id: 0, unsend: PhantomData<*const ()> }
2024-06-04T16:00:33.834570Z  INFO VirtualDom::wait_for_work:VirtualDom::process_events:VirtualDom::poll_tasks: dioxus_core::tasks: Task Task { id: 0, unsend: PhantomData<*const ()> } finished with result Pending
2024-06-04T16:00:33.834596Z TRACE VirtualDom::wait_for_work:VirtualDom::process_events:VirtualDom::poll_tasks: dioxus_core::virtual_dom: Marking scope ScopeId(3, "Doggo") as dirty
2024-06-04T16:00:33.834713Z TRACE VirtualDom::render_immediate:render{scope=Doggo}: dioxus_signals::signal: Subscribing to the reactive context ReactiveContext(for scope: ScopeId(3, "Doggo"))
2024-06-04T16:00:33.834752Z TRACE VirtualDom::render_immediate:render{scope=Doggo}: dioxus_signals::signal: Subscribing to the reactive context ReactiveContext(for scope: ScopeId(3, "Doggo"))
2024-06-04T16:00:33.834815Z TRACE VirtualDom::render_immediate:render{scope=Doggo}: dioxus_core::scope_context: looking for context dioxus_core::suspense::SuspenseContext (TypeId { t: (4533244013398082440, 10897659798729036060) }) in Doggo
2024-06-04T16:00:33.834837Z TRACE VirtualDom::render_immediate:render{scope=Doggo}: dioxus_core::scope_context: looking for context dioxus_core::suspense::SuspenseContext (TypeId { t: (4533244013398082440, 10897659798729036060) }) in FrozenContext
2024-06-04T16:00:33.834856Z TRACE VirtualDom::render_immediate:render{scope=Doggo}: dioxus_core::scope_context: found context TypeId { t: (9286496122914249738, 8586425926625933774) }
2024-06-04T16:00:33.834874Z TRACE VirtualDom::render_immediate:render{scope=Doggo}: dioxus_core::scope_context: looking for context dioxus_core::suspense::SuspenseContext (TypeId { t: (4533244013398082440, 10897659798729036060) }) in SuspenseBoundary
2024-06-04T16:00:33.834892Z TRACE VirtualDom::render_immediate:render{scope=Doggo}: dioxus_core::scope_context: found context TypeId { t: (4533244013398082440, 10897659798729036060) }
2024-06-04T16:00:33.882062Z TRACE VirtualDom::wait_for_work:VirtualDom::process_events: dioxus_core::virtual_dom: Marking task Task { id: 3, unsend: PhantomData<*const ()> } (spawned in ScopeId(4)) as dirty (called from Location { file: "packages/core/src/virtual_dom.rs", line: 505, col: 58 })
2024-06-04T16:00:33.882239Z  INFO VirtualDom::wait_for_work:VirtualDom::process_events:VirtualDom::poll_tasks: dioxus_core::tasks: Polling task Task { id: 3, unsend: PhantomData<*const ()> }
2024-06-04T16:00:33.882316Z  INFO VirtualDom::wait_for_work:VirtualDom::process_events:VirtualDom::poll_tasks: dioxus_core::tasks: Task Task { id: 3, unsend: PhantomData<*const ()> } finished with result Pending
2024-06-04T16:00:33.882350Z TRACE VirtualDom::wait_for_work:VirtualDom::process_events:VirtualDom::poll_tasks: dioxus_core::virtual_dom: Marking scope ScopeId(4, "Doggo") as dirty
2024-06-04T16:00:33.882513Z TRACE VirtualDom::render_immediate:render{scope=Doggo}: dioxus_signals::signal: Subscribing to the reactive context ReactiveContext(for scope: ScopeId(4, "Doggo"))
2024-06-04T16:00:33.882552Z TRACE VirtualDom::render_immediate:render{scope=Doggo}: dioxus_signals::signal: Subscribing to the reactive context ReactiveContext(for scope: ScopeId(4, "Doggo"))
2024-06-04T16:00:33.882584Z TRACE VirtualDom::render_immediate:render{scope=Doggo}: dioxus_core::scope_context: looking for context dioxus_core::suspense::SuspenseContext (TypeId { t: (4533244013398082440, 10897659798729036060) }) in Doggo
2024-06-04T16:00:33.882614Z TRACE VirtualDom::render_immediate:render{scope=Doggo}: dioxus_core::scope_context: looking for context dioxus_core::suspense::SuspenseContext (TypeId { t: (4533244013398082440, 10897659798729036060) }) in FrozenContext
2024-06-04T16:00:33.882639Z TRACE VirtualDom::render_immediate:render{scope=Doggo}: dioxus_core::scope_context: found context TypeId { t: (9286496122914249738, 8586425926625933774) }
2024-06-04T16:00:33.882659Z TRACE VirtualDom::render_immediate:render{scope=Doggo}: dioxus_core::scope_context: looking for context dioxus_core::suspense::SuspenseContext (TypeId { t: (4533244013398082440, 10897659798729036060) }) in SuspenseBoundary
2024-06-04T16:00:33.882678Z TRACE VirtualDom::render_immediate:render{scope=Doggo}: dioxus_core::scope_context: found context TypeId { t: (4533244013398082440, 10897659798729036060) }
2024-06-04T16:00:33.936144Z TRACE VirtualDom::wait_for_work:VirtualDom::process_events: dioxus_core::virtual_dom: Marking task Task { id: 0, unsend: PhantomData<*const ()> } (spawned in ScopeId(3)) as dirty (called from Location { file: "packages/core/src/virtual_dom.rs", line: 505, col: 58 })
2024-06-04T16:00:33.936240Z  INFO VirtualDom::wait_for_work:VirtualDom::process_events:VirtualDom::poll_tasks: dioxus_core::tasks: Polling task Task { id: 0, unsend: PhantomData<*const ()> }
2024-06-04T16:00:33.936307Z  INFO VirtualDom::wait_for_work:VirtualDom::process_events:VirtualDom::poll_tasks: dioxus_core::tasks: Task Task { id: 0, unsend: PhantomData<*const ()> } finished with result Pending
2024-06-04T16:00:33.936340Z TRACE VirtualDom::wait_for_work:VirtualDom::process_events:VirtualDom::poll_tasks: dioxus_core::virtual_dom: Marking scope ScopeId(3, "Doggo") as dirty
2024-06-04T16:00:33.936489Z TRACE VirtualDom::render_immediate:render{scope=Doggo}: dioxus_signals::signal: Subscribing to the reactive context ReactiveContext(for scope: ScopeId(3, "Doggo"))
2024-06-04T16:00:33.936551Z TRACE VirtualDom::render_immediate:render{scope=Doggo}: dioxus_signals::signal: Subscribing to the reactive context ReactiveContext(for scope: ScopeId(3, "Doggo"))
2024-06-04T16:00:33.936589Z TRACE VirtualDom::render_immediate:render{scope=Doggo}: dioxus_core::scope_context: looking for context dioxus_core::suspense::SuspenseContext (TypeId { t: (4533244013398082440, 10897659798729036060) }) in Doggo
2024-06-04T16:00:33.936616Z TRACE VirtualDom::render_immediate:render{scope=Doggo}: dioxus_core::scope_context: looking for context dioxus_core::suspense::SuspenseContext (TypeId { t: (4533244013398082440, 10897659798729036060) }) in FrozenContext
2024-06-04T16:00:33.936639Z TRACE VirtualDom::render_immediate:render{scope=Doggo}: dioxus_core::scope_context: found context TypeId { t: (9286496122914249738, 8586425926625933774) }
2024-06-04T16:00:33.936661Z TRACE VirtualDom::render_immediate:render{scope=Doggo}: dioxus_core::scope_context: looking for context dioxus_core::suspense::SuspenseContext (TypeId { t: (4533244013398082440, 10897659798729036060) }) in SuspenseBoundary
2024-06-04T16:00:33.936691Z TRACE VirtualDom::render_immediate:render{scope=Doggo}: dioxus_core::scope_context: found context TypeId { t: (4533244013398082440, 10897659798729036060) }
2024-06-04T16:00:33.984257Z TRACE VirtualDom::wait_for_work:VirtualDom::process_events: dioxus_core::virtual_dom: Marking task Task { id: 3, unsend: PhantomData<*const ()> } (spawned in ScopeId(4)) as dirty (called from Location { file: "packages/core/src/virtual_dom.rs", line: 505, col: 58 })
2024-06-04T16:00:33.984366Z  INFO VirtualDom::wait_for_work:VirtualDom::process_events:VirtualDom::poll_tasks: dioxus_core::tasks: Polling task Task { id: 3, unsend: PhantomData<*const ()> }
2024-06-04T16:00:33.984448Z  INFO VirtualDom::wait_for_work:VirtualDom::process_events:VirtualDom::poll_tasks: dioxus_core::tasks: Task Task { id: 3, unsend: PhantomData<*const ()> } finished with result Pending
2024-06-04T16:00:33.984481Z TRACE VirtualDom::wait_for_work:VirtualDom::process_events:VirtualDom::poll_tasks: dioxus_core::virtual_dom: Marking scope ScopeId(4, "Doggo") as dirty
2024-06-04T16:00:33.984649Z TRACE VirtualDom::render_immediate:render{scope=Doggo}: dioxus_signals::signal: Subscribing to the reactive context ReactiveContext(for scope: ScopeId(4, "Doggo"))
2024-06-04T16:00:33.984701Z TRACE VirtualDom::render_immediate:render{scope=Doggo}: dioxus_signals::signal: Subscribing to the reactive context ReactiveContext(for scope: ScopeId(4, "Doggo"))
2024-06-04T16:00:33.984753Z TRACE VirtualDom::render_immediate:render{scope=Doggo}: dioxus_core::scope_context: looking for context dioxus_core::suspense::SuspenseContext (TypeId { t: (4533244013398082440, 10897659798729036060) }) in Doggo
2024-06-04T16:00:33.984783Z TRACE VirtualDom::render_immediate:render{scope=Doggo}: dioxus_core::scope_context: looking for context dioxus_core::suspense::SuspenseContext (TypeId { t: (4533244013398082440, 10897659798729036060) }) in FrozenContext
2024-06-04T16:00:33.984809Z TRACE VirtualDom::render_immediate:render{scope=Doggo}: dioxus_core::scope_context: found context TypeId { t: (9286496122914249738, 8586425926625933774) }
2024-06-04T16:00:33.984832Z TRACE VirtualDom::render_immediate:render{scope=Doggo}: dioxus_core::scope_context: looking for context dioxus_core::suspense::SuspenseContext (TypeId { t: (4533244013398082440, 10897659798729036060) }) in SuspenseBoundary
2024-06-04T16:00:33.984854Z TRACE VirtualDom::render_immediate:render{scope=Doggo}: dioxus_core::scope_context: found context TypeId { t: (4533244013398082440, 10897659798729036060) }
2024-06-04T16:00:33.995251Z TRACE VirtualDom::wait_for_work:VirtualDom::process_events: dioxus_core::virtual_dom: Marking task Task { id: 6, unsend: PhantomData<*const ()> } (spawned in ScopeId(5)) as dirty (called from Location { file: "packages/core/src/virtual_dom.rs", line: 505, col: 58 })
2024-06-04T16:00:33.995310Z  INFO VirtualDom::wait_for_work:VirtualDom::process_events:VirtualDom::poll_tasks: dioxus_core::tasks: Polling task Task { id: 6, unsend: PhantomData<*const ()> }
2024-06-04T16:00:33.995359Z TRACE VirtualDom::wait_for_work:VirtualDom::process_events:VirtualDom::poll_tasks: dioxus_signals::signal: Write on signal at examples/suspense.rs:122:19 finished, updating subscribers
2024-06-04T16:00:33.995393Z TRACE VirtualDom::wait_for_work:VirtualDom::process_events:VirtualDom::poll_tasks: dioxus_signals::reactive_context: Marking reactive context created at packages/signals/src/reactive_context.rs:117:13 as dirty
2024-06-04T16:00:33.995415Z TRACE VirtualDom::wait_for_work:VirtualDom::process_events:VirtualDom::poll_tasks: dioxus_signals::reactive_context: Marking scope ScopeId(5, "LoadingDots") as dirty
2024-06-04T16:00:33.995456Z  INFO VirtualDom::wait_for_work:VirtualDom::process_events:VirtualDom::poll_tasks: dioxus_core::tasks: Task Task { id: 6, unsend: PhantomData<*const ()> } finished with result Pending
2024-06-04T16:00:33.995480Z TRACE VirtualDom::wait_for_work:VirtualDom::process_events:VirtualDom::poll_tasks: dioxus_core::virtual_dom: Marking scope ScopeId(5, "LoadingDots") as dirty
2024-06-04T16:00:33.995593Z TRACE VirtualDom::render_immediate:render{scope=LoadingDots}: dioxus_signals::signal: Subscribing to the reactive context ReactiveContext(for scope: ScopeId(5, "LoadingDots"))
2024-06-04T16:00:33.995643Z TRACE VirtualDom::render_immediate: dioxus_core::scope_context: looking for context dioxus_core::suspense::FrozenContext (TypeId { t: (9286496122914249738, 8586425926625933774) }) in LoadingDots
2024-06-04T16:00:33.995663Z TRACE VirtualDom::render_immediate: dioxus_core::scope_context: looking for context dioxus_core::suspense::FrozenContext (TypeId { t: (9286496122914249738, 8586425926625933774) }) in SuspenseBoundary
2024-06-04T16:00:33.995680Z TRACE VirtualDom::render_immediate: dioxus_core::scope_context: found context TypeId { t: (4533244013398082440, 10897659798729036060) }
2024-06-04T16:00:33.995695Z TRACE VirtualDom::render_immediate: dioxus_core::scope_context: looking for context dioxus_core::suspense::FrozenContext (TypeId { t: (9286496122914249738, 8586425926625933774) }) in app
2024-06-04T16:00:33.995711Z TRACE VirtualDom::render_immediate: dioxus_core::scope_context: found context TypeId { t: (3582638416876954437, 3810890675802792692) }
2024-06-04T16:00:33.995726Z TRACE VirtualDom::render_immediate: dioxus_core::scope_context: found context TypeId { t: (7946844621057603534, 4355211565432133561) }
2024-06-04T16:00:33.995741Z TRACE VirtualDom::render_immediate: dioxus_core::scope_context: found context TypeId { t: (10682502755203913650, 15985576721215419306) }
2024-06-04T16:00:33.995757Z TRACE VirtualDom::render_immediate: dioxus_core::scope_context: context dioxus_core::suspense::FrozenContext (TypeId { t: (9286496122914249738, 8586425926625933774) }) not found
2024-06-04T16:00:33.995788Z TRACE VirtualDom::render_immediate: dioxus_core::diff::node: moving mount self=VNode { vnode: VNodeInner { key: None, template: Cell { value: Template { name: "examples/suspense.rs:127:5:4128", roots: [Dynamic { id: 0 }], node_paths: [[0]], attr_paths: [] } }, dynamic_nodes: [Text(VText { value: "." })], dynamic_attrs: [] }, mount: Cell { value: MountId(7) } } new=VNode { vnode: VNodeInner { key: None, template: Cell { value: Template { name: "examples/suspense.rs:127:5:4128", roots: [Dynamic { id: 0 }], node_paths: [[0]], attr_paths: [] } }, dynamic_nodes: [Text(VText { value: ".." })], dynamic_attrs: [] }, mount: Cell { value: MountId(7) } }
2024-06-04T16:00:33.995835Z TRACE VirtualDom::render_immediate: dioxus_core::diff::node: mount id: MountId(7)
2024-06-04T16:00:33.995850Z TRACE VirtualDom::render_immediate: dioxus_core::diff::node: mounts: Slab { len: 8, cap: 8 }
2024-06-04T16:00:34.037862Z TRACE VirtualDom::wait_for_work:VirtualDom::process_events: dioxus_core::virtual_dom: Marking task Task { id: 0, unsend: PhantomData<*const ()> } (spawned in ScopeId(3)) as dirty (called from Location { file: "packages/core/src/virtual_dom.rs", line: 505, col: 58 })
2024-06-04T16:00:34.037949Z  INFO VirtualDom::wait_for_work:VirtualDom::process_events:VirtualDom::poll_tasks: dioxus_core::tasks: Polling task Task { id: 0, unsend: PhantomData<*const ()> }
2024-06-04T16:00:34.038020Z  INFO VirtualDom::wait_for_work:VirtualDom::process_events:VirtualDom::poll_tasks: dioxus_core::tasks: Task Task { id: 0, unsend: PhantomData<*const ()> } finished with result Pending
2024-06-04T16:00:34.038054Z TRACE VirtualDom::wait_for_work:VirtualDom::process_events:VirtualDom::poll_tasks: dioxus_core::virtual_dom: Marking scope ScopeId(3, "Doggo") as dirty
2024-06-04T16:00:34.038207Z TRACE VirtualDom::render_immediate:render{scope=Doggo}: dioxus_signals::signal: Subscribing to the reactive context ReactiveContext(for scope: ScopeId(3, "Doggo"))
2024-06-04T16:00:34.038251Z TRACE VirtualDom::render_immediate:render{scope=Doggo}: dioxus_signals::signal: Subscribing to the reactive context ReactiveContext(for scope: ScopeId(3, "Doggo"))
2024-06-04T16:00:34.038289Z TRACE VirtualDom::render_immediate:render{scope=Doggo}: dioxus_core::scope_context: looking for context dioxus_core::suspense::SuspenseContext (TypeId { t: (4533244013398082440, 10897659798729036060) }) in Doggo
2024-06-04T16:00:34.038316Z TRACE VirtualDom::render_immediate:render{scope=Doggo}: dioxus_core::scope_context: looking for context dioxus_core::suspense::SuspenseContext (TypeId { t: (4533244013398082440, 10897659798729036060) }) in FrozenContext
2024-06-04T16:00:34.038344Z TRACE VirtualDom::render_immediate:render{scope=Doggo}: dioxus_core::scope_context: found context TypeId { t: (9286496122914249738, 8586425926625933774) }
2024-06-04T16:00:34.038367Z TRACE VirtualDom::render_immediate:render{scope=Doggo}: dioxus_core::scope_context: looking for context dioxus_core::suspense::SuspenseContext (TypeId { t: (4533244013398082440, 10897659798729036060) }) in SuspenseBoundary
2024-06-04T16:00:34.038389Z TRACE VirtualDom::render_immediate:render{scope=Doggo}: dioxus_core::scope_context: found context TypeId { t: (4533244013398082440, 10897659798729036060) }
2024-06-04T16:00:34.086895Z TRACE VirtualDom::wait_for_work:VirtualDom::process_events: dioxus_core::virtual_dom: Marking task Task { id: 3, unsend: PhantomData<*const ()> } (spawned in ScopeId(4)) as dirty (called from Location { file: "packages/core/src/virtual_dom.rs", line: 505, col: 58 })
2024-06-04T16:00:34.087056Z  INFO VirtualDom::wait_for_work:VirtualDom::process_events:VirtualDom::poll_tasks: dioxus_core::tasks: Polling task Task { id: 3, unsend: PhantomData<*const ()> }
2024-06-04T16:00:34.087155Z  INFO VirtualDom::wait_for_work:VirtualDom::process_events:VirtualDom::poll_tasks: dioxus_core::tasks: Task Task { id: 3, unsend: PhantomData<*const ()> } finished with result Pending
2024-06-04T16:00:34.087188Z TRACE VirtualDom::wait_for_work:VirtualDom::process_events:VirtualDom::poll_tasks: dioxus_core::virtual_dom: Marking scope ScopeId(4, "Doggo") as dirty
2024-06-04T16:00:34.087375Z TRACE VirtualDom::render_immediate:render{scope=Doggo}: dioxus_signals::signal: Subscribing to the reactive context ReactiveContext(for scope: ScopeId(4, "Doggo"))
2024-06-04T16:00:34.087431Z TRACE VirtualDom::render_immediate:render{scope=Doggo}: dioxus_signals::signal: Subscribing to the reactive context ReactiveContext(for scope: ScopeId(4, "Doggo"))
2024-06-04T16:00:34.087477Z TRACE VirtualDom::render_immediate:render{scope=Doggo}: dioxus_core::scope_context: looking for context dioxus_core::suspense::SuspenseContext (TypeId { t: (4533244013398082440, 10897659798729036060) }) in Doggo
2024-06-04T16:00:34.087502Z TRACE VirtualDom::render_immediate:render{scope=Doggo}: dioxus_core::scope_context: looking for context dioxus_core::suspense::SuspenseContext (TypeId { t: (4533244013398082440, 10897659798729036060) }) in FrozenContext
2024-06-04T16:00:34.087520Z TRACE VirtualDom::render_immediate:render{scope=Doggo}: dioxus_core::scope_context: found context TypeId { t: (9286496122914249738, 8586425926625933774) }
2024-06-04T16:00:34.087540Z TRACE VirtualDom::render_immediate:render{scope=Doggo}: dioxus_core::scope_context: looking for context dioxus_core::suspense::SuspenseContext (TypeId { t: (4533244013398082440, 10897659798729036060) }) in SuspenseBoundary
2024-06-04T16:00:34.087556Z TRACE VirtualDom::render_immediate:render{scope=Doggo}: dioxus_core::scope_context: found context TypeId { t: (4533244013398082440, 10897659798729036060) }
2024-06-04T16:00:34.139993Z TRACE VirtualDom::wait_for_work:VirtualDom::process_events: dioxus_core::virtual_dom: Marking task Task { id: 0, unsend: PhantomData<*const ()> } (spawned in ScopeId(3)) as dirty (called from Location { file: "packages/core/src/virtual_dom.rs", line: 505, col: 58 })
2024-06-04T16:00:34.140153Z  INFO VirtualDom::wait_for_work:VirtualDom::process_events:VirtualDom::poll_tasks: dioxus_core::tasks: Polling task Task { id: 0, unsend: PhantomData<*const ()> }
2024-06-04T16:00:34.140249Z  INFO VirtualDom::wait_for_work:VirtualDom::process_events:VirtualDom::poll_tasks: dioxus_core::tasks: Task Task { id: 0, unsend: PhantomData<*const ()> } finished with result Pending
2024-06-04T16:00:34.140282Z TRACE VirtualDom::wait_for_work:VirtualDom::process_events:VirtualDom::poll_tasks: dioxus_core::virtual_dom: Marking scope ScopeId(3, "Doggo") as dirty
2024-06-04T16:00:34.140453Z TRACE VirtualDom::render_immediate:render{scope=Doggo}: dioxus_signals::signal: Subscribing to the reactive context ReactiveContext(for scope: ScopeId(3, "Doggo"))
2024-06-04T16:00:34.140501Z TRACE VirtualDom::render_immediate:render{scope=Doggo}: dioxus_signals::signal: Subscribing to the reactive context ReactiveContext(for scope: ScopeId(3, "Doggo"))
2024-06-04T16:00:34.140538Z TRACE VirtualDom::render_immediate:render{scope=Doggo}: dioxus_core::scope_context: looking for context dioxus_core::suspense::SuspenseContext (TypeId { t: (4533244013398082440, 10897659798729036060) }) in Doggo
2024-06-04T16:00:34.140565Z TRACE VirtualDom::render_immediate:render{scope=Doggo}: dioxus_core::scope_context: looking for context dioxus_core::suspense::SuspenseContext (TypeId { t: (4533244013398082440, 10897659798729036060) }) in FrozenContext
2024-06-04T16:00:34.140586Z TRACE VirtualDom::render_immediate:render{scope=Doggo}: dioxus_core::scope_context: found context TypeId { t: (9286496122914249738, 8586425926625933774) }
2024-06-04T16:00:34.140605Z TRACE VirtualDom::render_immediate:render{scope=Doggo}: dioxus_core::scope_context: looking for context dioxus_core::suspense::SuspenseContext (TypeId { t: (4533244013398082440, 10897659798729036060) }) in SuspenseBoundary
2024-06-04T16:00:34.140623Z TRACE VirtualDom::render_immediate:render{scope=Doggo}: dioxus_core::scope_context: found context TypeId { t: (4533244013398082440, 10897659798729036060) }
2024-06-04T16:00:34.190070Z TRACE VirtualDom::wait_for_work:VirtualDom::process_events: dioxus_core::virtual_dom: Marking task Task { id: 3, unsend: PhantomData<*const ()> } (spawned in ScopeId(4)) as dirty (called from Location { file: "packages/core/src/virtual_dom.rs", line: 505, col: 58 })
2024-06-04T16:00:34.190152Z  INFO VirtualDom::wait_for_work:VirtualDom::process_events:VirtualDom::poll_tasks: dioxus_core::tasks: Polling task Task { id: 3, unsend: PhantomData<*const ()> }
2024-06-04T16:00:34.190218Z  INFO VirtualDom::wait_for_work:VirtualDom::process_events:VirtualDom::poll_tasks: dioxus_core::tasks: Task Task { id: 3, unsend: PhantomData<*const ()> } finished with result Pending
2024-06-04T16:00:34.190246Z TRACE VirtualDom::wait_for_work:VirtualDom::process_events:VirtualDom::poll_tasks: dioxus_core::virtual_dom: Marking scope ScopeId(4, "Doggo") as dirty
2024-06-04T16:00:34.190410Z TRACE VirtualDom::render_immediate:render{scope=Doggo}: dioxus_signals::signal: Subscribing to the reactive context ReactiveContext(for scope: ScopeId(4, "Doggo"))
2024-06-04T16:00:34.190463Z TRACE VirtualDom::render_immediate:render{scope=Doggo}: dioxus_signals::signal: Subscribing to the reactive context ReactiveContext(for scope: ScopeId(4, "Doggo"))
2024-06-04T16:00:34.190497Z TRACE VirtualDom::render_immediate:render{scope=Doggo}: dioxus_core::scope_context: looking for context dioxus_core::suspense::SuspenseContext (TypeId { t: (4533244013398082440, 10897659798729036060) }) in Doggo
2024-06-04T16:00:34.190520Z TRACE VirtualDom::render_immediate:render{scope=Doggo}: dioxus_core::scope_context: looking for context dioxus_core::suspense::SuspenseContext (TypeId { t: (4533244013398082440, 10897659798729036060) }) in FrozenContext
2024-06-04T16:00:34.190540Z TRACE VirtualDom::render_immediate:render{scope=Doggo}: dioxus_core::scope_context: found context TypeId { t: (9286496122914249738, 8586425926625933774) }
2024-06-04T16:00:34.190559Z TRACE VirtualDom::render_immediate:render{scope=Doggo}: dioxus_core::scope_context: looking for context dioxus_core::suspense::SuspenseContext (TypeId { t: (4533244013398082440, 10897659798729036060) }) in SuspenseBoundary
2024-06-04T16:00:34.190578Z TRACE VirtualDom::render_immediate:render{scope=Doggo}: dioxus_core::scope_context: found context TypeId { t: (4533244013398082440, 10897659798729036060) }
2024-06-04T16:00:34.197965Z TRACE VirtualDom::wait_for_work:VirtualDom::process_events: dioxus_core::virtual_dom: Marking task Task { id: 6, unsend: PhantomData<*const ()> } (spawned in ScopeId(5)) as dirty (called from Location { file: "packages/core/src/virtual_dom.rs", line: 505, col: 58 })
2024-06-04T16:00:34.198062Z  INFO VirtualDom::wait_for_work:VirtualDom::process_events:VirtualDom::poll_tasks: dioxus_core::tasks: Polling task Task { id: 6, unsend: PhantomData<*const ()> }
2024-06-04T16:00:34.198118Z TRACE VirtualDom::wait_for_work:VirtualDom::process_events:VirtualDom::poll_tasks: dioxus_signals::signal: Write on signal at examples/suspense.rs:122:19 finished, updating subscribers
2024-06-04T16:00:34.198155Z TRACE VirtualDom::wait_for_work:VirtualDom::process_events:VirtualDom::poll_tasks: dioxus_signals::reactive_context: Marking reactive context created at packages/signals/src/reactive_context.rs:117:13 as dirty
2024-06-04T16:00:34.198178Z TRACE VirtualDom::wait_for_work:VirtualDom::process_events:VirtualDom::poll_tasks: dioxus_signals::reactive_context: Marking scope ScopeId(5, "LoadingDots") as dirty
2024-06-04T16:00:34.198220Z  INFO VirtualDom::wait_for_work:VirtualDom::process_events:VirtualDom::poll_tasks: dioxus_core::tasks: Task Task { id: 6, unsend: PhantomData<*const ()> } finished with result Pending
2024-06-04T16:00:34.198245Z TRACE VirtualDom::wait_for_work:VirtualDom::process_events:VirtualDom::poll_tasks: dioxus_core::virtual_dom: Marking scope ScopeId(5, "LoadingDots") as dirty
2024-06-04T16:00:34.198362Z TRACE VirtualDom::render_immediate:render{scope=LoadingDots}: dioxus_signals::signal: Subscribing to the reactive context ReactiveContext(for scope: ScopeId(5, "LoadingDots"))
2024-06-04T16:00:34.198420Z TRACE VirtualDom::render_immediate: dioxus_core::scope_context: looking for context dioxus_core::suspense::FrozenContext (TypeId { t: (9286496122914249738, 8586425926625933774) }) in LoadingDots
2024-06-04T16:00:34.198442Z TRACE VirtualDom::render_immediate: dioxus_core::scope_context: looking for context dioxus_core::suspense::FrozenContext (TypeId { t: (9286496122914249738, 8586425926625933774) }) in SuspenseBoundary
2024-06-04T16:00:34.198459Z TRACE VirtualDom::render_immediate: dioxus_core::scope_context: found context TypeId { t: (4533244013398082440, 10897659798729036060) }
2024-06-04T16:00:34.198475Z TRACE VirtualDom::render_immediate: dioxus_core::scope_context: looking for context dioxus_core::suspense::FrozenContext (TypeId { t: (9286496122914249738, 8586425926625933774) }) in app
2024-06-04T16:00:34.198490Z TRACE VirtualDom::render_immediate: dioxus_core::scope_context: found context TypeId { t: (3582638416876954437, 3810890675802792692) }
2024-06-04T16:00:34.198506Z TRACE VirtualDom::render_immediate: dioxus_core::scope_context: found context TypeId { t: (7946844621057603534, 4355211565432133561) }
2024-06-04T16:00:34.198521Z TRACE VirtualDom::render_immediate: dioxus_core::scope_context: found context TypeId { t: (10682502755203913650, 15985576721215419306) }
2024-06-04T16:00:34.198536Z TRACE VirtualDom::render_immediate: dioxus_core::scope_context: context dioxus_core::suspense::FrozenContext (TypeId { t: (9286496122914249738, 8586425926625933774) }) not found
2024-06-04T16:00:34.198567Z TRACE VirtualDom::render_immediate: dioxus_core::diff::node: moving mount self=VNode { vnode: VNodeInner { key: None, template: Cell { value: Template { name: "examples/suspense.rs:127:5:4128", roots: [Dynamic { id: 0 }], node_paths: [[0]], attr_paths: [] } }, dynamic_nodes: [Text(VText { value: ".." })], dynamic_attrs: [] }, mount: Cell { value: MountId(7) } } new=VNode { vnode: VNodeInner { key: None, template: Cell { value: Template { name: "examples/suspense.rs:127:5:4128", roots: [Dynamic { id: 0 }], node_paths: [[0]], attr_paths: [] } }, dynamic_nodes: [Text(VText { value: "..." })], dynamic_attrs: [] }, mount: Cell { value: MountId(7) } }
2024-06-04T16:00:34.198616Z TRACE VirtualDom::render_immediate: dioxus_core::diff::node: mount id: MountId(7)
2024-06-04T16:00:34.198631Z TRACE VirtualDom::render_immediate: dioxus_core::diff::node: mounts: Slab { len: 8, cap: 8 }
2024-06-04T16:00:34.243094Z TRACE VirtualDom::wait_for_work:VirtualDom::process_events: dioxus_core::virtual_dom: Marking task Task { id: 0, unsend: PhantomData<*const ()> } (spawned in ScopeId(3)) as dirty (called from Location { file: "packages/core/src/virtual_dom.rs", line: 505, col: 58 })
2024-06-04T16:00:34.243206Z  INFO VirtualDom::wait_for_work:VirtualDom::process_events:VirtualDom::poll_tasks: dioxus_core::tasks: Polling task Task { id: 0, unsend: PhantomData<*const ()> }
2024-06-04T16:00:34.243285Z  INFO VirtualDom::wait_for_work:VirtualDom::process_events:VirtualDom::poll_tasks: dioxus_core::tasks: Task Task { id: 0, unsend: PhantomData<*const ()> } finished with result Pending
2024-06-04T16:00:34.243319Z TRACE VirtualDom::wait_for_work:VirtualDom::process_events:VirtualDom::poll_tasks: dioxus_core::virtual_dom: Marking scope ScopeId(3, "Doggo") as dirty
2024-06-04T16:00:34.243467Z TRACE VirtualDom::render_immediate:render{scope=Doggo}: dioxus_signals::signal: Subscribing to the reactive context ReactiveContext(for scope: ScopeId(3, "Doggo"))
2024-06-04T16:00:34.243536Z TRACE VirtualDom::render_immediate:render{scope=Doggo}: dioxus_signals::signal: Subscribing to the reactive context ReactiveContext(for scope: ScopeId(3, "Doggo"))
2024-06-04T16:00:34.243571Z TRACE VirtualDom::render_immediate:render{scope=Doggo}: dioxus_core::scope_context: looking for context dioxus_core::suspense::SuspenseContext (TypeId { t: (4533244013398082440, 10897659798729036060) }) in Doggo
2024-06-04T16:00:34.243605Z TRACE VirtualDom::render_immediate:render{scope=Doggo}: dioxus_core::scope_context: looking for context dioxus_core::suspense::SuspenseContext (TypeId { t: (4533244013398082440, 10897659798729036060) }) in FrozenContext
2024-06-04T16:00:34.243625Z TRACE VirtualDom::render_immediate:render{scope=Doggo}: dioxus_core::scope_context: found context TypeId { t: (9286496122914249738, 8586425926625933774) }
2024-06-04T16:00:34.243644Z TRACE VirtualDom::render_immediate:render{scope=Doggo}: dioxus_core::scope_context: looking for context dioxus_core::suspense::SuspenseContext (TypeId { t: (4533244013398082440, 10897659798729036060) }) in SuspenseBoundary
2024-06-04T16:00:34.243662Z TRACE VirtualDom::render_immediate:render{scope=Doggo}: dioxus_core::scope_context: found context TypeId { t: (4533244013398082440, 10897659798729036060) }
2024-06-04T16:00:34.291440Z TRACE VirtualDom::wait_for_work:VirtualDom::process_events: dioxus_core::virtual_dom: Marking task Task { id: 3, unsend: PhantomData<*const ()> } (spawned in ScopeId(4)) as dirty (called from Location { file: "packages/core/src/virtual_dom.rs", line: 505, col: 58 })
2024-06-04T16:00:34.291557Z  INFO VirtualDom::wait_for_work:VirtualDom::process_events:VirtualDom::poll_tasks: dioxus_core::tasks: Polling task Task { id: 3, unsend: PhantomData<*const ()> }
2024-06-04T16:00:34.291638Z  INFO VirtualDom::wait_for_work:VirtualDom::process_events:VirtualDom::poll_tasks: dioxus_core::tasks: Task Task { id: 3, unsend: PhantomData<*const ()> } finished with result Pending
2024-06-04T16:00:34.291670Z TRACE VirtualDom::wait_for_work:VirtualDom::process_events:VirtualDom::poll_tasks: dioxus_core::virtual_dom: Marking scope ScopeId(4, "Doggo") as dirty
2024-06-04T16:00:34.291814Z TRACE VirtualDom::render_immediate:render{scope=Doggo}: dioxus_signals::signal: Subscribing to the reactive context ReactiveContext(for scope: ScopeId(4, "Doggo"))
2024-06-04T16:00:34.291859Z TRACE VirtualDom::render_immediate:render{scope=Doggo}: dioxus_signals::signal: Subscribing to the reactive context ReactiveContext(for scope: ScopeId(4, "Doggo"))
2024-06-04T16:00:34.291898Z TRACE VirtualDom::render_immediate:render{scope=Doggo}: dioxus_core::scope_context: looking for context dioxus_core::suspense::SuspenseContext (TypeId { t: (4533244013398082440, 10897659798729036060) }) in Doggo
2024-06-04T16:00:34.291922Z TRACE VirtualDom::render_immediate:render{scope=Doggo}: dioxus_core::scope_context: looking for context dioxus_core::suspense::SuspenseContext (TypeId { t: (4533244013398082440, 10897659798729036060) }) in FrozenContext
2024-06-04T16:00:34.291943Z TRACE VirtualDom::render_immediate:render{scope=Doggo}: dioxus_core::scope_context: found context TypeId { t: (9286496122914249738, 8586425926625933774) }
2024-06-04T16:00:34.291962Z TRACE VirtualDom::render_immediate:render{scope=Doggo}: dioxus_core::scope_context: looking for context dioxus_core::suspense::SuspenseContext (TypeId { t: (4533244013398082440, 10897659798729036060) }) in SuspenseBoundary
2024-06-04T16:00:34.291981Z TRACE VirtualDom::render_immediate:render{scope=Doggo}: dioxus_core::scope_context: found context TypeId { t: (4533244013398082440, 10897659798729036060) }
2024-06-04T16:00:34.345594Z TRACE VirtualDom::wait_for_work:VirtualDom::process_events: dioxus_core::virtual_dom: Marking task Task { id: 0, unsend: PhantomData<*const ()> } (spawned in ScopeId(3)) as dirty (called from Location { file: "packages/core/src/virtual_dom.rs", line: 505, col: 58 })
2024-06-04T16:00:34.345719Z  INFO VirtualDom::wait_for_work:VirtualDom::process_events:VirtualDom::poll_tasks: dioxus_core::tasks: Polling task Task { id: 0, unsend: PhantomData<*const ()> }
2024-06-04T16:00:34.345803Z  INFO VirtualDom::wait_for_work:VirtualDom::process_events:VirtualDom::poll_tasks: dioxus_core::tasks: Task Task { id: 0, unsend: PhantomData<*const ()> } finished with result Pending
2024-06-04T16:00:34.345841Z TRACE VirtualDom::wait_for_work:VirtualDom::process_events:VirtualDom::poll_tasks: dioxus_core::virtual_dom: Marking scope ScopeId(3, "Doggo") as dirty
2024-06-04T16:00:34.346000Z TRACE VirtualDom::render_immediate:render{scope=Doggo}: dioxus_signals::signal: Subscribing to the reactive context ReactiveContext(for scope: ScopeId(3, "Doggo"))
2024-06-04T16:00:34.346053Z TRACE VirtualDom::render_immediate:render{scope=Doggo}: dioxus_signals::signal: Subscribing to the reactive context ReactiveContext(for scope: ScopeId(3, "Doggo"))
2024-06-04T16:00:34.346089Z TRACE VirtualDom::render_immediate:render{scope=Doggo}: dioxus_core::scope_context: looking for context dioxus_core::suspense::SuspenseContext (TypeId { t: (4533244013398082440, 10897659798729036060) }) in Doggo
2024-06-04T16:00:34.346113Z TRACE VirtualDom::render_immediate:render{scope=Doggo}: dioxus_core::scope_context: looking for context dioxus_core::suspense::SuspenseContext (TypeId { t: (4533244013398082440, 10897659798729036060) }) in FrozenContext
2024-06-04T16:00:34.346135Z TRACE VirtualDom::render_immediate:render{scope=Doggo}: dioxus_core::scope_context: found context TypeId { t: (9286496122914249738, 8586425926625933774) }
2024-06-04T16:00:34.346154Z TRACE VirtualDom::render_immediate:render{scope=Doggo}: dioxus_core::scope_context: looking for context dioxus_core::suspense::SuspenseContext (TypeId { t: (4533244013398082440, 10897659798729036060) }) in SuspenseBoundary
2024-06-04T16:00:34.346172Z TRACE VirtualDom::render_immediate:render{scope=Doggo}: dioxus_core::scope_context: found context TypeId { t: (4533244013398082440, 10897659798729036060) }
2024-06-04T16:00:34.393534Z TRACE VirtualDom::wait_for_work:VirtualDom::process_events: dioxus_core::virtual_dom: Marking task Task { id: 3, unsend: PhantomData<*const ()> } (spawned in ScopeId(4)) as dirty (called from Location { file: "packages/core/src/virtual_dom.rs", line: 505, col: 58 })
2024-06-04T16:00:34.393630Z  INFO VirtualDom::wait_for_work:VirtualDom::process_events:VirtualDom::poll_tasks: dioxus_core::tasks: Polling task Task { id: 3, unsend: PhantomData<*const ()> }
2024-06-04T16:00:34.393714Z  INFO VirtualDom::wait_for_work:VirtualDom::process_events:VirtualDom::poll_tasks: dioxus_core::tasks: Task Task { id: 3, unsend: PhantomData<*const ()> } finished with result Pending
2024-06-04T16:00:34.393742Z TRACE VirtualDom::wait_for_work:VirtualDom::process_events:VirtualDom::poll_tasks: dioxus_core::virtual_dom: Marking scope ScopeId(4, "Doggo") as dirty
2024-06-04T16:00:34.393917Z TRACE VirtualDom::render_immediate:render{scope=Doggo}: dioxus_signals::signal: Subscribing to the reactive context ReactiveContext(for scope: ScopeId(4, "Doggo"))
2024-06-04T16:00:34.393963Z TRACE VirtualDom::render_immediate:render{scope=Doggo}: dioxus_signals::signal: Subscribing to the reactive context ReactiveContext(for scope: ScopeId(4, "Doggo"))
2024-06-04T16:00:34.394005Z TRACE VirtualDom::render_immediate:render{scope=Doggo}: dioxus_core::scope_context: looking for context dioxus_core::suspense::SuspenseContext (TypeId { t: (4533244013398082440, 10897659798729036060) }) in Doggo
2024-06-04T16:00:34.394027Z TRACE VirtualDom::render_immediate:render{scope=Doggo}: dioxus_core::scope_context: looking for context dioxus_core::suspense::SuspenseContext (TypeId { t: (4533244013398082440, 10897659798729036060) }) in FrozenContext
2024-06-04T16:00:34.394068Z TRACE VirtualDom::render_immediate:render{scope=Doggo}: dioxus_core::scope_context: found context TypeId { t: (9286496122914249738, 8586425926625933774) }
2024-06-04T16:00:34.394093Z TRACE VirtualDom::render_immediate:render{scope=Doggo}: dioxus_core::scope_context: looking for context dioxus_core::suspense::SuspenseContext (TypeId { t: (4533244013398082440, 10897659798729036060) }) in SuspenseBoundary
2024-06-04T16:00:34.394111Z TRACE VirtualDom::render_immediate:render{scope=Doggo}: dioxus_core::scope_context: found context TypeId { t: (4533244013398082440, 10897659798729036060) }
2024-06-04T16:00:34.400141Z TRACE VirtualDom::wait_for_work:VirtualDom::process_events: dioxus_core::virtual_dom: Marking task Task { id: 6, unsend: PhantomData<*const ()> } (spawned in ScopeId(5)) as dirty (called from Location { file: "packages/core/src/virtual_dom.rs", line: 505, col: 58 })
2024-06-04T16:00:34.400209Z  INFO VirtualDom::wait_for_work:VirtualDom::process_events:VirtualDom::poll_tasks: dioxus_core::tasks: Polling task Task { id: 6, unsend: PhantomData<*const ()> }
2024-06-04T16:00:34.400258Z TRACE VirtualDom::wait_for_work:VirtualDom::process_events:VirtualDom::poll_tasks: dioxus_signals::signal: Write on signal at examples/suspense.rs:122:19 finished, updating subscribers
2024-06-04T16:00:34.400298Z TRACE VirtualDom::wait_for_work:VirtualDom::process_events:VirtualDom::poll_tasks: dioxus_signals::reactive_context: Marking reactive context created at packages/signals/src/reactive_context.rs:117:13 as dirty
2024-06-04T16:00:34.400319Z TRACE VirtualDom::wait_for_work:VirtualDom::process_events:VirtualDom::poll_tasks: dioxus_signals::reactive_context: Marking scope ScopeId(5, "LoadingDots") as dirty
2024-06-04T16:00:34.400362Z  INFO VirtualDom::wait_for_work:VirtualDom::process_events:VirtualDom::poll_tasks: dioxus_core::tasks: Task Task { id: 6, unsend: PhantomData<*const ()> } finished with result Pending
2024-06-04T16:00:34.400387Z TRACE VirtualDom::wait_for_work:VirtualDom::process_events:VirtualDom::poll_tasks: dioxus_core::virtual_dom: Marking scope ScopeId(5, "LoadingDots") as dirty
2024-06-04T16:00:34.400507Z TRACE VirtualDom::render_immediate:render{scope=LoadingDots}: dioxus_signals::signal: Subscribing to the reactive context ReactiveContext(for scope: ScopeId(5, "LoadingDots"))
2024-06-04T16:00:34.400561Z TRACE VirtualDom::render_immediate: dioxus_core::scope_context: looking for context dioxus_core::suspense::FrozenContext (TypeId { t: (9286496122914249738, 8586425926625933774) }) in LoadingDots
2024-06-04T16:00:34.400588Z TRACE VirtualDom::render_immediate: dioxus_core::scope_context: looking for context dioxus_core::suspense::FrozenContext (TypeId { t: (9286496122914249738, 8586425926625933774) }) in SuspenseBoundary
2024-06-04T16:00:34.400606Z TRACE VirtualDom::render_immediate: dioxus_core::scope_context: found context TypeId { t: (4533244013398082440, 10897659798729036060) }
2024-06-04T16:00:34.400621Z TRACE VirtualDom::render_immediate: dioxus_core::scope_context: looking for context dioxus_core::suspense::FrozenContext (TypeId { t: (9286496122914249738, 8586425926625933774) }) in app
2024-06-04T16:00:34.400637Z TRACE VirtualDom::render_immediate: dioxus_core::scope_context: found context TypeId { t: (3582638416876954437, 3810890675802792692) }
2024-06-04T16:00:34.400653Z TRACE VirtualDom::render_immediate: dioxus_core::scope_context: found context TypeId { t: (7946844621057603534, 4355211565432133561) }
2024-06-04T16:00:34.400670Z TRACE VirtualDom::render_immediate: dioxus_core::scope_context: found context TypeId { t: (10682502755203913650, 15985576721215419306) }
2024-06-04T16:00:34.400685Z TRACE VirtualDom::render_immediate: dioxus_core::scope_context: context dioxus_core::suspense::FrozenContext (TypeId { t: (9286496122914249738, 8586425926625933774) }) not found
2024-06-04T16:00:34.400717Z TRACE VirtualDom::render_immediate: dioxus_core::diff::node: moving mount self=VNode { vnode: VNodeInner { key: None, template: Cell { value: Template { name: "examples/suspense.rs:127:5:4128", roots: [Dynamic { id: 0 }], node_paths: [[0]], attr_paths: [] } }, dynamic_nodes: [Text(VText { value: "..." })], dynamic_attrs: [] }, mount: Cell { value: MountId(7) } } new=VNode { vnode: VNodeInner { key: None, template: Cell { value: Template { name: "examples/suspense.rs:127:5:4128", roots: [Dynamic { id: 0 }], node_paths: [[0]], attr_paths: [] } }, dynamic_nodes: [Text(VText { value: "" })], dynamic_attrs: [] }, mount: Cell { value: MountId(7) } }
2024-06-04T16:00:34.400764Z TRACE VirtualDom::render_immediate: dioxus_core::diff::node: mount id: MountId(7)
2024-06-04T16:00:34.400779Z TRACE VirtualDom::render_immediate: dioxus_core::diff::node: mounts: Slab { len: 8, cap: 8 }
2024-06-04T16:00:34.447238Z TRACE VirtualDom::wait_for_work:VirtualDom::process_events: dioxus_core::virtual_dom: Marking task Task { id: 0, unsend: PhantomData<*const ()> } (spawned in ScopeId(3)) as dirty (called from Location { file: "packages/core/src/virtual_dom.rs", line: 505, col: 58 })
2024-06-04T16:00:34.447372Z  INFO VirtualDom::wait_for_work:VirtualDom::process_events:VirtualDom::poll_tasks: dioxus_core::tasks: Polling task Task { id: 0, unsend: PhantomData<*const ()> }
2024-06-04T16:00:34.447449Z  INFO VirtualDom::wait_for_work:VirtualDom::process_events:VirtualDom::poll_tasks: dioxus_core::tasks: Task Task { id: 0, unsend: PhantomData<*const ()> } finished with result Pending
2024-06-04T16:00:34.447481Z TRACE VirtualDom::wait_for_work:VirtualDom::process_events:VirtualDom::poll_tasks: dioxus_core::virtual_dom: Marking scope ScopeId(3, "Doggo") as dirty
2024-06-04T16:00:34.447632Z TRACE VirtualDom::render_immediate:render{scope=Doggo}: dioxus_signals::signal: Subscribing to the reactive context ReactiveContext(for scope: ScopeId(3, "Doggo"))
2024-06-04T16:00:34.447689Z TRACE VirtualDom::render_immediate:render{scope=Doggo}: dioxus_signals::signal: Subscribing to the reactive context ReactiveContext(for scope: ScopeId(3, "Doggo"))
2024-06-04T16:00:34.447726Z TRACE VirtualDom::render_immediate:render{scope=Doggo}: dioxus_core::scope_context: looking for context dioxus_core::suspense::SuspenseContext (TypeId { t: (4533244013398082440, 10897659798729036060) }) in Doggo
2024-06-04T16:00:34.447749Z TRACE VirtualDom::render_immediate:render{scope=Doggo}: dioxus_core::scope_context: looking for context dioxus_core::suspense::SuspenseContext (TypeId { t: (4533244013398082440, 10897659798729036060) }) in FrozenContext
2024-06-04T16:00:34.447769Z TRACE VirtualDom::render_immediate:render{scope=Doggo}: dioxus_core::scope_context: found context TypeId { t: (9286496122914249738, 8586425926625933774) }
2024-06-04T16:00:34.447788Z TRACE VirtualDom::render_immediate:render{scope=Doggo}: dioxus_core::scope_context: looking for context dioxus_core::suspense::SuspenseContext (TypeId { t: (4533244013398082440, 10897659798729036060) }) in SuspenseBoundary
2024-06-04T16:00:34.447807Z TRACE VirtualDom::render_immediate:render{scope=Doggo}: dioxus_core::scope_context: found context TypeId { t: (4533244013398082440, 10897659798729036060) }
2024-06-04T16:00:34.495348Z TRACE VirtualDom::wait_for_work:VirtualDom::process_events: dioxus_core::virtual_dom: Marking task Task { id: 3, unsend: PhantomData<*const ()> } (spawned in ScopeId(4)) as dirty (called from Location { file: "packages/core/src/virtual_dom.rs", line: 505, col: 58 })
2024-06-04T16:00:34.495496Z  INFO VirtualDom::wait_for_work:VirtualDom::process_events:VirtualDom::poll_tasks: dioxus_core::tasks: Polling task Task { id: 3, unsend: PhantomData<*const ()> }
2024-06-04T16:00:34.495582Z  INFO VirtualDom::wait_for_work:VirtualDom::process_events:VirtualDom::poll_tasks: dioxus_core::tasks: Task Task { id: 3, unsend: PhantomData<*const ()> } finished with result Pending
2024-06-04T16:00:34.495614Z TRACE VirtualDom::wait_for_work:VirtualDom::process_events:VirtualDom::poll_tasks: dioxus_core::virtual_dom: Marking scope ScopeId(4, "Doggo") as dirty
2024-06-04T16:00:34.495878Z TRACE VirtualDom::render_immediate:render{scope=Doggo}: dioxus_signals::signal: Subscribing to the reactive context ReactiveContext(for scope: ScopeId(4, "Doggo"))
2024-06-04T16:00:34.495926Z TRACE VirtualDom::render_immediate:render{scope=Doggo}: dioxus_signals::signal: Subscribing to the reactive context ReactiveContext(for scope: ScopeId(4, "Doggo"))
2024-06-04T16:00:34.495969Z TRACE VirtualDom::render_immediate:render{scope=Doggo}: dioxus_core::scope_context: looking for context dioxus_core::suspense::SuspenseContext (TypeId { t: (4533244013398082440, 10897659798729036060) }) in Doggo
2024-06-04T16:00:34.496000Z TRACE VirtualDom::render_immediate:render{scope=Doggo}: dioxus_core::scope_context: looking for context dioxus_core::suspense::SuspenseContext (TypeId { t: (4533244013398082440, 10897659798729036060) }) in FrozenContext
2024-06-04T16:00:34.496020Z TRACE VirtualDom::render_immediate:render{scope=Doggo}: dioxus_core::scope_context: found context TypeId { t: (9286496122914249738, 8586425926625933774) }
2024-06-04T16:00:34.496095Z TRACE VirtualDom::render_immediate:render{scope=Doggo}: dioxus_core::scope_context: looking for context dioxus_core::suspense::SuspenseContext (TypeId { t: (4533244013398082440, 10897659798729036060) }) in SuspenseBoundary
2024-06-04T16:00:34.496114Z TRACE VirtualDom::render_immediate:render{scope=Doggo}: dioxus_core::scope_context: found context TypeId { t: (4533244013398082440, 10897659798729036060) }
2024-06-04T16:00:34.548740Z TRACE VirtualDom::wait_for_work:VirtualDom::process_events: dioxus_core::virtual_dom: Marking task Task { id: 0, unsend: PhantomData<*const ()> } (spawned in ScopeId(3)) as dirty (called from Location { file: "packages/core/src/virtual_dom.rs", line: 505, col: 58 })
2024-06-04T16:00:34.548891Z  INFO VirtualDom::wait_for_work:VirtualDom::process_events:VirtualDom::poll_tasks: dioxus_core::tasks: Polling task Task { id: 0, unsend: PhantomData<*const ()> }
2024-06-04T16:00:34.548992Z  INFO VirtualDom::wait_for_work:VirtualDom::process_events:VirtualDom::poll_tasks: dioxus_core::tasks: Task Task { id: 0, unsend: PhantomData<*const ()> } finished with result Pending
2024-06-04T16:00:34.549024Z TRACE VirtualDom::wait_for_work:VirtualDom::process_events:VirtualDom::poll_tasks: dioxus_core::virtual_dom: Marking scope ScopeId(3, "Doggo") as dirty
2024-06-04T16:00:34.549183Z TRACE VirtualDom::render_immediate:render{scope=Doggo}: dioxus_signals::signal: Subscribing to the reactive context ReactiveContext(for scope: ScopeId(3, "Doggo"))
2024-06-04T16:00:34.549229Z TRACE VirtualDom::render_immediate:render{scope=Doggo}: dioxus_signals::signal: Subscribing to the reactive context ReactiveContext(for scope: ScopeId(3, "Doggo"))
2024-06-04T16:00:34.549276Z TRACE VirtualDom::render_immediate:render{scope=Doggo}: dioxus_core::scope_context: looking for context dioxus_core::suspense::SuspenseContext (TypeId { t: (4533244013398082440, 10897659798729036060) }) in Doggo
2024-06-04T16:00:34.549301Z TRACE VirtualDom::render_immediate:render{scope=Doggo}: dioxus_core::scope_context: looking for context dioxus_core::suspense::SuspenseContext (TypeId { t: (4533244013398082440, 10897659798729036060) }) in FrozenContext
2024-06-04T16:00:34.549320Z TRACE VirtualDom::render_immediate:render{scope=Doggo}: dioxus_core::scope_context: found context TypeId { t: (9286496122914249738, 8586425926625933774) }
2024-06-04T16:00:34.549339Z TRACE VirtualDom::render_immediate:render{scope=Doggo}: dioxus_core::scope_context: looking for context dioxus_core::suspense::SuspenseContext (TypeId { t: (4533244013398082440, 10897659798729036060) }) in SuspenseBoundary
2024-06-04T16:00:34.549359Z TRACE VirtualDom::render_immediate:render{scope=Doggo}: dioxus_core::scope_context: found context TypeId { t: (4533244013398082440, 10897659798729036060) }
2024-06-04T16:00:34.597807Z TRACE VirtualDom::wait_for_work:VirtualDom::process_events: dioxus_core::virtual_dom: Marking task Task { id: 3, unsend: PhantomData<*const ()> } (spawned in ScopeId(4)) as dirty (called from Location { file: "packages/core/src/virtual_dom.rs", line: 505, col: 58 })
2024-06-04T16:00:34.597905Z  INFO VirtualDom::wait_for_work:VirtualDom::process_events:VirtualDom::poll_tasks: dioxus_core::tasks: Polling task Task { id: 3, unsend: PhantomData<*const ()> }
2024-06-04T16:00:34.597979Z  INFO VirtualDom::wait_for_work:VirtualDom::process_events:VirtualDom::poll_tasks: dioxus_core::tasks: Task Task { id: 3, unsend: PhantomData<*const ()> } finished with result Pending
2024-06-04T16:00:34.598009Z TRACE VirtualDom::wait_for_work:VirtualDom::process_events:VirtualDom::poll_tasks: dioxus_core::virtual_dom: Marking scope ScopeId(4, "Doggo") as dirty
2024-06-04T16:00:34.598162Z TRACE VirtualDom::render_immediate:render{scope=Doggo}: dioxus_signals::signal: Subscribing to the reactive context ReactiveContext(for scope: ScopeId(4, "Doggo"))
2024-06-04T16:00:34.598206Z TRACE VirtualDom::render_immediate:render{scope=Doggo}: dioxus_signals::signal: Subscribing to the reactive context ReactiveContext(for scope: ScopeId(4, "Doggo"))
2024-06-04T16:00:34.598239Z TRACE VirtualDom::render_immediate:render{scope=Doggo}: dioxus_core::scope_context: looking for context dioxus_core::suspense::SuspenseContext (TypeId { t: (4533244013398082440, 10897659798729036060) }) in Doggo
2024-06-04T16:00:34.598264Z TRACE VirtualDom::render_immediate:render{scope=Doggo}: dioxus_core::scope_context: looking for context dioxus_core::suspense::SuspenseContext (TypeId { t: (4533244013398082440, 10897659798729036060) }) in FrozenContext
2024-06-04T16:00:34.598284Z TRACE VirtualDom::render_immediate:render{scope=Doggo}: dioxus_core::scope_context: found context TypeId { t: (9286496122914249738, 8586425926625933774) }
2024-06-04T16:00:34.598303Z TRACE VirtualDom::render_immediate:render{scope=Doggo}: dioxus_core::scope_context: looking for context dioxus_core::suspense::SuspenseContext (TypeId { t: (4533244013398082440, 10897659798729036060) }) in SuspenseBoundary
2024-06-04T16:00:34.598321Z TRACE VirtualDom::render_immediate:render{scope=Doggo}: dioxus_core::scope_context: found context TypeId { t: (4533244013398082440, 10897659798729036060) }
2024-06-04T16:00:34.602310Z TRACE VirtualDom::wait_for_work:VirtualDom::process_events: dioxus_core::virtual_dom: Marking task Task { id: 6, unsend: PhantomData<*const ()> } (spawned in ScopeId(5)) as dirty (called from Location { file: "packages/core/src/virtual_dom.rs", line: 505, col: 58 })
2024-06-04T16:00:34.602362Z  INFO VirtualDom::wait_for_work:VirtualDom::process_events:VirtualDom::poll_tasks: dioxus_core::tasks: Polling task Task { id: 6, unsend: PhantomData<*const ()> }
2024-06-04T16:00:34.602404Z TRACE VirtualDom::wait_for_work:VirtualDom::process_events:VirtualDom::poll_tasks: dioxus_signals::signal: Write on signal at examples/suspense.rs:122:19 finished, updating subscribers
2024-06-04T16:00:34.602438Z TRACE VirtualDom::wait_for_work:VirtualDom::process_events:VirtualDom::poll_tasks: dioxus_signals::reactive_context: Marking reactive context created at packages/signals/src/reactive_context.rs:117:13 as dirty
2024-06-04T16:00:34.602458Z TRACE VirtualDom::wait_for_work:VirtualDom::process_events:VirtualDom::poll_tasks: dioxus_signals::reactive_context: Marking scope ScopeId(5, "LoadingDots") as dirty
2024-06-04T16:00:34.602498Z  INFO VirtualDom::wait_for_work:VirtualDom::process_events:VirtualDom::poll_tasks: dioxus_core::tasks: Task Task { id: 6, unsend: PhantomData<*const ()> } finished with result Pending
2024-06-04T16:00:34.602520Z TRACE VirtualDom::wait_for_work:VirtualDom::process_events:VirtualDom::poll_tasks: dioxus_core::virtual_dom: Marking scope ScopeId(5, "LoadingDots") as dirty
2024-06-04T16:00:34.602629Z TRACE VirtualDom::render_immediate:render{scope=LoadingDots}: dioxus_signals::signal: Subscribing to the reactive context ReactiveContext(for scope: ScopeId(5, "LoadingDots"))
2024-06-04T16:00:34.602674Z TRACE VirtualDom::render_immediate: dioxus_core::scope_context: looking for context dioxus_core::suspense::FrozenContext (TypeId { t: (9286496122914249738, 8586425926625933774) }) in LoadingDots
2024-06-04T16:00:34.602694Z TRACE VirtualDom::render_immediate: dioxus_core::scope_context: looking for context dioxus_core::suspense::FrozenContext (TypeId { t: (9286496122914249738, 8586425926625933774) }) in SuspenseBoundary
2024-06-04T16:00:34.602711Z TRACE VirtualDom::render_immediate: dioxus_core::scope_context: found context TypeId { t: (4533244013398082440, 10897659798729036060) }
2024-06-04T16:00:34.602727Z TRACE VirtualDom::render_immediate: dioxus_core::scope_context: looking for context dioxus_core::suspense::FrozenContext (TypeId { t: (9286496122914249738, 8586425926625933774) }) in app
2024-06-04T16:00:34.602742Z TRACE VirtualDom::render_immediate: dioxus_core::scope_context: found context TypeId { t: (3582638416876954437, 3810890675802792692) }
2024-06-04T16:00:34.602758Z TRACE VirtualDom::render_immediate: dioxus_core::scope_context: found context TypeId { t: (7946844621057603534, 4355211565432133561) }
2024-06-04T16:00:34.602772Z TRACE VirtualDom::render_immediate: dioxus_core::scope_context: found context TypeId { t: (10682502755203913650, 15985576721215419306) }
2024-06-04T16:00:34.602787Z TRACE VirtualDom::render_immediate: dioxus_core::scope_context: context dioxus_core::suspense::FrozenContext (TypeId { t: (9286496122914249738, 8586425926625933774) }) not found
2024-06-04T16:00:34.602818Z TRACE VirtualDom::render_immediate: dioxus_core::diff::node: moving mount self=VNode { vnode: VNodeInner { key: None, template: Cell { value: Template { name: "examples/suspense.rs:127:5:4128", roots: [Dynamic { id: 0 }], node_paths: [[0]], attr_paths: [] } }, dynamic_nodes: [Text(VText { value: "" })], dynamic_attrs: [] }, mount: Cell { value: MountId(7) } } new=VNode { vnode: VNodeInner { key: None, template: Cell { value: Template { name: "examples/suspense.rs:127:5:4128", roots: [Dynamic { id: 0 }], node_paths: [[0]], attr_paths: [] } }, dynamic_nodes: [Text(VText { value: "." })], dynamic_attrs: [] }, mount: Cell { value: MountId(7) } }
2024-06-04T16:00:34.602861Z TRACE VirtualDom::render_immediate: dioxus_core::diff::node: mount id: MountId(7)
2024-06-04T16:00:34.602875Z TRACE VirtualDom::render_immediate: dioxus_core::diff::node: mounts: Slab { len: 8, cap: 8 }
2024-06-04T16:00:34.650247Z TRACE VirtualDom::wait_for_work:VirtualDom::process_events: dioxus_core::virtual_dom: Marking task Task { id: 0, unsend: PhantomData<*const ()> } (spawned in ScopeId(3)) as dirty (called from Location { file: "packages/core/src/virtual_dom.rs", line: 505, col: 58 })
2024-06-04T16:00:34.650392Z  INFO VirtualDom::wait_for_work:VirtualDom::process_events:VirtualDom::poll_tasks: dioxus_core::tasks: Polling task Task { id: 0, unsend: PhantomData<*const ()> }
2024-06-04T16:00:34.650476Z  INFO VirtualDom::wait_for_work:VirtualDom::process_events:VirtualDom::poll_tasks: dioxus_core::tasks: Task Task { id: 0, unsend: PhantomData<*const ()> } finished with result Pending
2024-06-04T16:00:34.650506Z TRACE VirtualDom::wait_for_work:VirtualDom::process_events:VirtualDom::poll_tasks: dioxus_core::virtual_dom: Marking scope ScopeId(3, "Doggo") as dirty
2024-06-04T16:00:34.650678Z TRACE VirtualDom::render_immediate:render{scope=Doggo}: dioxus_signals::signal: Subscribing to the reactive context ReactiveContext(for scope: ScopeId(3, "Doggo"))
2024-06-04T16:00:34.650728Z TRACE VirtualDom::render_immediate:render{scope=Doggo}: dioxus_signals::signal: Subscribing to the reactive context ReactiveContext(for scope: ScopeId(3, "Doggo"))
2024-06-04T16:00:34.650766Z TRACE VirtualDom::render_immediate:render{scope=Doggo}: dioxus_core::scope_context: looking for context dioxus_core::suspense::SuspenseContext (TypeId { t: (4533244013398082440, 10897659798729036060) }) in Doggo
2024-06-04T16:00:34.650789Z TRACE VirtualDom::render_immediate:render{scope=Doggo}: dioxus_core::scope_context: looking for context dioxus_core::suspense::SuspenseContext (TypeId { t: (4533244013398082440, 10897659798729036060) }) in FrozenContext
2024-06-04T16:00:34.650809Z TRACE VirtualDom::render_immediate:render{scope=Doggo}: dioxus_core::scope_context: found context TypeId { t: (9286496122914249738, 8586425926625933774) }
2024-06-04T16:00:34.650828Z TRACE VirtualDom::render_immediate:render{scope=Doggo}: dioxus_core::scope_context: looking for context dioxus_core::suspense::SuspenseContext (TypeId { t: (4533244013398082440, 10897659798729036060) }) in SuspenseBoundary
2024-06-04T16:00:34.650846Z TRACE VirtualDom::render_immediate:render{scope=Doggo}: dioxus_core::scope_context: found context TypeId { t: (4533244013398082440, 10897659798729036060) }
2024-06-04T16:00:34.699287Z TRACE VirtualDom::wait_for_work:VirtualDom::process_events: dioxus_core::virtual_dom: Marking task Task { id: 3, unsend: PhantomData<*const ()> } (spawned in ScopeId(4)) as dirty (called from Location { file: "packages/core/src/virtual_dom.rs", line: 505, col: 58 })
2024-06-04T16:00:34.699407Z  INFO VirtualDom::wait_for_work:VirtualDom::process_events:VirtualDom::poll_tasks: dioxus_core::tasks: Polling task Task { id: 3, unsend: PhantomData<*const ()> }
2024-06-04T16:00:34.699488Z  INFO VirtualDom::wait_for_work:VirtualDom::process_events:VirtualDom::poll_tasks: dioxus_core::tasks: Task Task { id: 3, unsend: PhantomData<*const ()> } finished with result Pending
2024-06-04T16:00:34.699526Z TRACE VirtualDom::wait_for_work:VirtualDom::process_events:VirtualDom::poll_tasks: dioxus_core::virtual_dom: Marking scope ScopeId(4, "Doggo") as dirty
2024-06-04T16:00:34.699685Z TRACE VirtualDom::render_immediate:render{scope=Doggo}: dioxus_signals::signal: Subscribing to the reactive context ReactiveContext(for scope: ScopeId(4, "Doggo"))
2024-06-04T16:00:34.699733Z TRACE VirtualDom::render_immediate:render{scope=Doggo}: dioxus_signals::signal: Subscribing to the reactive context ReactiveContext(for scope: ScopeId(4, "Doggo"))
2024-06-04T16:00:34.699769Z TRACE VirtualDom::render_immediate:render{scope=Doggo}: dioxus_core::scope_context: looking for context dioxus_core::suspense::SuspenseContext (TypeId { t: (4533244013398082440, 10897659798729036060) }) in Doggo
2024-06-04T16:00:34.699793Z TRACE VirtualDom::render_immediate:render{scope=Doggo}: dioxus_core::scope_context: looking for context dioxus_core::suspense::SuspenseContext (TypeId { t: (4533244013398082440, 10897659798729036060) }) in FrozenContext
2024-06-04T16:00:34.699813Z TRACE VirtualDom::render_immediate:render{scope=Doggo}: dioxus_core::scope_context: found context TypeId { t: (9286496122914249738, 8586425926625933774) }
2024-06-04T16:00:34.699830Z TRACE VirtualDom::render_immediate:render{scope=Doggo}: dioxus_core::scope_context: looking for context dioxus_core::suspense::SuspenseContext (TypeId { t: (4533244013398082440, 10897659798729036060) }) in SuspenseBoundary
2024-06-04T16:00:34.699849Z TRACE VirtualDom::render_immediate:render{scope=Doggo}: dioxus_core::scope_context: found context TypeId { t: (4533244013398082440, 10897659798729036060) }
2024-06-04T16:00:34.752008Z TRACE VirtualDom::wait_for_work:VirtualDom::process_events: dioxus_core::virtual_dom: Marking task Task { id: 0, unsend: PhantomData<*const ()> } (spawned in ScopeId(3)) as dirty (called from Location { file: "packages/core/src/virtual_dom.rs", line: 505, col: 58 })
2024-06-04T16:00:34.752136Z  INFO VirtualDom::wait_for_work:VirtualDom::process_events:VirtualDom::poll_tasks: dioxus_core::tasks: Polling task Task { id: 0, unsend: PhantomData<*const ()> }
2024-06-04T16:00:34.752213Z  INFO VirtualDom::wait_for_work:VirtualDom::process_events:VirtualDom::poll_tasks: dioxus_core::tasks: Task Task { id: 0, unsend: PhantomData<*const ()> } finished with result Pending
2024-06-04T16:00:34.752246Z TRACE VirtualDom::wait_for_work:VirtualDom::process_events:VirtualDom::poll_tasks: dioxus_core::virtual_dom: Marking scope ScopeId(3, "Doggo") as dirty
2024-06-04T16:00:34.752408Z TRACE VirtualDom::render_immediate:render{scope=Doggo}: dioxus_signals::signal: Subscribing to the reactive context ReactiveContext(for scope: ScopeId(3, "Doggo"))
2024-06-04T16:00:34.752459Z TRACE VirtualDom::render_immediate:render{scope=Doggo}: dioxus_signals::signal: Subscribing to the reactive context ReactiveContext(for scope: ScopeId(3, "Doggo"))
2024-06-04T16:00:34.752495Z TRACE VirtualDom::render_immediate:render{scope=Doggo}: dioxus_core::scope_context: looking for context dioxus_core::suspense::SuspenseContext (TypeId { t: (4533244013398082440, 10897659798729036060) }) in Doggo
2024-06-04T16:00:34.752520Z TRACE VirtualDom::render_immediate:render{scope=Doggo}: dioxus_core::scope_context: looking for context dioxus_core::suspense::SuspenseContext (TypeId { t: (4533244013398082440, 10897659798729036060) }) in FrozenContext
2024-06-04T16:00:34.752541Z TRACE VirtualDom::render_immediate:render{scope=Doggo}: dioxus_core::scope_context: found context TypeId { t: (9286496122914249738, 8586425926625933774) }
2024-06-04T16:00:34.752559Z TRACE VirtualDom::render_immediate:render{scope=Doggo}: dioxus_core::scope_context: looking for context dioxus_core::suspense::SuspenseContext (TypeId { t: (4533244013398082440, 10897659798729036060) }) in SuspenseBoundary
2024-06-04T16:00:34.752578Z TRACE VirtualDom::render_immediate:render{scope=Doggo}: dioxus_core::scope_context: found context TypeId { t: (4533244013398082440, 10897659798729036060) }
2024-06-04T16:00:34.802089Z TRACE VirtualDom::wait_for_work:VirtualDom::process_events: dioxus_core::virtual_dom: Marking task Task { id: 3, unsend: PhantomData<*const ()> } (spawned in ScopeId(4)) as dirty (called from Location { file: "packages/core/src/virtual_dom.rs", line: 505, col: 58 })
2024-06-04T16:00:34.802197Z  INFO VirtualDom::wait_for_work:VirtualDom::process_events:VirtualDom::poll_tasks: dioxus_core::tasks: Polling task Task { id: 3, unsend: PhantomData<*const ()> }
2024-06-04T16:00:34.802279Z  INFO VirtualDom::wait_for_work:VirtualDom::process_events:VirtualDom::poll_tasks: dioxus_core::tasks: Task Task { id: 3, unsend: PhantomData<*const ()> } finished with result Pending
2024-06-04T16:00:34.802313Z TRACE VirtualDom::wait_for_work:VirtualDom::process_events:VirtualDom::poll_tasks: dioxus_core::virtual_dom: Marking scope ScopeId(4, "Doggo") as dirty
2024-06-04T16:00:34.802481Z TRACE VirtualDom::render_immediate:render{scope=Doggo}: dioxus_signals::signal: Subscribing to the reactive context ReactiveContext(for scope: ScopeId(4, "Doggo"))
2024-06-04T16:00:34.802530Z TRACE VirtualDom::render_immediate:render{scope=Doggo}: dioxus_signals::signal: Subscribing to the reactive context ReactiveContext(for scope: ScopeId(4, "Doggo"))
2024-06-04T16:00:34.802570Z TRACE VirtualDom::render_immediate:render{scope=Doggo}: dioxus_core::scope_context: looking for context dioxus_core::suspense::SuspenseContext (TypeId { t: (4533244013398082440, 10897659798729036060) }) in Doggo
2024-06-04T16:00:34.802599Z TRACE VirtualDom::render_immediate:render{scope=Doggo}: dioxus_core::scope_context: looking for context dioxus_core::suspense::SuspenseContext (TypeId { t: (4533244013398082440, 10897659798729036060) }) in FrozenContext
2024-06-04T16:00:34.802623Z TRACE VirtualDom::render_immediate:render{scope=Doggo}: dioxus_core::scope_context: found context TypeId { t: (9286496122914249738, 8586425926625933774) }
2024-06-04T16:00:34.802645Z TRACE VirtualDom::render_immediate:render{scope=Doggo}: dioxus_core::scope_context: looking for context dioxus_core::suspense::SuspenseContext (TypeId { t: (4533244013398082440, 10897659798729036060) }) in SuspenseBoundary
2024-06-04T16:00:34.802668Z TRACE VirtualDom::render_immediate:render{scope=Doggo}: dioxus_core::scope_context: found context TypeId { t: (4533244013398082440, 10897659798729036060) }
2024-06-04T16:00:34.804366Z TRACE VirtualDom::wait_for_work:VirtualDom::process_events: dioxus_core::virtual_dom: Marking task Task { id: 6, unsend: PhantomData<*const ()> } (spawned in ScopeId(5)) as dirty (called from Location { file: "packages/core/src/virtual_dom.rs", line: 505, col: 58 })
2024-06-04T16:00:34.804443Z  INFO VirtualDom::wait_for_work:VirtualDom::process_events:VirtualDom::poll_tasks: dioxus_core::tasks: Polling task Task { id: 6, unsend: PhantomData<*const ()> }
2024-06-04T16:00:34.804504Z TRACE VirtualDom::wait_for_work:VirtualDom::process_events:VirtualDom::poll_tasks: dioxus_signals::signal: Write on signal at examples/suspense.rs:122:19 finished, updating subscribers
2024-06-04T16:00:34.804545Z TRACE VirtualDom::wait_for_work:VirtualDom::process_events:VirtualDom::poll_tasks: dioxus_signals::reactive_context: Marking reactive context created at packages/signals/src/reactive_context.rs:117:13 as dirty
2024-06-04T16:00:34.804568Z TRACE VirtualDom::wait_for_work:VirtualDom::process_events:VirtualDom::poll_tasks: dioxus_signals::reactive_context: Marking scope ScopeId(5, "LoadingDots") as dirty
2024-06-04T16:00:34.804615Z  INFO VirtualDom::wait_for_work:VirtualDom::process_events:VirtualDom::poll_tasks: dioxus_core::tasks: Task Task { id: 6, unsend: PhantomData<*const ()> } finished with result Pending
2024-06-04T16:00:34.804644Z TRACE VirtualDom::wait_for_work:VirtualDom::process_events:VirtualDom::poll_tasks: dioxus_core::virtual_dom: Marking scope ScopeId(5, "LoadingDots") as dirty
2024-06-04T16:00:34.804759Z TRACE VirtualDom::render_immediate:render{scope=LoadingDots}: dioxus_signals::signal: Subscribing to the reactive context ReactiveContext(for scope: ScopeId(5, "LoadingDots"))
2024-06-04T16:00:34.804819Z TRACE VirtualDom::render_immediate: dioxus_core::scope_context: looking for context dioxus_core::suspense::FrozenContext (TypeId { t: (9286496122914249738, 8586425926625933774) }) in LoadingDots
2024-06-04T16:00:34.804842Z TRACE VirtualDom::render_immediate: dioxus_core::scope_context: looking for context dioxus_core::suspense::FrozenContext (TypeId { t: (9286496122914249738, 8586425926625933774) }) in SuspenseBoundary
2024-06-04T16:00:34.804859Z TRACE VirtualDom::render_immediate: dioxus_core::scope_context: found context TypeId { t: (4533244013398082440, 10897659798729036060) }
2024-06-04T16:00:34.804875Z TRACE VirtualDom::render_immediate: dioxus_core::scope_context: looking for context dioxus_core::suspense::FrozenContext (TypeId { t: (9286496122914249738, 8586425926625933774) }) in app
2024-06-04T16:00:34.804891Z TRACE VirtualDom::render_immediate: dioxus_core::scope_context: found context TypeId { t: (3582638416876954437, 3810890675802792692) }
2024-06-04T16:00:34.804907Z TRACE VirtualDom::render_immediate: dioxus_core::scope_context: found context TypeId { t: (7946844621057603534, 4355211565432133561) }
2024-06-04T16:00:34.804922Z TRACE VirtualDom::render_immediate: dioxus_core::scope_context: found context TypeId { t: (10682502755203913650, 15985576721215419306) }
2024-06-04T16:00:34.804964Z TRACE VirtualDom::render_immediate: dioxus_core::scope_context: context dioxus_core::suspense::FrozenContext (TypeId { t: (9286496122914249738, 8586425926625933774) }) not found
2024-06-04T16:00:34.804994Z TRACE VirtualDom::render_immediate: dioxus_core::diff::node: moving mount self=VNode { vnode: VNodeInner { key: None, template: Cell { value: Template { name: "examples/suspense.rs:127:5:4128", roots: [Dynamic { id: 0 }], node_paths: [[0]], attr_paths: [] } }, dynamic_nodes: [Text(VText { value: "." })], dynamic_attrs: [] }, mount: Cell { value: MountId(7) } } new=VNode { vnode: VNodeInner { key: None, template: Cell { value: Template { name: "examples/suspense.rs:127:5:4128", roots: [Dynamic { id: 0 }], node_paths: [[0]], attr_paths: [] } }, dynamic_nodes: [Text(VText { value: ".." })], dynamic_attrs: [] }, mount: Cell { value: MountId(7) } }
2024-06-04T16:00:34.805038Z TRACE VirtualDom::render_immediate: dioxus_core::diff::node: mount id: MountId(7)
2024-06-04T16:00:34.805052Z TRACE VirtualDom::render_immediate: dioxus_core::diff::node: mounts: Slab { len: 8, cap: 8 }
2024-06-04T16:00:34.854451Z TRACE VirtualDom::wait_for_work:VirtualDom::process_events: dioxus_core::virtual_dom: Marking task Task { id: 0, unsend: PhantomData<*const ()> } (spawned in ScopeId(3)) as dirty (called from Location { file: "packages/core/src/virtual_dom.rs", line: 505, col: 58 })
2024-06-04T16:00:34.854577Z  INFO VirtualDom::wait_for_work:VirtualDom::process_events:VirtualDom::poll_tasks: dioxus_core::tasks: Polling task Task { id: 0, unsend: PhantomData<*const ()> }
2024-06-04T16:00:34.854661Z  INFO VirtualDom::wait_for_work:VirtualDom::process_events:VirtualDom::poll_tasks: dioxus_core::tasks: Task Task { id: 0, unsend: PhantomData<*const ()> } finished with result Pending
2024-06-04T16:00:34.854698Z TRACE VirtualDom::wait_for_work:VirtualDom::process_events:VirtualDom::poll_tasks: dioxus_core::virtual_dom: Marking scope ScopeId(3, "Doggo") as dirty
2024-06-04T16:00:34.854866Z TRACE VirtualDom::render_immediate:render{scope=Doggo}: dioxus_signals::signal: Subscribing to the reactive context ReactiveContext(for scope: ScopeId(3, "Doggo"))
2024-06-04T16:00:34.854916Z TRACE VirtualDom::render_immediate:render{scope=Doggo}: dioxus_signals::signal: Subscribing to the reactive context ReactiveContext(for scope: ScopeId(3, "Doggo"))
2024-06-04T16:00:34.854958Z TRACE VirtualDom::render_immediate:render{scope=Doggo}: dioxus_core::scope_context: looking for context dioxus_core::suspense::SuspenseContext (TypeId { t: (4533244013398082440, 10897659798729036060) }) in Doggo
2024-06-04T16:00:34.854998Z TRACE VirtualDom::render_immediate:render{scope=Doggo}: dioxus_core::scope_context: looking for context dioxus_core::suspense::SuspenseContext (TypeId { t: (4533244013398082440, 10897659798729036060) }) in FrozenContext
2024-06-04T16:00:34.855018Z TRACE VirtualDom::render_immediate:render{scope=Doggo}: dioxus_core::scope_context: found context TypeId { t: (9286496122914249738, 8586425926625933774) }
2024-06-04T16:00:34.855037Z TRACE VirtualDom::render_immediate:render{scope=Doggo}: dioxus_core::scope_context: looking for context dioxus_core::suspense::SuspenseContext (TypeId { t: (4533244013398082440, 10897659798729036060) }) in SuspenseBoundary
2024-06-04T16:00:34.855056Z TRACE VirtualDom::render_immediate:render{scope=Doggo}: dioxus_core::scope_context: found context TypeId { t: (4533244013398082440, 10897659798729036060) }
2024-06-04T16:00:34.904563Z TRACE VirtualDom::wait_for_work:VirtualDom::process_events: dioxus_core::virtual_dom: Marking task Task { id: 3, unsend: PhantomData<*const ()> } (spawned in ScopeId(4)) as dirty (called from Location { file: "packages/core/src/virtual_dom.rs", line: 505, col: 58 })
2024-06-04T16:00:34.904679Z  INFO VirtualDom::wait_for_work:VirtualDom::process_events:VirtualDom::poll_tasks: dioxus_core::tasks: Polling task Task { id: 3, unsend: PhantomData<*const ()> }
2024-06-04T16:00:34.904754Z  INFO VirtualDom::wait_for_work:VirtualDom::process_events:VirtualDom::poll_tasks: dioxus_core::tasks: Task Task { id: 3, unsend: PhantomData<*const ()> } finished with result Pending
2024-06-04T16:00:34.904789Z TRACE VirtualDom::wait_for_work:VirtualDom::process_events:VirtualDom::poll_tasks: dioxus_core::virtual_dom: Marking scope ScopeId(4, "Doggo") as dirty
2024-06-04T16:00:34.904940Z TRACE VirtualDom::render_immediate:render{scope=Doggo}: dioxus_signals::signal: Subscribing to the reactive context ReactiveContext(for scope: ScopeId(4, "Doggo"))
2024-06-04T16:00:34.904986Z TRACE VirtualDom::render_immediate:render{scope=Doggo}: dioxus_signals::signal: Subscribing to the reactive context ReactiveContext(for scope: ScopeId(4, "Doggo"))
2024-06-04T16:00:34.905020Z TRACE VirtualDom::render_immediate:render{scope=Doggo}: dioxus_core::scope_context: looking for context dioxus_core::suspense::SuspenseContext (TypeId { t: (4533244013398082440, 10897659798729036060) }) in Doggo
2024-06-04T16:00:34.905044Z TRACE VirtualDom::render_immediate:render{scope=Doggo}: dioxus_core::scope_context: looking for context dioxus_core::suspense::SuspenseContext (TypeId { t: (4533244013398082440, 10897659798729036060) }) in FrozenContext
2024-06-04T16:00:34.905065Z TRACE VirtualDom::render_immediate:render{scope=Doggo}: dioxus_core::scope_context: found context TypeId { t: (9286496122914249738, 8586425926625933774) }
2024-06-04T16:00:34.905084Z TRACE VirtualDom::render_immediate:render{scope=Doggo}: dioxus_core::scope_context: looking for context dioxus_core::suspense::SuspenseContext (TypeId { t: (4533244013398082440, 10897659798729036060) }) in SuspenseBoundary
2024-06-04T16:00:34.905103Z TRACE VirtualDom::render_immediate:render{scope=Doggo}: dioxus_core::scope_context: found context TypeId { t: (4533244013398082440, 10897659798729036060) }
2024-06-04T16:00:34.957043Z TRACE VirtualDom::wait_for_work:VirtualDom::process_events: dioxus_core::virtual_dom: Marking task Task { id: 0, unsend: PhantomData<*const ()> } (spawned in ScopeId(3)) as dirty (called from Location { file: "packages/core/src/virtual_dom.rs", line: 505, col: 58 })
2024-06-04T16:00:34.957156Z  INFO VirtualDom::wait_for_work:VirtualDom::process_events:VirtualDom::poll_tasks: dioxus_core::tasks: Polling task Task { id: 0, unsend: PhantomData<*const ()> }
2024-06-04T16:00:34.957242Z  INFO VirtualDom::wait_for_work:VirtualDom::process_events:VirtualDom::poll_tasks: dioxus_core::tasks: Task Task { id: 0, unsend: PhantomData<*const ()> } finished with result Pending
2024-06-04T16:00:34.957276Z TRACE VirtualDom::wait_for_work:VirtualDom::process_events:VirtualDom::poll_tasks: dioxus_core::virtual_dom: Marking scope ScopeId(3, "Doggo") as dirty
2024-06-04T16:00:34.957430Z TRACE VirtualDom::render_immediate:render{scope=Doggo}: dioxus_signals::signal: Subscribing to the reactive context ReactiveContext(for scope: ScopeId(3, "Doggo"))
2024-06-04T16:00:34.957490Z TRACE VirtualDom::render_immediate:render{scope=Doggo}: dioxus_signals::signal: Subscribing to the reactive context ReactiveContext(for scope: ScopeId(3, "Doggo"))
2024-06-04T16:00:34.957529Z TRACE VirtualDom::render_immediate:render{scope=Doggo}: dioxus_core::scope_context: looking for context dioxus_core::suspense::SuspenseContext (TypeId { t: (4533244013398082440, 10897659798729036060) }) in Doggo
2024-06-04T16:00:34.957555Z TRACE VirtualDom::render_immediate:render{scope=Doggo}: dioxus_core::scope_context: looking for context dioxus_core::suspense::SuspenseContext (TypeId { t: (4533244013398082440, 10897659798729036060) }) in FrozenContext
2024-06-04T16:00:34.957580Z TRACE VirtualDom::render_immediate:render{scope=Doggo}: dioxus_core::scope_context: found context TypeId { t: (9286496122914249738, 8586425926625933774) }
2024-06-04T16:00:34.957600Z TRACE VirtualDom::render_immediate:render{scope=Doggo}: dioxus_core::scope_context: looking for context dioxus_core::suspense::SuspenseContext (TypeId { t: (4533244013398082440, 10897659798729036060) }) in SuspenseBoundary
2024-06-04T16:00:34.957616Z TRACE VirtualDom::render_immediate:render{scope=Doggo}: dioxus_core::scope_context: found context TypeId { t: (4533244013398082440, 10897659798729036060) }
2024-06-04T16:00:35.006153Z TRACE VirtualDom::wait_for_work:VirtualDom::process_events: dioxus_core::virtual_dom: Marking task Task { id: 6, unsend: PhantomData<*const ()> } (spawned in ScopeId(5)) as dirty (called from Location { file: "packages/core/src/virtual_dom.rs", line: 505, col: 58 })
2024-06-04T16:00:35.006254Z TRACE VirtualDom::wait_for_work:VirtualDom::process_events: dioxus_core::virtual_dom: Marking task Task { id: 3, unsend: PhantomData<*const ()> } (spawned in ScopeId(4)) as dirty (called from Location { file: "packages/core/src/virtual_dom.rs", line: 505, col: 58 })
2024-06-04T16:00:35.006302Z  INFO VirtualDom::wait_for_work:VirtualDom::process_events:VirtualDom::poll_tasks: dioxus_core::tasks: Polling task Task { id: 6, unsend: PhantomData<*const ()> }
2024-06-04T16:00:35.006374Z TRACE VirtualDom::wait_for_work:VirtualDom::process_events:VirtualDom::poll_tasks: dioxus_signals::signal: Write on signal at examples/suspense.rs:122:19 finished, updating subscribers
2024-06-04T16:00:35.006412Z TRACE VirtualDom::wait_for_work:VirtualDom::process_events:VirtualDom::poll_tasks: dioxus_signals::reactive_context: Marking reactive context created at packages/signals/src/reactive_context.rs:117:13 as dirty
2024-06-04T16:00:35.006443Z TRACE VirtualDom::wait_for_work:VirtualDom::process_events:VirtualDom::poll_tasks: dioxus_signals::reactive_context: Marking scope ScopeId(5, "LoadingDots") as dirty
2024-06-04T16:00:35.006487Z  INFO VirtualDom::wait_for_work:VirtualDom::process_events:VirtualDom::poll_tasks: dioxus_core::tasks: Task Task { id: 6, unsend: PhantomData<*const ()> } finished with result Pending
2024-06-04T16:00:35.006509Z TRACE VirtualDom::wait_for_work:VirtualDom::process_events:VirtualDom::poll_tasks: dioxus_core::virtual_dom: Marking scope ScopeId(5, "LoadingDots") as dirty
2024-06-04T16:00:35.006658Z TRACE VirtualDom::render_immediate:render{scope=LoadingDots}: dioxus_signals::signal: Subscribing to the reactive context ReactiveContext(for scope: ScopeId(5, "LoadingDots"))
2024-06-04T16:00:35.006714Z TRACE VirtualDom::render_immediate: dioxus_core::scope_context: looking for context dioxus_core::suspense::FrozenContext (TypeId { t: (9286496122914249738, 8586425926625933774) }) in LoadingDots
2024-06-04T16:00:35.006734Z TRACE VirtualDom::render_immediate: dioxus_core::scope_context: looking for context dioxus_core::suspense::FrozenContext (TypeId { t: (9286496122914249738, 8586425926625933774) }) in SuspenseBoundary
2024-06-04T16:00:35.006748Z TRACE VirtualDom::render_immediate: dioxus_core::scope_context: found context TypeId { t: (4533244013398082440, 10897659798729036060) }
2024-06-04T16:00:35.006761Z TRACE VirtualDom::render_immediate: dioxus_core::scope_context: looking for context dioxus_core::suspense::FrozenContext (TypeId { t: (9286496122914249738, 8586425926625933774) }) in app
2024-06-04T16:00:35.006775Z TRACE VirtualDom::render_immediate: dioxus_core::scope_context: found context TypeId { t: (3582638416876954437, 3810890675802792692) }
2024-06-04T16:00:35.006787Z TRACE VirtualDom::render_immediate: dioxus_core::scope_context: found context TypeId { t: (7946844621057603534, 4355211565432133561) }
2024-06-04T16:00:35.006800Z TRACE VirtualDom::render_immediate: dioxus_core::scope_context: found context TypeId { t: (10682502755203913650, 15985576721215419306) }
2024-06-04T16:00:35.006813Z TRACE VirtualDom::render_immediate: dioxus_core::scope_context: context dioxus_core::suspense::FrozenContext (TypeId { t: (9286496122914249738, 8586425926625933774) }) not found
2024-06-04T16:00:35.006841Z TRACE VirtualDom::render_immediate: dioxus_core::diff::node: moving mount self=VNode { vnode: VNodeInner { key: None, template: Cell { value: Template { name: "examples/suspense.rs:127:5:4128", roots: [Dynamic { id: 0 }], node_paths: [[0]], attr_paths: [] } }, dynamic_nodes: [Text(VText { value: ".." })], dynamic_attrs: [] }, mount: Cell { value: MountId(7) } } new=VNode { vnode: VNodeInner { key: None, template: Cell { value: Template { name: "examples/suspense.rs:127:5:4128", roots: [Dynamic { id: 0 }], node_paths: [[0]], attr_paths: [] } }, dynamic_nodes: [Text(VText { value: "..." })], dynamic_attrs: [] }, mount: Cell { value: MountId(7) } }
2024-06-04T16:00:35.006884Z TRACE VirtualDom::render_immediate: dioxus_core::diff::node: mount id: MountId(7)
2024-06-04T16:00:35.006897Z TRACE VirtualDom::render_immediate: dioxus_core::diff::node: mounts: Slab { len: 8, cap: 8 }
2024-06-04T16:00:35.006939Z  INFO VirtualDom::render_immediate: dioxus_core::tasks: Polling task Task { id: 3, unsend: PhantomData<*const ()> }
2024-06-04T16:00:35.006989Z  INFO VirtualDom::render_immediate: dioxus_core::tasks: Task Task { id: 3, unsend: PhantomData<*const ()> } finished with result Pending
2024-06-04T16:00:35.007006Z TRACE VirtualDom::render_immediate: dioxus_core::virtual_dom: Marking scope ScopeId(4, "Doggo") as dirty
2024-06-04T16:00:35.007053Z TRACE VirtualDom::render_immediate:render{scope=Doggo}: dioxus_signals::signal: Subscribing to the reactive context ReactiveContext(for scope: ScopeId(4, "Doggo"))
2024-06-04T16:00:35.007080Z TRACE VirtualDom::render_immediate:render{scope=Doggo}: dioxus_signals::signal: Subscribing to the reactive context ReactiveContext(for scope: ScopeId(4, "Doggo"))
2024-06-04T16:00:35.007110Z TRACE VirtualDom::render_immediate:render{scope=Doggo}: dioxus_core::scope_context: looking for context dioxus_core::suspense::SuspenseContext (TypeId { t: (4533244013398082440, 10897659798729036060) }) in Doggo
2024-06-04T16:00:35.007130Z TRACE VirtualDom::render_immediate:render{scope=Doggo}: dioxus_core::scope_context: looking for context dioxus_core::suspense::SuspenseContext (TypeId { t: (4533244013398082440, 10897659798729036060) }) in FrozenContext
2024-06-04T16:00:35.007160Z TRACE VirtualDom::render_immediate:render{scope=Doggo}: dioxus_core::scope_context: found context TypeId { t: (9286496122914249738, 8586425926625933774) }
2024-06-04T16:00:35.007176Z TRACE VirtualDom::render_immediate:render{scope=Doggo}: dioxus_core::scope_context: looking for context dioxus_core::suspense::SuspenseContext (TypeId { t: (4533244013398082440, 10897659798729036060) }) in SuspenseBoundary
2024-06-04T16:00:35.007191Z TRACE VirtualDom::render_immediate:render{scope=Doggo}: dioxus_core::scope_context: found context TypeId { t: (4533244013398082440, 10897659798729036060) }
2024-06-04T16:00:35.058266Z TRACE VirtualDom::wait_for_work:VirtualDom::process_events: dioxus_core::virtual_dom: Marking task Task { id: 0, unsend: PhantomData<*const ()> } (spawned in ScopeId(3)) as dirty (called from Location { file: "packages/core/src/virtual_dom.rs", line: 505, col: 58 })
2024-06-04T16:00:35.058365Z  INFO VirtualDom::wait_for_work:VirtualDom::process_events:VirtualDom::poll_tasks: dioxus_core::tasks: Polling task Task { id: 0, unsend: PhantomData<*const ()> }
2024-06-04T16:00:35.058443Z  INFO VirtualDom::wait_for_work:VirtualDom::process_events:VirtualDom::poll_tasks: dioxus_core::tasks: Task Task { id: 0, unsend: PhantomData<*const ()> } finished with result Pending
2024-06-04T16:00:35.058474Z TRACE VirtualDom::wait_for_work:VirtualDom::process_events:VirtualDom::poll_tasks: dioxus_core::virtual_dom: Marking scope ScopeId(3, "Doggo") as dirty
2024-06-04T16:00:35.058603Z TRACE VirtualDom::render_immediate:render{scope=Doggo}: dioxus_signals::signal: Subscribing to the reactive context ReactiveContext(for scope: ScopeId(3, "Doggo"))
2024-06-04T16:00:35.058643Z TRACE VirtualDom::render_immediate:render{scope=Doggo}: dioxus_signals::signal: Subscribing to the reactive context ReactiveContext(for scope: ScopeId(3, "Doggo"))
2024-06-04T16:00:35.058675Z TRACE VirtualDom::render_immediate:render{scope=Doggo}: dioxus_core::scope_context: looking for context dioxus_core::suspense::SuspenseContext (TypeId { t: (4533244013398082440, 10897659798729036060) }) in Doggo
2024-06-04T16:00:35.058703Z TRACE VirtualDom::render_immediate:render{scope=Doggo}: dioxus_core::scope_context: looking for context dioxus_core::suspense::SuspenseContext (TypeId { t: (4533244013398082440, 10897659798729036060) }) in FrozenContext
2024-06-04T16:00:35.058720Z TRACE VirtualDom::render_immediate:render{scope=Doggo}: dioxus_core::scope_context: found context TypeId { t: (9286496122914249738, 8586425926625933774) }
2024-06-04T16:00:35.058736Z TRACE VirtualDom::render_immediate:render{scope=Doggo}: dioxus_core::scope_context: looking for context dioxus_core::suspense::SuspenseContext (TypeId { t: (4533244013398082440, 10897659798729036060) }) in SuspenseBoundary
2024-06-04T16:00:35.058752Z TRACE VirtualDom::render_immediate:render{scope=Doggo}: dioxus_core::scope_context: found context TypeId { t: (4533244013398082440, 10897659798729036060) }
2024-06-04T16:00:35.108287Z TRACE VirtualDom::wait_for_work:VirtualDom::process_events: dioxus_core::virtual_dom: Marking task Task { id: 3, unsend: PhantomData<*const ()> } (spawned in ScopeId(4)) as dirty (called from Location { file: "packages/core/src/virtual_dom.rs", line: 505, col: 58 })
2024-06-04T16:00:35.108363Z  INFO VirtualDom::wait_for_work:VirtualDom::process_events:VirtualDom::poll_tasks: dioxus_core::tasks: Polling task Task { id: 3, unsend: PhantomData<*const ()> }
2024-06-04T16:00:35.108419Z  INFO VirtualDom::wait_for_work:VirtualDom::process_events:VirtualDom::poll_tasks: dioxus_core::tasks: Task Task { id: 3, unsend: PhantomData<*const ()> } finished with result Pending
2024-06-04T16:00:35.108445Z TRACE VirtualDom::wait_for_work:VirtualDom::process_events:VirtualDom::poll_tasks: dioxus_core::virtual_dom: Marking scope ScopeId(4, "Doggo") as dirty
2024-06-04T16:00:35.108579Z TRACE VirtualDom::render_immediate:render{scope=Doggo}: dioxus_signals::signal: Subscribing to the reactive context ReactiveContext(for scope: ScopeId(4, "Doggo"))
2024-06-04T16:00:35.108613Z TRACE VirtualDom::render_immediate:render{scope=Doggo}: dioxus_signals::signal: Subscribing to the reactive context ReactiveContext(for scope: ScopeId(4, "Doggo"))
2024-06-04T16:00:35.108640Z TRACE VirtualDom::render_immediate:render{scope=Doggo}: dioxus_core::scope_context: looking for context dioxus_core::suspense::SuspenseContext (TypeId { t: (4533244013398082440, 10897659798729036060) }) in Doggo
2024-06-04T16:00:35.108660Z TRACE VirtualDom::render_immediate:render{scope=Doggo}: dioxus_core::scope_context: looking for context dioxus_core::suspense::SuspenseContext (TypeId { t: (4533244013398082440, 10897659798729036060) }) in FrozenContext
2024-06-04T16:00:35.108677Z TRACE VirtualDom::render_immediate:render{scope=Doggo}: dioxus_core::scope_context: found context TypeId { t: (9286496122914249738, 8586425926625933774) }
2024-06-04T16:00:35.108692Z TRACE VirtualDom::render_immediate:render{scope=Doggo}: dioxus_core::scope_context: looking for context dioxus_core::suspense::SuspenseContext (TypeId { t: (4533244013398082440, 10897659798729036060) }) in SuspenseBoundary
2024-06-04T16:00:35.108708Z TRACE VirtualDom::render_immediate:render{scope=Doggo}: dioxus_core::scope_context: found context TypeId { t: (4533244013398082440, 10897659798729036060) }
2024-06-04T16:00:35.160026Z TRACE VirtualDom::wait_for_work:VirtualDom::process_events: dioxus_core::virtual_dom: Marking task Task { id: 0, unsend: PhantomData<*const ()> } (spawned in ScopeId(3)) as dirty (called from Location { file: "packages/core/src/virtual_dom.rs", line: 505, col: 58 })
2024-06-04T16:00:35.160089Z  INFO VirtualDom::wait_for_work:VirtualDom::process_events:VirtualDom::poll_tasks: dioxus_core::tasks: Polling task Task { id: 0, unsend: PhantomData<*const ()> }
2024-06-04T16:00:35.160136Z  INFO VirtualDom::wait_for_work:VirtualDom::process_events:VirtualDom::poll_tasks: dioxus_core::tasks: Task Task { id: 0, unsend: PhantomData<*const ()> } finished with result Pending
2024-06-04T16:00:35.160154Z TRACE VirtualDom::wait_for_work:VirtualDom::process_events:VirtualDom::poll_tasks: dioxus_core::virtual_dom: Marking scope ScopeId(3, "Doggo") as dirty
2024-06-04T16:00:35.160242Z TRACE VirtualDom::render_immediate:render{scope=Doggo}: dioxus_signals::signal: Subscribing to the reactive context ReactiveContext(for scope: ScopeId(3, "Doggo"))
2024-06-04T16:00:35.160268Z TRACE VirtualDom::render_immediate:render{scope=Doggo}: dioxus_signals::signal: Subscribing to the reactive context ReactiveContext(for scope: ScopeId(3, "Doggo"))
2024-06-04T16:00:35.160289Z TRACE VirtualDom::render_immediate:render{scope=Doggo}: dioxus_core::scope_context: looking for context dioxus_core::suspense::SuspenseContext (TypeId { t: (4533244013398082440, 10897659798729036060) }) in Doggo
2024-06-04T16:00:35.160303Z TRACE VirtualDom::render_immediate:render{scope=Doggo}: dioxus_core::scope_context: looking for context dioxus_core::suspense::SuspenseContext (TypeId { t: (4533244013398082440, 10897659798729036060) }) in FrozenContext
2024-06-04T16:00:35.160316Z TRACE VirtualDom::render_immediate:render{scope=Doggo}: dioxus_core::scope_context: found context TypeId { t: (9286496122914249738, 8586425926625933774) }
2024-06-04T16:00:35.160327Z TRACE VirtualDom::render_immediate:render{scope=Doggo}: dioxus_core::scope_context: looking for context dioxus_core::suspense::SuspenseContext (TypeId { t: (4533244013398082440, 10897659798729036060) }) in SuspenseBoundary
2024-06-04T16:00:35.160339Z TRACE VirtualDom::render_immediate:render{scope=Doggo}: dioxus_core::scope_context: found context TypeId { t: (4533244013398082440, 10897659798729036060) }
2024-06-04T16:00:35.208115Z TRACE VirtualDom::wait_for_work:VirtualDom::process_events: dioxus_core::virtual_dom: Marking task Task { id: 6, unsend: PhantomData<*const ()> } (spawned in ScopeId(5)) as dirty (called from Location { file: "packages/core/src/virtual_dom.rs", line: 505, col: 58 })
2024-06-04T16:00:35.208182Z  INFO VirtualDom::wait_for_work:VirtualDom::process_events:VirtualDom::poll_tasks: dioxus_core::tasks: Polling task Task { id: 6, unsend: PhantomData<*const ()> }
2024-06-04T16:00:35.208220Z TRACE VirtualDom::wait_for_work:VirtualDom::process_events:VirtualDom::poll_tasks: dioxus_signals::signal: Write on signal at examples/suspense.rs:122:19 finished, updating subscribers
2024-06-04T16:00:35.208246Z TRACE VirtualDom::wait_for_work:VirtualDom::process_events:VirtualDom::poll_tasks: dioxus_signals::reactive_context: Marking reactive context created at packages/signals/src/reactive_context.rs:117:13 as dirty
2024-06-04T16:00:35.208261Z TRACE VirtualDom::wait_for_work:VirtualDom::process_events:VirtualDom::poll_tasks: dioxus_signals::reactive_context: Marking scope ScopeId(5, "LoadingDots") as dirty
2024-06-04T16:00:35.208292Z  INFO VirtualDom::wait_for_work:VirtualDom::process_events:VirtualDom::poll_tasks: dioxus_core::tasks: Task Task { id: 6, unsend: PhantomData<*const ()> } finished with result Pending
2024-06-04T16:00:35.208310Z TRACE VirtualDom::wait_for_work:VirtualDom::process_events:VirtualDom::poll_tasks: dioxus_core::virtual_dom: Marking scope ScopeId(5, "LoadingDots") as dirty
2024-06-04T16:00:35.208410Z TRACE VirtualDom::render_immediate:render{scope=LoadingDots}: dioxus_signals::signal: Subscribing to the reactive context ReactiveContext(for scope: ScopeId(5, "LoadingDots"))
2024-06-04T16:00:35.208440Z TRACE VirtualDom::render_immediate: dioxus_core::scope_context: looking for context dioxus_core::suspense::FrozenContext (TypeId { t: (9286496122914249738, 8586425926625933774) }) in LoadingDots
2024-06-04T16:00:35.208452Z TRACE VirtualDom::render_immediate: dioxus_core::scope_context: looking for context dioxus_core::suspense::FrozenContext (TypeId { t: (9286496122914249738, 8586425926625933774) }) in SuspenseBoundary
2024-06-04T16:00:35.208462Z TRACE VirtualDom::render_immediate: dioxus_core::scope_context: found context TypeId { t: (4533244013398082440, 10897659798729036060) }
2024-06-04T16:00:35.208471Z TRACE VirtualDom::render_immediate: dioxus_core::scope_context: looking for context dioxus_core::suspense::FrozenContext (TypeId { t: (9286496122914249738, 8586425926625933774) }) in app
2024-06-04T16:00:35.208481Z TRACE VirtualDom::render_immediate: dioxus_core::scope_context: found context TypeId { t: (3582638416876954437, 3810890675802792692) }
2024-06-04T16:00:35.208490Z TRACE VirtualDom::render_immediate: dioxus_core::scope_context: found context TypeId { t: (7946844621057603534, 4355211565432133561) }
2024-06-04T16:00:35.208499Z TRACE VirtualDom::render_immediate: dioxus_core::scope_context: found context TypeId { t: (10682502755203913650, 15985576721215419306) }
2024-06-04T16:00:35.208508Z TRACE VirtualDom::render_immediate: dioxus_core::scope_context: context dioxus_core::suspense::FrozenContext (TypeId { t: (9286496122914249738, 8586425926625933774) }) not found
2024-06-04T16:00:35.208523Z TRACE VirtualDom::render_immediate: dioxus_core::diff::node: moving mount self=VNode { vnode: VNodeInner { key: None, template: Cell { value: Template { name: "examples/suspense.rs:127:5:4128", roots: [Dynamic { id: 0 }], node_paths: [[0]], attr_paths: [] } }, dynamic_nodes: [Text(VText { value: "..." })], dynamic_attrs: [] }, mount: Cell { value: MountId(7) } } new=VNode { vnode: VNodeInner { key: None, template: Cell { value: Template { name: "examples/suspense.rs:127:5:4128", roots: [Dynamic { id: 0 }], node_paths: [[0]], attr_paths: [] } }, dynamic_nodes: [Text(VText { value: "" })], dynamic_attrs: [] }, mount: Cell { value: MountId(7) } }
2024-06-04T16:00:35.208547Z TRACE VirtualDom::render_immediate: dioxus_core::diff::node: mount id: MountId(7)
2024-06-04T16:00:35.208556Z TRACE VirtualDom::render_immediate: dioxus_core::diff::node: mounts: Slab { len: 8, cap: 8 }
2024-06-04T16:00:35.209459Z TRACE VirtualDom::wait_for_work:VirtualDom::process_events: dioxus_core::virtual_dom: Marking task Task { id: 3, unsend: PhantomData<*const ()> } (spawned in ScopeId(4)) as dirty (called from Location { file: "packages/core/src/virtual_dom.rs", line: 505, col: 58 })
2024-06-04T16:00:35.209493Z  INFO VirtualDom::wait_for_work:VirtualDom::process_events:VirtualDom::poll_tasks: dioxus_core::tasks: Polling task Task { id: 3, unsend: PhantomData<*const ()> }
2024-06-04T16:00:35.209528Z  INFO VirtualDom::wait_for_work:VirtualDom::process_events:VirtualDom::poll_tasks: dioxus_core::tasks: Task Task { id: 3, unsend: PhantomData<*const ()> } finished with result Pending
2024-06-04T16:00:35.209544Z TRACE VirtualDom::wait_for_work:VirtualDom::process_events:VirtualDom::poll_tasks: dioxus_core::virtual_dom: Marking scope ScopeId(4, "Doggo") as dirty
2024-06-04T16:00:35.209617Z TRACE VirtualDom::render_immediate:render{scope=Doggo}: dioxus_signals::signal: Subscribing to the reactive context ReactiveContext(for scope: ScopeId(4, "Doggo"))
2024-06-04T16:00:35.209638Z TRACE VirtualDom::render_immediate:render{scope=Doggo}: dioxus_signals::signal: Subscribing to the reactive context ReactiveContext(for scope: ScopeId(4, "Doggo"))
2024-06-04T16:00:35.209657Z TRACE VirtualDom::render_immediate:render{scope=Doggo}: dioxus_core::scope_context: looking for context dioxus_core::suspense::SuspenseContext (TypeId { t: (4533244013398082440, 10897659798729036060) }) in Doggo
2024-06-04T16:00:35.209671Z TRACE VirtualDom::render_immediate:render{scope=Doggo}: dioxus_core::scope_context: looking for context dioxus_core::suspense::SuspenseContext (TypeId { t: (4533244013398082440, 10897659798729036060) }) in FrozenContext
2024-06-04T16:00:35.209683Z TRACE VirtualDom::render_immediate:render{scope=Doggo}: dioxus_core::scope_context: found context TypeId { t: (9286496122914249738, 8586425926625933774) }
2024-06-04T16:00:35.209694Z TRACE VirtualDom::render_immediate:render{scope=Doggo}: dioxus_core::scope_context: looking for context dioxus_core::suspense::SuspenseContext (TypeId { t: (4533244013398082440, 10897659798729036060) }) in SuspenseBoundary
2024-06-04T16:00:35.209707Z TRACE VirtualDom::render_immediate:render{scope=Doggo}: dioxus_core::scope_context: found context TypeId { t: (4533244013398082440, 10897659798729036060) }
2024-06-04T16:00:35.262814Z TRACE VirtualDom::wait_for_work:VirtualDom::process_events: dioxus_core::virtual_dom: Marking task Task { id: 0, unsend: PhantomData<*const ()> } (spawned in ScopeId(3)) as dirty (called from Location { file: "packages/core/src/virtual_dom.rs", line: 505, col: 58 })
2024-06-04T16:00:35.262960Z  INFO VirtualDom::wait_for_work:VirtualDom::process_events:VirtualDom::poll_tasks: dioxus_core::tasks: Polling task Task { id: 0, unsend: PhantomData<*const ()> }
2024-06-04T16:00:35.263026Z  INFO VirtualDom::wait_for_work:VirtualDom::process_events:VirtualDom::poll_tasks: dioxus_core::tasks: Task Task { id: 0, unsend: PhantomData<*const ()> } finished with result Pending
2024-06-04T16:00:35.263058Z TRACE VirtualDom::wait_for_work:VirtualDom::process_events:VirtualDom::poll_tasks: dioxus_core::virtual_dom: Marking scope ScopeId(3, "Doggo") as dirty
2024-06-04T16:00:35.263156Z TRACE VirtualDom::render_immediate:render{scope=Doggo}: dioxus_signals::signal: Subscribing to the reactive context ReactiveContext(for scope: ScopeId(3, "Doggo"))
2024-06-04T16:00:35.263194Z TRACE VirtualDom::render_immediate:render{scope=Doggo}: dioxus_signals::signal: Subscribing to the reactive context ReactiveContext(for scope: ScopeId(3, "Doggo"))
2024-06-04T16:00:35.263239Z TRACE VirtualDom::render_immediate:render{scope=Doggo}: dioxus_core::scope_context: looking for context dioxus_core::suspense::SuspenseContext (TypeId { t: (4533244013398082440, 10897659798729036060) }) in Doggo
2024-06-04T16:00:35.263270Z TRACE VirtualDom::render_immediate:render{scope=Doggo}: dioxus_core::scope_context: looking for context dioxus_core::suspense::SuspenseContext (TypeId { t: (4533244013398082440, 10897659798729036060) }) in FrozenContext
2024-06-04T16:00:35.263283Z TRACE VirtualDom::render_immediate:render{scope=Doggo}: dioxus_core::scope_context: found context TypeId { t: (9286496122914249738, 8586425926625933774) }
2024-06-04T16:00:35.263296Z TRACE VirtualDom::render_immediate:render{scope=Doggo}: dioxus_core::scope_context: looking for context dioxus_core::suspense::SuspenseContext (TypeId { t: (4533244013398082440, 10897659798729036060) }) in SuspenseBoundary
2024-06-04T16:00:35.263308Z TRACE VirtualDom::render_immediate:render{scope=Doggo}: dioxus_core::scope_context: found context TypeId { t: (4533244013398082440, 10897659798729036060) }
2024-06-04T16:00:35.311837Z TRACE VirtualDom::wait_for_work:VirtualDom::process_events: dioxus_core::virtual_dom: Marking task Task { id: 3, unsend: PhantomData<*const ()> } (spawned in ScopeId(4)) as dirty (called from Location { file: "packages/core/src/virtual_dom.rs", line: 505, col: 58 })
2024-06-04T16:00:35.311979Z  INFO VirtualDom::wait_for_work:VirtualDom::process_events:VirtualDom::poll_tasks: dioxus_core::tasks: Polling task Task { id: 3, unsend: PhantomData<*const ()> }
2024-06-04T16:00:35.312036Z  INFO VirtualDom::wait_for_work:VirtualDom::process_events:VirtualDom::poll_tasks: dioxus_core::tasks: Task Task { id: 3, unsend: PhantomData<*const ()> } finished with result Pending
2024-06-04T16:00:35.312060Z TRACE VirtualDom::wait_for_work:VirtualDom::process_events:VirtualDom::poll_tasks: dioxus_core::virtual_dom: Marking scope ScopeId(4, "Doggo") as dirty
2024-06-04T16:00:35.312175Z TRACE VirtualDom::render_immediate:render{scope=Doggo}: dioxus_signals::signal: Subscribing to the reactive context ReactiveContext(for scope: ScopeId(4, "Doggo"))
2024-06-04T16:00:35.312209Z TRACE VirtualDom::render_immediate:render{scope=Doggo}: dioxus_signals::signal: Subscribing to the reactive context ReactiveContext(for scope: ScopeId(4, "Doggo"))
2024-06-04T16:00:35.312239Z TRACE VirtualDom::render_immediate:render{scope=Doggo}: dioxus_core::scope_context: looking for context dioxus_core::suspense::SuspenseContext (TypeId { t: (4533244013398082440, 10897659798729036060) }) in Doggo
2024-06-04T16:00:35.312256Z TRACE VirtualDom::render_immediate:render{scope=Doggo}: dioxus_core::scope_context: looking for context dioxus_core::suspense::SuspenseContext (TypeId { t: (4533244013398082440, 10897659798729036060) }) in FrozenContext
2024-06-04T16:00:35.312271Z TRACE VirtualDom::render_immediate:render{scope=Doggo}: dioxus_core::scope_context: found context TypeId { t: (9286496122914249738, 8586425926625933774) }
2024-06-04T16:00:35.312285Z TRACE VirtualDom::render_immediate:render{scope=Doggo}: dioxus_core::scope_context: looking for context dioxus_core::suspense::SuspenseContext (TypeId { t: (4533244013398082440, 10897659798729036060) }) in SuspenseBoundary
2024-06-04T16:00:35.312299Z TRACE VirtualDom::render_immediate:render{scope=Doggo}: dioxus_core::scope_context: found context TypeId { t: (4533244013398082440, 10897659798729036060) }
2024-06-04T16:00:35.365090Z TRACE VirtualDom::wait_for_work:VirtualDom::process_events: dioxus_core::virtual_dom: Marking task Task { id: 0, unsend: PhantomData<*const ()> } (spawned in ScopeId(3)) as dirty (called from Location { file: "packages/core/src/virtual_dom.rs", line: 505, col: 58 })
2024-06-04T16:00:35.365224Z  INFO VirtualDom::wait_for_work:VirtualDom::process_events:VirtualDom::poll_tasks: dioxus_core::tasks: Polling task Task { id: 0, unsend: PhantomData<*const ()> }
2024-06-04T16:00:35.365301Z  INFO VirtualDom::wait_for_work:VirtualDom::process_events:VirtualDom::poll_tasks: dioxus_core::tasks: Task Task { id: 0, unsend: PhantomData<*const ()> } finished with result Pending
2024-06-04T16:00:35.365324Z TRACE VirtualDom::wait_for_work:VirtualDom::process_events:VirtualDom::poll_tasks: dioxus_core::virtual_dom: Marking scope ScopeId(3, "Doggo") as dirty
2024-06-04T16:00:35.365442Z TRACE VirtualDom::render_immediate:render{scope=Doggo}: dioxus_signals::signal: Subscribing to the reactive context ReactiveContext(for scope: ScopeId(3, "Doggo"))
2024-06-04T16:00:35.365481Z TRACE VirtualDom::render_immediate:render{scope=Doggo}: dioxus_signals::signal: Subscribing to the reactive context ReactiveContext(for scope: ScopeId(3, "Doggo"))
2024-06-04T16:00:35.365511Z TRACE VirtualDom::render_immediate:render{scope=Doggo}: dioxus_core::scope_context: looking for context dioxus_core::suspense::SuspenseContext (TypeId { t: (4533244013398082440, 10897659798729036060) }) in Doggo
2024-06-04T16:00:35.365531Z TRACE VirtualDom::render_immediate:render{scope=Doggo}: dioxus_core::scope_context: looking for context dioxus_core::suspense::SuspenseContext (TypeId { t: (4533244013398082440, 10897659798729036060) }) in FrozenContext
2024-06-04T16:00:35.365548Z TRACE VirtualDom::render_immediate:render{scope=Doggo}: dioxus_core::scope_context: found context TypeId { t: (9286496122914249738, 8586425926625933774) }
2024-06-04T16:00:35.365564Z TRACE VirtualDom::render_immediate:render{scope=Doggo}: dioxus_core::scope_context: looking for context dioxus_core::suspense::SuspenseContext (TypeId { t: (4533244013398082440, 10897659798729036060) }) in SuspenseBoundary
2024-06-04T16:00:35.365580Z TRACE VirtualDom::render_immediate:render{scope=Doggo}: dioxus_core::scope_context: found context TypeId { t: (4533244013398082440, 10897659798729036060) }
2024-06-04T16:00:35.410762Z TRACE VirtualDom::wait_for_work:VirtualDom::process_events: dioxus_core::virtual_dom: Marking task Task { id: 6, unsend: PhantomData<*const ()> } (spawned in ScopeId(5)) as dirty (called from Location { file: "packages/core/src/virtual_dom.rs", line: 505, col: 58 })
2024-06-04T16:00:35.410876Z  INFO VirtualDom::wait_for_work:VirtualDom::process_events:VirtualDom::poll_tasks: dioxus_core::tasks: Polling task Task { id: 6, unsend: PhantomData<*const ()> }
2024-06-04T16:00:35.410958Z TRACE VirtualDom::wait_for_work:VirtualDom::process_events:VirtualDom::poll_tasks: dioxus_signals::signal: Write on signal at examples/suspense.rs:122:19 finished, updating subscribers
2024-06-04T16:00:35.410999Z TRACE VirtualDom::wait_for_work:VirtualDom::process_events:VirtualDom::poll_tasks: dioxus_signals::reactive_context: Marking reactive context created at packages/signals/src/reactive_context.rs:117:13 as dirty
2024-06-04T16:00:35.411023Z TRACE VirtualDom::wait_for_work:VirtualDom::process_events:VirtualDom::poll_tasks: dioxus_signals::reactive_context: Marking scope ScopeId(5, "LoadingDots") as dirty
2024-06-04T16:00:35.411066Z  INFO VirtualDom::wait_for_work:VirtualDom::process_events:VirtualDom::poll_tasks: dioxus_core::tasks: Task Task { id: 6, unsend: PhantomData<*const ()> } finished with result Pending
2024-06-04T16:00:35.411089Z TRACE VirtualDom::wait_for_work:VirtualDom::process_events:VirtualDom::poll_tasks: dioxus_core::virtual_dom: Marking scope ScopeId(5, "LoadingDots") as dirty
2024-06-04T16:00:35.411264Z TRACE VirtualDom::render_immediate:render{scope=LoadingDots}: dioxus_signals::signal: Subscribing to the reactive context ReactiveContext(for scope: ScopeId(5, "LoadingDots"))
2024-06-04T16:00:35.411311Z TRACE VirtualDom::render_immediate: dioxus_core::scope_context: looking for context dioxus_core::suspense::FrozenContext (TypeId { t: (9286496122914249738, 8586425926625933774) }) in LoadingDots
2024-06-04T16:00:35.411331Z TRACE VirtualDom::render_immediate: dioxus_core::scope_context: looking for context dioxus_core::suspense::FrozenContext (TypeId { t: (9286496122914249738, 8586425926625933774) }) in SuspenseBoundary
2024-06-04T16:00:35.411366Z TRACE VirtualDom::render_immediate: dioxus_core::scope_context: found context TypeId { t: (4533244013398082440, 10897659798729036060) }
2024-06-04T16:00:35.411381Z TRACE VirtualDom::render_immediate: dioxus_core::scope_context: looking for context dioxus_core::suspense::FrozenContext (TypeId { t: (9286496122914249738, 8586425926625933774) }) in app
2024-06-04T16:00:35.411411Z TRACE VirtualDom::render_immediate: dioxus_core::scope_context: found context TypeId { t: (3582638416876954437, 3810890675802792692) }
2024-06-04T16:00:35.411433Z TRACE VirtualDom::render_immediate: dioxus_core::scope_context: found context TypeId { t: (7946844621057603534, 4355211565432133561) }
2024-06-04T16:00:35.411447Z TRACE VirtualDom::render_immediate: dioxus_core::scope_context: found context TypeId { t: (10682502755203913650, 15985576721215419306) }
2024-06-04T16:00:35.411463Z TRACE VirtualDom::render_immediate: dioxus_core::scope_context: context dioxus_core::suspense::FrozenContext (TypeId { t: (9286496122914249738, 8586425926625933774) }) not found
2024-06-04T16:00:35.411489Z TRACE VirtualDom::render_immediate: dioxus_core::diff::node: moving mount self=VNode { vnode: VNodeInner { key: None, template: Cell { value: Template { name: "examples/suspense.rs:127:5:4128", roots: [Dynamic { id: 0 }], node_paths: [[0]], attr_paths: [] } }, dynamic_nodes: [Text(VText { value: "" })], dynamic_attrs: [] }, mount: Cell { value: MountId(7) } } new=VNode { vnode: VNodeInner { key: None, template: Cell { value: Template { name: "examples/suspense.rs:127:5:4128", roots: [Dynamic { id: 0 }], node_paths: [[0]], attr_paths: [] } }, dynamic_nodes: [Text(VText { value: "." })], dynamic_attrs: [] }, mount: Cell { value: MountId(7) } }
2024-06-04T16:00:35.411554Z TRACE VirtualDom::render_immediate: dioxus_core::diff::node: mount id: MountId(7)
2024-06-04T16:00:35.411569Z TRACE VirtualDom::render_immediate: dioxus_core::diff::node: mounts: Slab { len: 8, cap: 8 }
2024-06-04T16:00:35.413040Z TRACE VirtualDom::wait_for_work:VirtualDom::process_events: dioxus_core::virtual_dom: Marking task Task { id: 3, unsend: PhantomData<*const ()> } (spawned in ScopeId(4)) as dirty (called from Location { file: "packages/core/src/virtual_dom.rs", line: 505, col: 58 })
2024-06-04T16:00:35.413088Z  INFO VirtualDom::wait_for_work:VirtualDom::process_events:VirtualDom::poll_tasks: dioxus_core::tasks: Polling task Task { id: 3, unsend: PhantomData<*const ()> }
2024-06-04T16:00:35.413142Z  INFO VirtualDom::wait_for_work:VirtualDom::process_events:VirtualDom::poll_tasks: dioxus_core::tasks: Task Task { id: 3, unsend: PhantomData<*const ()> } finished with result Pending
2024-06-04T16:00:35.413168Z TRACE VirtualDom::wait_for_work:VirtualDom::process_events:VirtualDom::poll_tasks: dioxus_core::virtual_dom: Marking scope ScopeId(4, "Doggo") as dirty
2024-06-04T16:00:35.413274Z TRACE VirtualDom::render_immediate:render{scope=Doggo}: dioxus_signals::signal: Subscribing to the reactive context ReactiveContext(for scope: ScopeId(4, "Doggo"))
2024-06-04T16:00:35.413307Z TRACE VirtualDom::render_immediate:render{scope=Doggo}: dioxus_signals::signal: Subscribing to the reactive context ReactiveContext(for scope: ScopeId(4, "Doggo"))
2024-06-04T16:00:35.413337Z TRACE VirtualDom::render_immediate:render{scope=Doggo}: dioxus_core::scope_context: looking for context dioxus_core::suspense::SuspenseContext (TypeId { t: (4533244013398082440, 10897659798729036060) }) in Doggo
2024-06-04T16:00:35.413359Z TRACE VirtualDom::render_immediate:render{scope=Doggo}: dioxus_core::scope_context: looking for context dioxus_core::suspense::SuspenseContext (TypeId { t: (4533244013398082440, 10897659798729036060) }) in FrozenContext
2024-06-04T16:00:35.413378Z TRACE VirtualDom::render_immediate:render{scope=Doggo}: dioxus_core::scope_context: found context TypeId { t: (9286496122914249738, 8586425926625933774) }
2024-06-04T16:00:35.413397Z TRACE VirtualDom::render_immediate:render{scope=Doggo}: dioxus_core::scope_context: looking for context dioxus_core::suspense::SuspenseContext (TypeId { t: (4533244013398082440, 10897659798729036060) }) in SuspenseBoundary
2024-06-04T16:00:35.413416Z TRACE VirtualDom::render_immediate:render{scope=Doggo}: dioxus_core::scope_context: found context TypeId { t: (4533244013398082440, 10897659798729036060) }
2024-06-04T16:00:35.467163Z TRACE VirtualDom::wait_for_work:VirtualDom::process_events: dioxus_core::virtual_dom: Marking task Task { id: 0, unsend: PhantomData<*const ()> } (spawned in ScopeId(3)) as dirty (called from Location { file: "packages/core/src/virtual_dom.rs", line: 505, col: 58 })
2024-06-04T16:00:35.467275Z  INFO VirtualDom::wait_for_work:VirtualDom::process_events:VirtualDom::poll_tasks: dioxus_core::tasks: Polling task Task { id: 0, unsend: PhantomData<*const ()> }
2024-06-04T16:00:35.467355Z  INFO VirtualDom::wait_for_work:VirtualDom::process_events:VirtualDom::poll_tasks: dioxus_core::tasks: Task Task { id: 0, unsend: PhantomData<*const ()> } finished with result Pending
2024-06-04T16:00:35.467392Z TRACE VirtualDom::wait_for_work:VirtualDom::process_events:VirtualDom::poll_tasks: dioxus_core::virtual_dom: Marking scope ScopeId(3, "Doggo") as dirty
2024-06-04T16:00:35.467523Z TRACE VirtualDom::render_immediate:render{scope=Doggo}: dioxus_signals::signal: Subscribing to the reactive context ReactiveContext(for scope: ScopeId(3, "Doggo"))
2024-06-04T16:00:35.467574Z TRACE VirtualDom::render_immediate:render{scope=Doggo}: dioxus_signals::signal: Subscribing to the reactive context ReactiveContext(for scope: ScopeId(3, "Doggo"))
2024-06-04T16:00:35.467606Z TRACE VirtualDom::render_immediate:render{scope=Doggo}: dioxus_core::scope_context: looking for context dioxus_core::suspense::SuspenseContext (TypeId { t: (4533244013398082440, 10897659798729036060) }) in Doggo
2024-06-04T16:00:35.467629Z TRACE VirtualDom::render_immediate:render{scope=Doggo}: dioxus_core::scope_context: looking for context dioxus_core::suspense::SuspenseContext (TypeId { t: (4533244013398082440, 10897659798729036060) }) in FrozenContext
2024-06-04T16:00:35.467648Z TRACE VirtualDom::render_immediate:render{scope=Doggo}: dioxus_core::scope_context: found context TypeId { t: (9286496122914249738, 8586425926625933774) }
2024-06-04T16:00:35.467667Z TRACE VirtualDom::render_immediate:render{scope=Doggo}: dioxus_core::scope_context: looking for context dioxus_core::suspense::SuspenseContext (TypeId { t: (4533244013398082440, 10897659798729036060) }) in SuspenseBoundary
2024-06-04T16:00:35.467685Z TRACE VirtualDom::render_immediate:render{scope=Doggo}: dioxus_core::scope_context: found context TypeId { t: (4533244013398082440, 10897659798729036060) }
2024-06-04T16:00:35.515266Z TRACE VirtualDom::wait_for_work:VirtualDom::process_events: dioxus_core::virtual_dom: Marking task Task { id: 3, unsend: PhantomData<*const ()> } (spawned in ScopeId(4)) as dirty (called from Location { file: "packages/core/src/virtual_dom.rs", line: 505, col: 58 })
2024-06-04T16:00:35.515358Z  INFO VirtualDom::wait_for_work:VirtualDom::process_events:VirtualDom::poll_tasks: dioxus_core::tasks: Polling task Task { id: 3, unsend: PhantomData<*const ()> }
2024-06-04T16:00:35.515433Z  INFO VirtualDom::wait_for_work:VirtualDom::process_events:VirtualDom::poll_tasks: dioxus_core::tasks: Task Task { id: 3, unsend: PhantomData<*const ()> } finished with result Pending
2024-06-04T16:00:35.515461Z TRACE VirtualDom::wait_for_work:VirtualDom::process_events:VirtualDom::poll_tasks: dioxus_core::virtual_dom: Marking scope ScopeId(4, "Doggo") as dirty
2024-06-04T16:00:35.515596Z TRACE VirtualDom::render_immediate:render{scope=Doggo}: dioxus_signals::signal: Subscribing to the reactive context ReactiveContext(for scope: ScopeId(4, "Doggo"))
2024-06-04T16:00:35.515631Z TRACE VirtualDom::render_immediate:render{scope=Doggo}: dioxus_signals::signal: Subscribing to the reactive context ReactiveContext(for scope: ScopeId(4, "Doggo"))
2024-06-04T16:00:35.515660Z TRACE VirtualDom::render_immediate:render{scope=Doggo}: dioxus_core::scope_context: looking for context dioxus_core::suspense::SuspenseContext (TypeId { t: (4533244013398082440, 10897659798729036060) }) in Doggo
2024-06-04T16:00:35.515682Z TRACE VirtualDom::render_immediate:render{scope=Doggo}: dioxus_core::scope_context: looking for context dioxus_core::suspense::SuspenseContext (TypeId { t: (4533244013398082440, 10897659798729036060) }) in FrozenContext
2024-06-04T16:00:35.515702Z TRACE VirtualDom::render_immediate:render{scope=Doggo}: dioxus_core::scope_context: found context TypeId { t: (9286496122914249738, 8586425926625933774) }
2024-06-04T16:00:35.515721Z TRACE VirtualDom::render_immediate:render{scope=Doggo}: dioxus_core::scope_context: looking for context dioxus_core::suspense::SuspenseContext (TypeId { t: (4533244013398082440, 10897659798729036060) }) in SuspenseBoundary
2024-06-04T16:00:35.515740Z TRACE VirtualDom::render_immediate:render{scope=Doggo}: dioxus_core::scope_context: found context TypeId { t: (4533244013398082440, 10897659798729036060) }
2024-06-04T16:00:35.569324Z TRACE VirtualDom::wait_for_work:VirtualDom::process_events: dioxus_core::virtual_dom: Marking task Task { id: 0, unsend: PhantomData<*const ()> } (spawned in ScopeId(3)) as dirty (called from Location { file: "packages/core/src/virtual_dom.rs", line: 505, col: 58 })
2024-06-04T16:00:35.569410Z  INFO VirtualDom::wait_for_work:VirtualDom::process_events:VirtualDom::poll_tasks: dioxus_core::tasks: Polling task Task { id: 0, unsend: PhantomData<*const ()> }
2024-06-04T16:00:35.569480Z  INFO VirtualDom::wait_for_work:VirtualDom::process_events:VirtualDom::poll_tasks: dioxus_core::tasks: Task Task { id: 0, unsend: PhantomData<*const ()> } finished with result Pending
2024-06-04T16:00:35.569513Z TRACE VirtualDom::wait_for_work:VirtualDom::process_events:VirtualDom::poll_tasks: dioxus_core::virtual_dom: Marking scope ScopeId(3, "Doggo") as dirty
2024-06-04T16:00:35.569669Z TRACE VirtualDom::render_immediate:render{scope=Doggo}: dioxus_signals::signal: Subscribing to the reactive context ReactiveContext(for scope: ScopeId(3, "Doggo"))
2024-06-04T16:00:35.569715Z TRACE VirtualDom::render_immediate:render{scope=Doggo}: dioxus_signals::signal: Subscribing to the reactive context ReactiveContext(for scope: ScopeId(3, "Doggo"))
2024-06-04T16:00:35.569754Z TRACE VirtualDom::render_immediate:render{scope=Doggo}: dioxus_core::scope_context: looking for context dioxus_core::suspense::SuspenseContext (TypeId { t: (4533244013398082440, 10897659798729036060) }) in Doggo
2024-06-04T16:00:35.569781Z TRACE VirtualDom::render_immediate:render{scope=Doggo}: dioxus_core::scope_context: looking for context dioxus_core::suspense::SuspenseContext (TypeId { t: (4533244013398082440, 10897659798729036060) }) in FrozenContext
2024-06-04T16:00:35.569805Z TRACE VirtualDom::render_immediate:render{scope=Doggo}: dioxus_core::scope_context: found context TypeId { t: (9286496122914249738, 8586425926625933774) }
2024-06-04T16:00:35.569827Z TRACE VirtualDom::render_immediate:render{scope=Doggo}: dioxus_core::scope_context: looking for context dioxus_core::suspense::SuspenseContext (TypeId { t: (4533244013398082440, 10897659798729036060) }) in SuspenseBoundary
2024-06-04T16:00:35.569849Z TRACE VirtualDom::render_immediate:render{scope=Doggo}: dioxus_core::scope_context: found context TypeId { t: (4533244013398082440, 10897659798729036060) }
2024-06-04T16:00:35.613442Z TRACE VirtualDom::wait_for_work:VirtualDom::process_events: dioxus_core::virtual_dom: Marking task Task { id: 6, unsend: PhantomData<*const ()> } (spawned in ScopeId(5)) as dirty (called from Location { file: "packages/core/src/virtual_dom.rs", line: 505, col: 58 })
2024-06-04T16:00:35.613565Z  INFO VirtualDom::wait_for_work:VirtualDom::process_events:VirtualDom::poll_tasks: dioxus_core::tasks: Polling task Task { id: 6, unsend: PhantomData<*const ()> }
2024-06-04T16:00:35.613672Z TRACE VirtualDom::wait_for_work:VirtualDom::process_events:VirtualDom::poll_tasks: dioxus_signals::signal: Write on signal at examples/suspense.rs:122:19 finished, updating subscribers
2024-06-04T16:00:35.613734Z TRACE VirtualDom::wait_for_work:VirtualDom::process_events:VirtualDom::poll_tasks: dioxus_signals::reactive_context: Marking reactive context created at packages/signals/src/reactive_context.rs:117:13 as dirty
2024-06-04T16:00:35.613757Z TRACE VirtualDom::wait_for_work:VirtualDom::process_events:VirtualDom::poll_tasks: dioxus_signals::reactive_context: Marking scope ScopeId(5, "LoadingDots") as dirty
2024-06-04T16:00:35.613827Z  INFO VirtualDom::wait_for_work:VirtualDom::process_events:VirtualDom::poll_tasks: dioxus_core::tasks: Task Task { id: 6, unsend: PhantomData<*const ()> } finished with result Pending
2024-06-04T16:00:35.613853Z TRACE VirtualDom::wait_for_work:VirtualDom::process_events:VirtualDom::poll_tasks: dioxus_core::virtual_dom: Marking scope ScopeId(5, "LoadingDots") as dirty
2024-06-04T16:00:35.614006Z TRACE VirtualDom::render_immediate:render{scope=LoadingDots}: dioxus_signals::signal: Subscribing to the reactive context ReactiveContext(for scope: ScopeId(5, "LoadingDots"))
2024-06-04T16:00:35.614100Z TRACE VirtualDom::render_immediate: dioxus_core::scope_context: looking for context dioxus_core::suspense::FrozenContext (TypeId { t: (9286496122914249738, 8586425926625933774) }) in LoadingDots
2024-06-04T16:00:35.614122Z TRACE VirtualDom::render_immediate: dioxus_core::scope_context: looking for context dioxus_core::suspense::FrozenContext (TypeId { t: (9286496122914249738, 8586425926625933774) }) in SuspenseBoundary
2024-06-04T16:00:35.614138Z TRACE VirtualDom::render_immediate: dioxus_core::scope_context: found context TypeId { t: (4533244013398082440, 10897659798729036060) }
2024-06-04T16:00:35.614153Z TRACE VirtualDom::render_immediate: dioxus_core::scope_context: looking for context dioxus_core::suspense::FrozenContext (TypeId { t: (9286496122914249738, 8586425926625933774) }) in app
2024-06-04T16:00:35.614169Z TRACE VirtualDom::render_immediate: dioxus_core::scope_context: found context TypeId { t: (3582638416876954437, 3810890675802792692) }
2024-06-04T16:00:35.614184Z TRACE VirtualDom::render_immediate: dioxus_core::scope_context: found context TypeId { t: (7946844621057603534, 4355211565432133561) }
2024-06-04T16:00:35.614199Z TRACE VirtualDom::render_immediate: dioxus_core::scope_context: found context TypeId { t: (10682502755203913650, 15985576721215419306) }
2024-06-04T16:00:35.614215Z TRACE VirtualDom::render_immediate: dioxus_core::scope_context: context dioxus_core::suspense::FrozenContext (TypeId { t: (9286496122914249738, 8586425926625933774) }) not found
2024-06-04T16:00:35.614247Z TRACE VirtualDom::render_immediate: dioxus_core::diff::node: moving mount self=VNode { vnode: VNodeInner { key: None, template: Cell { value: Template { name: "examples/suspense.rs:127:5:4128", roots: [Dynamic { id: 0 }], node_paths: [[0]], attr_paths: [] } }, dynamic_nodes: [Text(VText { value: "." })], dynamic_attrs: [] }, mount: Cell { value: MountId(7) } } new=VNode { vnode: VNodeInner { key: None, template: Cell { value: Template { name: "examples/suspense.rs:127:5:4128", roots: [Dynamic { id: 0 }], node_paths: [[0]], attr_paths: [] } }, dynamic_nodes: [Text(VText { value: ".." })], dynamic_attrs: [] }, mount: Cell { value: MountId(7) } }
2024-06-04T16:00:35.614293Z TRACE VirtualDom::render_immediate: dioxus_core::diff::node: mount id: MountId(7)
2024-06-04T16:00:35.614307Z TRACE VirtualDom::render_immediate: dioxus_core::diff::node: mounts: Slab { len: 8, cap: 8 }
2024-06-04T16:00:35.616778Z TRACE VirtualDom::wait_for_work:VirtualDom::process_events: dioxus_core::virtual_dom: Marking task Task { id: 3, unsend: PhantomData<*const ()> } (spawned in ScopeId(4)) as dirty (called from Location { file: "packages/core/src/virtual_dom.rs", line: 505, col: 58 })
2024-06-04T16:00:35.616838Z  INFO VirtualDom::wait_for_work:VirtualDom::process_events:VirtualDom::poll_tasks: dioxus_core::tasks: Polling task Task { id: 3, unsend: PhantomData<*const ()> }
2024-06-04T16:00:35.616892Z  INFO VirtualDom::wait_for_work:VirtualDom::process_events:VirtualDom::poll_tasks: dioxus_core::tasks: Task Task { id: 3, unsend: PhantomData<*const ()> } finished with result Pending
2024-06-04T16:00:35.616919Z TRACE VirtualDom::wait_for_work:VirtualDom::process_events:VirtualDom::poll_tasks: dioxus_core::virtual_dom: Marking scope ScopeId(4, "Doggo") as dirty
2024-06-04T16:00:35.617027Z TRACE VirtualDom::render_immediate:render{scope=Doggo}: dioxus_signals::signal: Subscribing to the reactive context ReactiveContext(for scope: ScopeId(4, "Doggo"))
2024-06-04T16:00:35.617067Z TRACE VirtualDom::render_immediate:render{scope=Doggo}: dioxus_signals::signal: Subscribing to the reactive context ReactiveContext(for scope: ScopeId(4, "Doggo"))
2024-06-04T16:00:35.617099Z TRACE VirtualDom::render_immediate:render{scope=Doggo}: dioxus_core::scope_context: looking for context dioxus_core::suspense::SuspenseContext (TypeId { t: (4533244013398082440, 10897659798729036060) }) in Doggo
2024-06-04T16:00:35.617123Z TRACE VirtualDom::render_immediate:render{scope=Doggo}: dioxus_core::scope_context: looking for context dioxus_core::suspense::SuspenseContext (TypeId { t: (4533244013398082440, 10897659798729036060) }) in FrozenContext
2024-06-04T16:00:35.617142Z TRACE VirtualDom::render_immediate:render{scope=Doggo}: dioxus_core::scope_context: found context TypeId { t: (9286496122914249738, 8586425926625933774) }
2024-06-04T16:00:35.617161Z TRACE VirtualDom::render_immediate:render{scope=Doggo}: dioxus_core::scope_context: looking for context dioxus_core::suspense::SuspenseContext (TypeId { t: (4533244013398082440, 10897659798729036060) }) in SuspenseBoundary
2024-06-04T16:00:35.617179Z TRACE VirtualDom::render_immediate:render{scope=Doggo}: dioxus_core::scope_context: found context TypeId { t: (4533244013398082440, 10897659798729036060) }
2024-06-04T16:00:35.671919Z TRACE VirtualDom::wait_for_work:VirtualDom::process_events: dioxus_core::virtual_dom: Marking task Task { id: 0, unsend: PhantomData<*const ()> } (spawned in ScopeId(3)) as dirty (called from Location { file: "packages/core/src/virtual_dom.rs", line: 505, col: 58 })
2024-06-04T16:00:35.672058Z  INFO VirtualDom::wait_for_work:VirtualDom::process_events:VirtualDom::poll_tasks: dioxus_core::tasks: Polling task Task { id: 0, unsend: PhantomData<*const ()> }
2024-06-04T16:00:35.672167Z  INFO VirtualDom::wait_for_work:VirtualDom::process_events:VirtualDom::poll_tasks: dioxus_core::tasks: Task Task { id: 0, unsend: PhantomData<*const ()> } finished with result Pending
2024-06-04T16:00:35.672205Z TRACE VirtualDom::wait_for_work:VirtualDom::process_events:VirtualDom::poll_tasks: dioxus_core::virtual_dom: Marking scope ScopeId(3, "Doggo") as dirty
2024-06-04T16:00:35.672392Z TRACE VirtualDom::render_immediate:render{scope=Doggo}: dioxus_signals::signal: Subscribing to the reactive context ReactiveContext(for scope: ScopeId(3, "Doggo"))
2024-06-04T16:00:35.672477Z TRACE VirtualDom::render_immediate:render{scope=Doggo}: dioxus_signals::signal: Subscribing to the reactive context ReactiveContext(for scope: ScopeId(3, "Doggo"))
2024-06-04T16:00:35.672538Z TRACE VirtualDom::render_immediate:render{scope=Doggo}: dioxus_core::scope_context: looking for context dioxus_core::suspense::SuspenseContext (TypeId { t: (4533244013398082440, 10897659798729036060) }) in Doggo
2024-06-04T16:00:35.672566Z TRACE VirtualDom::render_immediate:render{scope=Doggo}: dioxus_core::scope_context: looking for context dioxus_core::suspense::SuspenseContext (TypeId { t: (4533244013398082440, 10897659798729036060) }) in FrozenContext
2024-06-04T16:00:35.672602Z TRACE VirtualDom::render_immediate:render{scope=Doggo}: dioxus_core::scope_context: found context TypeId { t: (9286496122914249738, 8586425926625933774) }
2024-06-04T16:00:35.672638Z TRACE VirtualDom::render_immediate:render{scope=Doggo}: dioxus_core::scope_context: looking for context dioxus_core::suspense::SuspenseContext (TypeId { t: (4533244013398082440, 10897659798729036060) }) in SuspenseBoundary
2024-06-04T16:00:35.672660Z TRACE VirtualDom::render_immediate:render{scope=Doggo}: dioxus_core::scope_context: found context TypeId { t: (4533244013398082440, 10897659798729036060) }
2024-06-04T16:00:35.718992Z TRACE VirtualDom::wait_for_work:VirtualDom::process_events: dioxus_core::virtual_dom: Marking task Task { id: 3, unsend: PhantomData<*const ()> } (spawned in ScopeId(4)) as dirty (called from Location { file: "packages/core/src/virtual_dom.rs", line: 505, col: 58 })
2024-06-04T16:00:35.719089Z  INFO VirtualDom::wait_for_work:VirtualDom::process_events:VirtualDom::poll_tasks: dioxus_core::tasks: Polling task Task { id: 3, unsend: PhantomData<*const ()> }
2024-06-04T16:00:35.719157Z  INFO VirtualDom::wait_for_work:VirtualDom::process_events:VirtualDom::poll_tasks: dioxus_core::tasks: Task Task { id: 3, unsend: PhantomData<*const ()> } finished with result Pending
2024-06-04T16:00:35.719190Z TRACE VirtualDom::wait_for_work:VirtualDom::process_events:VirtualDom::poll_tasks: dioxus_core::virtual_dom: Marking scope ScopeId(4, "Doggo") as dirty
2024-06-04T16:00:35.719340Z TRACE VirtualDom::render_immediate:render{scope=Doggo}: dioxus_signals::signal: Subscribing to the reactive context ReactiveContext(for scope: ScopeId(4, "Doggo"))
2024-06-04T16:00:35.719384Z TRACE VirtualDom::render_immediate:render{scope=Doggo}: dioxus_signals::signal: Subscribing to the reactive context ReactiveContext(for scope: ScopeId(4, "Doggo"))
2024-06-04T16:00:35.719419Z TRACE VirtualDom::render_immediate:render{scope=Doggo}: dioxus_core::scope_context: looking for context dioxus_core::suspense::SuspenseContext (TypeId { t: (4533244013398082440, 10897659798729036060) }) in Doggo
2024-06-04T16:00:35.719443Z TRACE VirtualDom::render_immediate:render{scope=Doggo}: dioxus_core::scope_context: looking for context dioxus_core::suspense::SuspenseContext (TypeId { t: (4533244013398082440, 10897659798729036060) }) in FrozenContext
2024-06-04T16:00:35.719463Z TRACE VirtualDom::render_immediate:render{scope=Doggo}: dioxus_core::scope_context: found context TypeId { t: (9286496122914249738, 8586425926625933774) }
2024-06-04T16:00:35.719482Z TRACE VirtualDom::render_immediate:render{scope=Doggo}: dioxus_core::scope_context: looking for context dioxus_core::suspense::SuspenseContext (TypeId { t: (4533244013398082440, 10897659798729036060) }) in SuspenseBoundary
2024-06-04T16:00:35.719501Z TRACE VirtualDom::render_immediate:render{scope=Doggo}: dioxus_core::scope_context: found context TypeId { t: (4533244013398082440, 10897659798729036060) }
2024-06-04T16:00:35.775094Z TRACE VirtualDom::wait_for_work:VirtualDom::process_events: dioxus_core::virtual_dom: Marking task Task { id: 0, unsend: PhantomData<*const ()> } (spawned in ScopeId(3)) as dirty (called from Location { file: "packages/core/src/virtual_dom.rs", line: 505, col: 58 })
2024-06-04T16:00:35.775218Z  INFO VirtualDom::wait_for_work:VirtualDom::process_events:VirtualDom::poll_tasks: dioxus_core::tasks: Polling task Task { id: 0, unsend: PhantomData<*const ()> }
2024-06-04T16:00:35.775323Z  INFO VirtualDom::wait_for_work:VirtualDom::process_events:VirtualDom::poll_tasks: dioxus_core::tasks: Task Task { id: 0, unsend: PhantomData<*const ()> } finished with result Pending
2024-06-04T16:00:35.775360Z TRACE VirtualDom::wait_for_work:VirtualDom::process_events:VirtualDom::poll_tasks: dioxus_core::virtual_dom: Marking scope ScopeId(3, "Doggo") as dirty
2024-06-04T16:00:35.775542Z TRACE VirtualDom::render_immediate:render{scope=Doggo}: dioxus_signals::signal: Subscribing to the reactive context ReactiveContext(for scope: ScopeId(3, "Doggo"))
2024-06-04T16:00:35.775593Z TRACE VirtualDom::render_immediate:render{scope=Doggo}: dioxus_signals::signal: Subscribing to the reactive context ReactiveContext(for scope: ScopeId(3, "Doggo"))
2024-06-04T16:00:35.775638Z TRACE VirtualDom::render_immediate:render{scope=Doggo}: dioxus_core::scope_context: looking for context dioxus_core::suspense::SuspenseContext (TypeId { t: (4533244013398082440, 10897659798729036060) }) in Doggo
2024-06-04T16:00:35.775667Z TRACE VirtualDom::render_immediate:render{scope=Doggo}: dioxus_core::scope_context: looking for context dioxus_core::suspense::SuspenseContext (TypeId { t: (4533244013398082440, 10897659798729036060) }) in FrozenContext
2024-06-04T16:00:35.775691Z TRACE VirtualDom::render_immediate:render{scope=Doggo}: dioxus_core::scope_context: found context TypeId { t: (9286496122914249738, 8586425926625933774) }
2024-06-04T16:00:35.775713Z TRACE VirtualDom::render_immediate:render{scope=Doggo}: dioxus_core::scope_context: looking for context dioxus_core::suspense::SuspenseContext (TypeId { t: (4533244013398082440, 10897659798729036060) }) in SuspenseBoundary
2024-06-04T16:00:35.775748Z TRACE VirtualDom::render_immediate:render{scope=Doggo}: dioxus_core::scope_context: found context TypeId { t: (4533244013398082440, 10897659798729036060) }
2024-06-04T16:00:35.815430Z TRACE VirtualDom::wait_for_work:VirtualDom::process_events: dioxus_core::virtual_dom: Marking task Task { id: 6, unsend: PhantomData<*const ()> } (spawned in ScopeId(5)) as dirty (called from Location { file: "packages/core/src/virtual_dom.rs", line: 505, col: 58 })
2024-06-04T16:00:35.815524Z  INFO VirtualDom::wait_for_work:VirtualDom::process_events:VirtualDom::poll_tasks: dioxus_core::tasks: Polling task Task { id: 6, unsend: PhantomData<*const ()> }
2024-06-04T16:00:35.815600Z TRACE VirtualDom::wait_for_work:VirtualDom::process_events:VirtualDom::poll_tasks: dioxus_signals::signal: Write on signal at examples/suspense.rs:122:19 finished, updating subscribers
2024-06-04T16:00:35.815644Z TRACE VirtualDom::wait_for_work:VirtualDom::process_events:VirtualDom::poll_tasks: dioxus_signals::reactive_context: Marking reactive context created at packages/signals/src/reactive_context.rs:117:13 as dirty
2024-06-04T16:00:35.815670Z TRACE VirtualDom::wait_for_work:VirtualDom::process_events:VirtualDom::poll_tasks: dioxus_signals::reactive_context: Marking scope ScopeId(5, "LoadingDots") as dirty
2024-06-04T16:00:35.815728Z  INFO VirtualDom::wait_for_work:VirtualDom::process_events:VirtualDom::poll_tasks: dioxus_core::tasks: Task Task { id: 6, unsend: PhantomData<*const ()> } finished with result Pending
2024-06-04T16:00:35.815762Z TRACE VirtualDom::wait_for_work:VirtualDom::process_events:VirtualDom::poll_tasks: dioxus_core::virtual_dom: Marking scope ScopeId(5, "LoadingDots") as dirty
2024-06-04T16:00:35.815915Z TRACE VirtualDom::render_immediate:render{scope=LoadingDots}: dioxus_signals::signal: Subscribing to the reactive context ReactiveContext(for scope: ScopeId(5, "LoadingDots"))
2024-06-04T16:00:35.815973Z TRACE VirtualDom::render_immediate: dioxus_core::scope_context: looking for context dioxus_core::suspense::FrozenContext (TypeId { t: (9286496122914249738, 8586425926625933774) }) in LoadingDots
2024-06-04T16:00:35.815998Z TRACE VirtualDom::render_immediate: dioxus_core::scope_context: looking for context dioxus_core::suspense::FrozenContext (TypeId { t: (9286496122914249738, 8586425926625933774) }) in SuspenseBoundary
2024-06-04T16:00:35.816019Z TRACE VirtualDom::render_immediate: dioxus_core::scope_context: found context TypeId { t: (4533244013398082440, 10897659798729036060) }
2024-06-04T16:00:35.816038Z TRACE VirtualDom::render_immediate: dioxus_core::scope_context: looking for context dioxus_core::suspense::FrozenContext (TypeId { t: (9286496122914249738, 8586425926625933774) }) in app
2024-06-04T16:00:35.816056Z TRACE VirtualDom::render_immediate: dioxus_core::scope_context: found context TypeId { t: (3582638416876954437, 3810890675802792692) }
2024-06-04T16:00:35.816075Z TRACE VirtualDom::render_immediate: dioxus_core::scope_context: found context TypeId { t: (7946844621057603534, 4355211565432133561) }
2024-06-04T16:00:35.816092Z TRACE VirtualDom::render_immediate: dioxus_core::scope_context: found context TypeId { t: (10682502755203913650, 15985576721215419306) }
2024-06-04T16:00:35.816111Z TRACE VirtualDom::render_immediate: dioxus_core::scope_context: context dioxus_core::suspense::FrozenContext (TypeId { t: (9286496122914249738, 8586425926625933774) }) not found
2024-06-04T16:00:35.816147Z TRACE VirtualDom::render_immediate: dioxus_core::diff::node: moving mount self=VNode { vnode: VNodeInner { key: None, template: Cell { value: Template { name: "examples/suspense.rs:127:5:4128", roots: [Dynamic { id: 0 }], node_paths: [[0]], attr_paths: [] } }, dynamic_nodes: [Text(VText { value: ".." })], dynamic_attrs: [] }, mount: Cell { value: MountId(7) } } new=VNode { vnode: VNodeInner { key: None, template: Cell { value: Template { name: "examples/suspense.rs:127:5:4128", roots: [Dynamic { id: 0 }], node_paths: [[0]], attr_paths: [] } }, dynamic_nodes: [Text(VText { value: "..." })], dynamic_attrs: [] }, mount: Cell { value: MountId(7) } }
2024-06-04T16:00:35.816199Z TRACE VirtualDom::render_immediate: dioxus_core::diff::node: mount id: MountId(7)
2024-06-04T16:00:35.816216Z TRACE VirtualDom::render_immediate: dioxus_core::diff::node: mounts: Slab { len: 8, cap: 8 }
2024-06-04T16:00:35.821072Z TRACE VirtualDom::wait_for_work:VirtualDom::process_events: dioxus_core::virtual_dom: Marking task Task { id: 3, unsend: PhantomData<*const ()> } (spawned in ScopeId(4)) as dirty (called from Location { file: "packages/core/src/virtual_dom.rs", line: 505, col: 58 })
2024-06-04T16:00:35.821126Z  INFO VirtualDom::wait_for_work:VirtualDom::process_events:VirtualDom::poll_tasks: dioxus_core::tasks: Polling task Task { id: 3, unsend: PhantomData<*const ()> }
2024-06-04T16:00:35.821180Z  INFO VirtualDom::wait_for_work:VirtualDom::process_events:VirtualDom::poll_tasks: dioxus_core::tasks: Task Task { id: 3, unsend: PhantomData<*const ()> } finished with result Pending
2024-06-04T16:00:35.821208Z TRACE VirtualDom::wait_for_work:VirtualDom::process_events:VirtualDom::poll_tasks: dioxus_core::virtual_dom: Marking scope ScopeId(4, "Doggo") as dirty
2024-06-04T16:00:35.821323Z TRACE VirtualDom::render_immediate:render{scope=Doggo}: dioxus_signals::signal: Subscribing to the reactive context ReactiveContext(for scope: ScopeId(4, "Doggo"))
2024-06-04T16:00:35.821361Z TRACE VirtualDom::render_immediate:render{scope=Doggo}: dioxus_signals::signal: Subscribing to the reactive context ReactiveContext(for scope: ScopeId(4, "Doggo"))
2024-06-04T16:00:35.821391Z TRACE VirtualDom::render_immediate:render{scope=Doggo}: dioxus_core::scope_context: looking for context dioxus_core::suspense::SuspenseContext (TypeId { t: (4533244013398082440, 10897659798729036060) }) in Doggo
2024-06-04T16:00:35.821414Z TRACE VirtualDom::render_immediate:render{scope=Doggo}: dioxus_core::scope_context: looking for context dioxus_core::suspense::SuspenseContext (TypeId { t: (4533244013398082440, 10897659798729036060) }) in FrozenContext
2024-06-04T16:00:35.821434Z TRACE VirtualDom::render_immediate:render{scope=Doggo}: dioxus_core::scope_context: found context TypeId { t: (9286496122914249738, 8586425926625933774) }
2024-06-04T16:00:35.821453Z TRACE VirtualDom::render_immediate:render{scope=Doggo}: dioxus_core::scope_context: looking for context dioxus_core::suspense::SuspenseContext (TypeId { t: (4533244013398082440, 10897659798729036060) }) in SuspenseBoundary
2024-06-04T16:00:35.821471Z TRACE VirtualDom::render_immediate:render{scope=Doggo}: dioxus_core::scope_context: found context TypeId { t: (4533244013398082440, 10897659798729036060) }
2024-06-04T16:00:35.877531Z TRACE VirtualDom::wait_for_work:VirtualDom::process_events: dioxus_core::virtual_dom: Marking task Task { id: 0, unsend: PhantomData<*const ()> } (spawned in ScopeId(3)) as dirty (called from Location { file: "packages/core/src/virtual_dom.rs", line: 505, col: 58 })
2024-06-04T16:00:35.877623Z  INFO VirtualDom::wait_for_work:VirtualDom::process_events:VirtualDom::poll_tasks: dioxus_core::tasks: Polling task Task { id: 0, unsend: PhantomData<*const ()> }
2024-06-04T16:00:35.877701Z  INFO VirtualDom::wait_for_work:VirtualDom::process_events:VirtualDom::poll_tasks: dioxus_core::tasks: Task Task { id: 0, unsend: PhantomData<*const ()> } finished with result Pending
2024-06-04T16:00:35.877734Z TRACE VirtualDom::wait_for_work:VirtualDom::process_events:VirtualDom::poll_tasks: dioxus_core::virtual_dom: Marking scope ScopeId(3, "Doggo") as dirty
2024-06-04T16:00:35.877928Z TRACE VirtualDom::render_immediate:render{scope=Doggo}: dioxus_signals::signal: Subscribing to the reactive context ReactiveContext(for scope: ScopeId(3, "Doggo"))
2024-06-04T16:00:35.877971Z TRACE VirtualDom::render_immediate:render{scope=Doggo}: dioxus_signals::signal: Subscribing to the reactive context ReactiveContext(for scope: ScopeId(3, "Doggo"))
2024-06-04T16:00:35.878021Z TRACE VirtualDom::render_immediate:render{scope=Doggo}: dioxus_core::scope_context: looking for context dioxus_core::suspense::SuspenseContext (TypeId { t: (4533244013398082440, 10897659798729036060) }) in Doggo
2024-06-04T16:00:35.878065Z TRACE VirtualDom::render_immediate:render{scope=Doggo}: dioxus_core::scope_context: looking for context dioxus_core::suspense::SuspenseContext (TypeId { t: (4533244013398082440, 10897659798729036060) }) in FrozenContext
2024-06-04T16:00:35.878132Z TRACE VirtualDom::render_immediate:render{scope=Doggo}: dioxus_core::scope_context: found context TypeId { t: (9286496122914249738, 8586425926625933774) }
2024-06-04T16:00:35.878163Z TRACE VirtualDom::render_immediate:render{scope=Doggo}: dioxus_core::scope_context: looking for context dioxus_core::suspense::SuspenseContext (TypeId { t: (4533244013398082440, 10897659798729036060) }) in SuspenseBoundary
2024-06-04T16:00:35.878193Z TRACE VirtualDom::render_immediate:render{scope=Doggo}: dioxus_core::scope_context: found context TypeId { t: (4533244013398082440, 10897659798729036060) }
2024-06-04T16:00:35.923627Z TRACE VirtualDom::wait_for_work:VirtualDom::process_events: dioxus_core::virtual_dom: Marking task Task { id: 3, unsend: PhantomData<*const ()> } (spawned in ScopeId(4)) as dirty (called from Location { file: "packages/core/src/virtual_dom.rs", line: 505, col: 58 })
2024-06-04T16:00:35.923751Z  INFO VirtualDom::wait_for_work:VirtualDom::process_events:VirtualDom::poll_tasks: dioxus_core::tasks: Polling task Task { id: 3, unsend: PhantomData<*const ()> }
2024-06-04T16:00:35.923856Z  INFO VirtualDom::wait_for_work:VirtualDom::process_events:VirtualDom::poll_tasks: dioxus_core::tasks: Task Task { id: 3, unsend: PhantomData<*const ()> } finished with result Pending
2024-06-04T16:00:35.923889Z TRACE VirtualDom::wait_for_work:VirtualDom::process_events:VirtualDom::poll_tasks: dioxus_core::virtual_dom: Marking scope ScopeId(4, "Doggo") as dirty
2024-06-04T16:00:35.924051Z TRACE VirtualDom::render_immediate:render{scope=Doggo}: dioxus_signals::signal: Subscribing to the reactive context ReactiveContext(for scope: ScopeId(4, "Doggo"))
2024-06-04T16:00:35.924122Z TRACE VirtualDom::render_immediate:render{scope=Doggo}: dioxus_signals::signal: Subscribing to the reactive context ReactiveContext(for scope: ScopeId(4, "Doggo"))
2024-06-04T16:00:35.924182Z TRACE VirtualDom::render_immediate:render{scope=Doggo}: dioxus_core::scope_context: looking for context dioxus_core::suspense::SuspenseContext (TypeId { t: (4533244013398082440, 10897659798729036060) }) in Doggo
2024-06-04T16:00:35.924207Z TRACE VirtualDom::render_immediate:render{scope=Doggo}: dioxus_core::scope_context: looking for context dioxus_core::suspense::SuspenseContext (TypeId { t: (4533244013398082440, 10897659798729036060) }) in FrozenContext
2024-06-04T16:00:35.924228Z TRACE VirtualDom::render_immediate:render{scope=Doggo}: dioxus_core::scope_context: found context TypeId { t: (9286496122914249738, 8586425926625933774) }
2024-06-04T16:00:35.924262Z TRACE VirtualDom::render_immediate:render{scope=Doggo}: dioxus_core::scope_context: looking for context dioxus_core::suspense::SuspenseContext (TypeId { t: (4533244013398082440, 10897659798729036060) }) in SuspenseBoundary
2024-06-04T16:00:35.924281Z TRACE VirtualDom::render_immediate:render{scope=Doggo}: dioxus_core::scope_context: found context TypeId { t: (4533244013398082440, 10897659798729036060) }
2024-06-04T16:00:35.980116Z TRACE VirtualDom::wait_for_work:VirtualDom::process_events: dioxus_core::virtual_dom: Marking task Task { id: 0, unsend: PhantomData<*const ()> } (spawned in ScopeId(3)) as dirty (called from Location { file: "packages/core/src/virtual_dom.rs", line: 505, col: 58 })
2024-06-04T16:00:35.980223Z  INFO VirtualDom::wait_for_work:VirtualDom::process_events:VirtualDom::poll_tasks: dioxus_core::tasks: Polling task Task { id: 0, unsend: PhantomData<*const ()> }
2024-06-04T16:00:35.980298Z  INFO VirtualDom::wait_for_work:VirtualDom::process_events:VirtualDom::poll_tasks: dioxus_core::tasks: Task Task { id: 0, unsend: PhantomData<*const ()> } finished with result Pending
2024-06-04T16:00:35.980332Z TRACE VirtualDom::wait_for_work:VirtualDom::process_events:VirtualDom::poll_tasks: dioxus_core::virtual_dom: Marking scope ScopeId(3, "Doggo") as dirty
2024-06-04T16:00:35.980497Z TRACE VirtualDom::render_immediate:render{scope=Doggo}: dioxus_signals::signal: Subscribing to the reactive context ReactiveContext(for scope: ScopeId(3, "Doggo"))
2024-06-04T16:00:35.980545Z TRACE VirtualDom::render_immediate:render{scope=Doggo}: dioxus_signals::signal: Subscribing to the reactive context ReactiveContext(for scope: ScopeId(3, "Doggo"))
2024-06-04T16:00:35.980582Z TRACE VirtualDom::render_immediate:render{scope=Doggo}: dioxus_core::scope_context: looking for context dioxus_core::suspense::SuspenseContext (TypeId { t: (4533244013398082440, 10897659798729036060) }) in Doggo
2024-06-04T16:00:35.980606Z TRACE VirtualDom::render_immediate:render{scope=Doggo}: dioxus_core::scope_context: looking for context dioxus_core::suspense::SuspenseContext (TypeId { t: (4533244013398082440, 10897659798729036060) }) in FrozenContext
2024-06-04T16:00:35.980626Z TRACE VirtualDom::render_immediate:render{scope=Doggo}: dioxus_core::scope_context: found context TypeId { t: (9286496122914249738, 8586425926625933774) }
2024-06-04T16:00:35.980646Z TRACE VirtualDom::render_immediate:render{scope=Doggo}: dioxus_core::scope_context: looking for context dioxus_core::suspense::SuspenseContext (TypeId { t: (4533244013398082440, 10897659798729036060) }) in SuspenseBoundary
2024-06-04T16:00:35.980664Z TRACE VirtualDom::render_immediate:render{scope=Doggo}: dioxus_core::scope_context: found context TypeId { t: (4533244013398082440, 10897659798729036060) }
2024-06-04T16:00:36.017157Z TRACE VirtualDom::wait_for_work:VirtualDom::process_events: dioxus_core::virtual_dom: Marking task Task { id: 6, unsend: PhantomData<*const ()> } (spawned in ScopeId(5)) as dirty (called from Location { file: "packages/core/src/virtual_dom.rs", line: 505, col: 58 })
2024-06-04T16:00:36.017274Z  INFO VirtualDom::wait_for_work:VirtualDom::process_events:VirtualDom::poll_tasks: dioxus_core::tasks: Polling task Task { id: 6, unsend: PhantomData<*const ()> }
2024-06-04T16:00:36.017346Z TRACE VirtualDom::wait_for_work:VirtualDom::process_events:VirtualDom::poll_tasks: dioxus_signals::signal: Write on signal at examples/suspense.rs:122:19 finished, updating subscribers
2024-06-04T16:00:36.017391Z TRACE VirtualDom::wait_for_work:VirtualDom::process_events:VirtualDom::poll_tasks: dioxus_signals::reactive_context: Marking reactive context created at packages/signals/src/reactive_context.rs:117:13 as dirty
2024-06-04T16:00:36.017415Z TRACE VirtualDom::wait_for_work:VirtualDom::process_events:VirtualDom::poll_tasks: dioxus_signals::reactive_context: Marking scope ScopeId(5, "LoadingDots") as dirty
2024-06-04T16:00:36.017462Z  INFO VirtualDom::wait_for_work:VirtualDom::process_events:VirtualDom::poll_tasks: dioxus_core::tasks: Task Task { id: 6, unsend: PhantomData<*const ()> } finished with result Pending
2024-06-04T16:00:36.017487Z TRACE VirtualDom::wait_for_work:VirtualDom::process_events:VirtualDom::poll_tasks: dioxus_core::virtual_dom: Marking scope ScopeId(5, "LoadingDots") as dirty
2024-06-04T16:00:36.017631Z TRACE VirtualDom::render_immediate:render{scope=LoadingDots}: dioxus_signals::signal: Subscribing to the reactive context ReactiveContext(for scope: ScopeId(5, "LoadingDots"))
2024-06-04T16:00:36.017684Z TRACE VirtualDom::render_immediate: dioxus_core::scope_context: looking for context dioxus_core::suspense::FrozenContext (TypeId { t: (9286496122914249738, 8586425926625933774) }) in LoadingDots
2024-06-04T16:00:36.017706Z TRACE VirtualDom::render_immediate: dioxus_core::scope_context: looking for context dioxus_core::suspense::FrozenContext (TypeId { t: (9286496122914249738, 8586425926625933774) }) in SuspenseBoundary
2024-06-04T16:00:36.017723Z TRACE VirtualDom::render_immediate: dioxus_core::scope_context: found context TypeId { t: (4533244013398082440, 10897659798729036060) }
2024-06-04T16:00:36.017739Z TRACE VirtualDom::render_immediate: dioxus_core::scope_context: looking for context dioxus_core::suspense::FrozenContext (TypeId { t: (9286496122914249738, 8586425926625933774) }) in app
2024-06-04T16:00:36.017754Z TRACE VirtualDom::render_immediate: dioxus_core::scope_context: found context TypeId { t: (3582638416876954437, 3810890675802792692) }
2024-06-04T16:00:36.017770Z TRACE VirtualDom::render_immediate: dioxus_core::scope_context: found context TypeId { t: (7946844621057603534, 4355211565432133561) }
2024-06-04T16:00:36.017784Z TRACE VirtualDom::render_immediate: dioxus_core::scope_context: found context TypeId { t: (10682502755203913650, 15985576721215419306) }
2024-06-04T16:00:36.017800Z TRACE VirtualDom::render_immediate: dioxus_core::scope_context: context dioxus_core::suspense::FrozenContext (TypeId { t: (9286496122914249738, 8586425926625933774) }) not found
2024-06-04T16:00:36.017832Z TRACE VirtualDom::render_immediate: dioxus_core::diff::node: moving mount self=VNode { vnode: VNodeInner { key: None, template: Cell { value: Template { name: "examples/suspense.rs:127:5:4128", roots: [Dynamic { id: 0 }], node_paths: [[0]], attr_paths: [] } }, dynamic_nodes: [Text(VText { value: "..." })], dynamic_attrs: [] }, mount: Cell { value: MountId(7) } } new=VNode { vnode: VNodeInner { key: None, template: Cell { value: Template { name: "examples/suspense.rs:127:5:4128", roots: [Dynamic { id: 0 }], node_paths: [[0]], attr_paths: [] } }, dynamic_nodes: [Text(VText { value: "" })], dynamic_attrs: [] }, mount: Cell { value: MountId(7) } }
2024-06-04T16:00:36.017876Z TRACE VirtualDom::render_immediate: dioxus_core::diff::node: mount id: MountId(7)
2024-06-04T16:00:36.017890Z TRACE VirtualDom::render_immediate: dioxus_core::diff::node: mounts: Slab { len: 8, cap: 8 }
2024-06-04T16:00:36.025164Z TRACE VirtualDom::wait_for_work:VirtualDom::process_events: dioxus_core::virtual_dom: Marking task Task { id: 3, unsend: PhantomData<*const ()> } (spawned in ScopeId(4)) as dirty (called from Location { file: "packages/core/src/virtual_dom.rs", line: 505, col: 58 })
2024-06-04T16:00:36.025308Z  INFO VirtualDom::wait_for_work:VirtualDom::process_events:VirtualDom::poll_tasks: dioxus_core::tasks: Polling task Task { id: 3, unsend: PhantomData<*const ()> }
2024-06-04T16:00:36.025404Z  INFO VirtualDom::wait_for_work:VirtualDom::process_events:VirtualDom::poll_tasks: dioxus_core::tasks: Task Task { id: 3, unsend: PhantomData<*const ()> } finished with result Pending
2024-06-04T16:00:36.025436Z TRACE VirtualDom::wait_for_work:VirtualDom::process_events:VirtualDom::poll_tasks: dioxus_core::virtual_dom: Marking scope ScopeId(4, "Doggo") as dirty
2024-06-04T16:00:36.025596Z TRACE VirtualDom::render_immediate:render{scope=Doggo}: dioxus_signals::signal: Subscribing to the reactive context ReactiveContext(for scope: ScopeId(4, "Doggo"))
2024-06-04T16:00:36.025647Z TRACE VirtualDom::render_immediate:render{scope=Doggo}: dioxus_signals::signal: Subscribing to the reactive context ReactiveContext(for scope: ScopeId(4, "Doggo"))
2024-06-04T16:00:36.025691Z TRACE VirtualDom::render_immediate:render{scope=Doggo}: dioxus_core::scope_context: looking for context dioxus_core::suspense::SuspenseContext (TypeId { t: (4533244013398082440, 10897659798729036060) }) in Doggo
2024-06-04T16:00:36.025722Z TRACE VirtualDom::render_immediate:render{scope=Doggo}: dioxus_core::scope_context: looking for context dioxus_core::suspense::SuspenseContext (TypeId { t: (4533244013398082440, 10897659798729036060) }) in FrozenContext
2024-06-04T16:00:36.025743Z TRACE VirtualDom::render_immediate:render{scope=Doggo}: dioxus_core::scope_context: found context TypeId { t: (9286496122914249738, 8586425926625933774) }
2024-06-04T16:00:36.025762Z TRACE VirtualDom::render_immediate:render{scope=Doggo}: dioxus_core::scope_context: looking for context dioxus_core::suspense::SuspenseContext (TypeId { t: (4533244013398082440, 10897659798729036060) }) in SuspenseBoundary
2024-06-04T16:00:36.025781Z TRACE VirtualDom::render_immediate:render{scope=Doggo}: dioxus_core::scope_context: found context TypeId { t: (4533244013398082440, 10897659798729036060) }
2024-06-04T16:00:36.081210Z TRACE VirtualDom::wait_for_work:VirtualDom::process_events: dioxus_core::virtual_dom: Marking task Task { id: 0, unsend: PhantomData<*const ()> } (spawned in ScopeId(3)) as dirty (called from Location { file: "packages/core/src/virtual_dom.rs", line: 505, col: 58 })
2024-06-04T16:00:36.081289Z  INFO VirtualDom::wait_for_work:VirtualDom::process_events:VirtualDom::poll_tasks: dioxus_core::tasks: Polling task Task { id: 0, unsend: PhantomData<*const ()> }
2024-06-04T16:00:36.081340Z  INFO VirtualDom::wait_for_work:VirtualDom::process_events:VirtualDom::poll_tasks: dioxus_core::tasks: Task Task { id: 0, unsend: PhantomData<*const ()> } finished with result Pending
2024-06-04T16:00:36.081360Z TRACE VirtualDom::wait_for_work:VirtualDom::process_events:VirtualDom::poll_tasks: dioxus_core::virtual_dom: Marking scope ScopeId(3, "Doggo") as dirty
2024-06-04T16:00:36.081454Z TRACE VirtualDom::render_immediate:render{scope=Doggo}: dioxus_signals::signal: Subscribing to the reactive context ReactiveContext(for scope: ScopeId(3, "Doggo"))
2024-06-04T16:00:36.081484Z TRACE VirtualDom::render_immediate:render{scope=Doggo}: dioxus_signals::signal: Subscribing to the reactive context ReactiveContext(for scope: ScopeId(3, "Doggo"))
2024-06-04T16:00:36.081507Z TRACE VirtualDom::render_immediate:render{scope=Doggo}: dioxus_core::scope_context: looking for context dioxus_core::suspense::SuspenseContext (TypeId { t: (4533244013398082440, 10897659798729036060) }) in Doggo
2024-06-04T16:00:36.081522Z TRACE VirtualDom::render_immediate:render{scope=Doggo}: dioxus_core::scope_context: looking for context dioxus_core::suspense::SuspenseContext (TypeId { t: (4533244013398082440, 10897659798729036060) }) in FrozenContext
2024-06-04T16:00:36.081535Z TRACE VirtualDom::render_immediate:render{scope=Doggo}: dioxus_core::scope_context: found context TypeId { t: (9286496122914249738, 8586425926625933774) }
2024-06-04T16:00:36.081547Z TRACE VirtualDom::render_immediate:render{scope=Doggo}: dioxus_core::scope_context: looking for context dioxus_core::suspense::SuspenseContext (TypeId { t: (4533244013398082440, 10897659798729036060) }) in SuspenseBoundary
2024-06-04T16:00:36.081558Z TRACE VirtualDom::render_immediate:render{scope=Doggo}: dioxus_core::scope_context: found context TypeId { t: (4533244013398082440, 10897659798729036060) }
2024-06-04T16:00:36.127246Z TRACE VirtualDom::wait_for_work:VirtualDom::process_events: dioxus_core::virtual_dom: Marking task Task { id: 3, unsend: PhantomData<*const ()> } (spawned in ScopeId(4)) as dirty (called from Location { file: "packages/core/src/virtual_dom.rs", line: 505, col: 58 })
2024-06-04T16:00:36.127317Z  INFO VirtualDom::wait_for_work:VirtualDom::process_events:VirtualDom::poll_tasks: dioxus_core::tasks: Polling task Task { id: 3, unsend: PhantomData<*const ()> }
2024-06-04T16:00:36.127364Z  INFO VirtualDom::wait_for_work:VirtualDom::process_events:VirtualDom::poll_tasks: dioxus_core::tasks: Task Task { id: 3, unsend: PhantomData<*const ()> } finished with result Pending
2024-06-04T16:00:36.127382Z TRACE VirtualDom::wait_for_work:VirtualDom::process_events:VirtualDom::poll_tasks: dioxus_core::virtual_dom: Marking scope ScopeId(4, "Doggo") as dirty
2024-06-04T16:00:36.127475Z TRACE VirtualDom::render_immediate:render{scope=Doggo}: dioxus_signals::signal: Subscribing to the reactive context ReactiveContext(for scope: ScopeId(4, "Doggo"))
2024-06-04T16:00:36.127502Z TRACE VirtualDom::render_immediate:render{scope=Doggo}: dioxus_signals::signal: Subscribing to the reactive context ReactiveContext(for scope: ScopeId(4, "Doggo"))
2024-06-04T16:00:36.127523Z TRACE VirtualDom::render_immediate:render{scope=Doggo}: dioxus_core::scope_context: looking for context dioxus_core::suspense::SuspenseContext (TypeId { t: (4533244013398082440, 10897659798729036060) }) in Doggo
2024-06-04T16:00:36.127538Z TRACE VirtualDom::render_immediate:render{scope=Doggo}: dioxus_core::scope_context: looking for context dioxus_core::suspense::SuspenseContext (TypeId { t: (4533244013398082440, 10897659798729036060) }) in FrozenContext
2024-06-04T16:00:36.127550Z TRACE VirtualDom::render_immediate:render{scope=Doggo}: dioxus_core::scope_context: found context TypeId { t: (9286496122914249738, 8586425926625933774) }
2024-06-04T16:00:36.127561Z TRACE VirtualDom::render_immediate:render{scope=Doggo}: dioxus_core::scope_context: looking for context dioxus_core::suspense::SuspenseContext (TypeId { t: (4533244013398082440, 10897659798729036060) }) in SuspenseBoundary
2024-06-04T16:00:36.127573Z TRACE VirtualDom::render_immediate:render{scope=Doggo}: dioxus_core::scope_context: found context TypeId { t: (4533244013398082440, 10897659798729036060) }
2024-06-04T16:00:36.183376Z TRACE VirtualDom::wait_for_work:VirtualDom::process_events: dioxus_core::virtual_dom: Marking task Task { id: 0, unsend: PhantomData<*const ()> } (spawned in ScopeId(3)) as dirty (called from Location { file: "packages/core/src/virtual_dom.rs", line: 505, col: 58 })
2024-06-04T16:00:36.183499Z  INFO VirtualDom::wait_for_work:VirtualDom::process_events:VirtualDom::poll_tasks: dioxus_core::tasks: Polling task Task { id: 0, unsend: PhantomData<*const ()> }
2024-06-04T16:00:36.183557Z  INFO VirtualDom::wait_for_work:VirtualDom::process_events:VirtualDom::poll_tasks: dioxus_core::tasks: Task Task { id: 0, unsend: PhantomData<*const ()> } finished with result Pending
2024-06-04T16:00:36.183578Z TRACE VirtualDom::wait_for_work:VirtualDom::process_events:VirtualDom::poll_tasks: dioxus_core::virtual_dom: Marking scope ScopeId(3, "Doggo") as dirty
2024-06-04T16:00:36.183692Z TRACE VirtualDom::render_immediate:render{scope=Doggo}: dioxus_signals::signal: Subscribing to the reactive context ReactiveContext(for scope: ScopeId(3, "Doggo"))
2024-06-04T16:00:36.183721Z TRACE VirtualDom::render_immediate:render{scope=Doggo}: dioxus_signals::signal: Subscribing to the reactive context ReactiveContext(for scope: ScopeId(3, "Doggo"))
2024-06-04T16:00:36.183749Z TRACE VirtualDom::render_immediate:render{scope=Doggo}: dioxus_core::scope_context: looking for context dioxus_core::suspense::SuspenseContext (TypeId { t: (4533244013398082440, 10897659798729036060) }) in Doggo
2024-06-04T16:00:36.183767Z TRACE VirtualDom::render_immediate:render{scope=Doggo}: dioxus_core::scope_context: looking for context dioxus_core::suspense::SuspenseContext (TypeId { t: (4533244013398082440, 10897659798729036060) }) in FrozenContext
2024-06-04T16:00:36.183780Z TRACE VirtualDom::render_immediate:render{scope=Doggo}: dioxus_core::scope_context: found context TypeId { t: (9286496122914249738, 8586425926625933774) }
2024-06-04T16:00:36.183791Z TRACE VirtualDom::render_immediate:render{scope=Doggo}: dioxus_core::scope_context: looking for context dioxus_core::suspense::SuspenseContext (TypeId { t: (4533244013398082440, 10897659798729036060) }) in SuspenseBoundary
2024-06-04T16:00:36.183802Z TRACE VirtualDom::render_immediate:render{scope=Doggo}: dioxus_core::scope_context: found context TypeId { t: (4533244013398082440, 10897659798729036060) }
2024-06-04T16:00:36.219407Z TRACE VirtualDom::wait_for_work:VirtualDom::process_events: dioxus_core::virtual_dom: Marking task Task { id: 6, unsend: PhantomData<*const ()> } (spawned in ScopeId(5)) as dirty (called from Location { file: "packages/core/src/virtual_dom.rs", line: 505, col: 58 })
2024-06-04T16:00:36.219478Z  INFO VirtualDom::wait_for_work:VirtualDom::process_events:VirtualDom::poll_tasks: dioxus_core::tasks: Polling task Task { id: 6, unsend: PhantomData<*const ()> }
2024-06-04T16:00:36.219531Z TRACE VirtualDom::wait_for_work:VirtualDom::process_events:VirtualDom::poll_tasks: dioxus_signals::signal: Write on signal at examples/suspense.rs:122:19 finished, updating subscribers
2024-06-04T16:00:36.219560Z TRACE VirtualDom::wait_for_work:VirtualDom::process_events:VirtualDom::poll_tasks: dioxus_signals::reactive_context: Marking reactive context created at packages/signals/src/reactive_context.rs:117:13 as dirty
2024-06-04T16:00:36.219574Z TRACE VirtualDom::wait_for_work:VirtualDom::process_events:VirtualDom::poll_tasks: dioxus_signals::reactive_context: Marking scope ScopeId(5, "LoadingDots") as dirty
2024-06-04T16:00:36.219607Z  INFO VirtualDom::wait_for_work:VirtualDom::process_events:VirtualDom::poll_tasks: dioxus_core::tasks: Task Task { id: 6, unsend: PhantomData<*const ()> } finished with result Pending
2024-06-04T16:00:36.219623Z TRACE VirtualDom::wait_for_work:VirtualDom::process_events:VirtualDom::poll_tasks: dioxus_core::virtual_dom: Marking scope ScopeId(5, "LoadingDots") as dirty
2024-06-04T16:00:36.219713Z TRACE VirtualDom::render_immediate:render{scope=LoadingDots}: dioxus_signals::signal: Subscribing to the reactive context ReactiveContext(for scope: ScopeId(5, "LoadingDots"))
2024-06-04T16:00:36.219742Z TRACE VirtualDom::render_immediate: dioxus_core::scope_context: looking for context dioxus_core::suspense::FrozenContext (TypeId { t: (9286496122914249738, 8586425926625933774) }) in LoadingDots
2024-06-04T16:00:36.219755Z TRACE VirtualDom::render_immediate: dioxus_core::scope_context: looking for context dioxus_core::suspense::FrozenContext (TypeId { t: (9286496122914249738, 8586425926625933774) }) in SuspenseBoundary
2024-06-04T16:00:36.219765Z TRACE VirtualDom::render_immediate: dioxus_core::scope_context: found context TypeId { t: (4533244013398082440, 10897659798729036060) }
2024-06-04T16:00:36.219774Z TRACE VirtualDom::render_immediate: dioxus_core::scope_context: looking for context dioxus_core::suspense::FrozenContext (TypeId { t: (9286496122914249738, 8586425926625933774) }) in app
2024-06-04T16:00:36.219783Z TRACE VirtualDom::render_immediate: dioxus_core::scope_context: found context TypeId { t: (3582638416876954437, 3810890675802792692) }
2024-06-04T16:00:36.219792Z TRACE VirtualDom::render_immediate: dioxus_core::scope_context: found context TypeId { t: (7946844621057603534, 4355211565432133561) }
2024-06-04T16:00:36.219801Z TRACE VirtualDom::render_immediate: dioxus_core::scope_context: found context TypeId { t: (10682502755203913650, 15985576721215419306) }
2024-06-04T16:00:36.219810Z TRACE VirtualDom::render_immediate: dioxus_core::scope_context: context dioxus_core::suspense::FrozenContext (TypeId { t: (9286496122914249738, 8586425926625933774) }) not found
2024-06-04T16:00:36.219828Z TRACE VirtualDom::render_immediate: dioxus_core::diff::node: moving mount self=VNode { vnode: VNodeInner { key: None, template: Cell { value: Template { name: "examples/suspense.rs:127:5:4128", roots: [Dynamic { id: 0 }], node_paths: [[0]], attr_paths: [] } }, dynamic_nodes: [Text(VText { value: "" })], dynamic_attrs: [] }, mount: Cell { value: MountId(7) } } new=VNode { vnode: VNodeInner { key: None, template: Cell { value: Template { name: "examples/suspense.rs:127:5:4128", roots: [Dynamic { id: 0 }], node_paths: [[0]], attr_paths: [] } }, dynamic_nodes: [Text(VText { value: "." })], dynamic_attrs: [] }, mount: Cell { value: MountId(7) } }
2024-06-04T16:00:36.219854Z TRACE VirtualDom::render_immediate: dioxus_core::diff::node: mount id: MountId(7)
2024-06-04T16:00:36.219862Z TRACE VirtualDom::render_immediate: dioxus_core::diff::node: mounts: Slab { len: 8, cap: 8 }
2024-06-04T16:00:36.228790Z TRACE VirtualDom::wait_for_work:VirtualDom::process_events: dioxus_core::virtual_dom: Marking task Task { id: 3, unsend: PhantomData<*const ()> } (spawned in ScopeId(4)) as dirty (called from Location { file: "packages/core/src/virtual_dom.rs", line: 505, col: 58 })
2024-06-04T16:00:36.228851Z  INFO VirtualDom::wait_for_work:VirtualDom::process_events:VirtualDom::poll_tasks: dioxus_core::tasks: Polling task Task { id: 3, unsend: PhantomData<*const ()> }
2024-06-04T16:00:36.228924Z  INFO VirtualDom::wait_for_work:VirtualDom::process_events:VirtualDom::poll_tasks: dioxus_core::tasks: Task Task { id: 3, unsend: PhantomData<*const ()> } finished with result Pending
2024-06-04T16:00:36.228941Z TRACE VirtualDom::wait_for_work:VirtualDom::process_events:VirtualDom::poll_tasks: dioxus_core::virtual_dom: Marking scope ScopeId(4, "Doggo") as dirty
2024-06-04T16:00:36.229054Z TRACE VirtualDom::render_immediate:render{scope=Doggo}: dioxus_signals::signal: Subscribing to the reactive context ReactiveContext(for scope: ScopeId(4, "Doggo"))
2024-06-04T16:00:36.229078Z TRACE VirtualDom::render_immediate:render{scope=Doggo}: dioxus_signals::signal: Subscribing to the reactive context ReactiveContext(for scope: ScopeId(4, "Doggo"))
2024-06-04T16:00:36.229098Z TRACE VirtualDom::render_immediate:render{scope=Doggo}: dioxus_core::scope_context: looking for context dioxus_core::suspense::SuspenseContext (TypeId { t: (4533244013398082440, 10897659798729036060) }) in Doggo
2024-06-04T16:00:36.229112Z TRACE VirtualDom::render_immediate:render{scope=Doggo}: dioxus_core::scope_context: looking for context dioxus_core::suspense::SuspenseContext (TypeId { t: (4533244013398082440, 10897659798729036060) }) in FrozenContext
2024-06-04T16:00:36.229125Z TRACE VirtualDom::render_immediate:render{scope=Doggo}: dioxus_core::scope_context: found context TypeId { t: (9286496122914249738, 8586425926625933774) }
2024-06-04T16:00:36.229135Z TRACE VirtualDom::render_immediate:render{scope=Doggo}: dioxus_core::scope_context: looking for context dioxus_core::suspense::SuspenseContext (TypeId { t: (4533244013398082440, 10897659798729036060) }) in SuspenseBoundary
2024-06-04T16:00:36.229147Z TRACE VirtualDom::render_immediate:render{scope=Doggo}: dioxus_core::scope_context: found context TypeId { t: (4533244013398082440, 10897659798729036060) }
2024-06-04T16:00:36.285850Z TRACE VirtualDom::wait_for_work:VirtualDom::process_events: dioxus_core::virtual_dom: Marking task Task { id: 0, unsend: PhantomData<*const ()> } (spawned in ScopeId(3)) as dirty (called from Location { file: "packages/core/src/virtual_dom.rs", line: 505, col: 58 })
2024-06-04T16:00:36.285957Z  INFO VirtualDom::wait_for_work:VirtualDom::process_events:VirtualDom::poll_tasks: dioxus_core::tasks: Polling task Task { id: 0, unsend: PhantomData<*const ()> }
2024-06-04T16:00:36.286021Z  INFO VirtualDom::wait_for_work:VirtualDom::process_events:VirtualDom::poll_tasks: dioxus_core::tasks: Task Task { id: 0, unsend: PhantomData<*const ()> } finished with result Pending
2024-06-04T16:00:36.286046Z TRACE VirtualDom::wait_for_work:VirtualDom::process_events:VirtualDom::poll_tasks: dioxus_core::virtual_dom: Marking scope ScopeId(3, "Doggo") as dirty
2024-06-04T16:00:36.286163Z TRACE VirtualDom::render_immediate:render{scope=Doggo}: dioxus_signals::signal: Subscribing to the reactive context ReactiveContext(for scope: ScopeId(3, "Doggo"))
2024-06-04T16:00:36.286196Z TRACE VirtualDom::render_immediate:render{scope=Doggo}: dioxus_signals::signal: Subscribing to the reactive context ReactiveContext(for scope: ScopeId(3, "Doggo"))
2024-06-04T16:00:36.286219Z TRACE VirtualDom::render_immediate:render{scope=Doggo}: dioxus_core::scope_context: looking for context dioxus_core::suspense::SuspenseContext (TypeId { t: (4533244013398082440, 10897659798729036060) }) in Doggo
2024-06-04T16:00:36.286235Z TRACE VirtualDom::render_immediate:render{scope=Doggo}: dioxus_core::scope_context: looking for context dioxus_core::suspense::SuspenseContext (TypeId { t: (4533244013398082440, 10897659798729036060) }) in FrozenContext
2024-06-04T16:00:36.286248Z TRACE VirtualDom::render_immediate:render{scope=Doggo}: dioxus_core::scope_context: found context TypeId { t: (9286496122914249738, 8586425926625933774) }
2024-06-04T16:00:36.286261Z TRACE VirtualDom::render_immediate:render{scope=Doggo}: dioxus_core::scope_context: looking for context dioxus_core::suspense::SuspenseContext (TypeId { t: (4533244013398082440, 10897659798729036060) }) in SuspenseBoundary
2024-06-04T16:00:36.286273Z TRACE VirtualDom::render_immediate:render{scope=Doggo}: dioxus_core::scope_context: found context TypeId { t: (4533244013398082440, 10897659798729036060) }
2024-06-04T16:00:36.330895Z TRACE VirtualDom::wait_for_work:VirtualDom::process_events: dioxus_core::virtual_dom: Marking task Task { id: 3, unsend: PhantomData<*const ()> } (spawned in ScopeId(4)) as dirty (called from Location { file: "packages/core/src/virtual_dom.rs", line: 505, col: 58 })
2024-06-04T16:00:36.330978Z  INFO VirtualDom::wait_for_work:VirtualDom::process_events:VirtualDom::poll_tasks: dioxus_core::tasks: Polling task Task { id: 3, unsend: PhantomData<*const ()> }
2024-06-04T16:00:36.331036Z  INFO VirtualDom::wait_for_work:VirtualDom::process_events:VirtualDom::poll_tasks: dioxus_core::tasks: Task Task { id: 3, unsend: PhantomData<*const ()> } finished with result Pending
2024-06-04T16:00:36.331060Z TRACE VirtualDom::wait_for_work:VirtualDom::process_events:VirtualDom::poll_tasks: dioxus_core::virtual_dom: Marking scope ScopeId(4, "Doggo") as dirty
2024-06-04T16:00:36.331180Z TRACE VirtualDom::render_immediate:render{scope=Doggo}: dioxus_signals::signal: Subscribing to the reactive context ReactiveContext(for scope: ScopeId(4, "Doggo"))
2024-06-04T16:00:36.331213Z TRACE VirtualDom::render_immediate:render{scope=Doggo}: dioxus_signals::signal: Subscribing to the reactive context ReactiveContext(for scope: ScopeId(4, "Doggo"))
2024-06-04T16:00:36.331239Z TRACE VirtualDom::render_immediate:render{scope=Doggo}: dioxus_core::scope_context: looking for context dioxus_core::suspense::SuspenseContext (TypeId { t: (4533244013398082440, 10897659798729036060) }) in Doggo
2024-06-04T16:00:36.331256Z TRACE VirtualDom::render_immediate:render{scope=Doggo}: dioxus_core::scope_context: looking for context dioxus_core::suspense::SuspenseContext (TypeId { t: (4533244013398082440, 10897659798729036060) }) in FrozenContext
2024-06-04T16:00:36.331271Z TRACE VirtualDom::render_immediate:render{scope=Doggo}: dioxus_core::scope_context: found context TypeId { t: (9286496122914249738, 8586425926625933774) }
2024-06-04T16:00:36.331284Z TRACE VirtualDom::render_immediate:render{scope=Doggo}: dioxus_core::scope_context: looking for context dioxus_core::suspense::SuspenseContext (TypeId { t: (4533244013398082440, 10897659798729036060) }) in SuspenseBoundary
2024-06-04T16:00:36.331298Z TRACE VirtualDom::render_immediate:render{scope=Doggo}: dioxus_core::scope_context: found context TypeId { t: (4533244013398082440, 10897659798729036060) }
2024-06-04T16:00:36.387733Z TRACE VirtualDom::wait_for_work:VirtualDom::process_events: dioxus_core::virtual_dom: Marking task Task { id: 0, unsend: PhantomData<*const ()> } (spawned in ScopeId(3)) as dirty (called from Location { file: "packages/core/src/virtual_dom.rs", line: 505, col: 58 })
2024-06-04T16:00:36.387857Z  INFO VirtualDom::wait_for_work:VirtualDom::process_events:VirtualDom::poll_tasks: dioxus_core::tasks: Polling task Task { id: 0, unsend: PhantomData<*const ()> }
2024-06-04T16:00:36.387922Z  INFO VirtualDom::wait_for_work:VirtualDom::process_events:VirtualDom::poll_tasks: dioxus_core::tasks: Task Task { id: 0, unsend: PhantomData<*const ()> } finished with result Pending
2024-06-04T16:00:36.387951Z TRACE VirtualDom::wait_for_work:VirtualDom::process_events:VirtualDom::poll_tasks: dioxus_core::virtual_dom: Marking scope ScopeId(3, "Doggo") as dirty
2024-06-04T16:00:36.388091Z TRACE VirtualDom::render_immediate:render{scope=Doggo}: dioxus_signals::signal: Subscribing to the reactive context ReactiveContext(for scope: ScopeId(3, "Doggo"))
2024-06-04T16:00:36.388124Z TRACE VirtualDom::render_immediate:render{scope=Doggo}: dioxus_signals::signal: Subscribing to the reactive context ReactiveContext(for scope: ScopeId(3, "Doggo"))
2024-06-04T16:00:36.388151Z TRACE VirtualDom::render_immediate:render{scope=Doggo}: dioxus_core::scope_context: looking for context dioxus_core::suspense::SuspenseContext (TypeId { t: (4533244013398082440, 10897659798729036060) }) in Doggo
2024-06-04T16:00:36.388171Z TRACE VirtualDom::render_immediate:render{scope=Doggo}: dioxus_core::scope_context: looking for context dioxus_core::suspense::SuspenseContext (TypeId { t: (4533244013398082440, 10897659798729036060) }) in FrozenContext
2024-06-04T16:00:36.388187Z TRACE VirtualDom::render_immediate:render{scope=Doggo}: dioxus_core::scope_context: found context TypeId { t: (9286496122914249738, 8586425926625933774) }
2024-06-04T16:00:36.388203Z TRACE VirtualDom::render_immediate:render{scope=Doggo}: dioxus_core::scope_context: looking for context dioxus_core::suspense::SuspenseContext (TypeId { t: (4533244013398082440, 10897659798729036060) }) in SuspenseBoundary
2024-06-04T16:00:36.388219Z TRACE VirtualDom::render_immediate:render{scope=Doggo}: dioxus_core::scope_context: found context TypeId { t: (4533244013398082440, 10897659798729036060) }
2024-06-04T16:00:36.421792Z TRACE VirtualDom::wait_for_work:VirtualDom::process_events: dioxus_core::virtual_dom: Marking task Task { id: 6, unsend: PhantomData<*const ()> } (spawned in ScopeId(5)) as dirty (called from Location { file: "packages/core/src/virtual_dom.rs", line: 505, col: 58 })
2024-06-04T16:00:36.421855Z  INFO VirtualDom::wait_for_work:VirtualDom::process_events:VirtualDom::poll_tasks: dioxus_core::tasks: Polling task Task { id: 6, unsend: PhantomData<*const ()> }
2024-06-04T16:00:36.421904Z TRACE VirtualDom::wait_for_work:VirtualDom::process_events:VirtualDom::poll_tasks: dioxus_signals::signal: Write on signal at examples/suspense.rs:122:19 finished, updating subscribers
2024-06-04T16:00:36.421941Z TRACE VirtualDom::wait_for_work:VirtualDom::process_events:VirtualDom::poll_tasks: dioxus_signals::reactive_context: Marking reactive context created at packages/signals/src/reactive_context.rs:117:13 as dirty
2024-06-04T16:00:36.421962Z TRACE VirtualDom::wait_for_work:VirtualDom::process_events:VirtualDom::poll_tasks: dioxus_signals::reactive_context: Marking scope ScopeId(5, "LoadingDots") as dirty
2024-06-04T16:00:36.421996Z  INFO VirtualDom::wait_for_work:VirtualDom::process_events:VirtualDom::poll_tasks: dioxus_core::tasks: Task Task { id: 6, unsend: PhantomData<*const ()> } finished with result Pending
2024-06-04T16:00:36.422022Z TRACE VirtualDom::wait_for_work:VirtualDom::process_events:VirtualDom::poll_tasks: dioxus_core::virtual_dom: Marking scope ScopeId(5, "LoadingDots") as dirty
2024-06-04T16:00:36.422153Z TRACE VirtualDom::render_immediate:render{scope=LoadingDots}: dioxus_signals::signal: Subscribing to the reactive context ReactiveContext(for scope: ScopeId(5, "LoadingDots"))
2024-06-04T16:00:36.422192Z TRACE VirtualDom::render_immediate: dioxus_core::scope_context: looking for context dioxus_core::suspense::FrozenContext (TypeId { t: (9286496122914249738, 8586425926625933774) }) in LoadingDots
2024-06-04T16:00:36.422209Z TRACE VirtualDom::render_immediate: dioxus_core::scope_context: looking for context dioxus_core::suspense::FrozenContext (TypeId { t: (9286496122914249738, 8586425926625933774) }) in SuspenseBoundary
2024-06-04T16:00:36.422223Z TRACE VirtualDom::render_immediate: dioxus_core::scope_context: found context TypeId { t: (4533244013398082440, 10897659798729036060) }
2024-06-04T16:00:36.422236Z TRACE VirtualDom::render_immediate: dioxus_core::scope_context: looking for context dioxus_core::suspense::FrozenContext (TypeId { t: (9286496122914249738, 8586425926625933774) }) in app
2024-06-04T16:00:36.422249Z TRACE VirtualDom::render_immediate: dioxus_core::scope_context: found context TypeId { t: (3582638416876954437, 3810890675802792692) }
2024-06-04T16:00:36.422262Z TRACE VirtualDom::render_immediate: dioxus_core::scope_context: found context TypeId { t: (7946844621057603534, 4355211565432133561) }
2024-06-04T16:00:36.422274Z TRACE VirtualDom::render_immediate: dioxus_core::scope_context: found context TypeId { t: (10682502755203913650, 15985576721215419306) }
2024-06-04T16:00:36.422287Z TRACE VirtualDom::render_immediate: dioxus_core::scope_context: context dioxus_core::suspense::FrozenContext (TypeId { t: (9286496122914249738, 8586425926625933774) }) not found
2024-06-04T16:00:36.422309Z TRACE VirtualDom::render_immediate: dioxus_core::diff::node: moving mount self=VNode { vnode: VNodeInner { key: None, template: Cell { value: Template { name: "examples/suspense.rs:127:5:4128", roots: [Dynamic { id: 0 }], node_paths: [[0]], attr_paths: [] } }, dynamic_nodes: [Text(VText { value: "." })], dynamic_attrs: [] }, mount: Cell { value: MountId(7) } } new=VNode { vnode: VNodeInner { key: None, template: Cell { value: Template { name: "examples/suspense.rs:127:5:4128", roots: [Dynamic { id: 0 }], node_paths: [[0]], attr_paths: [] } }, dynamic_nodes: [Text(VText { value: ".." })], dynamic_attrs: [] }, mount: Cell { value: MountId(7) } }
2024-06-04T16:00:36.422343Z TRACE VirtualDom::render_immediate: dioxus_core::diff::node: mount id: MountId(7)
2024-06-04T16:00:36.422355Z TRACE VirtualDom::render_immediate: dioxus_core::diff::node: mounts: Slab { len: 8, cap: 8 }
2024-06-04T16:00:36.433812Z TRACE VirtualDom::wait_for_work:VirtualDom::process_events: dioxus_core::virtual_dom: Marking task Task { id: 3, unsend: PhantomData<*const ()> } (spawned in ScopeId(4)) as dirty (called from Location { file: "packages/core/src/virtual_dom.rs", line: 505, col: 58 })
2024-06-04T16:00:36.433874Z  INFO VirtualDom::wait_for_work:VirtualDom::process_events:VirtualDom::poll_tasks: dioxus_core::tasks: Polling task Task { id: 3, unsend: PhantomData<*const ()> }
2024-06-04T16:00:36.433933Z  INFO VirtualDom::wait_for_work:VirtualDom::process_events:VirtualDom::poll_tasks: dioxus_core::tasks: Task Task { id: 3, unsend: PhantomData<*const ()> } finished with result Pending
2024-06-04T16:00:36.433956Z TRACE VirtualDom::wait_for_work:VirtualDom::process_events:VirtualDom::poll_tasks: dioxus_core::virtual_dom: Marking scope ScopeId(4, "Doggo") as dirty
2024-06-04T16:00:36.434062Z TRACE VirtualDom::render_immediate:render{scope=Doggo}: dioxus_signals::signal: Subscribing to the reactive context ReactiveContext(for scope: ScopeId(4, "Doggo"))
2024-06-04T16:00:36.434093Z TRACE VirtualDom::render_immediate:render{scope=Doggo}: dioxus_signals::signal: Subscribing to the reactive context ReactiveContext(for scope: ScopeId(4, "Doggo"))
2024-06-04T16:00:36.434119Z TRACE VirtualDom::render_immediate:render{scope=Doggo}: dioxus_core::scope_context: looking for context dioxus_core::suspense::SuspenseContext (TypeId { t: (4533244013398082440, 10897659798729036060) }) in Doggo
2024-06-04T16:00:36.434138Z TRACE VirtualDom::render_immediate:render{scope=Doggo}: dioxus_core::scope_context: looking for context dioxus_core::suspense::SuspenseContext (TypeId { t: (4533244013398082440, 10897659798729036060) }) in FrozenContext
2024-06-04T16:00:36.434154Z TRACE VirtualDom::render_immediate:render{scope=Doggo}: dioxus_core::scope_context: found context TypeId { t: (9286496122914249738, 8586425926625933774) }
2024-06-04T16:00:36.434170Z TRACE VirtualDom::render_immediate:render{scope=Doggo}: dioxus_core::scope_context: looking for context dioxus_core::suspense::SuspenseContext (TypeId { t: (4533244013398082440, 10897659798729036060) }) in SuspenseBoundary
2024-06-04T16:00:36.434185Z TRACE VirtualDom::render_immediate:render{scope=Doggo}: dioxus_core::scope_context: found context TypeId { t: (4533244013398082440, 10897659798729036060) }
2024-06-04T16:00:36.489419Z TRACE VirtualDom::wait_for_work:VirtualDom::process_events: dioxus_core::virtual_dom: Marking task Task { id: 0, unsend: PhantomData<*const ()> } (spawned in ScopeId(3)) as dirty (called from Location { file: "packages/core/src/virtual_dom.rs", line: 505, col: 58 })
2024-06-04T16:00:36.489490Z  INFO VirtualDom::wait_for_work:VirtualDom::process_events:VirtualDom::poll_tasks: dioxus_core::tasks: Polling task Task { id: 0, unsend: PhantomData<*const ()> }
2024-06-04T16:00:36.489551Z  INFO VirtualDom::wait_for_work:VirtualDom::process_events:VirtualDom::poll_tasks: dioxus_core::tasks: Task Task { id: 0, unsend: PhantomData<*const ()> } finished with result Pending
2024-06-04T16:00:36.489580Z TRACE VirtualDom::wait_for_work:VirtualDom::process_events:VirtualDom::poll_tasks: dioxus_core::virtual_dom: Marking scope ScopeId(3, "Doggo") as dirty
2024-06-04T16:00:36.489705Z TRACE VirtualDom::render_immediate:render{scope=Doggo}: dioxus_signals::signal: Subscribing to the reactive context ReactiveContext(for scope: ScopeId(3, "Doggo"))
2024-06-04T16:00:36.489744Z TRACE VirtualDom::render_immediate:render{scope=Doggo}: dioxus_signals::signal: Subscribing to the reactive context ReactiveContext(for scope: ScopeId(3, "Doggo"))
2024-06-04T16:00:36.489775Z TRACE VirtualDom::render_immediate:render{scope=Doggo}: dioxus_core::scope_context: looking for context dioxus_core::suspense::SuspenseContext (TypeId { t: (4533244013398082440, 10897659798729036060) }) in Doggo
2024-06-04T16:00:36.489797Z TRACE VirtualDom::render_immediate:render{scope=Doggo}: dioxus_core::scope_context: looking for context dioxus_core::suspense::SuspenseContext (TypeId { t: (4533244013398082440, 10897659798729036060) }) in FrozenContext
2024-06-04T16:00:36.489816Z TRACE VirtualDom::render_immediate:render{scope=Doggo}: dioxus_core::scope_context: found context TypeId { t: (9286496122914249738, 8586425926625933774) }
2024-06-04T16:00:36.489835Z TRACE VirtualDom::render_immediate:render{scope=Doggo}: dioxus_core::scope_context: looking for context dioxus_core::suspense::SuspenseContext (TypeId { t: (4533244013398082440, 10897659798729036060) }) in SuspenseBoundary
2024-06-04T16:00:36.489853Z TRACE VirtualDom::render_immediate:render{scope=Doggo}: dioxus_core::scope_context: found context TypeId { t: (4533244013398082440, 10897659798729036060) }
2024-06-04T16:00:36.535103Z TRACE VirtualDom::wait_for_work:VirtualDom::process_events: dioxus_core::virtual_dom: Marking task Task { id: 3, unsend: PhantomData<*const ()> } (spawned in ScopeId(4)) as dirty (called from Location { file: "packages/core/src/virtual_dom.rs", line: 505, col: 58 })
2024-06-04T16:00:36.535193Z  INFO VirtualDom::wait_for_work:VirtualDom::process_events:VirtualDom::poll_tasks: dioxus_core::tasks: Polling task Task { id: 3, unsend: PhantomData<*const ()> }
2024-06-04T16:00:36.535265Z  INFO VirtualDom::wait_for_work:VirtualDom::process_events:VirtualDom::poll_tasks: dioxus_core::tasks: Task Task { id: 3, unsend: PhantomData<*const ()> } finished with result Pending
2024-06-04T16:00:36.535296Z TRACE VirtualDom::wait_for_work:VirtualDom::process_events:VirtualDom::poll_tasks: dioxus_core::virtual_dom: Marking scope ScopeId(4, "Doggo") as dirty
2024-06-04T16:00:36.535448Z TRACE VirtualDom::render_immediate:render{scope=Doggo}: dioxus_signals::signal: Subscribing to the reactive context ReactiveContext(for scope: ScopeId(4, "Doggo"))
2024-06-04T16:00:36.535486Z TRACE VirtualDom::render_immediate:render{scope=Doggo}: dioxus_signals::signal: Subscribing to the reactive context ReactiveContext(for scope: ScopeId(4, "Doggo"))
2024-06-04T16:00:36.535531Z TRACE VirtualDom::render_immediate:render{scope=Doggo}: dioxus_core::scope_context: looking for context dioxus_core::suspense::SuspenseContext (TypeId { t: (4533244013398082440, 10897659798729036060) }) in Doggo
2024-06-04T16:00:36.535554Z TRACE VirtualDom::render_immediate:render{scope=Doggo}: dioxus_core::scope_context: looking for context dioxus_core::suspense::SuspenseContext (TypeId { t: (4533244013398082440, 10897659798729036060) }) in FrozenContext
2024-06-04T16:00:36.535574Z TRACE VirtualDom::render_immediate:render{scope=Doggo}: dioxus_core::scope_context: found context TypeId { t: (9286496122914249738, 8586425926625933774) }
2024-06-04T16:00:36.535601Z TRACE VirtualDom::render_immediate:render{scope=Doggo}: dioxus_core::scope_context: looking for context dioxus_core::suspense::SuspenseContext (TypeId { t: (4533244013398082440, 10897659798729036060) }) in SuspenseBoundary
2024-06-04T16:00:36.535620Z TRACE VirtualDom::render_immediate:render{scope=Doggo}: dioxus_core::scope_context: found context TypeId { t: (4533244013398082440, 10897659798729036060) }
2024-06-04T16:00:36.591166Z TRACE VirtualDom::wait_for_work:VirtualDom::process_events: dioxus_core::virtual_dom: Marking task Task { id: 0, unsend: PhantomData<*const ()> } (spawned in ScopeId(3)) as dirty (called from Location { file: "packages/core/src/virtual_dom.rs", line: 505, col: 58 })
2024-06-04T16:00:36.591269Z  INFO VirtualDom::wait_for_work:VirtualDom::process_events:VirtualDom::poll_tasks: dioxus_core::tasks: Polling task Task { id: 0, unsend: PhantomData<*const ()> }
2024-06-04T16:00:36.591344Z  INFO VirtualDom::wait_for_work:VirtualDom::process_events:VirtualDom::poll_tasks: dioxus_core::tasks: Task Task { id: 0, unsend: PhantomData<*const ()> } finished with result Pending
2024-06-04T16:00:36.591380Z TRACE VirtualDom::wait_for_work:VirtualDom::process_events:VirtualDom::poll_tasks: dioxus_core::virtual_dom: Marking scope ScopeId(3, "Doggo") as dirty
2024-06-04T16:00:36.591537Z TRACE VirtualDom::render_immediate:render{scope=Doggo}: dioxus_signals::signal: Subscribing to the reactive context ReactiveContext(for scope: ScopeId(3, "Doggo"))
2024-06-04T16:00:36.591584Z TRACE VirtualDom::render_immediate:render{scope=Doggo}: dioxus_signals::signal: Subscribing to the reactive context ReactiveContext(for scope: ScopeId(3, "Doggo"))
2024-06-04T16:00:36.591624Z TRACE VirtualDom::render_immediate:render{scope=Doggo}: dioxus_core::scope_context: looking for context dioxus_core::suspense::SuspenseContext (TypeId { t: (4533244013398082440, 10897659798729036060) }) in Doggo
2024-06-04T16:00:36.591652Z TRACE VirtualDom::render_immediate:render{scope=Doggo}: dioxus_core::scope_context: looking for context dioxus_core::suspense::SuspenseContext (TypeId { t: (4533244013398082440, 10897659798729036060) }) in FrozenContext
2024-06-04T16:00:36.591675Z TRACE VirtualDom::render_immediate:render{scope=Doggo}: dioxus_core::scope_context: found context TypeId { t: (9286496122914249738, 8586425926625933774) }
2024-06-04T16:00:36.591698Z TRACE VirtualDom::render_immediate:render{scope=Doggo}: dioxus_core::scope_context: looking for context dioxus_core::suspense::SuspenseContext (TypeId { t: (4533244013398082440, 10897659798729036060) }) in SuspenseBoundary
2024-06-04T16:00:36.591720Z TRACE VirtualDom::render_immediate:render{scope=Doggo}: dioxus_core::scope_context: found context TypeId { t: (4533244013398082440, 10897659798729036060) }
2024-06-04T16:00:36.623448Z TRACE VirtualDom::wait_for_work:VirtualDom::process_events: dioxus_core::virtual_dom: Marking task Task { id: 6, unsend: PhantomData<*const ()> } (spawned in ScopeId(5)) as dirty (called from Location { file: "packages/core/src/virtual_dom.rs", line: 505, col: 58 })
2024-06-04T16:00:36.623552Z  INFO VirtualDom::wait_for_work:VirtualDom::process_events:VirtualDom::poll_tasks: dioxus_core::tasks: Polling task Task { id: 6, unsend: PhantomData<*const ()> }
2024-06-04T16:00:36.623628Z TRACE VirtualDom::wait_for_work:VirtualDom::process_events:VirtualDom::poll_tasks: dioxus_signals::signal: Write on signal at examples/suspense.rs:122:19 finished, updating subscribers
2024-06-04T16:00:36.623687Z TRACE VirtualDom::wait_for_work:VirtualDom::process_events:VirtualDom::poll_tasks: dioxus_signals::reactive_context: Marking reactive context created at packages/signals/src/reactive_context.rs:117:13 as dirty
2024-06-04T16:00:36.623710Z TRACE VirtualDom::wait_for_work:VirtualDom::process_events:VirtualDom::poll_tasks: dioxus_signals::reactive_context: Marking scope ScopeId(5, "LoadingDots") as dirty
2024-06-04T16:00:36.623758Z  INFO VirtualDom::wait_for_work:VirtualDom::process_events:VirtualDom::poll_tasks: dioxus_core::tasks: Task Task { id: 6, unsend: PhantomData<*const ()> } finished with result Pending
2024-06-04T16:00:36.623784Z TRACE VirtualDom::wait_for_work:VirtualDom::process_events:VirtualDom::poll_tasks: dioxus_core::virtual_dom: Marking scope ScopeId(5, "LoadingDots") as dirty
2024-06-04T16:00:36.623933Z TRACE VirtualDom::render_immediate:render{scope=LoadingDots}: dioxus_signals::signal: Subscribing to the reactive context ReactiveContext(for scope: ScopeId(5, "LoadingDots"))
2024-06-04T16:00:36.624006Z TRACE VirtualDom::render_immediate: dioxus_core::scope_context: looking for context dioxus_core::suspense::FrozenContext (TypeId { t: (9286496122914249738, 8586425926625933774) }) in LoadingDots
2024-06-04T16:00:36.624028Z TRACE VirtualDom::render_immediate: dioxus_core::scope_context: looking for context dioxus_core::suspense::FrozenContext (TypeId { t: (9286496122914249738, 8586425926625933774) }) in SuspenseBoundary
2024-06-04T16:00:36.624045Z TRACE VirtualDom::render_immediate: dioxus_core::scope_context: found context TypeId { t: (4533244013398082440, 10897659798729036060) }
2024-06-04T16:00:36.624060Z TRACE VirtualDom::render_immediate: dioxus_core::scope_context: looking for context dioxus_core::suspense::FrozenContext (TypeId { t: (9286496122914249738, 8586425926625933774) }) in app
2024-06-04T16:00:36.624076Z TRACE VirtualDom::render_immediate: dioxus_core::scope_context: found context TypeId { t: (3582638416876954437, 3810890675802792692) }
2024-06-04T16:00:36.624092Z TRACE VirtualDom::render_immediate: dioxus_core::scope_context: found context TypeId { t: (7946844621057603534, 4355211565432133561) }
2024-06-04T16:00:36.624126Z TRACE VirtualDom::render_immediate: dioxus_core::scope_context: found context TypeId { t: (10682502755203913650, 15985576721215419306) }
2024-06-04T16:00:36.624154Z TRACE VirtualDom::render_immediate: dioxus_core::scope_context: context dioxus_core::suspense::FrozenContext (TypeId { t: (9286496122914249738, 8586425926625933774) }) not found
2024-06-04T16:00:36.624220Z TRACE VirtualDom::render_immediate: dioxus_core::diff::node: moving mount self=VNode { vnode: VNodeInner { key: None, template: Cell { value: Template { name: "examples/suspense.rs:127:5:4128", roots: [Dynamic { id: 0 }], node_paths: [[0]], attr_paths: [] } }, dynamic_nodes: [Text(VText { value: ".." })], dynamic_attrs: [] }, mount: Cell { value: MountId(7) } } new=VNode { vnode: VNodeInner { key: None, template: Cell { value: Template { name: "examples/suspense.rs:127:5:4128", roots: [Dynamic { id: 0 }], node_paths: [[0]], attr_paths: [] } }, dynamic_nodes: [Text(VText { value: "..." })], dynamic_attrs: [] }, mount: Cell { value: MountId(7) } }
2024-06-04T16:00:36.624277Z TRACE VirtualDom::render_immediate: dioxus_core::diff::node: mount id: MountId(7)
2024-06-04T16:00:36.624291Z TRACE VirtualDom::render_immediate: dioxus_core::diff::node: mounts: Slab { len: 8, cap: 8 }
2024-06-04T16:00:36.637481Z TRACE VirtualDom::wait_for_work:VirtualDom::process_events: dioxus_core::virtual_dom: Marking task Task { id: 3, unsend: PhantomData<*const ()> } (spawned in ScopeId(4)) as dirty (called from Location { file: "packages/core/src/virtual_dom.rs", line: 505, col: 58 })
2024-06-04T16:00:36.637590Z  INFO VirtualDom::wait_for_work:VirtualDom::process_events:VirtualDom::poll_tasks: dioxus_core::tasks: Polling task Task { id: 3, unsend: PhantomData<*const ()> }
2024-06-04T16:00:36.637661Z  INFO VirtualDom::wait_for_work:VirtualDom::process_events:VirtualDom::poll_tasks: dioxus_core::tasks: Task Task { id: 3, unsend: PhantomData<*const ()> } finished with result Pending
2024-06-04T16:00:36.637695Z TRACE VirtualDom::wait_for_work:VirtualDom::process_events:VirtualDom::poll_tasks: dioxus_core::virtual_dom: Marking scope ScopeId(4, "Doggo") as dirty
2024-06-04T16:00:36.637819Z TRACE VirtualDom::render_immediate:render{scope=Doggo}: dioxus_signals::signal: Subscribing to the reactive context ReactiveContext(for scope: ScopeId(4, "Doggo"))
2024-06-04T16:00:36.637859Z TRACE VirtualDom::render_immediate:render{scope=Doggo}: dioxus_signals::signal: Subscribing to the reactive context ReactiveContext(for scope: ScopeId(4, "Doggo"))
2024-06-04T16:00:36.637896Z TRACE VirtualDom::render_immediate:render{scope=Doggo}: dioxus_core::scope_context: looking for context dioxus_core::suspense::SuspenseContext (TypeId { t: (4533244013398082440, 10897659798729036060) }) in Doggo
2024-06-04T16:00:36.637921Z TRACE VirtualDom::render_immediate:render{scope=Doggo}: dioxus_core::scope_context: looking for context dioxus_core::suspense::SuspenseContext (TypeId { t: (4533244013398082440, 10897659798729036060) }) in FrozenContext
2024-06-04T16:00:36.637942Z TRACE VirtualDom::render_immediate:render{scope=Doggo}: dioxus_core::scope_context: found context TypeId { t: (9286496122914249738, 8586425926625933774) }
2024-06-04T16:00:36.637962Z TRACE VirtualDom::render_immediate:render{scope=Doggo}: dioxus_core::scope_context: looking for context dioxus_core::suspense::SuspenseContext (TypeId { t: (4533244013398082440, 10897659798729036060) }) in SuspenseBoundary
2024-06-04T16:00:36.637982Z TRACE VirtualDom::render_immediate:render{scope=Doggo}: dioxus_core::scope_context: found context TypeId { t: (4533244013398082440, 10897659798729036060) }
2024-06-04T16:00:36.693404Z TRACE VirtualDom::wait_for_work:VirtualDom::process_events: dioxus_core::virtual_dom: Marking task Task { id: 0, unsend: PhantomData<*const ()> } (spawned in ScopeId(3)) as dirty (called from Location { file: "packages/core/src/virtual_dom.rs", line: 505, col: 58 })
2024-06-04T16:00:36.693501Z  INFO VirtualDom::wait_for_work:VirtualDom::process_events:VirtualDom::poll_tasks: dioxus_core::tasks: Polling task Task { id: 0, unsend: PhantomData<*const ()> }
2024-06-04T16:00:36.693590Z  INFO VirtualDom::wait_for_work:VirtualDom::process_events:VirtualDom::poll_tasks: dioxus_core::tasks: Task Task { id: 0, unsend: PhantomData<*const ()> } finished with result Pending
2024-06-04T16:00:36.693624Z TRACE VirtualDom::wait_for_work:VirtualDom::process_events:VirtualDom::poll_tasks: dioxus_core::virtual_dom: Marking scope ScopeId(3, "Doggo") as dirty
2024-06-04T16:00:36.693808Z TRACE VirtualDom::render_immediate:render{scope=Doggo}: dioxus_signals::signal: Subscribing to the reactive context ReactiveContext(for scope: ScopeId(3, "Doggo"))
2024-06-04T16:00:36.693849Z TRACE VirtualDom::render_immediate:render{scope=Doggo}: dioxus_signals::signal: Subscribing to the reactive context ReactiveContext(for scope: ScopeId(3, "Doggo"))
2024-06-04T16:00:36.693882Z TRACE VirtualDom::render_immediate:render{scope=Doggo}: dioxus_core::scope_context: looking for context dioxus_core::suspense::SuspenseContext (TypeId { t: (4533244013398082440, 10897659798729036060) }) in Doggo
2024-06-04T16:00:36.693905Z TRACE VirtualDom::render_immediate:render{scope=Doggo}: dioxus_core::scope_context: looking for context dioxus_core::suspense::SuspenseContext (TypeId { t: (4533244013398082440, 10897659798729036060) }) in FrozenContext
2024-06-04T16:00:36.693925Z TRACE VirtualDom::render_immediate:render{scope=Doggo}: dioxus_core::scope_context: found context TypeId { t: (9286496122914249738, 8586425926625933774) }
2024-06-04T16:00:36.693945Z TRACE VirtualDom::render_immediate:render{scope=Doggo}: dioxus_core::scope_context: looking for context dioxus_core::suspense::SuspenseContext (TypeId { t: (4533244013398082440, 10897659798729036060) }) in SuspenseBoundary
2024-06-04T16:00:36.693973Z TRACE VirtualDom::render_immediate:render{scope=Doggo}: dioxus_core::scope_context: found context TypeId { t: (4533244013398082440, 10897659798729036060) }
2024-06-04T16:00:36.739503Z TRACE VirtualDom::wait_for_work:VirtualDom::process_events: dioxus_core::virtual_dom: Marking task Task { id: 3, unsend: PhantomData<*const ()> } (spawned in ScopeId(4)) as dirty (called from Location { file: "packages/core/src/virtual_dom.rs", line: 505, col: 58 })
2024-06-04T16:00:36.739603Z  INFO VirtualDom::wait_for_work:VirtualDom::process_events:VirtualDom::poll_tasks: dioxus_core::tasks: Polling task Task { id: 3, unsend: PhantomData<*const ()> }
2024-06-04T16:00:36.739667Z  INFO VirtualDom::wait_for_work:VirtualDom::process_events:VirtualDom::poll_tasks: dioxus_core::tasks: Task Task { id: 3, unsend: PhantomData<*const ()> } finished with result Pending
2024-06-04T16:00:36.739696Z TRACE VirtualDom::wait_for_work:VirtualDom::process_events:VirtualDom::poll_tasks: dioxus_core::virtual_dom: Marking scope ScopeId(4, "Doggo") as dirty
2024-06-04T16:00:36.739852Z TRACE VirtualDom::render_immediate:render{scope=Doggo}: dioxus_signals::signal: Subscribing to the reactive context ReactiveContext(for scope: ScopeId(4, "Doggo"))
2024-06-04T16:00:36.739898Z TRACE VirtualDom::render_immediate:render{scope=Doggo}: dioxus_signals::signal: Subscribing to the reactive context ReactiveContext(for scope: ScopeId(4, "Doggo"))
2024-06-04T16:00:36.739932Z TRACE VirtualDom::render_immediate:render{scope=Doggo}: dioxus_core::scope_context: looking for context dioxus_core::suspense::SuspenseContext (TypeId { t: (4533244013398082440, 10897659798729036060) }) in Doggo
2024-06-04T16:00:36.739956Z TRACE VirtualDom::render_immediate:render{scope=Doggo}: dioxus_core::scope_context: looking for context dioxus_core::suspense::SuspenseContext (TypeId { t: (4533244013398082440, 10897659798729036060) }) in FrozenContext
2024-06-04T16:00:36.739976Z TRACE VirtualDom::render_immediate:render{scope=Doggo}: dioxus_core::scope_context: found context TypeId { t: (9286496122914249738, 8586425926625933774) }
2024-06-04T16:00:36.739994Z TRACE VirtualDom::render_immediate:render{scope=Doggo}: dioxus_core::scope_context: looking for context dioxus_core::suspense::SuspenseContext (TypeId { t: (4533244013398082440, 10897659798729036060) }) in SuspenseBoundary
2024-06-04T16:00:36.740013Z TRACE VirtualDom::render_immediate:render{scope=Doggo}: dioxus_core::scope_context: found context TypeId { t: (4533244013398082440, 10897659798729036060) }
2024-06-04T16:00:36.795589Z TRACE VirtualDom::wait_for_work:VirtualDom::process_events: dioxus_core::virtual_dom: Marking task Task { id: 0, unsend: PhantomData<*const ()> } (spawned in ScopeId(3)) as dirty (called from Location { file: "packages/core/src/virtual_dom.rs", line: 505, col: 58 })
2024-06-04T16:00:36.795729Z  INFO VirtualDom::wait_for_work:VirtualDom::process_events:VirtualDom::poll_tasks: dioxus_core::tasks: Polling task Task { id: 0, unsend: PhantomData<*const ()> }
2024-06-04T16:00:36.795803Z  INFO VirtualDom::wait_for_work:VirtualDom::process_events:VirtualDom::poll_tasks: dioxus_core::tasks: Task Task { id: 0, unsend: PhantomData<*const ()> } finished with result Pending
2024-06-04T16:00:36.795852Z TRACE VirtualDom::wait_for_work:VirtualDom::process_events:VirtualDom::poll_tasks: dioxus_core::virtual_dom: Marking scope ScopeId(3, "Doggo") as dirty
2024-06-04T16:00:36.796075Z TRACE VirtualDom::render_immediate:render{scope=Doggo}: dioxus_signals::signal: Subscribing to the reactive context ReactiveContext(for scope: ScopeId(3, "Doggo"))
2024-06-04T16:00:36.796134Z TRACE VirtualDom::render_immediate:render{scope=Doggo}: dioxus_signals::signal: Subscribing to the reactive context ReactiveContext(for scope: ScopeId(3, "Doggo"))
2024-06-04T16:00:36.796174Z TRACE VirtualDom::render_immediate:render{scope=Doggo}: dioxus_core::scope_context: looking for context dioxus_core::suspense::SuspenseContext (TypeId { t: (4533244013398082440, 10897659798729036060) }) in Doggo
2024-06-04T16:00:36.796205Z TRACE VirtualDom::render_immediate:render{scope=Doggo}: dioxus_core::scope_context: looking for context dioxus_core::suspense::SuspenseContext (TypeId { t: (4533244013398082440, 10897659798729036060) }) in FrozenContext
2024-06-04T16:00:36.796239Z TRACE VirtualDom::render_immediate:render{scope=Doggo}: dioxus_core::scope_context: found context TypeId { t: (9286496122914249738, 8586425926625933774) }
2024-06-04T16:00:36.796286Z TRACE VirtualDom::render_immediate:render{scope=Doggo}: dioxus_core::scope_context: looking for context dioxus_core::suspense::SuspenseContext (TypeId { t: (4533244013398082440, 10897659798729036060) }) in SuspenseBoundary
2024-06-04T16:00:36.796317Z TRACE VirtualDom::render_immediate:render{scope=Doggo}: dioxus_core::scope_context: found context TypeId { t: (4533244013398082440, 10897659798729036060) }
2024-06-04T16:00:36.825617Z TRACE VirtualDom::wait_for_work:VirtualDom::process_events: dioxus_core::virtual_dom: Marking task Task { id: 6, unsend: PhantomData<*const ()> } (spawned in ScopeId(5)) as dirty (called from Location { file: "packages/core/src/virtual_dom.rs", line: 505, col: 58 })
2024-06-04T16:00:36.825736Z  INFO VirtualDom::wait_for_work:VirtualDom::process_events:VirtualDom::poll_tasks: dioxus_core::tasks: Polling task Task { id: 6, unsend: PhantomData<*const ()> }
2024-06-04T16:00:36.825801Z TRACE VirtualDom::wait_for_work:VirtualDom::process_events:VirtualDom::poll_tasks: dioxus_signals::signal: Write on signal at examples/suspense.rs:122:19 finished, updating subscribers
2024-06-04T16:00:36.825837Z TRACE VirtualDom::wait_for_work:VirtualDom::process_events:VirtualDom::poll_tasks: dioxus_signals::reactive_context: Marking reactive context created at packages/signals/src/reactive_context.rs:117:13 as dirty
2024-06-04T16:00:36.825861Z TRACE VirtualDom::wait_for_work:VirtualDom::process_events:VirtualDom::poll_tasks: dioxus_signals::reactive_context: Marking scope ScopeId(5, "LoadingDots") as dirty
2024-06-04T16:00:36.825904Z  INFO VirtualDom::wait_for_work:VirtualDom::process_events:VirtualDom::poll_tasks: dioxus_core::tasks: Task Task { id: 6, unsend: PhantomData<*const ()> } finished with result Pending
2024-06-04T16:00:36.825926Z TRACE VirtualDom::wait_for_work:VirtualDom::process_events:VirtualDom::poll_tasks: dioxus_core::virtual_dom: Marking scope ScopeId(5, "LoadingDots") as dirty
2024-06-04T16:00:36.826051Z TRACE VirtualDom::render_immediate:render{scope=LoadingDots}: dioxus_signals::signal: Subscribing to the reactive context ReactiveContext(for scope: ScopeId(5, "LoadingDots"))
2024-06-04T16:00:36.826097Z TRACE VirtualDom::render_immediate: dioxus_core::scope_context: looking for context dioxus_core::suspense::FrozenContext (TypeId { t: (9286496122914249738, 8586425926625933774) }) in LoadingDots
2024-06-04T16:00:36.826117Z TRACE VirtualDom::render_immediate: dioxus_core::scope_context: looking for context dioxus_core::suspense::FrozenContext (TypeId { t: (9286496122914249738, 8586425926625933774) }) in SuspenseBoundary
2024-06-04T16:00:36.826134Z TRACE VirtualDom::render_immediate: dioxus_core::scope_context: found context TypeId { t: (4533244013398082440, 10897659798729036060) }
2024-06-04T16:00:36.826149Z TRACE VirtualDom::render_immediate: dioxus_core::scope_context: looking for context dioxus_core::suspense::FrozenContext (TypeId { t: (9286496122914249738, 8586425926625933774) }) in app
2024-06-04T16:00:36.826165Z TRACE VirtualDom::render_immediate: dioxus_core::scope_context: found context TypeId { t: (3582638416876954437, 3810890675802792692) }
2024-06-04T16:00:36.826180Z TRACE VirtualDom::render_immediate: dioxus_core::scope_context: found context TypeId { t: (7946844621057603534, 4355211565432133561) }
2024-06-04T16:00:36.826194Z TRACE VirtualDom::render_immediate: dioxus_core::scope_context: found context TypeId { t: (10682502755203913650, 15985576721215419306) }
2024-06-04T16:00:36.826210Z TRACE VirtualDom::render_immediate: dioxus_core::scope_context: context dioxus_core::suspense::FrozenContext (TypeId { t: (9286496122914249738, 8586425926625933774) }) not found
2024-06-04T16:00:36.826255Z TRACE VirtualDom::render_immediate: dioxus_core::diff::node: moving mount self=VNode { vnode: VNodeInner { key: None, template: Cell { value: Template { name: "examples/suspense.rs:127:5:4128", roots: [Dynamic { id: 0 }], node_paths: [[0]], attr_paths: [] } }, dynamic_nodes: [Text(VText { value: "..." })], dynamic_attrs: [] }, mount: Cell { value: MountId(7) } } new=VNode { vnode: VNodeInner { key: None, template: Cell { value: Template { name: "examples/suspense.rs:127:5:4128", roots: [Dynamic { id: 0 }], node_paths: [[0]], attr_paths: [] } }, dynamic_nodes: [Text(VText { value: "" })], dynamic_attrs: [] }, mount: Cell { value: MountId(7) } }
2024-06-04T16:00:36.826302Z TRACE VirtualDom::render_immediate: dioxus_core::diff::node: mount id: MountId(7)
2024-06-04T16:00:36.826316Z TRACE VirtualDom::render_immediate: dioxus_core::diff::node: mounts: Slab { len: 8, cap: 8 }
2024-06-04T16:00:36.841632Z TRACE VirtualDom::wait_for_work:VirtualDom::process_events: dioxus_core::virtual_dom: Marking task Task { id: 3, unsend: PhantomData<*const ()> } (spawned in ScopeId(4)) as dirty (called from Location { file: "packages/core/src/virtual_dom.rs", line: 505, col: 58 })
2024-06-04T16:00:36.841703Z  INFO VirtualDom::wait_for_work:VirtualDom::process_events:VirtualDom::poll_tasks: dioxus_core::tasks: Polling task Task { id: 3, unsend: PhantomData<*const ()> }
2024-06-04T16:00:36.841768Z  INFO VirtualDom::wait_for_work:VirtualDom::process_events:VirtualDom::poll_tasks: dioxus_core::tasks: Task Task { id: 3, unsend: PhantomData<*const ()> } finished with result Pending
2024-06-04T16:00:36.841794Z TRACE VirtualDom::wait_for_work:VirtualDom::process_events:VirtualDom::poll_tasks: dioxus_core::virtual_dom: Marking scope ScopeId(4, "Doggo") as dirty
2024-06-04T16:00:36.841918Z TRACE VirtualDom::render_immediate:render{scope=Doggo}: dioxus_signals::signal: Subscribing to the reactive context ReactiveContext(for scope: ScopeId(4, "Doggo"))
2024-06-04T16:00:36.841988Z TRACE VirtualDom::render_immediate:render{scope=Doggo}: dioxus_signals::signal: Subscribing to the reactive context ReactiveContext(for scope: ScopeId(4, "Doggo"))
2024-06-04T16:00:36.842018Z TRACE VirtualDom::render_immediate:render{scope=Doggo}: dioxus_core::scope_context: looking for context dioxus_core::suspense::SuspenseContext (TypeId { t: (4533244013398082440, 10897659798729036060) }) in Doggo
2024-06-04T16:00:36.842037Z TRACE VirtualDom::render_immediate:render{scope=Doggo}: dioxus_core::scope_context: looking for context dioxus_core::suspense::SuspenseContext (TypeId { t: (4533244013398082440, 10897659798729036060) }) in FrozenContext
2024-06-04T16:00:36.842055Z TRACE VirtualDom::render_immediate:render{scope=Doggo}: dioxus_core::scope_context: found context TypeId { t: (9286496122914249738, 8586425926625933774) }
2024-06-04T16:00:36.842089Z TRACE VirtualDom::render_immediate:render{scope=Doggo}: dioxus_core::scope_context: looking for context dioxus_core::suspense::SuspenseContext (TypeId { t: (4533244013398082440, 10897659798729036060) }) in SuspenseBoundary
2024-06-04T16:00:36.842108Z TRACE VirtualDom::render_immediate:render{scope=Doggo}: dioxus_core::scope_context: found context TypeId { t: (4533244013398082440, 10897659798729036060) }
2024-06-04T16:00:36.897623Z TRACE VirtualDom::wait_for_work:VirtualDom::process_events: dioxus_core::virtual_dom: Marking task Task { id: 0, unsend: PhantomData<*const ()> } (spawned in ScopeId(3)) as dirty (called from Location { file: "packages/core/src/virtual_dom.rs", line: 505, col: 58 })
2024-06-04T16:00:36.897718Z  INFO VirtualDom::wait_for_work:VirtualDom::process_events:VirtualDom::poll_tasks: dioxus_core::tasks: Polling task Task { id: 0, unsend: PhantomData<*const ()> }
2024-06-04T16:00:36.897811Z  INFO VirtualDom::wait_for_work:VirtualDom::process_events:VirtualDom::poll_tasks: dioxus_core::tasks: Task Task { id: 0, unsend: PhantomData<*const ()> } finished with result Pending
2024-06-04T16:00:36.897842Z TRACE VirtualDom::wait_for_work:VirtualDom::process_events:VirtualDom::poll_tasks: dioxus_core::virtual_dom: Marking scope ScopeId(3, "Doggo") as dirty
2024-06-04T16:00:36.898000Z TRACE VirtualDom::render_immediate:render{scope=Doggo}: dioxus_signals::signal: Subscribing to the reactive context ReactiveContext(for scope: ScopeId(3, "Doggo"))
2024-06-04T16:00:36.898091Z TRACE VirtualDom::render_immediate:render{scope=Doggo}: dioxus_signals::signal: Subscribing to the reactive context ReactiveContext(for scope: ScopeId(3, "Doggo"))
2024-06-04T16:00:36.898134Z TRACE VirtualDom::render_immediate:render{scope=Doggo}: dioxus_core::scope_context: looking for context dioxus_core::suspense::SuspenseContext (TypeId { t: (4533244013398082440, 10897659798729036060) }) in Doggo
2024-06-04T16:00:36.898170Z TRACE VirtualDom::render_immediate:render{scope=Doggo}: dioxus_core::scope_context: looking for context dioxus_core::suspense::SuspenseContext (TypeId { t: (4533244013398082440, 10897659798729036060) }) in FrozenContext
2024-06-04T16:00:36.898189Z TRACE VirtualDom::render_immediate:render{scope=Doggo}: dioxus_core::scope_context: found context TypeId { t: (9286496122914249738, 8586425926625933774) }
2024-06-04T16:00:36.898207Z TRACE VirtualDom::render_immediate:render{scope=Doggo}: dioxus_core::scope_context: looking for context dioxus_core::suspense::SuspenseContext (TypeId { t: (4533244013398082440, 10897659798729036060) }) in SuspenseBoundary
2024-06-04T16:00:36.898250Z TRACE VirtualDom::render_immediate:render{scope=Doggo}: dioxus_core::scope_context: found context TypeId { t: (4533244013398082440, 10897659798729036060) }
2024-06-04T16:00:36.943696Z TRACE VirtualDom::wait_for_work:VirtualDom::process_events: dioxus_core::virtual_dom: Marking task Task { id: 3, unsend: PhantomData<*const ()> } (spawned in ScopeId(4)) as dirty (called from Location { file: "packages/core/src/virtual_dom.rs", line: 505, col: 58 })
2024-06-04T16:00:36.943795Z  INFO VirtualDom::wait_for_work:VirtualDom::process_events:VirtualDom::poll_tasks: dioxus_core::tasks: Polling task Task { id: 3, unsend: PhantomData<*const ()> }
2024-06-04T16:00:36.943885Z  INFO VirtualDom::wait_for_work:VirtualDom::process_events:VirtualDom::poll_tasks: dioxus_core::tasks: Task Task { id: 3, unsend: PhantomData<*const ()> } finished with result Pending
2024-06-04T16:00:36.943914Z TRACE VirtualDom::wait_for_work:VirtualDom::process_events:VirtualDom::poll_tasks: dioxus_core::virtual_dom: Marking scope ScopeId(4, "Doggo") as dirty
2024-06-04T16:00:36.944058Z TRACE VirtualDom::render_immediate:render{scope=Doggo}: dioxus_signals::signal: Subscribing to the reactive context ReactiveContext(for scope: ScopeId(4, "Doggo"))
2024-06-04T16:00:36.944101Z TRACE VirtualDom::render_immediate:render{scope=Doggo}: dioxus_signals::signal: Subscribing to the reactive context ReactiveContext(for scope: ScopeId(4, "Doggo"))
2024-06-04T16:00:36.944135Z TRACE VirtualDom::render_immediate:render{scope=Doggo}: dioxus_core::scope_context: looking for context dioxus_core::suspense::SuspenseContext (TypeId { t: (4533244013398082440, 10897659798729036060) }) in Doggo
2024-06-04T16:00:36.944159Z TRACE VirtualDom::render_immediate:render{scope=Doggo}: dioxus_core::scope_context: looking for context dioxus_core::suspense::SuspenseContext (TypeId { t: (4533244013398082440, 10897659798729036060) }) in FrozenContext
2024-06-04T16:00:36.944211Z TRACE VirtualDom::render_immediate:render{scope=Doggo}: dioxus_core::scope_context: found context TypeId { t: (9286496122914249738, 8586425926625933774) }
2024-06-04T16:00:36.944230Z TRACE VirtualDom::render_immediate:render{scope=Doggo}: dioxus_core::scope_context: looking for context dioxus_core::suspense::SuspenseContext (TypeId { t: (4533244013398082440, 10897659798729036060) }) in SuspenseBoundary
2024-06-04T16:00:36.944249Z TRACE VirtualDom::render_immediate:render{scope=Doggo}: dioxus_core::scope_context: found context TypeId { t: (4533244013398082440, 10897659798729036060) }
2024-06-04T16:00:37.000124Z TRACE VirtualDom::wait_for_work:VirtualDom::process_events: dioxus_core::virtual_dom: Marking task Task { id: 0, unsend: PhantomData<*const ()> } (spawned in ScopeId(3)) as dirty (called from Location { file: "packages/core/src/virtual_dom.rs", line: 505, col: 58 })
2024-06-04T16:00:37.000229Z  INFO VirtualDom::wait_for_work:VirtualDom::process_events:VirtualDom::poll_tasks: dioxus_core::tasks: Polling task Task { id: 0, unsend: PhantomData<*const ()> }
2024-06-04T16:00:37.000299Z  INFO VirtualDom::wait_for_work:VirtualDom::process_events:VirtualDom::poll_tasks: dioxus_core::tasks: Task Task { id: 0, unsend: PhantomData<*const ()> } finished with result Pending
2024-06-04T16:00:37.000329Z TRACE VirtualDom::wait_for_work:VirtualDom::process_events:VirtualDom::poll_tasks: dioxus_core::virtual_dom: Marking scope ScopeId(3, "Doggo") as dirty
2024-06-04T16:00:37.000476Z TRACE VirtualDom::render_immediate:render{scope=Doggo}: dioxus_signals::signal: Subscribing to the reactive context ReactiveContext(for scope: ScopeId(3, "Doggo"))
2024-06-04T16:00:37.000520Z TRACE VirtualDom::render_immediate:render{scope=Doggo}: dioxus_signals::signal: Subscribing to the reactive context ReactiveContext(for scope: ScopeId(3, "Doggo"))
2024-06-04T16:00:37.000555Z TRACE VirtualDom::render_immediate:render{scope=Doggo}: dioxus_core::scope_context: looking for context dioxus_core::suspense::SuspenseContext (TypeId { t: (4533244013398082440, 10897659798729036060) }) in Doggo
2024-06-04T16:00:37.000579Z TRACE VirtualDom::render_immediate:render{scope=Doggo}: dioxus_core::scope_context: looking for context dioxus_core::suspense::SuspenseContext (TypeId { t: (4533244013398082440, 10897659798729036060) }) in FrozenContext
2024-06-04T16:00:37.000600Z TRACE VirtualDom::render_immediate:render{scope=Doggo}: dioxus_core::scope_context: found context TypeId { t: (9286496122914249738, 8586425926625933774) }
2024-06-04T16:00:37.000619Z TRACE VirtualDom::render_immediate:render{scope=Doggo}: dioxus_core::scope_context: looking for context dioxus_core::suspense::SuspenseContext (TypeId { t: (4533244013398082440, 10897659798729036060) }) in SuspenseBoundary
2024-06-04T16:00:37.000638Z TRACE VirtualDom::render_immediate:render{scope=Doggo}: dioxus_core::scope_context: found context TypeId { t: (4533244013398082440, 10897659798729036060) }
2024-06-04T16:00:37.027182Z TRACE VirtualDom::wait_for_work:VirtualDom::process_events: dioxus_core::virtual_dom: Marking task Task { id: 6, unsend: PhantomData<*const ()> } (spawned in ScopeId(5)) as dirty (called from Location { file: "packages/core/src/virtual_dom.rs", line: 505, col: 58 })
2024-06-04T16:00:37.027303Z  INFO VirtualDom::wait_for_work:VirtualDom::process_events:VirtualDom::poll_tasks: dioxus_core::tasks: Polling task Task { id: 6, unsend: PhantomData<*const ()> }
2024-06-04T16:00:37.027380Z TRACE VirtualDom::wait_for_work:VirtualDom::process_events:VirtualDom::poll_tasks: dioxus_signals::signal: Write on signal at examples/suspense.rs:122:19 finished, updating subscribers
2024-06-04T16:00:37.027421Z TRACE VirtualDom::wait_for_work:VirtualDom::process_events:VirtualDom::poll_tasks: dioxus_signals::reactive_context: Marking reactive context created at packages/signals/src/reactive_context.rs:117:13 as dirty
2024-06-04T16:00:37.027445Z TRACE VirtualDom::wait_for_work:VirtualDom::process_events:VirtualDom::poll_tasks: dioxus_signals::reactive_context: Marking scope ScopeId(5, "LoadingDots") as dirty
2024-06-04T16:00:37.027500Z  INFO VirtualDom::wait_for_work:VirtualDom::process_events:VirtualDom::poll_tasks: dioxus_core::tasks: Task Task { id: 6, unsend: PhantomData<*const ()> } finished with result Pending
2024-06-04T16:00:37.027530Z TRACE VirtualDom::wait_for_work:VirtualDom::process_events:VirtualDom::poll_tasks: dioxus_core::virtual_dom: Marking scope ScopeId(5, "LoadingDots") as dirty
2024-06-04T16:00:37.027711Z TRACE VirtualDom::render_immediate:render{scope=LoadingDots}: dioxus_signals::signal: Subscribing to the reactive context ReactiveContext(for scope: ScopeId(5, "LoadingDots"))
2024-06-04T16:00:37.027764Z TRACE VirtualDom::render_immediate: dioxus_core::scope_context: looking for context dioxus_core::suspense::FrozenContext (TypeId { t: (9286496122914249738, 8586425926625933774) }) in LoadingDots
2024-06-04T16:00:37.027790Z TRACE VirtualDom::render_immediate: dioxus_core::scope_context: looking for context dioxus_core::suspense::FrozenContext (TypeId { t: (9286496122914249738, 8586425926625933774) }) in SuspenseBoundary
2024-06-04T16:00:37.027808Z TRACE VirtualDom::render_immediate: dioxus_core::scope_context: found context TypeId { t: (4533244013398082440, 10897659798729036060) }
2024-06-04T16:00:37.027844Z TRACE VirtualDom::render_immediate: dioxus_core::scope_context: looking for context dioxus_core::suspense::FrozenContext (TypeId { t: (9286496122914249738, 8586425926625933774) }) in app
2024-06-04T16:00:37.027867Z TRACE VirtualDom::render_immediate: dioxus_core::scope_context: found context TypeId { t: (3582638416876954437, 3810890675802792692) }
2024-06-04T16:00:37.027905Z TRACE VirtualDom::render_immediate: dioxus_core::scope_context: found context TypeId { t: (7946844621057603534, 4355211565432133561) }
2024-06-04T16:00:37.027919Z TRACE VirtualDom::render_immediate: dioxus_core::scope_context: found context TypeId { t: (10682502755203913650, 15985576721215419306) }
2024-06-04T16:00:37.027944Z TRACE VirtualDom::render_immediate: dioxus_core::scope_context: context dioxus_core::suspense::FrozenContext (TypeId { t: (9286496122914249738, 8586425926625933774) }) not found
2024-06-04T16:00:37.028010Z TRACE VirtualDom::render_immediate: dioxus_core::diff::node: moving mount self=VNode { vnode: VNodeInner { key: None, template: Cell { value: Template { name: "examples/suspense.rs:127:5:4128", roots: [Dynamic { id: 0 }], node_paths: [[0]], attr_paths: [] } }, dynamic_nodes: [Text(VText { value: "" })], dynamic_attrs: [] }, mount: Cell { value: MountId(7) } } new=VNode { vnode: VNodeInner { key: None, template: Cell { value: Template { name: "examples/suspense.rs:127:5:4128", roots: [Dynamic { id: 0 }], node_paths: [[0]], attr_paths: [] } }, dynamic_nodes: [Text(VText { value: "." })], dynamic_attrs: [] }, mount: Cell { value: MountId(7) } }
2024-06-04T16:00:37.028056Z TRACE VirtualDom::render_immediate: dioxus_core::diff::node: mount id: MountId(7)
2024-06-04T16:00:37.028070Z TRACE VirtualDom::render_immediate: dioxus_core::diff::node: mounts: Slab { len: 8, cap: 8 }
2024-06-04T16:00:37.044600Z TRACE VirtualDom::wait_for_work:VirtualDom::process_events: dioxus_core::virtual_dom: Marking task Task { id: 3, unsend: PhantomData<*const ()> } (spawned in ScopeId(4)) as dirty (called from Location { file: "packages/core/src/virtual_dom.rs", line: 505, col: 58 })
2024-06-04T16:00:37.044676Z  INFO VirtualDom::wait_for_work:VirtualDom::process_events:VirtualDom::poll_tasks: dioxus_core::tasks: Polling task Task { id: 3, unsend: PhantomData<*const ()> }
2024-06-04T16:00:37.044736Z  INFO VirtualDom::wait_for_work:VirtualDom::process_events:VirtualDom::poll_tasks: dioxus_core::tasks: Task Task { id: 3, unsend: PhantomData<*const ()> } finished with result Pending
2024-06-04T16:00:37.044761Z TRACE VirtualDom::wait_for_work:VirtualDom::process_events:VirtualDom::poll_tasks: dioxus_core::virtual_dom: Marking scope ScopeId(4, "Doggo") as dirty
2024-06-04T16:00:37.044872Z TRACE VirtualDom::render_immediate:render{scope=Doggo}: dioxus_signals::signal: Subscribing to the reactive context ReactiveContext(for scope: ScopeId(4, "Doggo"))
2024-06-04T16:00:37.044912Z TRACE VirtualDom::render_immediate:render{scope=Doggo}: dioxus_signals::signal: Subscribing to the reactive context ReactiveContext(for scope: ScopeId(4, "Doggo"))
2024-06-04T16:00:37.044941Z TRACE VirtualDom::render_immediate:render{scope=Doggo}: dioxus_core::scope_context: looking for context dioxus_core::suspense::SuspenseContext (TypeId { t: (4533244013398082440, 10897659798729036060) }) in Doggo
2024-06-04T16:00:37.044967Z TRACE VirtualDom::render_immediate:render{scope=Doggo}: dioxus_core::scope_context: looking for context dioxus_core::suspense::SuspenseContext (TypeId { t: (4533244013398082440, 10897659798729036060) }) in FrozenContext
2024-06-04T16:00:37.044983Z TRACE VirtualDom::render_immediate:render{scope=Doggo}: dioxus_core::scope_context: found context TypeId { t: (9286496122914249738, 8586425926625933774) }
2024-06-04T16:00:37.045008Z TRACE VirtualDom::render_immediate:render{scope=Doggo}: dioxus_core::scope_context: looking for context dioxus_core::suspense::SuspenseContext (TypeId { t: (4533244013398082440, 10897659798729036060) }) in SuspenseBoundary
2024-06-04T16:00:37.045023Z TRACE VirtualDom::render_immediate:render{scope=Doggo}: dioxus_core::scope_context: found context TypeId { t: (4533244013398082440, 10897659798729036060) }
2024-06-04T16:00:37.102670Z TRACE VirtualDom::wait_for_work:VirtualDom::process_events: dioxus_core::virtual_dom: Marking task Task { id: 0, unsend: PhantomData<*const ()> } (spawned in ScopeId(3)) as dirty (called from Location { file: "packages/core/src/virtual_dom.rs", line: 505, col: 58 })
2024-06-04T16:00:37.102786Z  INFO VirtualDom::wait_for_work:VirtualDom::process_events:VirtualDom::poll_tasks: dioxus_core::tasks: Polling task Task { id: 0, unsend: PhantomData<*const ()> }
2024-06-04T16:00:37.102866Z  INFO VirtualDom::wait_for_work:VirtualDom::process_events:VirtualDom::poll_tasks: dioxus_core::tasks: Task Task { id: 0, unsend: PhantomData<*const ()> } finished with result Pending
2024-06-04T16:00:37.102895Z TRACE VirtualDom::wait_for_work:VirtualDom::process_events:VirtualDom::poll_tasks: dioxus_core::virtual_dom: Marking scope ScopeId(3, "Doggo") as dirty
2024-06-04T16:00:37.103024Z TRACE VirtualDom::render_immediate:render{scope=Doggo}: dioxus_signals::signal: Subscribing to the reactive context ReactiveContext(for scope: ScopeId(3, "Doggo"))
2024-06-04T16:00:37.103061Z TRACE VirtualDom::render_immediate:render{scope=Doggo}: dioxus_signals::signal: Subscribing to the reactive context ReactiveContext(for scope: ScopeId(3, "Doggo"))
2024-06-04T16:00:37.103093Z TRACE VirtualDom::render_immediate:render{scope=Doggo}: dioxus_core::scope_context: looking for context dioxus_core::suspense::SuspenseContext (TypeId { t: (4533244013398082440, 10897659798729036060) }) in Doggo
2024-06-04T16:00:37.103116Z TRACE VirtualDom::render_immediate:render{scope=Doggo}: dioxus_core::scope_context: looking for context dioxus_core::suspense::SuspenseContext (TypeId { t: (4533244013398082440, 10897659798729036060) }) in FrozenContext
2024-06-04T16:00:37.103136Z TRACE VirtualDom::render_immediate:render{scope=Doggo}: dioxus_core::scope_context: found context TypeId { t: (9286496122914249738, 8586425926625933774) }
2024-06-04T16:00:37.103155Z TRACE VirtualDom::render_immediate:render{scope=Doggo}: dioxus_core::scope_context: looking for context dioxus_core::suspense::SuspenseContext (TypeId { t: (4533244013398082440, 10897659798729036060) }) in SuspenseBoundary
2024-06-04T16:00:37.103174Z TRACE VirtualDom::render_immediate:render{scope=Doggo}: dioxus_core::scope_context: found context TypeId { t: (4533244013398082440, 10897659798729036060) }
2024-06-04T16:00:37.146991Z TRACE VirtualDom::wait_for_work:VirtualDom::process_events: dioxus_core::virtual_dom: Marking task Task { id: 3, unsend: PhantomData<*const ()> } (spawned in ScopeId(4)) as dirty (called from Location { file: "packages/core/src/virtual_dom.rs", line: 505, col: 58 })
2024-06-04T16:00:37.147091Z  INFO VirtualDom::wait_for_work:VirtualDom::process_events:VirtualDom::poll_tasks: dioxus_core::tasks: Polling task Task { id: 3, unsend: PhantomData<*const ()> }
2024-06-04T16:00:37.147161Z  INFO VirtualDom::wait_for_work:VirtualDom::process_events:VirtualDom::poll_tasks: dioxus_core::tasks: Task Task { id: 3, unsend: PhantomData<*const ()> } finished with result Pending
2024-06-04T16:00:37.147191Z TRACE VirtualDom::wait_for_work:VirtualDom::process_events:VirtualDom::poll_tasks: dioxus_core::virtual_dom: Marking scope ScopeId(4, "Doggo") as dirty
2024-06-04T16:00:37.147335Z TRACE VirtualDom::render_immediate:render{scope=Doggo}: dioxus_signals::signal: Subscribing to the reactive context ReactiveContext(for scope: ScopeId(4, "Doggo"))
2024-06-04T16:00:37.147371Z TRACE VirtualDom::render_immediate:render{scope=Doggo}: dioxus_signals::signal: Subscribing to the reactive context ReactiveContext(for scope: ScopeId(4, "Doggo"))
2024-06-04T16:00:37.147399Z TRACE VirtualDom::render_immediate:render{scope=Doggo}: dioxus_core::scope_context: looking for context dioxus_core::suspense::SuspenseContext (TypeId { t: (4533244013398082440, 10897659798729036060) }) in Doggo
2024-06-04T16:00:37.147418Z TRACE VirtualDom::render_immediate:render{scope=Doggo}: dioxus_core::scope_context: looking for context dioxus_core::suspense::SuspenseContext (TypeId { t: (4533244013398082440, 10897659798729036060) }) in FrozenContext
2024-06-04T16:00:37.147435Z TRACE VirtualDom::render_immediate:render{scope=Doggo}: dioxus_core::scope_context: found context TypeId { t: (9286496122914249738, 8586425926625933774) }
2024-06-04T16:00:37.147452Z TRACE VirtualDom::render_immediate:render{scope=Doggo}: dioxus_core::scope_context: looking for context dioxus_core::suspense::SuspenseContext (TypeId { t: (4533244013398082440, 10897659798729036060) }) in SuspenseBoundary
2024-06-04T16:00:37.147467Z TRACE VirtualDom::render_immediate:render{scope=Doggo}: dioxus_core::scope_context: found context TypeId { t: (4533244013398082440, 10897659798729036060) }
2024-06-04T16:00:37.204055Z TRACE VirtualDom::wait_for_work:VirtualDom::process_events: dioxus_core::virtual_dom: Marking task Task { id: 0, unsend: PhantomData<*const ()> } (spawned in ScopeId(3)) as dirty (called from Location { file: "packages/core/src/virtual_dom.rs", line: 505, col: 58 })
2024-06-04T16:00:37.204128Z  INFO VirtualDom::wait_for_work:VirtualDom::process_events:VirtualDom::poll_tasks: dioxus_core::tasks: Polling task Task { id: 0, unsend: PhantomData<*const ()> }
2024-06-04T16:00:37.204173Z  INFO VirtualDom::wait_for_work:VirtualDom::process_events:VirtualDom::poll_tasks: dioxus_core::tasks: Task Task { id: 0, unsend: PhantomData<*const ()> } finished with result Pending
2024-06-04T16:00:37.204192Z TRACE VirtualDom::wait_for_work:VirtualDom::process_events:VirtualDom::poll_tasks: dioxus_core::virtual_dom: Marking scope ScopeId(3, "Doggo") as dirty
2024-06-04T16:00:37.204285Z TRACE VirtualDom::render_immediate:render{scope=Doggo}: dioxus_signals::signal: Subscribing to the reactive context ReactiveContext(for scope: ScopeId(3, "Doggo"))
2024-06-04T16:00:37.204314Z TRACE VirtualDom::render_immediate:render{scope=Doggo}: dioxus_signals::signal: Subscribing to the reactive context ReactiveContext(for scope: ScopeId(3, "Doggo"))
2024-06-04T16:00:37.204335Z TRACE VirtualDom::render_immediate:render{scope=Doggo}: dioxus_core::scope_context: looking for context dioxus_core::suspense::SuspenseContext (TypeId { t: (4533244013398082440, 10897659798729036060) }) in Doggo
2024-06-04T16:00:37.204350Z TRACE VirtualDom::render_immediate:render{scope=Doggo}: dioxus_core::scope_context: looking for context dioxus_core::suspense::SuspenseContext (TypeId { t: (4533244013398082440, 10897659798729036060) }) in FrozenContext
2024-06-04T16:00:37.204362Z TRACE VirtualDom::render_immediate:render{scope=Doggo}: dioxus_core::scope_context: found context TypeId { t: (9286496122914249738, 8586425926625933774) }
2024-06-04T16:00:37.204373Z TRACE VirtualDom::render_immediate:render{scope=Doggo}: dioxus_core::scope_context: looking for context dioxus_core::suspense::SuspenseContext (TypeId { t: (4533244013398082440, 10897659798729036060) }) in SuspenseBoundary
2024-06-04T16:00:37.204385Z TRACE VirtualDom::render_immediate:render{scope=Doggo}: dioxus_core::scope_context: found context TypeId { t: (4533244013398082440, 10897659798729036060) }
2024-06-04T16:00:37.230092Z TRACE VirtualDom::wait_for_work:VirtualDom::process_events: dioxus_core::virtual_dom: Marking task Task { id: 6, unsend: PhantomData<*const ()> } (spawned in ScopeId(5)) as dirty (called from Location { file: "packages/core/src/virtual_dom.rs", line: 505, col: 58 })
2024-06-04T16:00:37.230155Z  INFO VirtualDom::wait_for_work:VirtualDom::process_events:VirtualDom::poll_tasks: dioxus_core::tasks: Polling task Task { id: 6, unsend: PhantomData<*const ()> }
2024-06-04T16:00:37.230198Z TRACE VirtualDom::wait_for_work:VirtualDom::process_events:VirtualDom::poll_tasks: dioxus_signals::signal: Write on signal at examples/suspense.rs:122:19 finished, updating subscribers
2024-06-04T16:00:37.230220Z TRACE VirtualDom::wait_for_work:VirtualDom::process_events:VirtualDom::poll_tasks: dioxus_signals::reactive_context: Marking reactive context created at packages/signals/src/reactive_context.rs:117:13 as dirty
2024-06-04T16:00:37.230237Z TRACE VirtualDom::wait_for_work:VirtualDom::process_events:VirtualDom::poll_tasks: dioxus_signals::reactive_context: Marking scope ScopeId(5, "LoadingDots") as dirty
2024-06-04T16:00:37.230264Z  INFO VirtualDom::wait_for_work:VirtualDom::process_events:VirtualDom::poll_tasks: dioxus_core::tasks: Task Task { id: 6, unsend: PhantomData<*const ()> } finished with result Pending
2024-06-04T16:00:37.230283Z TRACE VirtualDom::wait_for_work:VirtualDom::process_events:VirtualDom::poll_tasks: dioxus_core::virtual_dom: Marking scope ScopeId(5, "LoadingDots") as dirty
2024-06-04T16:00:37.230376Z TRACE VirtualDom::render_immediate:render{scope=LoadingDots}: dioxus_signals::signal: Subscribing to the reactive context ReactiveContext(for scope: ScopeId(5, "LoadingDots"))
2024-06-04T16:00:37.230409Z TRACE VirtualDom::render_immediate: dioxus_core::scope_context: looking for context dioxus_core::suspense::FrozenContext (TypeId { t: (9286496122914249738, 8586425926625933774) }) in LoadingDots
2024-06-04T16:00:37.230421Z TRACE VirtualDom::render_immediate: dioxus_core::scope_context: looking for context dioxus_core::suspense::FrozenContext (TypeId { t: (9286496122914249738, 8586425926625933774) }) in SuspenseBoundary
2024-06-04T16:00:37.230431Z TRACE VirtualDom::render_immediate: dioxus_core::scope_context: found context TypeId { t: (4533244013398082440, 10897659798729036060) }
2024-06-04T16:00:37.230441Z TRACE VirtualDom::render_immediate: dioxus_core::scope_context: looking for context dioxus_core::suspense::FrozenContext (TypeId { t: (9286496122914249738, 8586425926625933774) }) in app
2024-06-04T16:00:37.230450Z TRACE VirtualDom::render_immediate: dioxus_core::scope_context: found context TypeId { t: (3582638416876954437, 3810890675802792692) }
2024-06-04T16:00:37.230459Z TRACE VirtualDom::render_immediate: dioxus_core::scope_context: found context TypeId { t: (7946844621057603534, 4355211565432133561) }
2024-06-04T16:00:37.230468Z TRACE VirtualDom::render_immediate: dioxus_core::scope_context: found context TypeId { t: (10682502755203913650, 15985576721215419306) }
2024-06-04T16:00:37.230485Z TRACE VirtualDom::render_immediate: dioxus_core::scope_context: context dioxus_core::suspense::FrozenContext (TypeId { t: (9286496122914249738, 8586425926625933774) }) not found
2024-06-04T16:00:37.230501Z TRACE VirtualDom::render_immediate: dioxus_core::diff::node: moving mount self=VNode { vnode: VNodeInner { key: None, template: Cell { value: Template { name: "examples/suspense.rs:127:5:4128", roots: [Dynamic { id: 0 }], node_paths: [[0]], attr_paths: [] } }, dynamic_nodes: [Text(VText { value: "." })], dynamic_attrs: [] }, mount: Cell { value: MountId(7) } } new=VNode { vnode: VNodeInner { key: None, template: Cell { value: Template { name: "examples/suspense.rs:127:5:4128", roots: [Dynamic { id: 0 }], node_paths: [[0]], attr_paths: [] } }, dynamic_nodes: [Text(VText { value: ".." })], dynamic_attrs: [] }, mount: Cell { value: MountId(7) } }
2024-06-04T16:00:37.230529Z TRACE VirtualDom::render_immediate: dioxus_core::diff::node: mount id: MountId(7)
2024-06-04T16:00:37.230538Z TRACE VirtualDom::render_immediate: dioxus_core::diff::node: mounts: Slab { len: 8, cap: 8 }
2024-06-04T16:00:37.257520Z TRACE VirtualDom::wait_for_work:VirtualDom::process_events: dioxus_core::virtual_dom: Marking task Task { id: 3, unsend: PhantomData<*const ()> } (spawned in ScopeId(4)) as dirty (called from Location { file: "packages/core/src/virtual_dom.rs", line: 505, col: 58 })
2024-06-04T16:00:37.257571Z  INFO VirtualDom::wait_for_work:VirtualDom::process_events:VirtualDom::poll_tasks: dioxus_core::tasks: Polling task Task { id: 3, unsend: PhantomData<*const ()> }
2024-06-04T16:00:37.257613Z  INFO VirtualDom::wait_for_work:VirtualDom::process_events:VirtualDom::poll_tasks: dioxus_core::tasks: Task Task { id: 3, unsend: PhantomData<*const ()> } finished with result Pending
2024-06-04T16:00:37.257631Z TRACE VirtualDom::wait_for_work:VirtualDom::process_events:VirtualDom::poll_tasks: dioxus_core::virtual_dom: Marking scope ScopeId(4, "Doggo") as dirty
2024-06-04T16:00:37.257715Z TRACE VirtualDom::render_immediate:render{scope=Doggo}: dioxus_signals::signal: Subscribing to the reactive context ReactiveContext(for scope: ScopeId(4, "Doggo"))
2024-06-04T16:00:37.257741Z TRACE VirtualDom::render_immediate:render{scope=Doggo}: dioxus_signals::signal: Subscribing to the reactive context ReactiveContext(for scope: ScopeId(4, "Doggo"))
2024-06-04T16:00:37.257763Z TRACE VirtualDom::render_immediate:render{scope=Doggo}: dioxus_core::scope_context: looking for context dioxus_core::suspense::SuspenseContext (TypeId { t: (4533244013398082440, 10897659798729036060) }) in Doggo
2024-06-04T16:00:37.257778Z TRACE VirtualDom::render_immediate:render{scope=Doggo}: dioxus_core::scope_context: looking for context dioxus_core::suspense::SuspenseContext (TypeId { t: (4533244013398082440, 10897659798729036060) }) in FrozenContext
2024-06-04T16:00:37.257790Z TRACE VirtualDom::render_immediate:render{scope=Doggo}: dioxus_core::scope_context: found context TypeId { t: (9286496122914249738, 8586425926625933774) }
2024-06-04T16:00:37.257802Z TRACE VirtualDom::render_immediate:render{scope=Doggo}: dioxus_core::scope_context: looking for context dioxus_core::suspense::SuspenseContext (TypeId { t: (4533244013398082440, 10897659798729036060) }) in SuspenseBoundary
2024-06-04T16:00:37.257814Z TRACE VirtualDom::render_immediate:render{scope=Doggo}: dioxus_core::scope_context: found context TypeId { t: (4533244013398082440, 10897659798729036060) }
2024-06-04T16:00:37.306456Z TRACE VirtualDom::wait_for_work:VirtualDom::process_events: dioxus_core::virtual_dom: Marking task Task { id: 0, unsend: PhantomData<*const ()> } (spawned in ScopeId(3)) as dirty (called from Location { file: "packages/core/src/virtual_dom.rs", line: 505, col: 58 })
2024-06-04T16:00:37.306537Z  INFO VirtualDom::wait_for_work:VirtualDom::process_events:VirtualDom::poll_tasks: dioxus_core::tasks: Polling task Task { id: 0, unsend: PhantomData<*const ()> }
2024-06-04T16:00:37.306586Z  INFO VirtualDom::wait_for_work:VirtualDom::process_events:VirtualDom::poll_tasks: dioxus_core::tasks: Task Task { id: 0, unsend: PhantomData<*const ()> } finished with result Pending
2024-06-04T16:00:37.306606Z TRACE VirtualDom::wait_for_work:VirtualDom::process_events:VirtualDom::poll_tasks: dioxus_core::virtual_dom: Marking scope ScopeId(3, "Doggo") as dirty
2024-06-04T16:00:37.306711Z TRACE VirtualDom::render_immediate:render{scope=Doggo}: dioxus_signals::signal: Subscribing to the reactive context ReactiveContext(for scope: ScopeId(3, "Doggo"))
2024-06-04T16:00:37.306745Z TRACE VirtualDom::render_immediate:render{scope=Doggo}: dioxus_signals::signal: Subscribing to the reactive context ReactiveContext(for scope: ScopeId(3, "Doggo"))
2024-06-04T16:00:37.306767Z TRACE VirtualDom::render_immediate:render{scope=Doggo}: dioxus_core::scope_context: looking for context dioxus_core::suspense::SuspenseContext (TypeId { t: (4533244013398082440, 10897659798729036060) }) in Doggo
2024-06-04T16:00:37.306782Z TRACE VirtualDom::render_immediate:render{scope=Doggo}: dioxus_core::scope_context: looking for context dioxus_core::suspense::SuspenseContext (TypeId { t: (4533244013398082440, 10897659798729036060) }) in FrozenContext
2024-06-04T16:00:37.306794Z TRACE VirtualDom::render_immediate:render{scope=Doggo}: dioxus_core::scope_context: found context TypeId { t: (9286496122914249738, 8586425926625933774) }
2024-06-04T16:00:37.306806Z TRACE VirtualDom::render_immediate:render{scope=Doggo}: dioxus_core::scope_context: looking for context dioxus_core::suspense::SuspenseContext (TypeId { t: (4533244013398082440, 10897659798729036060) }) in SuspenseBoundary
2024-06-04T16:00:37.306817Z TRACE VirtualDom::render_immediate:render{scope=Doggo}: dioxus_core::scope_context: found context TypeId { t: (4533244013398082440, 10897659798729036060) }
2024-06-04T16:00:37.359553Z TRACE VirtualDom::wait_for_work:VirtualDom::process_events: dioxus_core::virtual_dom: Marking task Task { id: 3, unsend: PhantomData<*const ()> } (spawned in ScopeId(4)) as dirty (called from Location { file: "packages/core/src/virtual_dom.rs", line: 505, col: 58 })
2024-06-04T16:00:37.359690Z  INFO VirtualDom::wait_for_work:VirtualDom::process_events:VirtualDom::poll_tasks: dioxus_core::tasks: Polling task Task { id: 3, unsend: PhantomData<*const ()> }
2024-06-04T16:00:37.359751Z  INFO VirtualDom::wait_for_work:VirtualDom::process_events:VirtualDom::poll_tasks: dioxus_core::tasks: Task Task { id: 3, unsend: PhantomData<*const ()> } finished with result Pending
2024-06-04T16:00:37.359770Z TRACE VirtualDom::wait_for_work:VirtualDom::process_events:VirtualDom::poll_tasks: dioxus_core::virtual_dom: Marking scope ScopeId(4, "Doggo") as dirty
2024-06-04T16:00:37.359877Z TRACE VirtualDom::render_immediate:render{scope=Doggo}: dioxus_signals::signal: Subscribing to the reactive context ReactiveContext(for scope: ScopeId(4, "Doggo"))
2024-06-04T16:00:37.359912Z TRACE VirtualDom::render_immediate:render{scope=Doggo}: dioxus_signals::signal: Subscribing to the reactive context ReactiveContext(for scope: ScopeId(4, "Doggo"))
2024-06-04T16:00:37.359936Z TRACE VirtualDom::render_immediate:render{scope=Doggo}: dioxus_core::scope_context: looking for context dioxus_core::suspense::SuspenseContext (TypeId { t: (4533244013398082440, 10897659798729036060) }) in Doggo
2024-06-04T16:00:37.359951Z TRACE VirtualDom::render_immediate:render{scope=Doggo}: dioxus_core::scope_context: looking for context dioxus_core::suspense::SuspenseContext (TypeId { t: (4533244013398082440, 10897659798729036060) }) in FrozenContext
2024-06-04T16:00:37.359964Z TRACE VirtualDom::render_immediate:render{scope=Doggo}: dioxus_core::scope_context: found context TypeId { t: (9286496122914249738, 8586425926625933774) }
2024-06-04T16:00:37.359975Z TRACE VirtualDom::render_immediate:render{scope=Doggo}: dioxus_core::scope_context: looking for context dioxus_core::suspense::SuspenseContext (TypeId { t: (4533244013398082440, 10897659798729036060) }) in SuspenseBoundary
2024-06-04T16:00:37.359987Z TRACE VirtualDom::render_immediate:render{scope=Doggo}: dioxus_core::scope_context: found context TypeId { t: (4533244013398082440, 10897659798729036060) }
2024-06-04T16:00:37.408714Z TRACE VirtualDom::wait_for_work:VirtualDom::process_events: dioxus_core::virtual_dom: Marking task Task { id: 0, unsend: PhantomData<*const ()> } (spawned in ScopeId(3)) as dirty (called from Location { file: "packages/core/src/virtual_dom.rs", line: 505, col: 58 })
2024-06-04T16:00:37.408808Z  INFO VirtualDom::wait_for_work:VirtualDom::process_events:VirtualDom::poll_tasks: dioxus_core::tasks: Polling task Task { id: 0, unsend: PhantomData<*const ()> }
2024-06-04T16:00:37.408887Z  INFO VirtualDom::wait_for_work:VirtualDom::process_events:VirtualDom::poll_tasks: dioxus_core::tasks: Task Task { id: 0, unsend: PhantomData<*const ()> } finished with result Pending
2024-06-04T16:00:37.408908Z TRACE VirtualDom::wait_for_work:VirtualDom::process_events:VirtualDom::poll_tasks: dioxus_core::virtual_dom: Marking scope ScopeId(3, "Doggo") as dirty
2024-06-04T16:00:37.409024Z TRACE VirtualDom::render_immediate:render{scope=Doggo}: dioxus_signals::signal: Subscribing to the reactive context ReactiveContext(for scope: ScopeId(3, "Doggo"))
2024-06-04T16:00:37.409056Z TRACE VirtualDom::render_immediate:render{scope=Doggo}: dioxus_signals::signal: Subscribing to the reactive context ReactiveContext(for scope: ScopeId(3, "Doggo"))
2024-06-04T16:00:37.409086Z TRACE VirtualDom::render_immediate:render{scope=Doggo}: dioxus_core::scope_context: looking for context dioxus_core::suspense::SuspenseContext (TypeId { t: (4533244013398082440, 10897659798729036060) }) in Doggo
2024-06-04T16:00:37.409102Z TRACE VirtualDom::render_immediate:render{scope=Doggo}: dioxus_core::scope_context: looking for context dioxus_core::suspense::SuspenseContext (TypeId { t: (4533244013398082440, 10897659798729036060) }) in FrozenContext
2024-06-04T16:00:37.409115Z TRACE VirtualDom::render_immediate:render{scope=Doggo}: dioxus_core::scope_context: found context TypeId { t: (9286496122914249738, 8586425926625933774) }
2024-06-04T16:00:37.409127Z TRACE VirtualDom::render_immediate:render{scope=Doggo}: dioxus_core::scope_context: looking for context dioxus_core::suspense::SuspenseContext (TypeId { t: (4533244013398082440, 10897659798729036060) }) in SuspenseBoundary
2024-06-04T16:00:37.409140Z TRACE VirtualDom::render_immediate:render{scope=Doggo}: dioxus_core::scope_context: found context TypeId { t: (4533244013398082440, 10897659798729036060) }
2024-06-04T16:00:37.432028Z TRACE VirtualDom::wait_for_work:VirtualDom::process_events: dioxus_core::virtual_dom: Marking task Task { id: 6, unsend: PhantomData<*const ()> } (spawned in ScopeId(5)) as dirty (called from Location { file: "packages/core/src/virtual_dom.rs", line: 505, col: 58 })
2024-06-04T16:00:37.432153Z  INFO VirtualDom::wait_for_work:VirtualDom::process_events:VirtualDom::poll_tasks: dioxus_core::tasks: Polling task Task { id: 6, unsend: PhantomData<*const ()> }
2024-06-04T16:00:37.432207Z TRACE VirtualDom::wait_for_work:VirtualDom::process_events:VirtualDom::poll_tasks: dioxus_signals::signal: Write on signal at examples/suspense.rs:122:19 finished, updating subscribers
2024-06-04T16:00:37.432237Z TRACE VirtualDom::wait_for_work:VirtualDom::process_events:VirtualDom::poll_tasks: dioxus_signals::reactive_context: Marking reactive context created at packages/signals/src/reactive_context.rs:117:13 as dirty
2024-06-04T16:00:37.432252Z TRACE VirtualDom::wait_for_work:VirtualDom::process_events:VirtualDom::poll_tasks: dioxus_signals::reactive_context: Marking scope ScopeId(5, "LoadingDots") as dirty
2024-06-04T16:00:37.432304Z  INFO VirtualDom::wait_for_work:VirtualDom::process_events:VirtualDom::poll_tasks: dioxus_core::tasks: Task Task { id: 6, unsend: PhantomData<*const ()> } finished with result Pending
2024-06-04T16:00:37.432321Z TRACE VirtualDom::wait_for_work:VirtualDom::process_events:VirtualDom::poll_tasks: dioxus_core::virtual_dom: Marking scope ScopeId(5, "LoadingDots") as dirty
2024-06-04T16:00:37.432422Z TRACE VirtualDom::render_immediate:render{scope=LoadingDots}: dioxus_signals::signal: Subscribing to the reactive context ReactiveContext(for scope: ScopeId(5, "LoadingDots"))
2024-06-04T16:00:37.432467Z TRACE VirtualDom::render_immediate: dioxus_core::scope_context: looking for context dioxus_core::suspense::FrozenContext (TypeId { t: (9286496122914249738, 8586425926625933774) }) in LoadingDots
2024-06-04T16:00:37.432482Z TRACE VirtualDom::render_immediate: dioxus_core::scope_context: looking for context dioxus_core::suspense::FrozenContext (TypeId { t: (9286496122914249738, 8586425926625933774) }) in SuspenseBoundary
2024-06-04T16:00:37.432505Z TRACE VirtualDom::render_immediate: dioxus_core::scope_context: found context TypeId { t: (4533244013398082440, 10897659798729036060) }
2024-06-04T16:00:37.432523Z TRACE VirtualDom::render_immediate: dioxus_core::scope_context: looking for context dioxus_core::suspense::FrozenContext (TypeId { t: (9286496122914249738, 8586425926625933774) }) in app
2024-06-04T16:00:37.432541Z TRACE VirtualDom::render_immediate: dioxus_core::scope_context: found context TypeId { t: (3582638416876954437, 3810890675802792692) }
2024-06-04T16:00:37.432551Z TRACE VirtualDom::render_immediate: dioxus_core::scope_context: found context TypeId { t: (7946844621057603534, 4355211565432133561) }
2024-06-04T16:00:37.432561Z TRACE VirtualDom::render_immediate: dioxus_core::scope_context: found context TypeId { t: (10682502755203913650, 15985576721215419306) }
2024-06-04T16:00:37.432571Z TRACE VirtualDom::render_immediate: dioxus_core::scope_context: context dioxus_core::suspense::FrozenContext (TypeId { t: (9286496122914249738, 8586425926625933774) }) not found
2024-06-04T16:00:37.432593Z TRACE VirtualDom::render_immediate: dioxus_core::diff::node: moving mount self=VNode { vnode: VNodeInner { key: None, template: Cell { value: Template { name: "examples/suspense.rs:127:5:4128", roots: [Dynamic { id: 0 }], node_paths: [[0]], attr_paths: [] } }, dynamic_nodes: [Text(VText { value: ".." })], dynamic_attrs: [] }, mount: Cell { value: MountId(7) } } new=VNode { vnode: VNodeInner { key: None, template: Cell { value: Template { name: "examples/suspense.rs:127:5:4128", roots: [Dynamic { id: 0 }], node_paths: [[0]], attr_paths: [] } }, dynamic_nodes: [Text(VText { value: "..." })], dynamic_attrs: [] }, mount: Cell { value: MountId(7) } }
2024-06-04T16:00:37.432621Z TRACE VirtualDom::render_immediate: dioxus_core::diff::node: mount id: MountId(7)
2024-06-04T16:00:37.432630Z TRACE VirtualDom::render_immediate: dioxus_core::diff::node: mounts: Slab { len: 8, cap: 8 }
2024-06-04T16:00:37.461264Z TRACE VirtualDom::wait_for_work:VirtualDom::process_events: dioxus_core::virtual_dom: Marking task Task { id: 3, unsend: PhantomData<*const ()> } (spawned in ScopeId(4)) as dirty (called from Location { file: "packages/core/src/virtual_dom.rs", line: 505, col: 58 })
2024-06-04T16:00:37.461347Z  INFO VirtualDom::wait_for_work:VirtualDom::process_events:VirtualDom::poll_tasks: dioxus_core::tasks: Polling task Task { id: 3, unsend: PhantomData<*const ()> }
2024-06-04T16:00:37.461413Z  INFO VirtualDom::wait_for_work:VirtualDom::process_events:VirtualDom::poll_tasks: dioxus_core::tasks: Task Task { id: 3, unsend: PhantomData<*const ()> } finished with result Pending
2024-06-04T16:00:37.461432Z TRACE VirtualDom::wait_for_work:VirtualDom::process_events:VirtualDom::poll_tasks: dioxus_core::virtual_dom: Marking scope ScopeId(4, "Doggo") as dirty
2024-06-04T16:00:37.461541Z TRACE VirtualDom::render_immediate:render{scope=Doggo}: dioxus_signals::signal: Subscribing to the reactive context ReactiveContext(for scope: ScopeId(4, "Doggo"))
2024-06-04T16:00:37.461569Z TRACE VirtualDom::render_immediate:render{scope=Doggo}: dioxus_signals::signal: Subscribing to the reactive context ReactiveContext(for scope: ScopeId(4, "Doggo"))
2024-06-04T16:00:37.461599Z TRACE VirtualDom::render_immediate:render{scope=Doggo}: dioxus_core::scope_context: looking for context dioxus_core::suspense::SuspenseContext (TypeId { t: (4533244013398082440, 10897659798729036060) }) in Doggo
2024-06-04T16:00:37.461615Z TRACE VirtualDom::render_immediate:render{scope=Doggo}: dioxus_core::scope_context: looking for context dioxus_core::suspense::SuspenseContext (TypeId { t: (4533244013398082440, 10897659798729036060) }) in FrozenContext
2024-06-04T16:00:37.461634Z TRACE VirtualDom::render_immediate:render{scope=Doggo}: dioxus_core::scope_context: found context TypeId { t: (9286496122914249738, 8586425926625933774) }
2024-06-04T16:00:37.461649Z TRACE VirtualDom::render_immediate:render{scope=Doggo}: dioxus_core::scope_context: looking for context dioxus_core::suspense::SuspenseContext (TypeId { t: (4533244013398082440, 10897659798729036060) }) in SuspenseBoundary
2024-06-04T16:00:37.461662Z TRACE VirtualDom::render_immediate:render{scope=Doggo}: dioxus_core::scope_context: found context TypeId { t: (4533244013398082440, 10897659798729036060) }
2024-06-04T16:00:37.510379Z TRACE VirtualDom::wait_for_work:VirtualDom::process_events: dioxus_core::virtual_dom: Marking task Task { id: 0, unsend: PhantomData<*const ()> } (spawned in ScopeId(3)) as dirty (called from Location { file: "packages/core/src/virtual_dom.rs", line: 505, col: 58 })
2024-06-04T16:00:37.510513Z  INFO VirtualDom::wait_for_work:VirtualDom::process_events:VirtualDom::poll_tasks: dioxus_core::tasks: Polling task Task { id: 0, unsend: PhantomData<*const ()> }
2024-06-04T16:00:37.510598Z  INFO VirtualDom::wait_for_work:VirtualDom::process_events:VirtualDom::poll_tasks: dioxus_core::tasks: Task Task { id: 0, unsend: PhantomData<*const ()> } finished with result Pending
2024-06-04T16:00:37.510625Z TRACE VirtualDom::wait_for_work:VirtualDom::process_events:VirtualDom::poll_tasks: dioxus_core::virtual_dom: Marking scope ScopeId(3, "Doggo") as dirty
2024-06-04T16:00:37.510773Z TRACE VirtualDom::render_immediate:render{scope=Doggo}: dioxus_signals::signal: Subscribing to the reactive context ReactiveContext(for scope: ScopeId(3, "Doggo"))
2024-06-04T16:00:37.510829Z TRACE VirtualDom::render_immediate:render{scope=Doggo}: dioxus_signals::signal: Subscribing to the reactive context ReactiveContext(for scope: ScopeId(3, "Doggo"))
2024-06-04T16:00:37.510882Z TRACE VirtualDom::render_immediate:render{scope=Doggo}: dioxus_core::scope_context: looking for context dioxus_core::suspense::SuspenseContext (TypeId { t: (4533244013398082440, 10897659798729036060) }) in Doggo
2024-06-04T16:00:37.510937Z TRACE VirtualDom::render_immediate:render{scope=Doggo}: dioxus_core::scope_context: looking for context dioxus_core::suspense::SuspenseContext (TypeId { t: (4533244013398082440, 10897659798729036060) }) in FrozenContext
2024-06-04T16:00:37.510971Z TRACE VirtualDom::render_immediate:render{scope=Doggo}: dioxus_core::scope_context: found context TypeId { t: (9286496122914249738, 8586425926625933774) }
2024-06-04T16:00:37.510988Z TRACE VirtualDom::render_immediate:render{scope=Doggo}: dioxus_core::scope_context: looking for context dioxus_core::suspense::SuspenseContext (TypeId { t: (4533244013398082440, 10897659798729036060) }) in SuspenseBoundary
2024-06-04T16:00:37.511003Z TRACE VirtualDom::render_immediate:render{scope=Doggo}: dioxus_core::scope_context: found context TypeId { t: (4533244013398082440, 10897659798729036060) }
2024-06-04T16:00:37.563459Z TRACE VirtualDom::wait_for_work:VirtualDom::process_events: dioxus_core::virtual_dom: Marking task Task { id: 3, unsend: PhantomData<*const ()> } (spawned in ScopeId(4)) as dirty (called from Location { file: "packages/core/src/virtual_dom.rs", line: 505, col: 58 })
2024-06-04T16:00:37.563587Z  INFO VirtualDom::wait_for_work:VirtualDom::process_events:VirtualDom::poll_tasks: dioxus_core::tasks: Polling task Task { id: 3, unsend: PhantomData<*const ()> }
2024-06-04T16:00:37.563659Z  INFO VirtualDom::wait_for_work:VirtualDom::process_events:VirtualDom::poll_tasks: dioxus_core::tasks: Task Task { id: 3, unsend: PhantomData<*const ()> } finished with result Pending
2024-06-04T16:00:37.563688Z TRACE VirtualDom::wait_for_work:VirtualDom::process_events:VirtualDom::poll_tasks: dioxus_core::virtual_dom: Marking scope ScopeId(4, "Doggo") as dirty
2024-06-04T16:00:37.563825Z TRACE VirtualDom::render_immediate:render{scope=Doggo}: dioxus_signals::signal: Subscribing to the reactive context ReactiveContext(for scope: ScopeId(4, "Doggo"))
2024-06-04T16:00:37.563870Z TRACE VirtualDom::render_immediate:render{scope=Doggo}: dioxus_signals::signal: Subscribing to the reactive context ReactiveContext(for scope: ScopeId(4, "Doggo"))
2024-06-04T16:00:37.563902Z TRACE VirtualDom::render_immediate:render{scope=Doggo}: dioxus_core::scope_context: looking for context dioxus_core::suspense::SuspenseContext (TypeId { t: (4533244013398082440, 10897659798729036060) }) in Doggo
2024-06-04T16:00:37.563924Z TRACE VirtualDom::render_immediate:render{scope=Doggo}: dioxus_core::scope_context: looking for context dioxus_core::suspense::SuspenseContext (TypeId { t: (4533244013398082440, 10897659798729036060) }) in FrozenContext
2024-06-04T16:00:37.563942Z TRACE VirtualDom::render_immediate:render{scope=Doggo}: dioxus_core::scope_context: found context TypeId { t: (9286496122914249738, 8586425926625933774) }
2024-06-04T16:00:37.563960Z TRACE VirtualDom::render_immediate:render{scope=Doggo}: dioxus_core::scope_context: looking for context dioxus_core::suspense::SuspenseContext (TypeId { t: (4533244013398082440, 10897659798729036060) }) in SuspenseBoundary
2024-06-04T16:00:37.563976Z TRACE VirtualDom::render_immediate:render{scope=Doggo}: dioxus_core::scope_context: found context TypeId { t: (4533244013398082440, 10897659798729036060) }
2024-06-04T16:00:37.612529Z TRACE VirtualDom::wait_for_work:VirtualDom::process_events: dioxus_core::virtual_dom: Marking task Task { id: 0, unsend: PhantomData<*const ()> } (spawned in ScopeId(3)) as dirty (called from Location { file: "packages/core/src/virtual_dom.rs", line: 505, col: 58 })
2024-06-04T16:00:37.612651Z  INFO VirtualDom::wait_for_work:VirtualDom::process_events:VirtualDom::poll_tasks: dioxus_core::tasks: Polling task Task { id: 0, unsend: PhantomData<*const ()> }
2024-06-04T16:00:37.612743Z  INFO VirtualDom::wait_for_work:VirtualDom::process_events:VirtualDom::poll_tasks: dioxus_core::tasks: Task Task { id: 0, unsend: PhantomData<*const ()> } finished with result Pending
2024-06-04T16:00:37.612775Z TRACE VirtualDom::wait_for_work:VirtualDom::process_events:VirtualDom::poll_tasks: dioxus_core::virtual_dom: Marking scope ScopeId(3, "Doggo") as dirty
2024-06-04T16:00:37.612933Z TRACE VirtualDom::render_immediate:render{scope=Doggo}: dioxus_signals::signal: Subscribing to the reactive context ReactiveContext(for scope: ScopeId(3, "Doggo"))
2024-06-04T16:00:37.612981Z TRACE VirtualDom::render_immediate:render{scope=Doggo}: dioxus_signals::signal: Subscribing to the reactive context ReactiveContext(for scope: ScopeId(3, "Doggo"))
2024-06-04T16:00:37.613019Z TRACE VirtualDom::render_immediate:render{scope=Doggo}: dioxus_core::scope_context: looking for context dioxus_core::suspense::SuspenseContext (TypeId { t: (4533244013398082440, 10897659798729036060) }) in Doggo
2024-06-04T16:00:37.613043Z TRACE VirtualDom::render_immediate:render{scope=Doggo}: dioxus_core::scope_context: looking for context dioxus_core::suspense::SuspenseContext (TypeId { t: (4533244013398082440, 10897659798729036060) }) in FrozenContext
2024-06-04T16:00:37.613064Z TRACE VirtualDom::render_immediate:render{scope=Doggo}: dioxus_core::scope_context: found context TypeId { t: (9286496122914249738, 8586425926625933774) }
2024-06-04T16:00:37.613084Z TRACE VirtualDom::render_immediate:render{scope=Doggo}: dioxus_core::scope_context: looking for context dioxus_core::suspense::SuspenseContext (TypeId { t: (4533244013398082440, 10897659798729036060) }) in SuspenseBoundary
2024-06-04T16:00:37.613103Z TRACE VirtualDom::render_immediate:render{scope=Doggo}: dioxus_core::scope_context: found context TypeId { t: (4533244013398082440, 10897659798729036060) }
2024-06-04T16:00:37.635053Z TRACE VirtualDom::wait_for_work:VirtualDom::process_events: dioxus_core::virtual_dom: Marking task Task { id: 6, unsend: PhantomData<*const ()> } (spawned in ScopeId(5)) as dirty (called from Location { file: "packages/core/src/virtual_dom.rs", line: 505, col: 58 })
2024-06-04T16:00:37.635111Z  INFO VirtualDom::wait_for_work:VirtualDom::process_events:VirtualDom::poll_tasks: dioxus_core::tasks: Polling task Task { id: 6, unsend: PhantomData<*const ()> }
2024-06-04T16:00:37.635168Z TRACE VirtualDom::wait_for_work:VirtualDom::process_events:VirtualDom::poll_tasks: dioxus_signals::signal: Write on signal at examples/suspense.rs:122:19 finished, updating subscribers
2024-06-04T16:00:37.635200Z TRACE VirtualDom::wait_for_work:VirtualDom::process_events:VirtualDom::poll_tasks: dioxus_signals::reactive_context: Marking reactive context created at packages/signals/src/reactive_context.rs:117:13 as dirty
2024-06-04T16:00:37.635218Z TRACE VirtualDom::wait_for_work:VirtualDom::process_events:VirtualDom::poll_tasks: dioxus_signals::reactive_context: Marking scope ScopeId(5, "LoadingDots") as dirty
2024-06-04T16:00:37.635257Z  INFO VirtualDom::wait_for_work:VirtualDom::process_events:VirtualDom::poll_tasks: dioxus_core::tasks: Task Task { id: 6, unsend: PhantomData<*const ()> } finished with result Pending
2024-06-04T16:00:37.635278Z TRACE VirtualDom::wait_for_work:VirtualDom::process_events:VirtualDom::poll_tasks: dioxus_core::virtual_dom: Marking scope ScopeId(5, "LoadingDots") as dirty
2024-06-04T16:00:37.635384Z TRACE VirtualDom::render_immediate:render{scope=LoadingDots}: dioxus_signals::signal: Subscribing to the reactive context ReactiveContext(for scope: ScopeId(5, "LoadingDots"))
2024-06-04T16:00:37.635436Z TRACE VirtualDom::render_immediate: dioxus_core::scope_context: looking for context dioxus_core::suspense::FrozenContext (TypeId { t: (9286496122914249738, 8586425926625933774) }) in LoadingDots
2024-06-04T16:00:37.635456Z TRACE VirtualDom::render_immediate: dioxus_core::scope_context: looking for context dioxus_core::suspense::FrozenContext (TypeId { t: (9286496122914249738, 8586425926625933774) }) in SuspenseBoundary
2024-06-04T16:00:37.635471Z TRACE VirtualDom::render_immediate: dioxus_core::scope_context: found context TypeId { t: (4533244013398082440, 10897659798729036060) }
2024-06-04T16:00:37.635484Z TRACE VirtualDom::render_immediate: dioxus_core::scope_context: looking for context dioxus_core::suspense::FrozenContext (TypeId { t: (9286496122914249738, 8586425926625933774) }) in app
2024-06-04T16:00:37.635498Z TRACE VirtualDom::render_immediate: dioxus_core::scope_context: found context TypeId { t: (3582638416876954437, 3810890675802792692) }
2024-06-04T16:00:37.635511Z TRACE VirtualDom::render_immediate: dioxus_core::scope_context: found context TypeId { t: (7946844621057603534, 4355211565432133561) }
2024-06-04T16:00:37.635523Z TRACE VirtualDom::render_immediate: dioxus_core::scope_context: found context TypeId { t: (10682502755203913650, 15985576721215419306) }
2024-06-04T16:00:37.635537Z TRACE VirtualDom::render_immediate: dioxus_core::scope_context: context dioxus_core::suspense::FrozenContext (TypeId { t: (9286496122914249738, 8586425926625933774) }) not found
2024-06-04T16:00:37.635563Z TRACE VirtualDom::render_immediate: dioxus_core::diff::node: moving mount self=VNode { vnode: VNodeInner { key: None, template: Cell { value: Template { name: "examples/suspense.rs:127:5:4128", roots: [Dynamic { id: 0 }], node_paths: [[0]], attr_paths: [] } }, dynamic_nodes: [Text(VText { value: "..." })], dynamic_attrs: [] }, mount: Cell { value: MountId(7) } } new=VNode { vnode: VNodeInner { key: None, template: Cell { value: Template { name: "examples/suspense.rs:127:5:4128", roots: [Dynamic { id: 0 }], node_paths: [[0]], attr_paths: [] } }, dynamic_nodes: [Text(VText { value: "" })], dynamic_attrs: [] }, mount: Cell { value: MountId(7) } }
2024-06-04T16:00:37.635603Z TRACE VirtualDom::render_immediate: dioxus_core::diff::node: mount id: MountId(7)
2024-06-04T16:00:37.635615Z TRACE VirtualDom::render_immediate: dioxus_core::diff::node: mounts: Slab { len: 8, cap: 8 }
2024-06-04T16:00:37.666130Z TRACE VirtualDom::wait_for_work:VirtualDom::process_events: dioxus_core::virtual_dom: Marking task Task { id: 3, unsend: PhantomData<*const ()> } (spawned in ScopeId(4)) as dirty (called from Location { file: "packages/core/src/virtual_dom.rs", line: 505, col: 58 })
2024-06-04T16:00:37.666223Z  INFO VirtualDom::wait_for_work:VirtualDom::process_events:VirtualDom::poll_tasks: dioxus_core::tasks: Polling task Task { id: 3, unsend: PhantomData<*const ()> }
2024-06-04T16:00:37.666283Z  INFO VirtualDom::wait_for_work:VirtualDom::process_events:VirtualDom::poll_tasks: dioxus_core::tasks: Task Task { id: 3, unsend: PhantomData<*const ()> } finished with result Pending
2024-06-04T16:00:37.666309Z TRACE VirtualDom::wait_for_work:VirtualDom::process_events:VirtualDom::poll_tasks: dioxus_core::virtual_dom: Marking scope ScopeId(4, "Doggo") as dirty
2024-06-04T16:00:37.666419Z TRACE VirtualDom::render_immediate:render{scope=Doggo}: dioxus_signals::signal: Subscribing to the reactive context ReactiveContext(for scope: ScopeId(4, "Doggo"))
2024-06-04T16:00:37.666457Z TRACE VirtualDom::render_immediate:render{scope=Doggo}: dioxus_signals::signal: Subscribing to the reactive context ReactiveContext(for scope: ScopeId(4, "Doggo"))
2024-06-04T16:00:37.666485Z TRACE VirtualDom::render_immediate:render{scope=Doggo}: dioxus_core::scope_context: looking for context dioxus_core::suspense::SuspenseContext (TypeId { t: (4533244013398082440, 10897659798729036060) }) in Doggo
2024-06-04T16:00:37.666502Z TRACE VirtualDom::render_immediate:render{scope=Doggo}: dioxus_core::scope_context: looking for context dioxus_core::suspense::SuspenseContext (TypeId { t: (4533244013398082440, 10897659798729036060) }) in FrozenContext
2024-06-04T16:00:37.666517Z TRACE VirtualDom::render_immediate:render{scope=Doggo}: dioxus_core::scope_context: found context TypeId { t: (9286496122914249738, 8586425926625933774) }
2024-06-04T16:00:37.666532Z TRACE VirtualDom::render_immediate:render{scope=Doggo}: dioxus_core::scope_context: looking for context dioxus_core::suspense::SuspenseContext (TypeId { t: (4533244013398082440, 10897659798729036060) }) in SuspenseBoundary
2024-06-04T16:00:37.666546Z TRACE VirtualDom::render_immediate:render{scope=Doggo}: dioxus_core::scope_context: found context TypeId { t: (4533244013398082440, 10897659798729036060) }
2024-06-04T16:00:37.714195Z TRACE VirtualDom::wait_for_work:VirtualDom::process_events: dioxus_core::virtual_dom: Marking task Task { id: 0, unsend: PhantomData<*const ()> } (spawned in ScopeId(3)) as dirty (called from Location { file: "packages/core/src/virtual_dom.rs", line: 505, col: 58 })
2024-06-04T16:00:37.714279Z  INFO VirtualDom::wait_for_work:VirtualDom::process_events:VirtualDom::poll_tasks: dioxus_core::tasks: Polling task Task { id: 0, unsend: PhantomData<*const ()> }
2024-06-04T16:00:37.714332Z  INFO VirtualDom::wait_for_work:VirtualDom::process_events:VirtualDom::poll_tasks: dioxus_core::tasks: Task Task { id: 0, unsend: PhantomData<*const ()> } finished with result Pending
2024-06-04T16:00:37.714354Z TRACE VirtualDom::wait_for_work:VirtualDom::process_events:VirtualDom::poll_tasks: dioxus_core::virtual_dom: Marking scope ScopeId(3, "Doggo") as dirty
2024-06-04T16:00:37.714462Z TRACE VirtualDom::render_immediate:render{scope=Doggo}: dioxus_signals::signal: Subscribing to the reactive context ReactiveContext(for scope: ScopeId(3, "Doggo"))
2024-06-04T16:00:37.714499Z TRACE VirtualDom::render_immediate:render{scope=Doggo}: dioxus_signals::signal: Subscribing to the reactive context ReactiveContext(for scope: ScopeId(3, "Doggo"))
2024-06-04T16:00:37.714524Z TRACE VirtualDom::render_immediate:render{scope=Doggo}: dioxus_core::scope_context: looking for context dioxus_core::suspense::SuspenseContext (TypeId { t: (4533244013398082440, 10897659798729036060) }) in Doggo
2024-06-04T16:00:37.714554Z TRACE VirtualDom::render_immediate:render{scope=Doggo}: dioxus_core::scope_context: looking for context dioxus_core::suspense::SuspenseContext (TypeId { t: (4533244013398082440, 10897659798729036060) }) in FrozenContext
2024-06-04T16:00:37.714569Z TRACE VirtualDom::render_immediate:render{scope=Doggo}: dioxus_core::scope_context: found context TypeId { t: (9286496122914249738, 8586425926625933774) }
2024-06-04T16:00:37.714582Z TRACE VirtualDom::render_immediate:render{scope=Doggo}: dioxus_core::scope_context: looking for context dioxus_core::suspense::SuspenseContext (TypeId { t: (4533244013398082440, 10897659798729036060) }) in SuspenseBoundary
2024-06-04T16:00:37.714594Z TRACE VirtualDom::render_immediate:render{scope=Doggo}: dioxus_core::scope_context: found context TypeId { t: (4533244013398082440, 10897659798729036060) }
2024-06-04T16:00:37.768301Z TRACE VirtualDom::wait_for_work:VirtualDom::process_events: dioxus_core::virtual_dom: Marking task Task { id: 3, unsend: PhantomData<*const ()> } (spawned in ScopeId(4)) as dirty (called from Location { file: "packages/core/src/virtual_dom.rs", line: 505, col: 58 })
2024-06-04T16:00:37.768399Z  INFO VirtualDom::wait_for_work:VirtualDom::process_events:VirtualDom::poll_tasks: dioxus_core::tasks: Polling task Task { id: 3, unsend: PhantomData<*const ()> }
2024-06-04T16:00:37.768467Z  INFO VirtualDom::wait_for_work:VirtualDom::process_events:VirtualDom::poll_tasks: dioxus_core::tasks: Task Task { id: 3, unsend: PhantomData<*const ()> } finished with result Pending
2024-06-04T16:00:37.768490Z TRACE VirtualDom::wait_for_work:VirtualDom::process_events:VirtualDom::poll_tasks: dioxus_core::virtual_dom: Marking scope ScopeId(4, "Doggo") as dirty
2024-06-04T16:00:37.768608Z TRACE VirtualDom::render_immediate:render{scope=Doggo}: dioxus_signals::signal: Subscribing to the reactive context ReactiveContext(for scope: ScopeId(4, "Doggo"))
2024-06-04T16:00:37.768645Z TRACE VirtualDom::render_immediate:render{scope=Doggo}: dioxus_signals::signal: Subscribing to the reactive context ReactiveContext(for scope: ScopeId(4, "Doggo"))
2024-06-04T16:00:37.768670Z TRACE VirtualDom::render_immediate:render{scope=Doggo}: dioxus_core::scope_context: looking for context dioxus_core::suspense::SuspenseContext (TypeId { t: (4533244013398082440, 10897659798729036060) }) in Doggo
2024-06-04T16:00:37.768687Z TRACE VirtualDom::render_immediate:render{scope=Doggo}: dioxus_core::scope_context: looking for context dioxus_core::suspense::SuspenseContext (TypeId { t: (4533244013398082440, 10897659798729036060) }) in FrozenContext
2024-06-04T16:00:37.768700Z TRACE VirtualDom::render_immediate:render{scope=Doggo}: dioxus_core::scope_context: found context TypeId { t: (9286496122914249738, 8586425926625933774) }
2024-06-04T16:00:37.768712Z TRACE VirtualDom::render_immediate:render{scope=Doggo}: dioxus_core::scope_context: looking for context dioxus_core::suspense::SuspenseContext (TypeId { t: (4533244013398082440, 10897659798729036060) }) in SuspenseBoundary
2024-06-04T16:00:37.768725Z TRACE VirtualDom::render_immediate:render{scope=Doggo}: dioxus_core::scope_context: found context TypeId { t: (4533244013398082440, 10897659798729036060) }
2024-06-04T16:00:37.816164Z TRACE VirtualDom::wait_for_work:VirtualDom::process_events: dioxus_core::virtual_dom: Marking task Task { id: 0, unsend: PhantomData<*const ()> } (spawned in ScopeId(3)) as dirty (called from Location { file: "packages/core/src/virtual_dom.rs", line: 505, col: 58 })
2024-06-04T16:00:37.816277Z  INFO VirtualDom::wait_for_work:VirtualDom::process_events:VirtualDom::poll_tasks: dioxus_core::tasks: Polling task Task { id: 0, unsend: PhantomData<*const ()> }
2024-06-04T16:00:37.816349Z  INFO VirtualDom::wait_for_work:VirtualDom::process_events:VirtualDom::poll_tasks: dioxus_core::tasks: Task Task { id: 0, unsend: PhantomData<*const ()> } finished with result Pending
2024-06-04T16:00:37.816373Z TRACE VirtualDom::wait_for_work:VirtualDom::process_events:VirtualDom::poll_tasks: dioxus_core::virtual_dom: Marking scope ScopeId(3, "Doggo") as dirty
2024-06-04T16:00:37.816516Z TRACE VirtualDom::render_immediate:render{scope=Doggo}: dioxus_signals::signal: Subscribing to the reactive context ReactiveContext(for scope: ScopeId(3, "Doggo"))
2024-06-04T16:00:37.816561Z TRACE VirtualDom::render_immediate:render{scope=Doggo}: dioxus_signals::signal: Subscribing to the reactive context ReactiveContext(for scope: ScopeId(3, "Doggo"))
2024-06-04T16:00:37.816596Z TRACE VirtualDom::render_immediate:render{scope=Doggo}: dioxus_core::scope_context: looking for context dioxus_core::suspense::SuspenseContext (TypeId { t: (4533244013398082440, 10897659798729036060) }) in Doggo
2024-06-04T16:00:37.816613Z TRACE VirtualDom::render_immediate:render{scope=Doggo}: dioxus_core::scope_context: looking for context dioxus_core::suspense::SuspenseContext (TypeId { t: (4533244013398082440, 10897659798729036060) }) in FrozenContext
2024-06-04T16:00:37.816627Z TRACE VirtualDom::render_immediate:render{scope=Doggo}: dioxus_core::scope_context: found context TypeId { t: (9286496122914249738, 8586425926625933774) }
2024-06-04T16:00:37.816640Z TRACE VirtualDom::render_immediate:render{scope=Doggo}: dioxus_core::scope_context: looking for context dioxus_core::suspense::SuspenseContext (TypeId { t: (4533244013398082440, 10897659798729036060) }) in SuspenseBoundary
2024-06-04T16:00:37.816652Z TRACE VirtualDom::render_immediate:render{scope=Doggo}: dioxus_core::scope_context: found context TypeId { t: (4533244013398082440, 10897659798729036060) }
2024-06-04T16:00:37.837175Z TRACE VirtualDom::wait_for_work:VirtualDom::process_events: dioxus_core::virtual_dom: Marking task Task { id: 6, unsend: PhantomData<*const ()> } (spawned in ScopeId(5)) as dirty (called from Location { file: "packages/core/src/virtual_dom.rs", line: 505, col: 58 })
2024-06-04T16:00:37.837252Z  INFO VirtualDom::wait_for_work:VirtualDom::process_events:VirtualDom::poll_tasks: dioxus_core::tasks: Polling task Task { id: 6, unsend: PhantomData<*const ()> }
2024-06-04T16:00:37.837308Z TRACE VirtualDom::wait_for_work:VirtualDom::process_events:VirtualDom::poll_tasks: dioxus_signals::signal: Write on signal at examples/suspense.rs:122:19 finished, updating subscribers
2024-06-04T16:00:37.837340Z TRACE VirtualDom::wait_for_work:VirtualDom::process_events:VirtualDom::poll_tasks: dioxus_signals::reactive_context: Marking reactive context created at packages/signals/src/reactive_context.rs:117:13 as dirty
2024-06-04T16:00:37.837356Z TRACE VirtualDom::wait_for_work:VirtualDom::process_events:VirtualDom::poll_tasks: dioxus_signals::reactive_context: Marking scope ScopeId(5, "LoadingDots") as dirty
2024-06-04T16:00:37.837395Z  INFO VirtualDom::wait_for_work:VirtualDom::process_events:VirtualDom::poll_tasks: dioxus_core::tasks: Task Task { id: 6, unsend: PhantomData<*const ()> } finished with result Pending
2024-06-04T16:00:37.837412Z TRACE VirtualDom::wait_for_work:VirtualDom::process_events:VirtualDom::poll_tasks: dioxus_core::virtual_dom: Marking scope ScopeId(5, "LoadingDots") as dirty
2024-06-04T16:00:37.837522Z TRACE VirtualDom::render_immediate:render{scope=LoadingDots}: dioxus_signals::signal: Subscribing to the reactive context ReactiveContext(for scope: ScopeId(5, "LoadingDots"))
2024-06-04T16:00:37.837558Z TRACE VirtualDom::render_immediate: dioxus_core::scope_context: looking for context dioxus_core::suspense::FrozenContext (TypeId { t: (9286496122914249738, 8586425926625933774) }) in LoadingDots
2024-06-04T16:00:37.837572Z TRACE VirtualDom::render_immediate: dioxus_core::scope_context: looking for context dioxus_core::suspense::FrozenContext (TypeId { t: (9286496122914249738, 8586425926625933774) }) in SuspenseBoundary
2024-06-04T16:00:37.837583Z TRACE VirtualDom::render_immediate: dioxus_core::scope_context: found context TypeId { t: (4533244013398082440, 10897659798729036060) }
2024-06-04T16:00:37.837593Z TRACE VirtualDom::render_immediate: dioxus_core::scope_context: looking for context dioxus_core::suspense::FrozenContext (TypeId { t: (9286496122914249738, 8586425926625933774) }) in app
2024-06-04T16:00:37.837603Z TRACE VirtualDom::render_immediate: dioxus_core::scope_context: found context TypeId { t: (3582638416876954437, 3810890675802792692) }
2024-06-04T16:00:37.837614Z TRACE VirtualDom::render_immediate: dioxus_core::scope_context: found context TypeId { t: (7946844621057603534, 4355211565432133561) }
2024-06-04T16:00:37.837623Z TRACE VirtualDom::render_immediate: dioxus_core::scope_context: found context TypeId { t: (10682502755203913650, 15985576721215419306) }
2024-06-04T16:00:37.837634Z TRACE VirtualDom::render_immediate: dioxus_core::scope_context: context dioxus_core::suspense::FrozenContext (TypeId { t: (9286496122914249738, 8586425926625933774) }) not found
2024-06-04T16:00:37.837662Z TRACE VirtualDom::render_immediate: dioxus_core::diff::node: moving mount self=VNode { vnode: VNodeInner { key: None, template: Cell { value: Template { name: "examples/suspense.rs:127:5:4128", roots: [Dynamic { id: 0 }], node_paths: [[0]], attr_paths: [] } }, dynamic_nodes: [Text(VText { value: "" })], dynamic_attrs: [] }, mount: Cell { value: MountId(7) } } new=VNode { vnode: VNodeInner { key: None, template: Cell { value: Template { name: "examples/suspense.rs:127:5:4128", roots: [Dynamic { id: 0 }], node_paths: [[0]], attr_paths: [] } }, dynamic_nodes: [Text(VText { value: "." })], dynamic_attrs: [] }, mount: Cell { value: MountId(7) } }
2024-06-04T16:00:37.837693Z TRACE VirtualDom::render_immediate: dioxus_core::diff::node: mount id: MountId(7)
2024-06-04T16:00:37.837703Z TRACE VirtualDom::render_immediate: dioxus_core::diff::node: mounts: Slab { len: 8, cap: 8 }
2024-06-04T16:00:37.869912Z TRACE VirtualDom::wait_for_work:VirtualDom::process_events: dioxus_core::virtual_dom: Marking task Task { id: 3, unsend: PhantomData<*const ()> } (spawned in ScopeId(4)) as dirty (called from Location { file: "packages/core/src/virtual_dom.rs", line: 505, col: 58 })
2024-06-04T16:00:37.869994Z  INFO VirtualDom::wait_for_work:VirtualDom::process_events:VirtualDom::poll_tasks: dioxus_core::tasks: Polling task Task { id: 3, unsend: PhantomData<*const ()> }
2024-06-04T16:00:37.870051Z  INFO VirtualDom::wait_for_work:VirtualDom::process_events:VirtualDom::poll_tasks: dioxus_core::tasks: Task Task { id: 3, unsend: PhantomData<*const ()> } finished with result Pending
2024-06-04T16:00:37.870071Z TRACE VirtualDom::wait_for_work:VirtualDom::process_events:VirtualDom::poll_tasks: dioxus_core::virtual_dom: Marking scope ScopeId(4, "Doggo") as dirty
2024-06-04T16:00:37.870185Z TRACE VirtualDom::render_immediate:render{scope=Doggo}: dioxus_signals::signal: Subscribing to the reactive context ReactiveContext(for scope: ScopeId(4, "Doggo"))
2024-06-04T16:00:37.870217Z TRACE VirtualDom::render_immediate:render{scope=Doggo}: dioxus_signals::signal: Subscribing to the reactive context ReactiveContext(for scope: ScopeId(4, "Doggo"))
2024-06-04T16:00:37.870242Z TRACE VirtualDom::render_immediate:render{scope=Doggo}: dioxus_core::scope_context: looking for context dioxus_core::suspense::SuspenseContext (TypeId { t: (4533244013398082440, 10897659798729036060) }) in Doggo
2024-06-04T16:00:37.870259Z TRACE VirtualDom::render_immediate:render{scope=Doggo}: dioxus_core::scope_context: looking for context dioxus_core::suspense::SuspenseContext (TypeId { t: (4533244013398082440, 10897659798729036060) }) in FrozenContext
2024-06-04T16:00:37.870273Z TRACE VirtualDom::render_immediate:render{scope=Doggo}: dioxus_core::scope_context: found context TypeId { t: (9286496122914249738, 8586425926625933774) }
2024-06-04T16:00:37.870288Z TRACE VirtualDom::render_immediate:render{scope=Doggo}: dioxus_core::scope_context: looking for context dioxus_core::suspense::SuspenseContext (TypeId { t: (4533244013398082440, 10897659798729036060) }) in SuspenseBoundary
2024-06-04T16:00:37.870302Z TRACE VirtualDom::render_immediate:render{scope=Doggo}: dioxus_core::scope_context: found context TypeId { t: (4533244013398082440, 10897659798729036060) }
2024-06-04T16:00:37.918352Z TRACE VirtualDom::wait_for_work:VirtualDom::process_events: dioxus_core::virtual_dom: Marking task Task { id: 0, unsend: PhantomData<*const ()> } (spawned in ScopeId(3)) as dirty (called from Location { file: "packages/core/src/virtual_dom.rs", line: 505, col: 58 })
2024-06-04T16:00:37.918465Z  INFO VirtualDom::wait_for_work:VirtualDom::process_events:VirtualDom::poll_tasks: dioxus_core::tasks: Polling task Task { id: 0, unsend: PhantomData<*const ()> }
2024-06-04T16:00:37.918532Z  INFO VirtualDom::wait_for_work:VirtualDom::process_events:VirtualDom::poll_tasks: dioxus_core::tasks: Task Task { id: 0, unsend: PhantomData<*const ()> } finished with result Pending
2024-06-04T16:00:37.918559Z TRACE VirtualDom::wait_for_work:VirtualDom::process_events:VirtualDom::poll_tasks: dioxus_core::virtual_dom: Marking scope ScopeId(3, "Doggo") as dirty
2024-06-04T16:00:37.918667Z TRACE VirtualDom::render_immediate:render{scope=Doggo}: dioxus_signals::signal: Subscribing to the reactive context ReactiveContext(for scope: ScopeId(3, "Doggo"))
2024-06-04T16:00:37.918720Z TRACE VirtualDom::render_immediate:render{scope=Doggo}: dioxus_signals::signal: Subscribing to the reactive context ReactiveContext(for scope: ScopeId(3, "Doggo"))
2024-06-04T16:00:37.918746Z TRACE VirtualDom::render_immediate:render{scope=Doggo}: dioxus_core::scope_context: looking for context dioxus_core::suspense::SuspenseContext (TypeId { t: (4533244013398082440, 10897659798729036060) }) in Doggo
2024-06-04T16:00:37.918764Z TRACE VirtualDom::render_immediate:render{scope=Doggo}: dioxus_core::scope_context: looking for context dioxus_core::suspense::SuspenseContext (TypeId { t: (4533244013398082440, 10897659798729036060) }) in FrozenContext
2024-06-04T16:00:37.918779Z TRACE VirtualDom::render_immediate:render{scope=Doggo}: dioxus_core::scope_context: found context TypeId { t: (9286496122914249738, 8586425926625933774) }
2024-06-04T16:00:37.918793Z TRACE VirtualDom::render_immediate:render{scope=Doggo}: dioxus_core::scope_context: looking for context dioxus_core::suspense::SuspenseContext (TypeId { t: (4533244013398082440, 10897659798729036060) }) in SuspenseBoundary
2024-06-04T16:00:37.918806Z TRACE VirtualDom::render_immediate:render{scope=Doggo}: dioxus_core::scope_context: found context TypeId { t: (4533244013398082440, 10897659798729036060) }
2024-06-04T16:00:37.972435Z TRACE VirtualDom::wait_for_work:VirtualDom::process_events: dioxus_core::virtual_dom: Marking task Task { id: 3, unsend: PhantomData<*const ()> } (spawned in ScopeId(4)) as dirty (called from Location { file: "packages/core/src/virtual_dom.rs", line: 505, col: 58 })
2024-06-04T16:00:37.972563Z  INFO VirtualDom::wait_for_work:VirtualDom::process_events:VirtualDom::poll_tasks: dioxus_core::tasks: Polling task Task { id: 3, unsend: PhantomData<*const ()> }
2024-06-04T16:00:37.972622Z  INFO VirtualDom::wait_for_work:VirtualDom::process_events:VirtualDom::poll_tasks: dioxus_core::tasks: Task Task { id: 3, unsend: PhantomData<*const ()> } finished with result Pending
2024-06-04T16:00:37.972656Z TRACE VirtualDom::wait_for_work:VirtualDom::process_events:VirtualDom::poll_tasks: dioxus_core::virtual_dom: Marking scope ScopeId(4, "Doggo") as dirty
2024-06-04T16:00:37.972768Z TRACE VirtualDom::render_immediate:render{scope=Doggo}: dioxus_signals::signal: Subscribing to the reactive context ReactiveContext(for scope: ScopeId(4, "Doggo"))
2024-06-04T16:00:37.972809Z TRACE VirtualDom::render_immediate:render{scope=Doggo}: dioxus_signals::signal: Subscribing to the reactive context ReactiveContext(for scope: ScopeId(4, "Doggo"))
2024-06-04T16:00:37.972839Z TRACE VirtualDom::render_immediate:render{scope=Doggo}: dioxus_core::scope_context: looking for context dioxus_core::suspense::SuspenseContext (TypeId { t: (4533244013398082440, 10897659798729036060) }) in Doggo
2024-06-04T16:00:37.972859Z TRACE VirtualDom::render_immediate:render{scope=Doggo}: dioxus_core::scope_context: looking for context dioxus_core::suspense::SuspenseContext (TypeId { t: (4533244013398082440, 10897659798729036060) }) in FrozenContext
2024-06-04T16:00:37.972876Z TRACE VirtualDom::render_immediate:render{scope=Doggo}: dioxus_core::scope_context: found context TypeId { t: (9286496122914249738, 8586425926625933774) }
2024-06-04T16:00:37.972898Z TRACE VirtualDom::render_immediate:render{scope=Doggo}: dioxus_core::scope_context: looking for context dioxus_core::suspense::SuspenseContext (TypeId { t: (4533244013398082440, 10897659798729036060) }) in SuspenseBoundary
2024-06-04T16:00:37.972921Z TRACE VirtualDom::render_immediate:render{scope=Doggo}: dioxus_core::scope_context: found context TypeId { t: (4533244013398082440, 10897659798729036060) }
2024-06-04T16:00:38.020475Z TRACE VirtualDom::wait_for_work:VirtualDom::process_events: dioxus_core::virtual_dom: Marking task Task { id: 0, unsend: PhantomData<*const ()> } (spawned in ScopeId(3)) as dirty (called from Location { file: "packages/core/src/virtual_dom.rs", line: 505, col: 58 })
2024-06-04T16:00:38.020544Z  INFO VirtualDom::wait_for_work:VirtualDom::process_events:VirtualDom::poll_tasks: dioxus_core::tasks: Polling task Task { id: 0, unsend: PhantomData<*const ()> }
2024-06-04T16:00:38.020591Z  INFO VirtualDom::wait_for_work:VirtualDom::process_events:VirtualDom::poll_tasks: dioxus_core::tasks: Task Task { id: 0, unsend: PhantomData<*const ()> } finished with result Pending
2024-06-04T16:00:38.020609Z TRACE VirtualDom::wait_for_work:VirtualDom::process_events:VirtualDom::poll_tasks: dioxus_core::virtual_dom: Marking scope ScopeId(3, "Doggo") as dirty
2024-06-04T16:00:38.020704Z TRACE VirtualDom::render_immediate:render{scope=Doggo}: dioxus_signals::signal: Subscribing to the reactive context ReactiveContext(for scope: ScopeId(3, "Doggo"))
2024-06-04T16:00:38.020734Z TRACE VirtualDom::render_immediate:render{scope=Doggo}: dioxus_signals::signal: Subscribing to the reactive context ReactiveContext(for scope: ScopeId(3, "Doggo"))
2024-06-04T16:00:38.020760Z TRACE VirtualDom::render_immediate:render{scope=Doggo}: dioxus_core::scope_context: looking for context dioxus_core::suspense::SuspenseContext (TypeId { t: (4533244013398082440, 10897659798729036060) }) in Doggo
2024-06-04T16:00:38.020776Z TRACE VirtualDom::render_immediate:render{scope=Doggo}: dioxus_core::scope_context: looking for context dioxus_core::suspense::SuspenseContext (TypeId { t: (4533244013398082440, 10897659798729036060) }) in FrozenContext
2024-06-04T16:00:38.020788Z TRACE VirtualDom::render_immediate:render{scope=Doggo}: dioxus_core::scope_context: found context TypeId { t: (9286496122914249738, 8586425926625933774) }
2024-06-04T16:00:38.020799Z TRACE VirtualDom::render_immediate:render{scope=Doggo}: dioxus_core::scope_context: looking for context dioxus_core::suspense::SuspenseContext (TypeId { t: (4533244013398082440, 10897659798729036060) }) in SuspenseBoundary
2024-06-04T16:00:38.020811Z TRACE VirtualDom::render_immediate:render{scope=Doggo}: dioxus_core::scope_context: found context TypeId { t: (4533244013398082440, 10897659798729036060) }
2024-06-04T16:00:38.039523Z TRACE VirtualDom::wait_for_work:VirtualDom::process_events: dioxus_core::virtual_dom: Marking task Task { id: 6, unsend: PhantomData<*const ()> } (spawned in ScopeId(5)) as dirty (called from Location { file: "packages/core/src/virtual_dom.rs", line: 505, col: 58 })
2024-06-04T16:00:38.039594Z  INFO VirtualDom::wait_for_work:VirtualDom::process_events:VirtualDom::poll_tasks: dioxus_core::tasks: Polling task Task { id: 6, unsend: PhantomData<*const ()> }
2024-06-04T16:00:38.039639Z TRACE VirtualDom::wait_for_work:VirtualDom::process_events:VirtualDom::poll_tasks: dioxus_signals::signal: Write on signal at examples/suspense.rs:122:19 finished, updating subscribers
2024-06-04T16:00:38.039665Z TRACE VirtualDom::wait_for_work:VirtualDom::process_events:VirtualDom::poll_tasks: dioxus_signals::reactive_context: Marking reactive context created at packages/signals/src/reactive_context.rs:117:13 as dirty
2024-06-04T16:00:38.039680Z TRACE VirtualDom::wait_for_work:VirtualDom::process_events:VirtualDom::poll_tasks: dioxus_signals::reactive_context: Marking scope ScopeId(5, "LoadingDots") as dirty
2024-06-04T16:00:38.039710Z  INFO VirtualDom::wait_for_work:VirtualDom::process_events:VirtualDom::poll_tasks: dioxus_core::tasks: Task Task { id: 6, unsend: PhantomData<*const ()> } finished with result Pending
2024-06-04T16:00:38.039727Z TRACE VirtualDom::wait_for_work:VirtualDom::process_events:VirtualDom::poll_tasks: dioxus_core::virtual_dom: Marking scope ScopeId(5, "LoadingDots") as dirty
2024-06-04T16:00:38.039820Z TRACE VirtualDom::render_immediate:render{scope=LoadingDots}: dioxus_signals::signal: Subscribing to the reactive context ReactiveContext(for scope: ScopeId(5, "LoadingDots"))
2024-06-04T16:00:38.039856Z TRACE VirtualDom::render_immediate: dioxus_core::scope_context: looking for context dioxus_core::suspense::FrozenContext (TypeId { t: (9286496122914249738, 8586425926625933774) }) in LoadingDots
2024-06-04T16:00:38.039871Z TRACE VirtualDom::render_immediate: dioxus_core::scope_context: looking for context dioxus_core::suspense::FrozenContext (TypeId { t: (9286496122914249738, 8586425926625933774) }) in SuspenseBoundary
2024-06-04T16:00:38.039882Z TRACE VirtualDom::render_immediate: dioxus_core::scope_context: found context TypeId { t: (4533244013398082440, 10897659798729036060) }
2024-06-04T16:00:38.039891Z TRACE VirtualDom::render_immediate: dioxus_core::scope_context: looking for context dioxus_core::suspense::FrozenContext (TypeId { t: (9286496122914249738, 8586425926625933774) }) in app
2024-06-04T16:00:38.039901Z TRACE VirtualDom::render_immediate: dioxus_core::scope_context: found context TypeId { t: (3582638416876954437, 3810890675802792692) }
2024-06-04T16:00:38.039911Z TRACE VirtualDom::render_immediate: dioxus_core::scope_context: found context TypeId { t: (7946844621057603534, 4355211565432133561) }
2024-06-04T16:00:38.039920Z TRACE VirtualDom::render_immediate: dioxus_core::scope_context: found context TypeId { t: (10682502755203913650, 15985576721215419306) }
2024-06-04T16:00:38.039929Z TRACE VirtualDom::render_immediate: dioxus_core::scope_context: context dioxus_core::suspense::FrozenContext (TypeId { t: (9286496122914249738, 8586425926625933774) }) not found
2024-06-04T16:00:38.039949Z TRACE VirtualDom::render_immediate: dioxus_core::diff::node: moving mount self=VNode { vnode: VNodeInner { key: None, template: Cell { value: Template { name: "examples/suspense.rs:127:5:4128", roots: [Dynamic { id: 0 }], node_paths: [[0]], attr_paths: [] } }, dynamic_nodes: [Text(VText { value: "." })], dynamic_attrs: [] }, mount: Cell { value: MountId(7) } } new=VNode { vnode: VNodeInner { key: None, template: Cell { value: Template { name: "examples/suspense.rs:127:5:4128", roots: [Dynamic { id: 0 }], node_paths: [[0]], attr_paths: [] } }, dynamic_nodes: [Text(VText { value: ".." })], dynamic_attrs: [] }, mount: Cell { value: MountId(7) } }
2024-06-04T16:00:38.039978Z TRACE VirtualDom::render_immediate: dioxus_core::diff::node: mount id: MountId(7)
2024-06-04T16:00:38.039987Z TRACE VirtualDom::render_immediate: dioxus_core::diff::node: mounts: Slab { len: 8, cap: 8 }
2024-06-04T16:00:38.074447Z TRACE VirtualDom::wait_for_work:VirtualDom::process_events: dioxus_core::virtual_dom: Marking task Task { id: 3, unsend: PhantomData<*const ()> } (spawned in ScopeId(4)) as dirty (called from Location { file: "packages/core/src/virtual_dom.rs", line: 505, col: 58 })
2024-06-04T16:00:38.074544Z  INFO VirtualDom::wait_for_work:VirtualDom::process_events:VirtualDom::poll_tasks: dioxus_core::tasks: Polling task Task { id: 3, unsend: PhantomData<*const ()> }
2024-06-04T16:00:38.074626Z  INFO VirtualDom::wait_for_work:VirtualDom::process_events:VirtualDom::poll_tasks: dioxus_core::tasks: Task Task { id: 3, unsend: PhantomData<*const ()> } finished with result Pending
2024-06-04T16:00:38.074650Z TRACE VirtualDom::wait_for_work:VirtualDom::process_events:VirtualDom::poll_tasks: dioxus_core::virtual_dom: Marking scope ScopeId(4, "Doggo") as dirty
2024-06-04T16:00:38.074775Z TRACE VirtualDom::render_immediate:render{scope=Doggo}: dioxus_signals::signal: Subscribing to the reactive context ReactiveContext(for scope: ScopeId(4, "Doggo"))
2024-06-04T16:00:38.074811Z TRACE VirtualDom::render_immediate:render{scope=Doggo}: dioxus_signals::signal: Subscribing to the reactive context ReactiveContext(for scope: ScopeId(4, "Doggo"))
2024-06-04T16:00:38.074836Z TRACE VirtualDom::render_immediate:render{scope=Doggo}: dioxus_core::scope_context: looking for context dioxus_core::suspense::SuspenseContext (TypeId { t: (4533244013398082440, 10897659798729036060) }) in Doggo
2024-06-04T16:00:38.074855Z TRACE VirtualDom::render_immediate:render{scope=Doggo}: dioxus_core::scope_context: looking for context dioxus_core::suspense::SuspenseContext (TypeId { t: (4533244013398082440, 10897659798729036060) }) in FrozenContext
2024-06-04T16:00:38.074867Z TRACE VirtualDom::render_immediate:render{scope=Doggo}: dioxus_core::scope_context: found context TypeId { t: (9286496122914249738, 8586425926625933774) }
2024-06-04T16:00:38.074878Z TRACE VirtualDom::render_immediate:render{scope=Doggo}: dioxus_core::scope_context: looking for context dioxus_core::suspense::SuspenseContext (TypeId { t: (4533244013398082440, 10897659798729036060) }) in SuspenseBoundary
2024-06-04T16:00:38.074889Z TRACE VirtualDom::render_immediate:render{scope=Doggo}: dioxus_core::scope_context: found context TypeId { t: (4533244013398082440, 10897659798729036060) }
2024-06-04T16:00:38.122482Z TRACE VirtualDom::wait_for_work:VirtualDom::process_events: dioxus_core::virtual_dom: Marking task Task { id: 0, unsend: PhantomData<*const ()> } (spawned in ScopeId(3)) as dirty (called from Location { file: "packages/core/src/virtual_dom.rs", line: 505, col: 58 })
2024-06-04T16:00:38.122563Z  INFO VirtualDom::wait_for_work:VirtualDom::process_events:VirtualDom::poll_tasks: dioxus_core::tasks: Polling task Task { id: 0, unsend: PhantomData<*const ()> }
2024-06-04T16:00:38.122626Z  INFO VirtualDom::wait_for_work:VirtualDom::process_events:VirtualDom::poll_tasks: dioxus_core::tasks: Task Task { id: 0, unsend: PhantomData<*const ()> } finished with result Pending
2024-06-04T16:00:38.122654Z TRACE VirtualDom::wait_for_work:VirtualDom::process_events:VirtualDom::poll_tasks: dioxus_core::virtual_dom: Marking scope ScopeId(3, "Doggo") as dirty
2024-06-04T16:00:38.122791Z TRACE VirtualDom::render_immediate:render{scope=Doggo}: dioxus_signals::signal: Subscribing to the reactive context ReactiveContext(for scope: ScopeId(3, "Doggo"))
2024-06-04T16:00:38.122830Z TRACE VirtualDom::render_immediate:render{scope=Doggo}: dioxus_signals::signal: Subscribing to the reactive context ReactiveContext(for scope: ScopeId(3, "Doggo"))
2024-06-04T16:00:38.122853Z TRACE VirtualDom::render_immediate:render{scope=Doggo}: dioxus_core::scope_context: looking for context dioxus_core::suspense::SuspenseContext (TypeId { t: (4533244013398082440, 10897659798729036060) }) in Doggo
2024-06-04T16:00:38.122868Z TRACE VirtualDom::render_immediate:render{scope=Doggo}: dioxus_core::scope_context: looking for context dioxus_core::suspense::SuspenseContext (TypeId { t: (4533244013398082440, 10897659798729036060) }) in FrozenContext
2024-06-04T16:00:38.122880Z TRACE VirtualDom::render_immediate:render{scope=Doggo}: dioxus_core::scope_context: found context TypeId { t: (9286496122914249738, 8586425926625933774) }
2024-06-04T16:00:38.122895Z TRACE VirtualDom::render_immediate:render{scope=Doggo}: dioxus_core::scope_context: looking for context dioxus_core::suspense::SuspenseContext (TypeId { t: (4533244013398082440, 10897659798729036060) }) in SuspenseBoundary
2024-06-04T16:00:38.122907Z TRACE VirtualDom::render_immediate:render{scope=Doggo}: dioxus_core::scope_context: found context TypeId { t: (4533244013398082440, 10897659798729036060) }
2024-06-04T16:00:38.176242Z TRACE VirtualDom::wait_for_work:VirtualDom::process_events: dioxus_core::virtual_dom: Marking task Task { id: 3, unsend: PhantomData<*const ()> } (spawned in ScopeId(4)) as dirty (called from Location { file: "packages/core/src/virtual_dom.rs", line: 505, col: 58 })
2024-06-04T16:00:38.176361Z  INFO VirtualDom::wait_for_work:VirtualDom::process_events:VirtualDom::poll_tasks: dioxus_core::tasks: Polling task Task { id: 3, unsend: PhantomData<*const ()> }
2024-06-04T16:00:38.176441Z  INFO VirtualDom::wait_for_work:VirtualDom::process_events:VirtualDom::poll_tasks: dioxus_core::tasks: Task Task { id: 3, unsend: PhantomData<*const ()> } finished with result Pending
2024-06-04T16:00:38.176463Z TRACE VirtualDom::wait_for_work:VirtualDom::process_events:VirtualDom::poll_tasks: dioxus_core::virtual_dom: Marking scope ScopeId(4, "Doggo") as dirty
2024-06-04T16:00:38.176574Z TRACE VirtualDom::render_immediate:render{scope=Doggo}: dioxus_signals::signal: Subscribing to the reactive context ReactiveContext(for scope: ScopeId(4, "Doggo"))
2024-06-04T16:00:38.176608Z TRACE VirtualDom::render_immediate:render{scope=Doggo}: dioxus_signals::signal: Subscribing to the reactive context ReactiveContext(for scope: ScopeId(4, "Doggo"))
2024-06-04T16:00:38.176635Z TRACE VirtualDom::render_immediate:render{scope=Doggo}: dioxus_core::scope_context: looking for context dioxus_core::suspense::SuspenseContext (TypeId { t: (4533244013398082440, 10897659798729036060) }) in Doggo
2024-06-04T16:00:38.176654Z TRACE VirtualDom::render_immediate:render{scope=Doggo}: dioxus_core::scope_context: looking for context dioxus_core::suspense::SuspenseContext (TypeId { t: (4533244013398082440, 10897659798729036060) }) in FrozenContext
2024-06-04T16:00:38.176666Z TRACE VirtualDom::render_immediate:render{scope=Doggo}: dioxus_core::scope_context: found context TypeId { t: (9286496122914249738, 8586425926625933774) }
2024-06-04T16:00:38.176677Z TRACE VirtualDom::render_immediate:render{scope=Doggo}: dioxus_core::scope_context: looking for context dioxus_core::suspense::SuspenseContext (TypeId { t: (4533244013398082440, 10897659798729036060) }) in SuspenseBoundary
2024-06-04T16:00:38.176688Z TRACE VirtualDom::render_immediate:render{scope=Doggo}: dioxus_core::scope_context: found context TypeId { t: (4533244013398082440, 10897659798729036060) }
2024-06-04T16:00:38.224285Z TRACE VirtualDom::wait_for_work:VirtualDom::process_events: dioxus_core::virtual_dom: Marking task Task { id: 0, unsend: PhantomData<*const ()> } (spawned in ScopeId(3)) as dirty (called from Location { file: "packages/core/src/virtual_dom.rs", line: 505, col: 58 })
2024-06-04T16:00:38.224345Z  INFO VirtualDom::wait_for_work:VirtualDom::process_events:VirtualDom::poll_tasks: dioxus_core::tasks: Polling task Task { id: 0, unsend: PhantomData<*const ()> }
2024-06-04T16:00:38.224388Z  INFO VirtualDom::wait_for_work:VirtualDom::process_events:VirtualDom::poll_tasks: dioxus_core::tasks: Task Task { id: 0, unsend: PhantomData<*const ()> } finished with result Pending
2024-06-04T16:00:38.224407Z TRACE VirtualDom::wait_for_work:VirtualDom::process_events:VirtualDom::poll_tasks: dioxus_core::virtual_dom: Marking scope ScopeId(3, "Doggo") as dirty
2024-06-04T16:00:38.224492Z TRACE VirtualDom::render_immediate:render{scope=Doggo}: dioxus_signals::signal: Subscribing to the reactive context ReactiveContext(for scope: ScopeId(3, "Doggo"))
2024-06-04T16:00:38.224517Z TRACE VirtualDom::render_immediate:render{scope=Doggo}: dioxus_signals::signal: Subscribing to the reactive context ReactiveContext(for scope: ScopeId(3, "Doggo"))
2024-06-04T16:00:38.224538Z TRACE VirtualDom::render_immediate:render{scope=Doggo}: dioxus_core::scope_context: looking for context dioxus_core::suspense::SuspenseContext (TypeId { t: (4533244013398082440, 10897659798729036060) }) in Doggo
2024-06-04T16:00:38.224553Z TRACE VirtualDom::render_immediate:render{scope=Doggo}: dioxus_core::scope_context: looking for context dioxus_core::suspense::SuspenseContext (TypeId { t: (4533244013398082440, 10897659798729036060) }) in FrozenContext
2024-06-04T16:00:38.224564Z TRACE VirtualDom::render_immediate:render{scope=Doggo}: dioxus_core::scope_context: found context TypeId { t: (9286496122914249738, 8586425926625933774) }
2024-06-04T16:00:38.224576Z TRACE VirtualDom::render_immediate:render{scope=Doggo}: dioxus_core::scope_context: looking for context dioxus_core::suspense::SuspenseContext (TypeId { t: (4533244013398082440, 10897659798729036060) }) in SuspenseBoundary
2024-06-04T16:00:38.224587Z TRACE VirtualDom::render_immediate:render{scope=Doggo}: dioxus_core::scope_context: found context TypeId { t: (4533244013398082440, 10897659798729036060) }
2024-06-04T16:00:38.257670Z TRACE VirtualDom::wait_for_work:VirtualDom::process_events: dioxus_core::virtual_dom: Marking task Task { id: 6, unsend: PhantomData<*const ()> } (spawned in ScopeId(5)) as dirty (called from Location { file: "packages/core/src/virtual_dom.rs", line: 505, col: 58 })
2024-06-04T16:00:38.257744Z  INFO VirtualDom::wait_for_work:VirtualDom::process_events:VirtualDom::poll_tasks: dioxus_core::tasks: Polling task Task { id: 6, unsend: PhantomData<*const ()> }
2024-06-04T16:00:38.257792Z TRACE VirtualDom::wait_for_work:VirtualDom::process_events:VirtualDom::poll_tasks: dioxus_signals::signal: Write on signal at examples/suspense.rs:122:19 finished, updating subscribers
2024-06-04T16:00:38.257819Z TRACE VirtualDom::wait_for_work:VirtualDom::process_events:VirtualDom::poll_tasks: dioxus_signals::reactive_context: Marking reactive context created at packages/signals/src/reactive_context.rs:117:13 as dirty
2024-06-04T16:00:38.257835Z TRACE VirtualDom::wait_for_work:VirtualDom::process_events:VirtualDom::poll_tasks: dioxus_signals::reactive_context: Marking scope ScopeId(5, "LoadingDots") as dirty
2024-06-04T16:00:38.257866Z  INFO VirtualDom::wait_for_work:VirtualDom::process_events:VirtualDom::poll_tasks: dioxus_core::tasks: Task Task { id: 6, unsend: PhantomData<*const ()> } finished with result Pending
2024-06-04T16:00:38.257884Z TRACE VirtualDom::wait_for_work:VirtualDom::process_events:VirtualDom::poll_tasks: dioxus_core::virtual_dom: Marking scope ScopeId(5, "LoadingDots") as dirty
2024-06-04T16:00:38.257974Z TRACE VirtualDom::render_immediate:render{scope=LoadingDots}: dioxus_signals::signal: Subscribing to the reactive context ReactiveContext(for scope: ScopeId(5, "LoadingDots"))
2024-06-04T16:00:38.258008Z TRACE VirtualDom::render_immediate: dioxus_core::scope_context: looking for context dioxus_core::suspense::FrozenContext (TypeId { t: (9286496122914249738, 8586425926625933774) }) in LoadingDots
2024-06-04T16:00:38.258023Z TRACE VirtualDom::render_immediate: dioxus_core::scope_context: looking for context dioxus_core::suspense::FrozenContext (TypeId { t: (9286496122914249738, 8586425926625933774) }) in SuspenseBoundary
2024-06-04T16:00:38.258034Z TRACE VirtualDom::render_immediate: dioxus_core::scope_context: found context TypeId { t: (4533244013398082440, 10897659798729036060) }
2024-06-04T16:00:38.258047Z TRACE VirtualDom::render_immediate: dioxus_core::scope_context: looking for context dioxus_core::suspense::FrozenContext (TypeId { t: (9286496122914249738, 8586425926625933774) }) in app
2024-06-04T16:00:38.258057Z TRACE VirtualDom::render_immediate: dioxus_core::scope_context: found context TypeId { t: (3582638416876954437, 3810890675802792692) }
2024-06-04T16:00:38.258067Z TRACE VirtualDom::render_immediate: dioxus_core::scope_context: found context TypeId { t: (7946844621057603534, 4355211565432133561) }
2024-06-04T16:00:38.258076Z TRACE VirtualDom::render_immediate: dioxus_core::scope_context: found context TypeId { t: (10682502755203913650, 15985576721215419306) }
2024-06-04T16:00:38.258087Z TRACE VirtualDom::render_immediate: dioxus_core::scope_context: context dioxus_core::suspense::FrozenContext (TypeId { t: (9286496122914249738, 8586425926625933774) }) not found
2024-06-04T16:00:38.258109Z TRACE VirtualDom::render_immediate: dioxus_core::diff::node: moving mount self=VNode { vnode: VNodeInner { key: None, template: Cell { value: Template { name: "examples/suspense.rs:127:5:4128", roots: [Dynamic { id: 0 }], node_paths: [[0]], attr_paths: [] } }, dynamic_nodes: [Text(VText { value: ".." })], dynamic_attrs: [] }, mount: Cell { value: MountId(7) } } new=VNode { vnode: VNodeInner { key: None, template: Cell { value: Template { name: "examples/suspense.rs:127:5:4128", roots: [Dynamic { id: 0 }], node_paths: [[0]], attr_paths: [] } }, dynamic_nodes: [Text(VText { value: "..." })], dynamic_attrs: [] }, mount: Cell { value: MountId(7) } }
2024-06-04T16:00:38.258137Z TRACE VirtualDom::render_immediate: dioxus_core::diff::node: mount id: MountId(7)
2024-06-04T16:00:38.258146Z TRACE VirtualDom::render_immediate: dioxus_core::diff::node: mounts: Slab { len: 8, cap: 8 }
2024-06-04T16:00:38.290678Z TRACE VirtualDom::wait_for_work:VirtualDom::process_events: dioxus_core::virtual_dom: Marking task Task { id: 3, unsend: PhantomData<*const ()> } (spawned in ScopeId(4)) as dirty (called from Location { file: "packages/core/src/virtual_dom.rs", line: 505, col: 58 })
2024-06-04T16:00:38.290715Z  INFO VirtualDom::wait_for_work:VirtualDom::process_events:VirtualDom::poll_tasks: dioxus_core::tasks: Polling task Task { id: 3, unsend: PhantomData<*const ()> }
2024-06-04T16:00:38.290751Z  INFO VirtualDom::wait_for_work:VirtualDom::process_events:VirtualDom::poll_tasks: dioxus_core::tasks: Task Task { id: 3, unsend: PhantomData<*const ()> } finished with result Pending
2024-06-04T16:00:38.290770Z TRACE VirtualDom::wait_for_work:VirtualDom::process_events:VirtualDom::poll_tasks: dioxus_core::virtual_dom: Marking scope ScopeId(4, "Doggo") as dirty
2024-06-04T16:00:38.290847Z TRACE VirtualDom::render_immediate:render{scope=Doggo}: dioxus_signals::signal: Subscribing to the reactive context ReactiveContext(for scope: ScopeId(4, "Doggo"))
2024-06-04T16:00:38.290871Z TRACE VirtualDom::render_immediate:render{scope=Doggo}: dioxus_signals::signal: Subscribing to the reactive context ReactiveContext(for scope: ScopeId(4, "Doggo"))
2024-06-04T16:00:38.290893Z TRACE VirtualDom::render_immediate:render{scope=Doggo}: dioxus_core::scope_context: looking for context dioxus_core::suspense::SuspenseContext (TypeId { t: (4533244013398082440, 10897659798729036060) }) in Doggo
2024-06-04T16:00:38.290910Z TRACE VirtualDom::render_immediate:render{scope=Doggo}: dioxus_core::scope_context: looking for context dioxus_core::suspense::SuspenseContext (TypeId { t: (4533244013398082440, 10897659798729036060) }) in FrozenContext
2024-06-04T16:00:38.290924Z TRACE VirtualDom::render_immediate:render{scope=Doggo}: dioxus_core::scope_context: found context TypeId { t: (9286496122914249738, 8586425926625933774) }
2024-06-04T16:00:38.290938Z TRACE VirtualDom::render_immediate:render{scope=Doggo}: dioxus_core::scope_context: looking for context dioxus_core::suspense::SuspenseContext (TypeId { t: (4533244013398082440, 10897659798729036060) }) in SuspenseBoundary
2024-06-04T16:00:38.290952Z TRACE VirtualDom::render_immediate:render{scope=Doggo}: dioxus_core::scope_context: found context TypeId { t: (4533244013398082440, 10897659798729036060) }
2024-06-04T16:00:38.325478Z TRACE VirtualDom::wait_for_work:VirtualDom::process_events: dioxus_core::virtual_dom: Marking task Task { id: 0, unsend: PhantomData<*const ()> } (spawned in ScopeId(3)) as dirty (called from Location { file: "packages/core/src/virtual_dom.rs", line: 505, col: 58 })
2024-06-04T16:00:38.325572Z  INFO VirtualDom::wait_for_work:VirtualDom::process_events:VirtualDom::poll_tasks: dioxus_core::tasks: Polling task Task { id: 0, unsend: PhantomData<*const ()> }
2024-06-04T16:00:38.325626Z  INFO VirtualDom::wait_for_work:VirtualDom::process_events:VirtualDom::poll_tasks: dioxus_core::tasks: Task Task { id: 0, unsend: PhantomData<*const ()> } finished with result Pending
2024-06-04T16:00:38.325651Z TRACE VirtualDom::wait_for_work:VirtualDom::process_events:VirtualDom::poll_tasks: dioxus_core::virtual_dom: Marking scope ScopeId(3, "Doggo") as dirty
2024-06-04T16:00:38.325759Z TRACE VirtualDom::render_immediate:render{scope=Doggo}: dioxus_signals::signal: Subscribing to the reactive context ReactiveContext(for scope: ScopeId(3, "Doggo"))
2024-06-04T16:00:38.325791Z TRACE VirtualDom::render_immediate:render{scope=Doggo}: dioxus_signals::signal: Subscribing to the reactive context ReactiveContext(for scope: ScopeId(3, "Doggo"))
2024-06-04T16:00:38.325818Z TRACE VirtualDom::render_immediate:render{scope=Doggo}: dioxus_core::scope_context: looking for context dioxus_core::suspense::SuspenseContext (TypeId { t: (4533244013398082440, 10897659798729036060) }) in Doggo
2024-06-04T16:00:38.325841Z TRACE VirtualDom::render_immediate:render{scope=Doggo}: dioxus_core::scope_context: looking for context dioxus_core::suspense::SuspenseContext (TypeId { t: (4533244013398082440, 10897659798729036060) }) in FrozenContext
2024-06-04T16:00:38.325857Z TRACE VirtualDom::render_immediate:render{scope=Doggo}: dioxus_core::scope_context: found context TypeId { t: (9286496122914249738, 8586425926625933774) }
2024-06-04T16:00:38.325873Z TRACE VirtualDom::render_immediate:render{scope=Doggo}: dioxus_core::scope_context: looking for context dioxus_core::suspense::SuspenseContext (TypeId { t: (4533244013398082440, 10897659798729036060) }) in SuspenseBoundary
2024-06-04T16:00:38.325889Z TRACE VirtualDom::render_immediate:render{scope=Doggo}: dioxus_core::scope_context: found context TypeId { t: (4533244013398082440, 10897659798729036060) }
2024-06-04T16:00:38.392314Z TRACE VirtualDom::wait_for_work:VirtualDom::process_events: dioxus_core::virtual_dom: Marking task Task { id: 3, unsend: PhantomData<*const ()> } (spawned in ScopeId(4)) as dirty (called from Location { file: "packages/core/src/virtual_dom.rs", line: 505, col: 58 })
2024-06-04T16:00:38.392381Z  INFO VirtualDom::wait_for_work:VirtualDom::process_events:VirtualDom::poll_tasks: dioxus_core::tasks: Polling task Task { id: 3, unsend: PhantomData<*const ()> }
2024-06-04T16:00:38.392434Z  INFO VirtualDom::wait_for_work:VirtualDom::process_events:VirtualDom::poll_tasks: dioxus_core::tasks: Task Task { id: 3, unsend: PhantomData<*const ()> } finished with result Pending
2024-06-04T16:00:38.392460Z TRACE VirtualDom::wait_for_work:VirtualDom::process_events:VirtualDom::poll_tasks: dioxus_core::virtual_dom: Marking scope ScopeId(4, "Doggo") as dirty
2024-06-04T16:00:38.392579Z TRACE VirtualDom::render_immediate:render{scope=Doggo}: dioxus_signals::signal: Subscribing to the reactive context ReactiveContext(for scope: ScopeId(4, "Doggo"))
2024-06-04T16:00:38.392613Z TRACE VirtualDom::render_immediate:render{scope=Doggo}: dioxus_signals::signal: Subscribing to the reactive context ReactiveContext(for scope: ScopeId(4, "Doggo"))
2024-06-04T16:00:38.392640Z TRACE VirtualDom::render_immediate:render{scope=Doggo}: dioxus_core::scope_context: looking for context dioxus_core::suspense::SuspenseContext (TypeId { t: (4533244013398082440, 10897659798729036060) }) in Doggo
2024-06-04T16:00:38.392662Z TRACE VirtualDom::render_immediate:render{scope=Doggo}: dioxus_core::scope_context: looking for context dioxus_core::suspense::SuspenseContext (TypeId { t: (4533244013398082440, 10897659798729036060) }) in FrozenContext
2024-06-04T16:00:38.392679Z TRACE VirtualDom::render_immediate:render{scope=Doggo}: dioxus_core::scope_context: found context TypeId { t: (9286496122914249738, 8586425926625933774) }
2024-06-04T16:00:38.392694Z TRACE VirtualDom::render_immediate:render{scope=Doggo}: dioxus_core::scope_context: looking for context dioxus_core::suspense::SuspenseContext (TypeId { t: (4533244013398082440, 10897659798729036060) }) in SuspenseBoundary
2024-06-04T16:00:38.392714Z TRACE VirtualDom::render_immediate:render{scope=Doggo}: dioxus_core::scope_context: found context TypeId { t: (4533244013398082440, 10897659798729036060) }
2024-06-04T16:00:38.427379Z TRACE VirtualDom::wait_for_work:VirtualDom::process_events: dioxus_core::virtual_dom: Marking task Task { id: 0, unsend: PhantomData<*const ()> } (spawned in ScopeId(3)) as dirty (called from Location { file: "packages/core/src/virtual_dom.rs", line: 505, col: 58 })
2024-06-04T16:00:38.427466Z  INFO VirtualDom::wait_for_work:VirtualDom::process_events:VirtualDom::poll_tasks: dioxus_core::tasks: Polling task Task { id: 0, unsend: PhantomData<*const ()> }
2024-06-04T16:00:38.427519Z  INFO VirtualDom::wait_for_work:VirtualDom::process_events:VirtualDom::poll_tasks: dioxus_core::tasks: Task Task { id: 0, unsend: PhantomData<*const ()> } finished with result Pending
2024-06-04T16:00:38.427545Z TRACE VirtualDom::wait_for_work:VirtualDom::process_events:VirtualDom::poll_tasks: dioxus_core::virtual_dom: Marking scope ScopeId(3, "Doggo") as dirty
2024-06-04T16:00:38.427643Z TRACE VirtualDom::render_immediate:render{scope=Doggo}: dioxus_signals::signal: Subscribing to the reactive context ReactiveContext(for scope: ScopeId(3, "Doggo"))
2024-06-04T16:00:38.427671Z TRACE VirtualDom::render_immediate:render{scope=Doggo}: dioxus_signals::signal: Subscribing to the reactive context ReactiveContext(for scope: ScopeId(3, "Doggo"))
2024-06-04T16:00:38.427693Z TRACE VirtualDom::render_immediate:render{scope=Doggo}: dioxus_core::scope_context: looking for context dioxus_core::suspense::SuspenseContext (TypeId { t: (4533244013398082440, 10897659798729036060) }) in Doggo
2024-06-04T16:00:38.427708Z TRACE VirtualDom::render_immediate:render{scope=Doggo}: dioxus_core::scope_context: looking for context dioxus_core::suspense::SuspenseContext (TypeId { t: (4533244013398082440, 10897659798729036060) }) in FrozenContext
2024-06-04T16:00:38.427721Z TRACE VirtualDom::render_immediate:render{scope=Doggo}: dioxus_core::scope_context: found context TypeId { t: (9286496122914249738, 8586425926625933774) }
2024-06-04T16:00:38.427733Z TRACE VirtualDom::render_immediate:render{scope=Doggo}: dioxus_core::scope_context: looking for context dioxus_core::suspense::SuspenseContext (TypeId { t: (4533244013398082440, 10897659798729036060) }) in SuspenseBoundary
2024-06-04T16:00:38.427745Z TRACE VirtualDom::render_immediate:render{scope=Doggo}: dioxus_core::scope_context: found context TypeId { t: (4533244013398082440, 10897659798729036060) }
2024-06-04T16:00:38.459450Z TRACE VirtualDom::wait_for_work:VirtualDom::process_events: dioxus_core::virtual_dom: Marking task Task { id: 6, unsend: PhantomData<*const ()> } (spawned in ScopeId(5)) as dirty (called from Location { file: "packages/core/src/virtual_dom.rs", line: 505, col: 58 })
2024-06-04T16:00:38.459543Z  INFO VirtualDom::wait_for_work:VirtualDom::process_events:VirtualDom::poll_tasks: dioxus_core::tasks: Polling task Task { id: 6, unsend: PhantomData<*const ()> }
2024-06-04T16:00:38.459596Z TRACE VirtualDom::wait_for_work:VirtualDom::process_events:VirtualDom::poll_tasks: dioxus_signals::signal: Write on signal at examples/suspense.rs:122:19 finished, updating subscribers
2024-06-04T16:00:38.459624Z TRACE VirtualDom::wait_for_work:VirtualDom::process_events:VirtualDom::poll_tasks: dioxus_signals::reactive_context: Marking reactive context created at packages/signals/src/reactive_context.rs:117:13 as dirty
2024-06-04T16:00:38.459639Z TRACE VirtualDom::wait_for_work:VirtualDom::process_events:VirtualDom::poll_tasks: dioxus_signals::reactive_context: Marking scope ScopeId(5, "LoadingDots") as dirty
2024-06-04T16:00:38.459673Z  INFO VirtualDom::wait_for_work:VirtualDom::process_events:VirtualDom::poll_tasks: dioxus_core::tasks: Task Task { id: 6, unsend: PhantomData<*const ()> } finished with result Pending
2024-06-04T16:00:38.459691Z TRACE VirtualDom::wait_for_work:VirtualDom::process_events:VirtualDom::poll_tasks: dioxus_core::virtual_dom: Marking scope ScopeId(5, "LoadingDots") as dirty
2024-06-04T16:00:38.459788Z TRACE VirtualDom::render_immediate:render{scope=LoadingDots}: dioxus_signals::signal: Subscribing to the reactive context ReactiveContext(for scope: ScopeId(5, "LoadingDots"))
2024-06-04T16:00:38.459824Z TRACE VirtualDom::render_immediate: dioxus_core::scope_context: looking for context dioxus_core::suspense::FrozenContext (TypeId { t: (9286496122914249738, 8586425926625933774) }) in LoadingDots
2024-06-04T16:00:38.459838Z TRACE VirtualDom::render_immediate: dioxus_core::scope_context: looking for context dioxus_core::suspense::FrozenContext (TypeId { t: (9286496122914249738, 8586425926625933774) }) in SuspenseBoundary
2024-06-04T16:00:38.459849Z TRACE VirtualDom::render_immediate: dioxus_core::scope_context: found context TypeId { t: (4533244013398082440, 10897659798729036060) }
2024-06-04T16:00:38.459859Z TRACE VirtualDom::render_immediate: dioxus_core::scope_context: looking for context dioxus_core::suspense::FrozenContext (TypeId { t: (9286496122914249738, 8586425926625933774) }) in app
2024-06-04T16:00:38.459869Z TRACE VirtualDom::render_immediate: dioxus_core::scope_context: found context TypeId { t: (3582638416876954437, 3810890675802792692) }
2024-06-04T16:00:38.459879Z TRACE VirtualDom::render_immediate: dioxus_core::scope_context: found context TypeId { t: (7946844621057603534, 4355211565432133561) }
2024-06-04T16:00:38.459889Z TRACE VirtualDom::render_immediate: dioxus_core::scope_context: found context TypeId { t: (10682502755203913650, 15985576721215419306) }
2024-06-04T16:00:38.459899Z TRACE VirtualDom::render_immediate: dioxus_core::scope_context: context dioxus_core::suspense::FrozenContext (TypeId { t: (9286496122914249738, 8586425926625933774) }) not found
2024-06-04T16:00:38.459920Z TRACE VirtualDom::render_immediate: dioxus_core::diff::node: moving mount self=VNode { vnode: VNodeInner { key: None, template: Cell { value: Template { name: "examples/suspense.rs:127:5:4128", roots: [Dynamic { id: 0 }], node_paths: [[0]], attr_paths: [] } }, dynamic_nodes: [Text(VText { value: "..." })], dynamic_attrs: [] }, mount: Cell { value: MountId(7) } } new=VNode { vnode: VNodeInner { key: None, template: Cell { value: Template { name: "examples/suspense.rs:127:5:4128", roots: [Dynamic { id: 0 }], node_paths: [[0]], attr_paths: [] } }, dynamic_nodes: [Text(VText { value: "" })], dynamic_attrs: [] }, mount: Cell { value: MountId(7) } }
2024-06-04T16:00:38.459947Z TRACE VirtualDom::render_immediate: dioxus_core::diff::node: mount id: MountId(7)
2024-06-04T16:00:38.459956Z TRACE VirtualDom::render_immediate: dioxus_core::diff::node: mounts: Slab { len: 8, cap: 8 }
2024-06-04T16:00:38.494556Z TRACE VirtualDom::wait_for_work:VirtualDom::process_events: dioxus_core::virtual_dom: Marking task Task { id: 3, unsend: PhantomData<*const ()> } (spawned in ScopeId(4)) as dirty (called from Location { file: "packages/core/src/virtual_dom.rs", line: 505, col: 58 })
2024-06-04T16:00:38.494689Z  INFO VirtualDom::wait_for_work:VirtualDom::process_events:VirtualDom::poll_tasks: dioxus_core::tasks: Polling task Task { id: 3, unsend: PhantomData<*const ()> }
2024-06-04T16:00:38.494773Z  INFO VirtualDom::wait_for_work:VirtualDom::process_events:VirtualDom::poll_tasks: dioxus_core::tasks: Task Task { id: 3, unsend: PhantomData<*const ()> } finished with result Pending
2024-06-04T16:00:38.494794Z TRACE VirtualDom::wait_for_work:VirtualDom::process_events:VirtualDom::poll_tasks: dioxus_core::virtual_dom: Marking scope ScopeId(4, "Doggo") as dirty
2024-06-04T16:00:38.494922Z TRACE VirtualDom::render_immediate:render{scope=Doggo}: dioxus_signals::signal: Subscribing to the reactive context ReactiveContext(for scope: ScopeId(4, "Doggo"))
2024-06-04T16:00:38.494953Z TRACE VirtualDom::render_immediate:render{scope=Doggo}: dioxus_signals::signal: Subscribing to the reactive context ReactiveContext(for scope: ScopeId(4, "Doggo"))
2024-06-04T16:00:38.495001Z TRACE VirtualDom::render_immediate:render{scope=Doggo}: dioxus_core::scope_context: looking for context dioxus_core::suspense::SuspenseContext (TypeId { t: (4533244013398082440, 10897659798729036060) }) in Doggo
2024-06-04T16:00:38.495016Z TRACE VirtualDom::render_immediate:render{scope=Doggo}: dioxus_core::scope_context: looking for context dioxus_core::suspense::SuspenseContext (TypeId { t: (4533244013398082440, 10897659798729036060) }) in FrozenContext
2024-06-04T16:00:38.495032Z TRACE VirtualDom::render_immediate:render{scope=Doggo}: dioxus_core::scope_context: found context TypeId { t: (9286496122914249738, 8586425926625933774) }
2024-06-04T16:00:38.495044Z TRACE VirtualDom::render_immediate:render{scope=Doggo}: dioxus_core::scope_context: looking for context dioxus_core::suspense::SuspenseContext (TypeId { t: (4533244013398082440, 10897659798729036060) }) in SuspenseBoundary
2024-06-04T16:00:38.495055Z TRACE VirtualDom::render_immediate:render{scope=Doggo}: dioxus_core::scope_context: found context TypeId { t: (4533244013398082440, 10897659798729036060) }
2024-06-04T16:00:38.529574Z TRACE VirtualDom::wait_for_work:VirtualDom::process_events: dioxus_core::virtual_dom: Marking task Task { id: 0, unsend: PhantomData<*const ()> } (spawned in ScopeId(3)) as dirty (called from Location { file: "packages/core/src/virtual_dom.rs", line: 505, col: 58 })
2024-06-04T16:00:38.529640Z  INFO VirtualDom::wait_for_work:VirtualDom::process_events:VirtualDom::poll_tasks: dioxus_core::tasks: Polling task Task { id: 0, unsend: PhantomData<*const ()> }
2024-06-04T16:00:38.529686Z  INFO VirtualDom::wait_for_work:VirtualDom::process_events:VirtualDom::poll_tasks: dioxus_core::tasks: Task Task { id: 0, unsend: PhantomData<*const ()> } finished with result Pending
2024-06-04T16:00:38.529705Z TRACE VirtualDom::wait_for_work:VirtualDom::process_events:VirtualDom::poll_tasks: dioxus_core::virtual_dom: Marking scope ScopeId(3, "Doggo") as dirty
2024-06-04T16:00:38.529798Z TRACE VirtualDom::render_immediate:render{scope=Doggo}: dioxus_signals::signal: Subscribing to the reactive context ReactiveContext(for scope: ScopeId(3, "Doggo"))
2024-06-04T16:00:38.529830Z TRACE VirtualDom::render_immediate:render{scope=Doggo}: dioxus_signals::signal: Subscribing to the reactive context ReactiveContext(for scope: ScopeId(3, "Doggo"))
2024-06-04T16:00:38.529853Z TRACE VirtualDom::render_immediate:render{scope=Doggo}: dioxus_core::scope_context: looking for context dioxus_core::suspense::SuspenseContext (TypeId { t: (4533244013398082440, 10897659798729036060) }) in Doggo
2024-06-04T16:00:38.529869Z TRACE VirtualDom::render_immediate:render{scope=Doggo}: dioxus_core::scope_context: looking for context dioxus_core::suspense::SuspenseContext (TypeId { t: (4533244013398082440, 10897659798729036060) }) in FrozenContext
2024-06-04T16:00:38.529883Z TRACE VirtualDom::render_immediate:render{scope=Doggo}: dioxus_core::scope_context: found context TypeId { t: (9286496122914249738, 8586425926625933774) }
2024-06-04T16:00:38.529895Z TRACE VirtualDom::render_immediate:render{scope=Doggo}: dioxus_core::scope_context: looking for context dioxus_core::suspense::SuspenseContext (TypeId { t: (4533244013398082440, 10897659798729036060) }) in SuspenseBoundary
2024-06-04T16:00:38.529907Z TRACE VirtualDom::render_immediate:render{scope=Doggo}: dioxus_core::scope_context: found context TypeId { t: (4533244013398082440, 10897659798729036060) }
2024-06-04T16:00:38.596685Z TRACE VirtualDom::wait_for_work:VirtualDom::process_events: dioxus_core::virtual_dom: Marking task Task { id: 3, unsend: PhantomData<*const ()> } (spawned in ScopeId(4)) as dirty (called from Location { file: "packages/core/src/virtual_dom.rs", line: 505, col: 58 })
2024-06-04T16:00:38.596782Z  INFO VirtualDom::wait_for_work:VirtualDom::process_events:VirtualDom::poll_tasks: dioxus_core::tasks: Polling task Task { id: 3, unsend: PhantomData<*const ()> }
2024-06-04T16:00:38.596840Z  INFO VirtualDom::wait_for_work:VirtualDom::process_events:VirtualDom::poll_tasks: dioxus_core::tasks: Task Task { id: 3, unsend: PhantomData<*const ()> } finished with result Pending
2024-06-04T16:00:38.596861Z TRACE VirtualDom::wait_for_work:VirtualDom::process_events:VirtualDom::poll_tasks: dioxus_core::virtual_dom: Marking scope ScopeId(4, "Doggo") as dirty
2024-06-04T16:00:38.596968Z TRACE VirtualDom::render_immediate:render{scope=Doggo}: dioxus_signals::signal: Subscribing to the reactive context ReactiveContext(for scope: ScopeId(4, "Doggo"))
2024-06-04T16:00:38.597001Z TRACE VirtualDom::render_immediate:render{scope=Doggo}: dioxus_signals::signal: Subscribing to the reactive context ReactiveContext(for scope: ScopeId(4, "Doggo"))
2024-06-04T16:00:38.597023Z TRACE VirtualDom::render_immediate:render{scope=Doggo}: dioxus_core::scope_context: looking for context dioxus_core::suspense::SuspenseContext (TypeId { t: (4533244013398082440, 10897659798729036060) }) in Doggo
2024-06-04T16:00:38.597038Z TRACE VirtualDom::render_immediate:render{scope=Doggo}: dioxus_core::scope_context: looking for context dioxus_core::suspense::SuspenseContext (TypeId { t: (4533244013398082440, 10897659798729036060) }) in FrozenContext
2024-06-04T16:00:38.597051Z TRACE VirtualDom::render_immediate:render{scope=Doggo}: dioxus_core::scope_context: found context TypeId { t: (9286496122914249738, 8586425926625933774) }
2024-06-04T16:00:38.597063Z TRACE VirtualDom::render_immediate:render{scope=Doggo}: dioxus_core::scope_context: looking for context dioxus_core::suspense::SuspenseContext (TypeId { t: (4533244013398082440, 10897659798729036060) }) in SuspenseBoundary
2024-06-04T16:00:38.597074Z TRACE VirtualDom::render_immediate:render{scope=Doggo}: dioxus_core::scope_context: found context TypeId { t: (4533244013398082440, 10897659798729036060) }
2024-06-04T16:00:38.631714Z TRACE VirtualDom::wait_for_work:VirtualDom::process_events: dioxus_core::virtual_dom: Marking task Task { id: 0, unsend: PhantomData<*const ()> } (spawned in ScopeId(3)) as dirty (called from Location { file: "packages/core/src/virtual_dom.rs", line: 505, col: 58 })
2024-06-04T16:00:38.631779Z  INFO VirtualDom::wait_for_work:VirtualDom::process_events:VirtualDom::poll_tasks: dioxus_core::tasks: Polling task Task { id: 0, unsend: PhantomData<*const ()> }
2024-06-04T16:00:38.631822Z  INFO VirtualDom::wait_for_work:VirtualDom::process_events:VirtualDom::poll_tasks: dioxus_core::tasks: Task Task { id: 0, unsend: PhantomData<*const ()> } finished with result Pending
2024-06-04T16:00:38.631840Z TRACE VirtualDom::wait_for_work:VirtualDom::process_events:VirtualDom::poll_tasks: dioxus_core::virtual_dom: Marking scope ScopeId(3, "Doggo") as dirty
2024-06-04T16:00:38.631933Z TRACE VirtualDom::render_immediate:render{scope=Doggo}: dioxus_signals::signal: Subscribing to the reactive context ReactiveContext(for scope: ScopeId(3, "Doggo"))
2024-06-04T16:00:38.631966Z TRACE VirtualDom::render_immediate:render{scope=Doggo}: dioxus_signals::signal: Subscribing to the reactive context ReactiveContext(for scope: ScopeId(3, "Doggo"))
2024-06-04T16:00:38.631993Z TRACE VirtualDom::render_immediate:render{scope=Doggo}: dioxus_core::scope_context: looking for context dioxus_core::suspense::SuspenseContext (TypeId { t: (4533244013398082440, 10897659798729036060) }) in Doggo
2024-06-04T16:00:38.632008Z TRACE VirtualDom::render_immediate:render{scope=Doggo}: dioxus_core::scope_context: looking for context dioxus_core::suspense::SuspenseContext (TypeId { t: (4533244013398082440, 10897659798729036060) }) in FrozenContext
2024-06-04T16:00:38.632020Z TRACE VirtualDom::render_immediate:render{scope=Doggo}: dioxus_core::scope_context: found context TypeId { t: (9286496122914249738, 8586425926625933774) }
2024-06-04T16:00:38.632032Z TRACE VirtualDom::render_immediate:render{scope=Doggo}: dioxus_core::scope_context: looking for context dioxus_core::suspense::SuspenseContext (TypeId { t: (4533244013398082440, 10897659798729036060) }) in SuspenseBoundary
2024-06-04T16:00:38.632044Z TRACE VirtualDom::render_immediate:render{scope=Doggo}: dioxus_core::scope_context: found context TypeId { t: (4533244013398082440, 10897659798729036060) }
2024-06-04T16:00:38.661842Z TRACE VirtualDom::wait_for_work:VirtualDom::process_events: dioxus_core::virtual_dom: Marking task Task { id: 6, unsend: PhantomData<*const ()> } (spawned in ScopeId(5)) as dirty (called from Location { file: "packages/core/src/virtual_dom.rs", line: 505, col: 58 })
2024-06-04T16:00:38.662024Z  INFO VirtualDom::wait_for_work:VirtualDom::process_events:VirtualDom::poll_tasks: dioxus_core::tasks: Polling task Task { id: 6, unsend: PhantomData<*const ()> }
2024-06-04T16:00:38.662082Z TRACE VirtualDom::wait_for_work:VirtualDom::process_events:VirtualDom::poll_tasks: dioxus_signals::signal: Write on signal at examples/suspense.rs:122:19 finished, updating subscribers
2024-06-04T16:00:38.662127Z TRACE VirtualDom::wait_for_work:VirtualDom::process_events:VirtualDom::poll_tasks: dioxus_signals::reactive_context: Marking reactive context created at packages/signals/src/reactive_context.rs:117:13 as dirty
2024-06-04T16:00:38.662148Z TRACE VirtualDom::wait_for_work:VirtualDom::process_events:VirtualDom::poll_tasks: dioxus_signals::reactive_context: Marking scope ScopeId(5, "LoadingDots") as dirty
2024-06-04T16:00:38.662180Z  INFO VirtualDom::wait_for_work:VirtualDom::process_events:VirtualDom::poll_tasks: dioxus_core::tasks: Task Task { id: 6, unsend: PhantomData<*const ()> } finished with result Pending
2024-06-04T16:00:38.662196Z TRACE VirtualDom::wait_for_work:VirtualDom::process_events:VirtualDom::poll_tasks: dioxus_core::virtual_dom: Marking scope ScopeId(5, "LoadingDots") as dirty
2024-06-04T16:00:38.662324Z TRACE VirtualDom::render_immediate:render{scope=LoadingDots}: dioxus_signals::signal: Subscribing to the reactive context ReactiveContext(for scope: ScopeId(5, "LoadingDots"))
2024-06-04T16:00:38.662365Z TRACE VirtualDom::render_immediate: dioxus_core::scope_context: looking for context dioxus_core::suspense::FrozenContext (TypeId { t: (9286496122914249738, 8586425926625933774) }) in LoadingDots
2024-06-04T16:00:38.662385Z TRACE VirtualDom::render_immediate: dioxus_core::scope_context: looking for context dioxus_core::suspense::FrozenContext (TypeId { t: (9286496122914249738, 8586425926625933774) }) in SuspenseBoundary
2024-06-04T16:00:38.662396Z TRACE VirtualDom::render_immediate: dioxus_core::scope_context: found context TypeId { t: (4533244013398082440, 10897659798729036060) }
2024-06-04T16:00:38.662405Z TRACE VirtualDom::render_immediate: dioxus_core::scope_context: looking for context dioxus_core::suspense::FrozenContext (TypeId { t: (9286496122914249738, 8586425926625933774) }) in app
2024-06-04T16:00:38.662415Z TRACE VirtualDom::render_immediate: dioxus_core::scope_context: found context TypeId { t: (3582638416876954437, 3810890675802792692) }
2024-06-04T16:00:38.662425Z TRACE VirtualDom::render_immediate: dioxus_core::scope_context: found context TypeId { t: (7946844621057603534, 4355211565432133561) }
2024-06-04T16:00:38.662434Z TRACE VirtualDom::render_immediate: dioxus_core::scope_context: found context TypeId { t: (10682502755203913650, 15985576721215419306) }
2024-06-04T16:00:38.662448Z TRACE VirtualDom::render_immediate: dioxus_core::scope_context: context dioxus_core::suspense::FrozenContext (TypeId { t: (9286496122914249738, 8586425926625933774) }) not found
2024-06-04T16:00:38.662466Z TRACE VirtualDom::render_immediate: dioxus_core::diff::node: moving mount self=VNode { vnode: VNodeInner { key: None, template: Cell { value: Template { name: "examples/suspense.rs:127:5:4128", roots: [Dynamic { id: 0 }], node_paths: [[0]], attr_paths: [] } }, dynamic_nodes: [Text(VText { value: "" })], dynamic_attrs: [] }, mount: Cell { value: MountId(7) } } new=VNode { vnode: VNodeInner { key: None, template: Cell { value: Template { name: "examples/suspense.rs:127:5:4128", roots: [Dynamic { id: 0 }], node_paths: [[0]], attr_paths: [] } }, dynamic_nodes: [Text(VText { value: "." })], dynamic_attrs: [] }, mount: Cell { value: MountId(7) } }
2024-06-04T16:00:38.662498Z TRACE VirtualDom::render_immediate: dioxus_core::diff::node: mount id: MountId(7)
2024-06-04T16:00:38.662516Z TRACE VirtualDom::render_immediate: dioxus_core::diff::node: mounts: Slab { len: 8, cap: 8 }
2024-06-04T16:00:38.698850Z TRACE VirtualDom::wait_for_work:VirtualDom::process_events: dioxus_core::virtual_dom: Marking task Task { id: 3, unsend: PhantomData<*const ()> } (spawned in ScopeId(4)) as dirty (called from Location { file: "packages/core/src/virtual_dom.rs", line: 505, col: 58 })
2024-06-04T16:00:38.698914Z  INFO VirtualDom::wait_for_work:VirtualDom::process_events:VirtualDom::poll_tasks: dioxus_core::tasks: Polling task Task { id: 3, unsend: PhantomData<*const ()> }
2024-06-04T16:00:38.698957Z  INFO VirtualDom::wait_for_work:VirtualDom::process_events:VirtualDom::poll_tasks: dioxus_core::tasks: Task Task { id: 3, unsend: PhantomData<*const ()> } finished with result Pending
2024-06-04T16:00:38.698975Z TRACE VirtualDom::wait_for_work:VirtualDom::process_events:VirtualDom::poll_tasks: dioxus_core::virtual_dom: Marking scope ScopeId(4, "Doggo") as dirty
2024-06-04T16:00:38.699066Z TRACE VirtualDom::render_immediate:render{scope=Doggo}: dioxus_signals::signal: Subscribing to the reactive context ReactiveContext(for scope: ScopeId(4, "Doggo"))
2024-06-04T16:00:38.699096Z TRACE VirtualDom::render_immediate:render{scope=Doggo}: dioxus_signals::signal: Subscribing to the reactive context ReactiveContext(for scope: ScopeId(4, "Doggo"))
2024-06-04T16:00:38.699120Z TRACE VirtualDom::render_immediate:render{scope=Doggo}: dioxus_core::scope_context: looking for context dioxus_core::suspense::SuspenseContext (TypeId { t: (4533244013398082440, 10897659798729036060) }) in Doggo
2024-06-04T16:00:38.699137Z TRACE VirtualDom::render_immediate:render{scope=Doggo}: dioxus_core::scope_context: looking for context dioxus_core::suspense::SuspenseContext (TypeId { t: (4533244013398082440, 10897659798729036060) }) in FrozenContext
2024-06-04T16:00:38.699150Z TRACE VirtualDom::render_immediate:render{scope=Doggo}: dioxus_core::scope_context: found context TypeId { t: (9286496122914249738, 8586425926625933774) }
2024-06-04T16:00:38.699161Z TRACE VirtualDom::render_immediate:render{scope=Doggo}: dioxus_core::scope_context: looking for context dioxus_core::suspense::SuspenseContext (TypeId { t: (4533244013398082440, 10897659798729036060) }) in SuspenseBoundary
2024-06-04T16:00:38.699173Z TRACE VirtualDom::render_immediate:render{scope=Doggo}: dioxus_core::scope_context: found context TypeId { t: (4533244013398082440, 10897659798729036060) }
2024-06-04T16:00:38.733448Z TRACE VirtualDom::wait_for_work:VirtualDom::process_events: dioxus_core::virtual_dom: Marking task Task { id: 0, unsend: PhantomData<*const ()> } (spawned in ScopeId(3)) as dirty (called from Location { file: "packages/core/src/virtual_dom.rs", line: 505, col: 58 })
2024-06-04T16:00:38.733513Z  INFO VirtualDom::wait_for_work:VirtualDom::process_events:VirtualDom::poll_tasks: dioxus_core::tasks: Polling task Task { id: 0, unsend: PhantomData<*const ()> }
2024-06-04T16:00:38.733564Z  INFO VirtualDom::wait_for_work:VirtualDom::process_events:VirtualDom::poll_tasks: dioxus_core::tasks: Task Task { id: 0, unsend: PhantomData<*const ()> } finished with result Pending
2024-06-04T16:00:38.733586Z TRACE VirtualDom::wait_for_work:VirtualDom::process_events:VirtualDom::poll_tasks: dioxus_core::virtual_dom: Marking scope ScopeId(3, "Doggo") as dirty
2024-06-04T16:00:38.733678Z TRACE VirtualDom::render_immediate:render{scope=Doggo}: dioxus_signals::signal: Subscribing to the reactive context ReactiveContext(for scope: ScopeId(3, "Doggo"))
2024-06-04T16:00:38.733708Z TRACE VirtualDom::render_immediate:render{scope=Doggo}: dioxus_signals::signal: Subscribing to the reactive context ReactiveContext(for scope: ScopeId(3, "Doggo"))
2024-06-04T16:00:38.733730Z TRACE VirtualDom::render_immediate:render{scope=Doggo}: dioxus_core::scope_context: looking for context dioxus_core::suspense::SuspenseContext (TypeId { t: (4533244013398082440, 10897659798729036060) }) in Doggo
2024-06-04T16:00:38.733749Z TRACE VirtualDom::render_immediate:render{scope=Doggo}: dioxus_core::scope_context: looking for context dioxus_core::suspense::SuspenseContext (TypeId { t: (4533244013398082440, 10897659798729036060) }) in FrozenContext
2024-06-04T16:00:38.733761Z TRACE VirtualDom::render_immediate:render{scope=Doggo}: dioxus_core::scope_context: found context TypeId { t: (9286496122914249738, 8586425926625933774) }
2024-06-04T16:00:38.733773Z TRACE VirtualDom::render_immediate:render{scope=Doggo}: dioxus_core::scope_context: looking for context dioxus_core::suspense::SuspenseContext (TypeId { t: (4533244013398082440, 10897659798729036060) }) in SuspenseBoundary
2024-06-04T16:00:38.733785Z TRACE VirtualDom::render_immediate:render{scope=Doggo}: dioxus_core::scope_context: found context TypeId { t: (4533244013398082440, 10897659798729036060) }
2024-06-04T16:00:38.800530Z TRACE VirtualDom::wait_for_work:VirtualDom::process_events: dioxus_core::virtual_dom: Marking task Task { id: 3, unsend: PhantomData<*const ()> } (spawned in ScopeId(4)) as dirty (called from Location { file: "packages/core/src/virtual_dom.rs", line: 505, col: 58 })
2024-06-04T16:00:38.800620Z  INFO VirtualDom::wait_for_work:VirtualDom::process_events:VirtualDom::poll_tasks: dioxus_core::tasks: Polling task Task { id: 3, unsend: PhantomData<*const ()> }
2024-06-04T16:00:38.800683Z  INFO VirtualDom::wait_for_work:VirtualDom::process_events:VirtualDom::poll_tasks: dioxus_core::tasks: Task Task { id: 3, unsend: PhantomData<*const ()> } finished with result Pending
2024-06-04T16:00:38.800705Z TRACE VirtualDom::wait_for_work:VirtualDom::process_events:VirtualDom::poll_tasks: dioxus_core::virtual_dom: Marking scope ScopeId(4, "Doggo") as dirty
2024-06-04T16:00:38.800821Z TRACE VirtualDom::render_immediate:render{scope=Doggo}: dioxus_signals::signal: Subscribing to the reactive context ReactiveContext(for scope: ScopeId(4, "Doggo"))
2024-06-04T16:00:38.800862Z TRACE VirtualDom::render_immediate:render{scope=Doggo}: dioxus_signals::signal: Subscribing to the reactive context ReactiveContext(for scope: ScopeId(4, "Doggo"))
2024-06-04T16:00:38.800884Z TRACE VirtualDom::render_immediate:render{scope=Doggo}: dioxus_core::scope_context: looking for context dioxus_core::suspense::SuspenseContext (TypeId { t: (4533244013398082440, 10897659798729036060) }) in Doggo
2024-06-04T16:00:38.800900Z TRACE VirtualDom::render_immediate:render{scope=Doggo}: dioxus_core::scope_context: looking for context dioxus_core::suspense::SuspenseContext (TypeId { t: (4533244013398082440, 10897659798729036060) }) in FrozenContext
2024-06-04T16:00:38.800914Z TRACE VirtualDom::render_immediate:render{scope=Doggo}: dioxus_core::scope_context: found context TypeId { t: (9286496122914249738, 8586425926625933774) }
2024-06-04T16:00:38.800927Z TRACE VirtualDom::render_immediate:render{scope=Doggo}: dioxus_core::scope_context: looking for context dioxus_core::suspense::SuspenseContext (TypeId { t: (4533244013398082440, 10897659798729036060) }) in SuspenseBoundary
2024-06-04T16:00:38.800940Z TRACE VirtualDom::render_immediate:render{scope=Doggo}: dioxus_core::scope_context: found context TypeId { t: (4533244013398082440, 10897659798729036060) }
2024-06-04T16:00:38.834752Z TRACE VirtualDom::wait_for_work:VirtualDom::process_events: dioxus_core::virtual_dom: Marking task Task { id: 0, unsend: PhantomData<*const ()> } (spawned in ScopeId(3)) as dirty (called from Location { file: "packages/core/src/virtual_dom.rs", line: 505, col: 58 })
2024-06-04T16:00:38.834858Z  INFO VirtualDom::wait_for_work:VirtualDom::process_events:VirtualDom::poll_tasks: dioxus_core::tasks: Polling task Task { id: 0, unsend: PhantomData<*const ()> }
2024-06-04T16:00:38.834912Z  INFO VirtualDom::wait_for_work:VirtualDom::process_events:VirtualDom::poll_tasks: dioxus_core::tasks: Task Task { id: 0, unsend: PhantomData<*const ()> } finished with result Pending
2024-06-04T16:00:38.834935Z TRACE VirtualDom::wait_for_work:VirtualDom::process_events:VirtualDom::poll_tasks: dioxus_core::virtual_dom: Marking scope ScopeId(3, "Doggo") as dirty
2024-06-04T16:00:38.835036Z TRACE VirtualDom::render_immediate:render{scope=Doggo}: dioxus_signals::signal: Subscribing to the reactive context ReactiveContext(for scope: ScopeId(3, "Doggo"))
2024-06-04T16:00:38.835072Z TRACE VirtualDom::render_immediate:render{scope=Doggo}: dioxus_signals::signal: Subscribing to the reactive context ReactiveContext(for scope: ScopeId(3, "Doggo"))
2024-06-04T16:00:38.835095Z TRACE VirtualDom::render_immediate:render{scope=Doggo}: dioxus_core::scope_context: looking for context dioxus_core::suspense::SuspenseContext (TypeId { t: (4533244013398082440, 10897659798729036060) }) in Doggo
2024-06-04T16:00:38.835112Z TRACE VirtualDom::render_immediate:render{scope=Doggo}: dioxus_core::scope_context: looking for context dioxus_core::suspense::SuspenseContext (TypeId { t: (4533244013398082440, 10897659798729036060) }) in FrozenContext
2024-06-04T16:00:38.835126Z TRACE VirtualDom::render_immediate:render{scope=Doggo}: dioxus_core::scope_context: found context TypeId { t: (9286496122914249738, 8586425926625933774) }
2024-06-04T16:00:38.835140Z TRACE VirtualDom::render_immediate:render{scope=Doggo}: dioxus_core::scope_context: looking for context dioxus_core::suspense::SuspenseContext (TypeId { t: (4533244013398082440, 10897659798729036060) }) in SuspenseBoundary
2024-06-04T16:00:38.835153Z TRACE VirtualDom::render_immediate:render{scope=Doggo}: dioxus_core::scope_context: found context TypeId { t: (4533244013398082440, 10897659798729036060) }
2024-06-04T16:00:38.864815Z TRACE VirtualDom::wait_for_work:VirtualDom::process_events: dioxus_core::virtual_dom: Marking task Task { id: 6, unsend: PhantomData<*const ()> } (spawned in ScopeId(5)) as dirty (called from Location { file: "packages/core/src/virtual_dom.rs", line: 505, col: 58 })
2024-06-04T16:00:38.864916Z  INFO VirtualDom::wait_for_work:VirtualDom::process_events:VirtualDom::poll_tasks: dioxus_core::tasks: Polling task Task { id: 6, unsend: PhantomData<*const ()> }
2024-06-04T16:00:38.864990Z TRACE VirtualDom::wait_for_work:VirtualDom::process_events:VirtualDom::poll_tasks: dioxus_signals::signal: Write on signal at examples/suspense.rs:122:19 finished, updating subscribers
2024-06-04T16:00:38.865023Z TRACE VirtualDom::wait_for_work:VirtualDom::process_events:VirtualDom::poll_tasks: dioxus_signals::reactive_context: Marking reactive context created at packages/signals/src/reactive_context.rs:117:13 as dirty
2024-06-04T16:00:38.865038Z TRACE VirtualDom::wait_for_work:VirtualDom::process_events:VirtualDom::poll_tasks: dioxus_signals::reactive_context: Marking scope ScopeId(5, "LoadingDots") as dirty
2024-06-04T16:00:38.865068Z  INFO VirtualDom::wait_for_work:VirtualDom::process_events:VirtualDom::poll_tasks: dioxus_core::tasks: Task Task { id: 6, unsend: PhantomData<*const ()> } finished with result Pending
2024-06-04T16:00:38.865084Z TRACE VirtualDom::wait_for_work:VirtualDom::process_events:VirtualDom::poll_tasks: dioxus_core::virtual_dom: Marking scope ScopeId(5, "LoadingDots") as dirty
2024-06-04T16:00:38.865187Z TRACE VirtualDom::render_immediate:render{scope=LoadingDots}: dioxus_signals::signal: Subscribing to the reactive context ReactiveContext(for scope: ScopeId(5, "LoadingDots"))
2024-06-04T16:00:38.865235Z TRACE VirtualDom::render_immediate: dioxus_core::scope_context: looking for context dioxus_core::suspense::FrozenContext (TypeId { t: (9286496122914249738, 8586425926625933774) }) in LoadingDots
2024-06-04T16:00:38.865251Z TRACE VirtualDom::render_immediate: dioxus_core::scope_context: looking for context dioxus_core::suspense::FrozenContext (TypeId { t: (9286496122914249738, 8586425926625933774) }) in SuspenseBoundary
2024-06-04T16:00:38.865262Z TRACE VirtualDom::render_immediate: dioxus_core::scope_context: found context TypeId { t: (4533244013398082440, 10897659798729036060) }
2024-06-04T16:00:38.865273Z TRACE VirtualDom::render_immediate: dioxus_core::scope_context: looking for context dioxus_core::suspense::FrozenContext (TypeId { t: (9286496122914249738, 8586425926625933774) }) in app
2024-06-04T16:00:38.865296Z TRACE VirtualDom::render_immediate: dioxus_core::scope_context: found context TypeId { t: (3582638416876954437, 3810890675802792692) }
2024-06-04T16:00:38.865306Z TRACE VirtualDom::render_immediate: dioxus_core::scope_context: found context TypeId { t: (7946844621057603534, 4355211565432133561) }
2024-06-04T16:00:38.865315Z TRACE VirtualDom::render_immediate: dioxus_core::scope_context: found context TypeId { t: (10682502755203913650, 15985576721215419306) }
2024-06-04T16:00:38.865325Z TRACE VirtualDom::render_immediate: dioxus_core::scope_context: context dioxus_core::suspense::FrozenContext (TypeId { t: (9286496122914249738, 8586425926625933774) }) not found
2024-06-04T16:00:38.865344Z TRACE VirtualDom::render_immediate: dioxus_core::diff::node: moving mount self=VNode { vnode: VNodeInner { key: None, template: Cell { value: Template { name: "examples/suspense.rs:127:5:4128", roots: [Dynamic { id: 0 }], node_paths: [[0]], attr_paths: [] } }, dynamic_nodes: [Text(VText { value: "." })], dynamic_attrs: [] }, mount: Cell { value: MountId(7) } } new=VNode { vnode: VNodeInner { key: None, template: Cell { value: Template { name: "examples/suspense.rs:127:5:4128", roots: [Dynamic { id: 0 }], node_paths: [[0]], attr_paths: [] } }, dynamic_nodes: [Text(VText { value: ".." })], dynamic_attrs: [] }, mount: Cell { value: MountId(7) } }
2024-06-04T16:00:38.865379Z TRACE VirtualDom::render_immediate: dioxus_core::diff::node: mount id: MountId(7)
2024-06-04T16:00:38.865388Z TRACE VirtualDom::render_immediate: dioxus_core::diff::node: mounts: Slab { len: 8, cap: 8 }
2024-06-04T16:00:38.902385Z TRACE VirtualDom::wait_for_work:VirtualDom::process_events: dioxus_core::virtual_dom: Marking task Task { id: 3, unsend: PhantomData<*const ()> } (spawned in ScopeId(4)) as dirty (called from Location { file: "packages/core/src/virtual_dom.rs", line: 505, col: 58 })
2024-06-04T16:00:38.902439Z  INFO VirtualDom::wait_for_work:VirtualDom::process_events:VirtualDom::poll_tasks: dioxus_core::tasks: Polling task Task { id: 3, unsend: PhantomData<*const ()> }
2024-06-04T16:00:38.902489Z  INFO VirtualDom::wait_for_work:VirtualDom::process_events:VirtualDom::poll_tasks: dioxus_core::tasks: Task Task { id: 3, unsend: PhantomData<*const ()> } finished with result Pending
2024-06-04T16:00:38.902511Z TRACE VirtualDom::wait_for_work:VirtualDom::process_events:VirtualDom::poll_tasks: dioxus_core::virtual_dom: Marking scope ScopeId(4, "Doggo") as dirty
2024-06-04T16:00:38.902619Z TRACE VirtualDom::render_immediate:render{scope=Doggo}: dioxus_signals::signal: Subscribing to the reactive context ReactiveContext(for scope: ScopeId(4, "Doggo"))
2024-06-04T16:00:38.902650Z TRACE VirtualDom::render_immediate:render{scope=Doggo}: dioxus_signals::signal: Subscribing to the reactive context ReactiveContext(for scope: ScopeId(4, "Doggo"))
2024-06-04T16:00:38.902677Z TRACE VirtualDom::render_immediate:render{scope=Doggo}: dioxus_core::scope_context: looking for context dioxus_core::suspense::SuspenseContext (TypeId { t: (4533244013398082440, 10897659798729036060) }) in Doggo
2024-06-04T16:00:38.902695Z TRACE VirtualDom::render_immediate:render{scope=Doggo}: dioxus_core::scope_context: looking for context dioxus_core::suspense::SuspenseContext (TypeId { t: (4533244013398082440, 10897659798729036060) }) in FrozenContext
2024-06-04T16:00:38.902710Z TRACE VirtualDom::render_immediate:render{scope=Doggo}: dioxus_core::scope_context: found context TypeId { t: (9286496122914249738, 8586425926625933774) }
2024-06-04T16:00:38.902723Z TRACE VirtualDom::render_immediate:render{scope=Doggo}: dioxus_core::scope_context: looking for context dioxus_core::suspense::SuspenseContext (TypeId { t: (4533244013398082440, 10897659798729036060) }) in SuspenseBoundary
2024-06-04T16:00:38.902736Z TRACE VirtualDom::render_immediate:render{scope=Doggo}: dioxus_core::scope_context: found context TypeId { t: (4533244013398082440, 10897659798729036060) }
2024-06-04T16:00:38.936409Z TRACE VirtualDom::wait_for_work:VirtualDom::process_events: dioxus_core::virtual_dom: Marking task Task { id: 0, unsend: PhantomData<*const ()> } (spawned in ScopeId(3)) as dirty (called from Location { file: "packages/core/src/virtual_dom.rs", line: 505, col: 58 })
2024-06-04T16:00:38.936457Z  INFO VirtualDom::wait_for_work:VirtualDom::process_events:VirtualDom::poll_tasks: dioxus_core::tasks: Polling task Task { id: 0, unsend: PhantomData<*const ()> }
2024-06-04T16:00:38.936500Z  INFO VirtualDom::wait_for_work:VirtualDom::process_events:VirtualDom::poll_tasks: dioxus_core::tasks: Task Task { id: 0, unsend: PhantomData<*const ()> } finished with result Pending
2024-06-04T16:00:38.936522Z TRACE VirtualDom::wait_for_work:VirtualDom::process_events:VirtualDom::poll_tasks: dioxus_core::virtual_dom: Marking scope ScopeId(3, "Doggo") as dirty
2024-06-04T16:00:38.936617Z TRACE VirtualDom::render_immediate:render{scope=Doggo}: dioxus_signals::signal: Subscribing to the reactive context ReactiveContext(for scope: ScopeId(3, "Doggo"))
2024-06-04T16:00:38.936644Z TRACE VirtualDom::render_immediate:render{scope=Doggo}: dioxus_signals::signal: Subscribing to the reactive context ReactiveContext(for scope: ScopeId(3, "Doggo"))
2024-06-04T16:00:38.936667Z TRACE VirtualDom::render_immediate:render{scope=Doggo}: dioxus_core::scope_context: looking for context dioxus_core::suspense::SuspenseContext (TypeId { t: (4533244013398082440, 10897659798729036060) }) in Doggo
2024-06-04T16:00:38.936685Z TRACE VirtualDom::render_immediate:render{scope=Doggo}: dioxus_core::scope_context: looking for context dioxus_core::suspense::SuspenseContext (TypeId { t: (4533244013398082440, 10897659798729036060) }) in FrozenContext
2024-06-04T16:00:38.936699Z TRACE VirtualDom::render_immediate:render{scope=Doggo}: dioxus_core::scope_context: found context TypeId { t: (9286496122914249738, 8586425926625933774) }
2024-06-04T16:00:38.936712Z TRACE VirtualDom::render_immediate:render{scope=Doggo}: dioxus_core::scope_context: looking for context dioxus_core::suspense::SuspenseContext (TypeId { t: (4533244013398082440, 10897659798729036060) }) in SuspenseBoundary
2024-06-04T16:00:38.936726Z TRACE VirtualDom::render_immediate:render{scope=Doggo}: dioxus_core::scope_context: found context TypeId { t: (4533244013398082440, 10897659798729036060) }
2024-06-04T16:00:39.004484Z TRACE VirtualDom::wait_for_work:VirtualDom::process_events: dioxus_core::virtual_dom: Marking task Task { id: 3, unsend: PhantomData<*const ()> } (spawned in ScopeId(4)) as dirty (called from Location { file: "packages/core/src/virtual_dom.rs", line: 505, col: 58 })
2024-06-04T16:00:39.004559Z  INFO VirtualDom::wait_for_work:VirtualDom::process_events:VirtualDom::poll_tasks: dioxus_core::tasks: Polling task Task { id: 3, unsend: PhantomData<*const ()> }
2024-06-04T16:00:39.004618Z  INFO VirtualDom::wait_for_work:VirtualDom::process_events:VirtualDom::poll_tasks: dioxus_core::tasks: Task Task { id: 3, unsend: PhantomData<*const ()> } finished with result Pending
2024-06-04T16:00:39.004646Z TRACE VirtualDom::wait_for_work:VirtualDom::process_events:VirtualDom::poll_tasks: dioxus_core::virtual_dom: Marking scope ScopeId(4, "Doggo") as dirty
2024-06-04T16:00:39.004762Z TRACE VirtualDom::render_immediate:render{scope=Doggo}: dioxus_signals::signal: Subscribing to the reactive context ReactiveContext(for scope: ScopeId(4, "Doggo"))
2024-06-04T16:00:39.004792Z TRACE VirtualDom::render_immediate:render{scope=Doggo}: dioxus_signals::signal: Subscribing to the reactive context ReactiveContext(for scope: ScopeId(4, "Doggo"))
2024-06-04T16:00:39.004821Z TRACE VirtualDom::render_immediate:render{scope=Doggo}: dioxus_core::scope_context: looking for context dioxus_core::suspense::SuspenseContext (TypeId { t: (4533244013398082440, 10897659798729036060) }) in Doggo
2024-06-04T16:00:39.004843Z TRACE VirtualDom::render_immediate:render{scope=Doggo}: dioxus_core::scope_context: looking for context dioxus_core::suspense::SuspenseContext (TypeId { t: (4533244013398082440, 10897659798729036060) }) in FrozenContext
2024-06-04T16:00:39.004862Z TRACE VirtualDom::render_immediate:render{scope=Doggo}: dioxus_core::scope_context: found context TypeId { t: (9286496122914249738, 8586425926625933774) }
2024-06-04T16:00:39.004884Z TRACE VirtualDom::render_immediate:render{scope=Doggo}: dioxus_core::scope_context: looking for context dioxus_core::suspense::SuspenseContext (TypeId { t: (4533244013398082440, 10897659798729036060) }) in SuspenseBoundary
2024-06-04T16:00:39.004903Z TRACE VirtualDom::render_immediate:render{scope=Doggo}: dioxus_core::scope_context: found context TypeId { t: (4533244013398082440, 10897659798729036060) }
2024-06-04T16:00:39.038546Z TRACE VirtualDom::wait_for_work:VirtualDom::process_events: dioxus_core::virtual_dom: Marking task Task { id: 0, unsend: PhantomData<*const ()> } (spawned in ScopeId(3)) as dirty (called from Location { file: "packages/core/src/virtual_dom.rs", line: 505, col: 58 })
2024-06-04T16:00:39.038607Z  INFO VirtualDom::wait_for_work:VirtualDom::process_events:VirtualDom::poll_tasks: dioxus_core::tasks: Polling task Task { id: 0, unsend: PhantomData<*const ()> }
2024-06-04T16:00:39.038656Z  INFO VirtualDom::wait_for_work:VirtualDom::process_events:VirtualDom::poll_tasks: dioxus_core::tasks: Task Task { id: 0, unsend: PhantomData<*const ()> } finished with result Pending
2024-06-04T16:00:39.038680Z TRACE VirtualDom::wait_for_work:VirtualDom::process_events:VirtualDom::poll_tasks: dioxus_core::virtual_dom: Marking scope ScopeId(3, "Doggo") as dirty
2024-06-04T16:00:39.038788Z TRACE VirtualDom::render_immediate:render{scope=Doggo}: dioxus_signals::signal: Subscribing to the reactive context ReactiveContext(for scope: ScopeId(3, "Doggo"))
2024-06-04T16:00:39.038819Z TRACE VirtualDom::render_immediate:render{scope=Doggo}: dioxus_signals::signal: Subscribing to the reactive context ReactiveContext(for scope: ScopeId(3, "Doggo"))
2024-06-04T16:00:39.038844Z TRACE VirtualDom::render_immediate:render{scope=Doggo}: dioxus_core::scope_context: looking for context dioxus_core::suspense::SuspenseContext (TypeId { t: (4533244013398082440, 10897659798729036060) }) in Doggo
2024-06-04T16:00:39.038863Z TRACE VirtualDom::render_immediate:render{scope=Doggo}: dioxus_core::scope_context: looking for context dioxus_core::suspense::SuspenseContext (TypeId { t: (4533244013398082440, 10897659798729036060) }) in FrozenContext
2024-06-04T16:00:39.038879Z TRACE VirtualDom::render_immediate:render{scope=Doggo}: dioxus_core::scope_context: found context TypeId { t: (9286496122914249738, 8586425926625933774) }
2024-06-04T16:00:39.038894Z TRACE VirtualDom::render_immediate:render{scope=Doggo}: dioxus_core::scope_context: looking for context dioxus_core::suspense::SuspenseContext (TypeId { t: (4533244013398082440, 10897659798729036060) }) in SuspenseBoundary
2024-06-04T16:00:39.038910Z TRACE VirtualDom::render_immediate:render{scope=Doggo}: dioxus_core::scope_context: found context TypeId { t: (4533244013398082440, 10897659798729036060) }
2024-06-04T16:00:39.067590Z TRACE VirtualDom::wait_for_work:VirtualDom::process_events: dioxus_core::virtual_dom: Marking task Task { id: 6, unsend: PhantomData<*const ()> } (spawned in ScopeId(5)) as dirty (called from Location { file: "packages/core/src/virtual_dom.rs", line: 505, col: 58 })
2024-06-04T16:00:39.067653Z  INFO VirtualDom::wait_for_work:VirtualDom::process_events:VirtualDom::poll_tasks: dioxus_core::tasks: Polling task Task { id: 6, unsend: PhantomData<*const ()> }
2024-06-04T16:00:39.067700Z TRACE VirtualDom::wait_for_work:VirtualDom::process_events:VirtualDom::poll_tasks: dioxus_signals::signal: Write on signal at examples/suspense.rs:122:19 finished, updating subscribers
2024-06-04T16:00:39.067727Z TRACE VirtualDom::wait_for_work:VirtualDom::process_events:VirtualDom::poll_tasks: dioxus_signals::reactive_context: Marking reactive context created at packages/signals/src/reactive_context.rs:117:13 as dirty
2024-06-04T16:00:39.067743Z TRACE VirtualDom::wait_for_work:VirtualDom::process_events:VirtualDom::poll_tasks: dioxus_signals::reactive_context: Marking scope ScopeId(5, "LoadingDots") as dirty
2024-06-04T16:00:39.067776Z  INFO VirtualDom::wait_for_work:VirtualDom::process_events:VirtualDom::poll_tasks: dioxus_core::tasks: Task Task { id: 6, unsend: PhantomData<*const ()> } finished with result Pending
2024-06-04T16:00:39.067794Z TRACE VirtualDom::wait_for_work:VirtualDom::process_events:VirtualDom::poll_tasks: dioxus_core::virtual_dom: Marking scope ScopeId(5, "LoadingDots") as dirty
2024-06-04T16:00:39.067892Z TRACE VirtualDom::render_immediate:render{scope=LoadingDots}: dioxus_signals::signal: Subscribing to the reactive context ReactiveContext(for scope: ScopeId(5, "LoadingDots"))
2024-06-04T16:00:39.067932Z TRACE VirtualDom::render_immediate: dioxus_core::scope_context: looking for context dioxus_core::suspense::FrozenContext (TypeId { t: (9286496122914249738, 8586425926625933774) }) in LoadingDots
2024-06-04T16:00:39.067947Z TRACE VirtualDom::render_immediate: dioxus_core::scope_context: looking for context dioxus_core::suspense::FrozenContext (TypeId { t: (9286496122914249738, 8586425926625933774) }) in SuspenseBoundary
2024-06-04T16:00:39.067959Z TRACE VirtualDom::render_immediate: dioxus_core::scope_context: found context TypeId { t: (4533244013398082440, 10897659798729036060) }
2024-06-04T16:00:39.067970Z TRACE VirtualDom::render_immediate: dioxus_core::scope_context: looking for context dioxus_core::suspense::FrozenContext (TypeId { t: (9286496122914249738, 8586425926625933774) }) in app
2024-06-04T16:00:39.067982Z TRACE VirtualDom::render_immediate: dioxus_core::scope_context: found context TypeId { t: (3582638416876954437, 3810890675802792692) }
2024-06-04T16:00:39.067993Z TRACE VirtualDom::render_immediate: dioxus_core::scope_context: found context TypeId { t: (7946844621057603534, 4355211565432133561) }
2024-06-04T16:00:39.068003Z TRACE VirtualDom::render_immediate: dioxus_core::scope_context: found context TypeId { t: (10682502755203913650, 15985576721215419306) }
2024-06-04T16:00:39.068014Z TRACE VirtualDom::render_immediate: dioxus_core::scope_context: context dioxus_core::suspense::FrozenContext (TypeId { t: (9286496122914249738, 8586425926625933774) }) not found
2024-06-04T16:00:39.068035Z TRACE VirtualDom::render_immediate: dioxus_core::diff::node: moving mount self=VNode { vnode: VNodeInner { key: None, template: Cell { value: Template { name: "examples/suspense.rs:127:5:4128", roots: [Dynamic { id: 0 }], node_paths: [[0]], attr_paths: [] } }, dynamic_nodes: [Text(VText { value: ".." })], dynamic_attrs: [] }, mount: Cell { value: MountId(7) } } new=VNode { vnode: VNodeInner { key: None, template: Cell { value: Template { name: "examples/suspense.rs:127:5:4128", roots: [Dynamic { id: 0 }], node_paths: [[0]], attr_paths: [] } }, dynamic_nodes: [Text(VText { value: "..." })], dynamic_attrs: [] }, mount: Cell { value: MountId(7) } }
2024-06-04T16:00:39.068067Z TRACE VirtualDom::render_immediate: dioxus_core::diff::node: mount id: MountId(7)
2024-06-04T16:00:39.068077Z TRACE VirtualDom::render_immediate: dioxus_core::diff::node: mounts: Slab { len: 8, cap: 8 }
2024-06-04T16:00:39.106666Z TRACE VirtualDom::wait_for_work:VirtualDom::process_events: dioxus_core::virtual_dom: Marking task Task { id: 3, unsend: PhantomData<*const ()> } (spawned in ScopeId(4)) as dirty (called from Location { file: "packages/core/src/virtual_dom.rs", line: 505, col: 58 })
2024-06-04T16:00:39.106772Z  INFO VirtualDom::wait_for_work:VirtualDom::process_events:VirtualDom::poll_tasks: dioxus_core::tasks: Polling task Task { id: 3, unsend: PhantomData<*const ()> }
2024-06-04T16:00:39.106842Z  INFO VirtualDom::wait_for_work:VirtualDom::process_events:VirtualDom::poll_tasks: dioxus_core::tasks: Task Task { id: 3, unsend: PhantomData<*const ()> } finished with result Pending
2024-06-04T16:00:39.106867Z TRACE VirtualDom::wait_for_work:VirtualDom::process_events:VirtualDom::poll_tasks: dioxus_core::virtual_dom: Marking scope ScopeId(4, "Doggo") as dirty
2024-06-04T16:00:39.107005Z TRACE VirtualDom::render_immediate:render{scope=Doggo}: dioxus_signals::signal: Subscribing to the reactive context ReactiveContext(for scope: ScopeId(4, "Doggo"))
2024-06-04T16:00:39.107042Z TRACE VirtualDom::render_immediate:render{scope=Doggo}: dioxus_signals::signal: Subscribing to the reactive context ReactiveContext(for scope: ScopeId(4, "Doggo"))
2024-06-04T16:00:39.107074Z TRACE VirtualDom::render_immediate:render{scope=Doggo}: dioxus_core::scope_context: looking for context dioxus_core::suspense::SuspenseContext (TypeId { t: (4533244013398082440, 10897659798729036060) }) in Doggo
2024-06-04T16:00:39.107093Z TRACE VirtualDom::render_immediate:render{scope=Doggo}: dioxus_core::scope_context: looking for context dioxus_core::suspense::SuspenseContext (TypeId { t: (4533244013398082440, 10897659798729036060) }) in FrozenContext
2024-06-04T16:00:39.107111Z TRACE VirtualDom::render_immediate:render{scope=Doggo}: dioxus_core::scope_context: found context TypeId { t: (9286496122914249738, 8586425926625933774) }
2024-06-04T16:00:39.107138Z TRACE VirtualDom::render_immediate:render{scope=Doggo}: dioxus_core::scope_context: looking for context dioxus_core::suspense::SuspenseContext (TypeId { t: (4533244013398082440, 10897659798729036060) }) in SuspenseBoundary
2024-06-04T16:00:39.107153Z TRACE VirtualDom::render_immediate:render{scope=Doggo}: dioxus_core::scope_context: found context TypeId { t: (4533244013398082440, 10897659798729036060) }
2024-06-04T16:00:39.140368Z TRACE VirtualDom::wait_for_work:VirtualDom::process_events: dioxus_core::virtual_dom: Marking task Task { id: 0, unsend: PhantomData<*const ()> } (spawned in ScopeId(3)) as dirty (called from Location { file: "packages/core/src/virtual_dom.rs", line: 505, col: 58 })
2024-06-04T16:00:39.140461Z  INFO VirtualDom::wait_for_work:VirtualDom::process_events:VirtualDom::poll_tasks: dioxus_core::tasks: Polling task Task { id: 0, unsend: PhantomData<*const ()> }
2024-06-04T16:00:39.140519Z  INFO VirtualDom::wait_for_work:VirtualDom::process_events:VirtualDom::poll_tasks: dioxus_core::tasks: Task Task { id: 0, unsend: PhantomData<*const ()> } finished with result Pending
2024-06-04T16:00:39.140546Z TRACE VirtualDom::wait_for_work:VirtualDom::process_events:VirtualDom::poll_tasks: dioxus_core::virtual_dom: Marking scope ScopeId(3, "Doggo") as dirty
2024-06-04T16:00:39.140675Z TRACE VirtualDom::render_immediate:render{scope=Doggo}: dioxus_signals::signal: Subscribing to the reactive context ReactiveContext(for scope: ScopeId(3, "Doggo"))
2024-06-04T16:00:39.140711Z TRACE VirtualDom::render_immediate:render{scope=Doggo}: dioxus_signals::signal: Subscribing to the reactive context ReactiveContext(for scope: ScopeId(3, "Doggo"))
2024-06-04T16:00:39.140738Z TRACE VirtualDom::render_immediate:render{scope=Doggo}: dioxus_core::scope_context: looking for context dioxus_core::suspense::SuspenseContext (TypeId { t: (4533244013398082440, 10897659798729036060) }) in Doggo
2024-06-04T16:00:39.140759Z TRACE VirtualDom::render_immediate:render{scope=Doggo}: dioxus_core::scope_context: looking for context dioxus_core::suspense::SuspenseContext (TypeId { t: (4533244013398082440, 10897659798729036060) }) in FrozenContext
2024-06-04T16:00:39.140775Z TRACE VirtualDom::render_immediate:render{scope=Doggo}: dioxus_core::scope_context: found context TypeId { t: (9286496122914249738, 8586425926625933774) }
2024-06-04T16:00:39.140789Z TRACE VirtualDom::render_immediate:render{scope=Doggo}: dioxus_core::scope_context: looking for context dioxus_core::suspense::SuspenseContext (TypeId { t: (4533244013398082440, 10897659798729036060) }) in SuspenseBoundary
2024-06-04T16:00:39.140802Z TRACE VirtualDom::render_immediate:render{scope=Doggo}: dioxus_core::scope_context: found context TypeId { t: (4533244013398082440, 10897659798729036060) }
2024-06-04T16:00:39.208231Z TRACE VirtualDom::wait_for_work:VirtualDom::process_events: dioxus_core::virtual_dom: Marking task Task { id: 3, unsend: PhantomData<*const ()> } (spawned in ScopeId(4)) as dirty (called from Location { file: "packages/core/src/virtual_dom.rs", line: 505, col: 58 })
2024-06-04T16:00:39.208328Z  INFO VirtualDom::wait_for_work:VirtualDom::process_events:VirtualDom::poll_tasks: dioxus_core::tasks: Polling task Task { id: 3, unsend: PhantomData<*const ()> }
2024-06-04T16:00:39.208397Z  INFO VirtualDom::wait_for_work:VirtualDom::process_events:VirtualDom::poll_tasks: dioxus_core::tasks: Task Task { id: 3, unsend: PhantomData<*const ()> } finished with result Pending
2024-06-04T16:00:39.208423Z TRACE VirtualDom::wait_for_work:VirtualDom::process_events:VirtualDom::poll_tasks: dioxus_core::virtual_dom: Marking scope ScopeId(4, "Doggo") as dirty
2024-06-04T16:00:39.208539Z TRACE VirtualDom::render_immediate:render{scope=Doggo}: dioxus_signals::signal: Subscribing to the reactive context ReactiveContext(for scope: ScopeId(4, "Doggo"))
2024-06-04T16:00:39.208584Z TRACE VirtualDom::render_immediate:render{scope=Doggo}: dioxus_signals::signal: Subscribing to the reactive context ReactiveContext(for scope: ScopeId(4, "Doggo"))
2024-06-04T16:00:39.208613Z TRACE VirtualDom::render_immediate:render{scope=Doggo}: dioxus_core::scope_context: looking for context dioxus_core::suspense::SuspenseContext (TypeId { t: (4533244013398082440, 10897659798729036060) }) in Doggo
2024-06-04T16:00:39.208632Z TRACE VirtualDom::render_immediate:render{scope=Doggo}: dioxus_core::scope_context: looking for context dioxus_core::suspense::SuspenseContext (TypeId { t: (4533244013398082440, 10897659798729036060) }) in FrozenContext
2024-06-04T16:00:39.208648Z TRACE VirtualDom::render_immediate:render{scope=Doggo}: dioxus_core::scope_context: found context TypeId { t: (9286496122914249738, 8586425926625933774) }
2024-06-04T16:00:39.208663Z TRACE VirtualDom::render_immediate:render{scope=Doggo}: dioxus_core::scope_context: looking for context dioxus_core::suspense::SuspenseContext (TypeId { t: (4533244013398082440, 10897659798729036060) }) in SuspenseBoundary
2024-06-04T16:00:39.208679Z TRACE VirtualDom::render_immediate:render{scope=Doggo}: dioxus_core::scope_context: found context TypeId { t: (4533244013398082440, 10897659798729036060) }
2024-06-04T16:00:39.242309Z TRACE VirtualDom::wait_for_work:VirtualDom::process_events: dioxus_core::virtual_dom: Marking task Task { id: 0, unsend: PhantomData<*const ()> } (spawned in ScopeId(3)) as dirty (called from Location { file: "packages/core/src/virtual_dom.rs", line: 505, col: 58 })
2024-06-04T16:00:39.242378Z  INFO VirtualDom::wait_for_work:VirtualDom::process_events:VirtualDom::poll_tasks: dioxus_core::tasks: Polling task Task { id: 0, unsend: PhantomData<*const ()> }
2024-06-04T16:00:39.242425Z  INFO VirtualDom::wait_for_work:VirtualDom::process_events:VirtualDom::poll_tasks: dioxus_core::tasks: Task Task { id: 0, unsend: PhantomData<*const ()> } finished with result Pending
2024-06-04T16:00:39.242445Z TRACE VirtualDom::wait_for_work:VirtualDom::process_events:VirtualDom::poll_tasks: dioxus_core::virtual_dom: Marking scope ScopeId(3, "Doggo") as dirty
2024-06-04T16:00:39.242544Z TRACE VirtualDom::render_immediate:render{scope=Doggo}: dioxus_signals::signal: Subscribing to the reactive context ReactiveContext(for scope: ScopeId(3, "Doggo"))
2024-06-04T16:00:39.242576Z TRACE VirtualDom::render_immediate:render{scope=Doggo}: dioxus_signals::signal: Subscribing to the reactive context ReactiveContext(for scope: ScopeId(3, "Doggo"))
2024-06-04T16:00:39.242598Z TRACE VirtualDom::render_immediate:render{scope=Doggo}: dioxus_core::scope_context: looking for context dioxus_core::suspense::SuspenseContext (TypeId { t: (4533244013398082440, 10897659798729036060) }) in Doggo
2024-06-04T16:00:39.242615Z TRACE VirtualDom::render_immediate:render{scope=Doggo}: dioxus_core::scope_context: looking for context dioxus_core::suspense::SuspenseContext (TypeId { t: (4533244013398082440, 10897659798729036060) }) in FrozenContext
2024-06-04T16:00:39.242627Z TRACE VirtualDom::render_immediate:render{scope=Doggo}: dioxus_core::scope_context: found context TypeId { t: (9286496122914249738, 8586425926625933774) }
2024-06-04T16:00:39.242640Z TRACE VirtualDom::render_immediate:render{scope=Doggo}: dioxus_core::scope_context: looking for context dioxus_core::suspense::SuspenseContext (TypeId { t: (4533244013398082440, 10897659798729036060) }) in SuspenseBoundary
2024-06-04T16:00:39.242653Z TRACE VirtualDom::render_immediate:render{scope=Doggo}: dioxus_core::scope_context: found context TypeId { t: (4533244013398082440, 10897659798729036060) }
2024-06-04T16:00:39.269366Z TRACE VirtualDom::wait_for_work:VirtualDom::process_events: dioxus_core::virtual_dom: Marking task Task { id: 6, unsend: PhantomData<*const ()> } (spawned in ScopeId(5)) as dirty (called from Location { file: "packages/core/src/virtual_dom.rs", line: 505, col: 58 })
2024-06-04T16:00:39.269436Z  INFO VirtualDom::wait_for_work:VirtualDom::process_events:VirtualDom::poll_tasks: dioxus_core::tasks: Polling task Task { id: 6, unsend: PhantomData<*const ()> }
2024-06-04T16:00:39.269477Z TRACE VirtualDom::wait_for_work:VirtualDom::process_events:VirtualDom::poll_tasks: dioxus_signals::signal: Write on signal at examples/suspense.rs:122:19 finished, updating subscribers
2024-06-04T16:00:39.269501Z TRACE VirtualDom::wait_for_work:VirtualDom::process_events:VirtualDom::poll_tasks: dioxus_signals::reactive_context: Marking reactive context created at packages/signals/src/reactive_context.rs:117:13 as dirty
2024-06-04T16:00:39.269515Z TRACE VirtualDom::wait_for_work:VirtualDom::process_events:VirtualDom::poll_tasks: dioxus_signals::reactive_context: Marking scope ScopeId(5, "LoadingDots") as dirty
2024-06-04T16:00:39.269545Z  INFO VirtualDom::wait_for_work:VirtualDom::process_events:VirtualDom::poll_tasks: dioxus_core::tasks: Task Task { id: 6, unsend: PhantomData<*const ()> } finished with result Pending
2024-06-04T16:00:39.269561Z TRACE VirtualDom::wait_for_work:VirtualDom::process_events:VirtualDom::poll_tasks: dioxus_core::virtual_dom: Marking scope ScopeId(5, "LoadingDots") as dirty
2024-06-04T16:00:39.269654Z TRACE VirtualDom::render_immediate:render{scope=LoadingDots}: dioxus_signals::signal: Subscribing to the reactive context ReactiveContext(for scope: ScopeId(5, "LoadingDots"))
2024-06-04T16:00:39.269686Z TRACE VirtualDom::render_immediate: dioxus_core::scope_context: looking for context dioxus_core::suspense::FrozenContext (TypeId { t: (9286496122914249738, 8586425926625933774) }) in LoadingDots
2024-06-04T16:00:39.269701Z TRACE VirtualDom::render_immediate: dioxus_core::scope_context: looking for context dioxus_core::suspense::FrozenContext (TypeId { t: (9286496122914249738, 8586425926625933774) }) in SuspenseBoundary
2024-06-04T16:00:39.269712Z TRACE VirtualDom::render_immediate: dioxus_core::scope_context: found context TypeId { t: (4533244013398082440, 10897659798729036060) }
2024-06-04T16:00:39.269722Z TRACE VirtualDom::render_immediate: dioxus_core::scope_context: looking for context dioxus_core::suspense::FrozenContext (TypeId { t: (9286496122914249738, 8586425926625933774) }) in app
2024-06-04T16:00:39.269732Z TRACE VirtualDom::render_immediate: dioxus_core::scope_context: found context TypeId { t: (3582638416876954437, 3810890675802792692) }
2024-06-04T16:00:39.269742Z TRACE VirtualDom::render_immediate: dioxus_core::scope_context: found context TypeId { t: (7946844621057603534, 4355211565432133561) }
2024-06-04T16:00:39.269752Z TRACE VirtualDom::render_immediate: dioxus_core::scope_context: found context TypeId { t: (10682502755203913650, 15985576721215419306) }
2024-06-04T16:00:39.269761Z TRACE VirtualDom::render_immediate: dioxus_core::scope_context: context dioxus_core::suspense::FrozenContext (TypeId { t: (9286496122914249738, 8586425926625933774) }) not found
2024-06-04T16:00:39.269779Z TRACE VirtualDom::render_immediate: dioxus_core::diff::node: moving mount self=VNode { vnode: VNodeInner { key: None, template: Cell { value: Template { name: "examples/suspense.rs:127:5:4128", roots: [Dynamic { id: 0 }], node_paths: [[0]], attr_paths: [] } }, dynamic_nodes: [Text(VText { value: "..." })], dynamic_attrs: [] }, mount: Cell { value: MountId(7) } } new=VNode { vnode: VNodeInner { key: None, template: Cell { value: Template { name: "examples/suspense.rs:127:5:4128", roots: [Dynamic { id: 0 }], node_paths: [[0]], attr_paths: [] } }, dynamic_nodes: [Text(VText { value: "" })], dynamic_attrs: [] }, mount: Cell { value: MountId(7) } }
2024-06-04T16:00:39.269805Z TRACE VirtualDom::render_immediate: dioxus_core::diff::node: mount id: MountId(7)
2024-06-04T16:00:39.269814Z TRACE VirtualDom::render_immediate: dioxus_core::diff::node: mounts: Slab { len: 8, cap: 8 }
2024-06-04T16:00:39.310575Z TRACE VirtualDom::wait_for_work:VirtualDom::process_events: dioxus_core::virtual_dom: Marking task Task { id: 3, unsend: PhantomData<*const ()> } (spawned in ScopeId(4)) as dirty (called from Location { file: "packages/core/src/virtual_dom.rs", line: 505, col: 58 })
2024-06-04T16:00:39.310708Z  INFO VirtualDom::wait_for_work:VirtualDom::process_events:VirtualDom::poll_tasks: dioxus_core::tasks: Polling task Task { id: 3, unsend: PhantomData<*const ()> }
2024-06-04T16:00:39.310797Z  INFO VirtualDom::wait_for_work:VirtualDom::process_events:VirtualDom::poll_tasks: dioxus_core::tasks: Task Task { id: 3, unsend: PhantomData<*const ()> } finished with result Pending
2024-06-04T16:00:39.310820Z TRACE VirtualDom::wait_for_work:VirtualDom::process_events:VirtualDom::poll_tasks: dioxus_core::virtual_dom: Marking scope ScopeId(4, "Doggo") as dirty
2024-06-04T16:00:39.310939Z TRACE VirtualDom::render_immediate:render{scope=Doggo}: dioxus_signals::signal: Subscribing to the reactive context ReactiveContext(for scope: ScopeId(4, "Doggo"))
2024-06-04T16:00:39.311004Z TRACE VirtualDom::render_immediate:render{scope=Doggo}: dioxus_signals::signal: Subscribing to the reactive context ReactiveContext(for scope: ScopeId(4, "Doggo"))
2024-06-04T16:00:39.311045Z TRACE VirtualDom::render_immediate:render{scope=Doggo}: dioxus_core::scope_context: looking for context dioxus_core::suspense::SuspenseContext (TypeId { t: (4533244013398082440, 10897659798729036060) }) in Doggo
2024-06-04T16:00:39.311065Z TRACE VirtualDom::render_immediate:render{scope=Doggo}: dioxus_core::scope_context: looking for context dioxus_core::suspense::SuspenseContext (TypeId { t: (4533244013398082440, 10897659798729036060) }) in FrozenContext
2024-06-04T16:00:39.311078Z TRACE VirtualDom::render_immediate:render{scope=Doggo}: dioxus_core::scope_context: found context TypeId { t: (9286496122914249738, 8586425926625933774) }
2024-06-04T16:00:39.311089Z TRACE VirtualDom::render_immediate:render{scope=Doggo}: dioxus_core::scope_context: looking for context dioxus_core::suspense::SuspenseContext (TypeId { t: (4533244013398082440, 10897659798729036060) }) in SuspenseBoundary
2024-06-04T16:00:39.311108Z TRACE VirtualDom::render_immediate:render{scope=Doggo}: dioxus_core::scope_context: found context TypeId { t: (4533244013398082440, 10897659798729036060) }
2024-06-04T16:00:39.344647Z TRACE VirtualDom::wait_for_work:VirtualDom::process_events: dioxus_core::virtual_dom: Marking task Task { id: 0, unsend: PhantomData<*const ()> } (spawned in ScopeId(3)) as dirty (called from Location { file: "packages/core/src/virtual_dom.rs", line: 505, col: 58 })
2024-06-04T16:00:39.344745Z  INFO VirtualDom::wait_for_work:VirtualDom::process_events:VirtualDom::poll_tasks: dioxus_core::tasks: Polling task Task { id: 0, unsend: PhantomData<*const ()> }
2024-06-04T16:00:39.344799Z  INFO VirtualDom::wait_for_work:VirtualDom::process_events:VirtualDom::poll_tasks: dioxus_core::tasks: Task Task { id: 0, unsend: PhantomData<*const ()> } finished with result Pending
2024-06-04T16:00:39.344826Z TRACE VirtualDom::wait_for_work:VirtualDom::process_events:VirtualDom::poll_tasks: dioxus_core::virtual_dom: Marking scope ScopeId(3, "Doggo") as dirty
2024-06-04T16:00:39.344933Z TRACE VirtualDom::render_immediate:render{scope=Doggo}: dioxus_signals::signal: Subscribing to the reactive context ReactiveContext(for scope: ScopeId(3, "Doggo"))
2024-06-04T16:00:39.344962Z TRACE VirtualDom::render_immediate:render{scope=Doggo}: dioxus_signals::signal: Subscribing to the reactive context ReactiveContext(for scope: ScopeId(3, "Doggo"))
2024-06-04T16:00:39.344983Z TRACE VirtualDom::render_immediate:render{scope=Doggo}: dioxus_core::scope_context: looking for context dioxus_core::suspense::SuspenseContext (TypeId { t: (4533244013398082440, 10897659798729036060) }) in Doggo
2024-06-04T16:00:39.344998Z TRACE VirtualDom::render_immediate:render{scope=Doggo}: dioxus_core::scope_context: looking for context dioxus_core::suspense::SuspenseContext (TypeId { t: (4533244013398082440, 10897659798729036060) }) in FrozenContext
2024-06-04T16:00:39.345010Z TRACE VirtualDom::render_immediate:render{scope=Doggo}: dioxus_core::scope_context: found context TypeId { t: (9286496122914249738, 8586425926625933774) }
2024-06-04T16:00:39.345022Z TRACE VirtualDom::render_immediate:render{scope=Doggo}: dioxus_core::scope_context: looking for context dioxus_core::suspense::SuspenseContext (TypeId { t: (4533244013398082440, 10897659798729036060) }) in SuspenseBoundary
2024-06-04T16:00:39.345034Z TRACE VirtualDom::render_immediate:render{scope=Doggo}: dioxus_core::scope_context: found context TypeId { t: (4533244013398082440, 10897659798729036060) }
2024-06-04T16:00:39.411983Z TRACE VirtualDom::wait_for_work:VirtualDom::process_events: dioxus_core::virtual_dom: Marking task Task { id: 3, unsend: PhantomData<*const ()> } (spawned in ScopeId(4)) as dirty (called from Location { file: "packages/core/src/virtual_dom.rs", line: 505, col: 58 })
2024-06-04T16:00:39.412132Z  INFO VirtualDom::wait_for_work:VirtualDom::process_events:VirtualDom::poll_tasks: dioxus_core::tasks: Polling task Task { id: 3, unsend: PhantomData<*const ()> }
2024-06-04T16:00:39.412204Z  INFO VirtualDom::wait_for_work:VirtualDom::process_events:VirtualDom::poll_tasks: dioxus_core::tasks: Task Task { id: 3, unsend: PhantomData<*const ()> } finished with result Pending
2024-06-04T16:00:39.412225Z TRACE VirtualDom::wait_for_work:VirtualDom::process_events:VirtualDom::poll_tasks: dioxus_core::virtual_dom: Marking scope ScopeId(4, "Doggo") as dirty
2024-06-04T16:00:39.412387Z TRACE VirtualDom::render_immediate:render{scope=Doggo}: dioxus_signals::signal: Subscribing to the reactive context ReactiveContext(for scope: ScopeId(4, "Doggo"))
2024-06-04T16:00:39.412419Z TRACE VirtualDom::render_immediate:render{scope=Doggo}: dioxus_signals::signal: Subscribing to the reactive context ReactiveContext(for scope: ScopeId(4, "Doggo"))
2024-06-04T16:00:39.412446Z TRACE VirtualDom::render_immediate:render{scope=Doggo}: dioxus_core::scope_context: looking for context dioxus_core::suspense::SuspenseContext (TypeId { t: (4533244013398082440, 10897659798729036060) }) in Doggo
2024-06-04T16:00:39.412462Z TRACE VirtualDom::render_immediate:render{scope=Doggo}: dioxus_core::scope_context: looking for context dioxus_core::suspense::SuspenseContext (TypeId { t: (4533244013398082440, 10897659798729036060) }) in FrozenContext
2024-06-04T16:00:39.412474Z TRACE VirtualDom::render_immediate:render{scope=Doggo}: dioxus_core::scope_context: found context TypeId { t: (9286496122914249738, 8586425926625933774) }
2024-06-04T16:00:39.412485Z TRACE VirtualDom::render_immediate:render{scope=Doggo}: dioxus_core::scope_context: looking for context dioxus_core::suspense::SuspenseContext (TypeId { t: (4533244013398082440, 10897659798729036060) }) in SuspenseBoundary
2024-06-04T16:00:39.412496Z TRACE VirtualDom::render_immediate:render{scope=Doggo}: dioxus_core::scope_context: found context TypeId { t: (4533244013398082440, 10897659798729036060) }
2024-06-04T16:00:39.447047Z TRACE VirtualDom::wait_for_work:VirtualDom::process_events: dioxus_core::virtual_dom: Marking task Task { id: 0, unsend: PhantomData<*const ()> } (spawned in ScopeId(3)) as dirty (called from Location { file: "packages/core/src/virtual_dom.rs", line: 505, col: 58 })
2024-06-04T16:00:39.447156Z  INFO VirtualDom::wait_for_work:VirtualDom::process_events:VirtualDom::poll_tasks: dioxus_core::tasks: Polling task Task { id: 0, unsend: PhantomData<*const ()> }
2024-06-04T16:00:39.447218Z  INFO VirtualDom::wait_for_work:VirtualDom::process_events:VirtualDom::poll_tasks: dioxus_core::tasks: Task Task { id: 0, unsend: PhantomData<*const ()> } finished with result Pending
2024-06-04T16:00:39.447239Z TRACE VirtualDom::wait_for_work:VirtualDom::process_events:VirtualDom::poll_tasks: dioxus_core::virtual_dom: Marking scope ScopeId(3, "Doggo") as dirty
2024-06-04T16:00:39.447370Z TRACE VirtualDom::render_immediate:render{scope=Doggo}: dioxus_signals::signal: Subscribing to the reactive context ReactiveContext(for scope: ScopeId(3, "Doggo"))
2024-06-04T16:00:39.447404Z TRACE VirtualDom::render_immediate:render{scope=Doggo}: dioxus_signals::signal: Subscribing to the reactive context ReactiveContext(for scope: ScopeId(3, "Doggo"))
2024-06-04T16:00:39.447427Z TRACE VirtualDom::render_immediate:render{scope=Doggo}: dioxus_core::scope_context: looking for context dioxus_core::suspense::SuspenseContext (TypeId { t: (4533244013398082440, 10897659798729036060) }) in Doggo
2024-06-04T16:00:39.447442Z TRACE VirtualDom::render_immediate:render{scope=Doggo}: dioxus_core::scope_context: looking for context dioxus_core::suspense::SuspenseContext (TypeId { t: (4533244013398082440, 10897659798729036060) }) in FrozenContext
2024-06-04T16:00:39.447454Z TRACE VirtualDom::render_immediate:render{scope=Doggo}: dioxus_core::scope_context: found context TypeId { t: (9286496122914249738, 8586425926625933774) }
2024-06-04T16:00:39.447466Z TRACE VirtualDom::render_immediate:render{scope=Doggo}: dioxus_core::scope_context: looking for context dioxus_core::suspense::SuspenseContext (TypeId { t: (4533244013398082440, 10897659798729036060) }) in SuspenseBoundary
2024-06-04T16:00:39.447480Z TRACE VirtualDom::render_immediate:render{scope=Doggo}: dioxus_core::scope_context: found context TypeId { t: (4533244013398082440, 10897659798729036060) }
2024-06-04T16:00:39.472070Z TRACE VirtualDom::wait_for_work:VirtualDom::process_events: dioxus_core::virtual_dom: Marking task Task { id: 6, unsend: PhantomData<*const ()> } (spawned in ScopeId(5)) as dirty (called from Location { file: "packages/core/src/virtual_dom.rs", line: 505, col: 58 })
2024-06-04T16:00:39.472135Z  INFO VirtualDom::wait_for_work:VirtualDom::process_events:VirtualDom::poll_tasks: dioxus_core::tasks: Polling task Task { id: 6, unsend: PhantomData<*const ()> }
2024-06-04T16:00:39.472180Z TRACE VirtualDom::wait_for_work:VirtualDom::process_events:VirtualDom::poll_tasks: dioxus_signals::signal: Write on signal at examples/suspense.rs:122:19 finished, updating subscribers
2024-06-04T16:00:39.472215Z TRACE VirtualDom::wait_for_work:VirtualDom::process_events:VirtualDom::poll_tasks: dioxus_signals::reactive_context: Marking reactive context created at packages/signals/src/reactive_context.rs:117:13 as dirty
2024-06-04T16:00:39.472228Z TRACE VirtualDom::wait_for_work:VirtualDom::process_events:VirtualDom::poll_tasks: dioxus_signals::reactive_context: Marking scope ScopeId(5, "LoadingDots") as dirty
2024-06-04T16:00:39.472257Z  INFO VirtualDom::wait_for_work:VirtualDom::process_events:VirtualDom::poll_tasks: dioxus_core::tasks: Task Task { id: 6, unsend: PhantomData<*const ()> } finished with result Pending
2024-06-04T16:00:39.472272Z TRACE VirtualDom::wait_for_work:VirtualDom::process_events:VirtualDom::poll_tasks: dioxus_core::virtual_dom: Marking scope ScopeId(5, "LoadingDots") as dirty
2024-06-04T16:00:39.472356Z TRACE VirtualDom::render_immediate:render{scope=LoadingDots}: dioxus_signals::signal: Subscribing to the reactive context ReactiveContext(for scope: ScopeId(5, "LoadingDots"))
2024-06-04T16:00:39.472387Z TRACE VirtualDom::render_immediate: dioxus_core::scope_context: looking for context dioxus_core::suspense::FrozenContext (TypeId { t: (9286496122914249738, 8586425926625933774) }) in LoadingDots
2024-06-04T16:00:39.472400Z TRACE VirtualDom::render_immediate: dioxus_core::scope_context: looking for context dioxus_core::suspense::FrozenContext (TypeId { t: (9286496122914249738, 8586425926625933774) }) in SuspenseBoundary
2024-06-04T16:00:39.472410Z TRACE VirtualDom::render_immediate: dioxus_core::scope_context: found context TypeId { t: (4533244013398082440, 10897659798729036060) }
2024-06-04T16:00:39.472419Z TRACE VirtualDom::render_immediate: dioxus_core::scope_context: looking for context dioxus_core::suspense::FrozenContext (TypeId { t: (9286496122914249738, 8586425926625933774) }) in app
2024-06-04T16:00:39.472429Z TRACE VirtualDom::render_immediate: dioxus_core::scope_context: found context TypeId { t: (3582638416876954437, 3810890675802792692) }
2024-06-04T16:00:39.472438Z TRACE VirtualDom::render_immediate: dioxus_core::scope_context: found context TypeId { t: (7946844621057603534, 4355211565432133561) }
2024-06-04T16:00:39.472447Z TRACE VirtualDom::render_immediate: dioxus_core::scope_context: found context TypeId { t: (10682502755203913650, 15985576721215419306) }
2024-06-04T16:00:39.472457Z TRACE VirtualDom::render_immediate: dioxus_core::scope_context: context dioxus_core::suspense::FrozenContext (TypeId { t: (9286496122914249738, 8586425926625933774) }) not found
2024-06-04T16:00:39.472476Z TRACE VirtualDom::render_immediate: dioxus_core::diff::node: moving mount self=VNode { vnode: VNodeInner { key: None, template: Cell { value: Template { name: "examples/suspense.rs:127:5:4128", roots: [Dynamic { id: 0 }], node_paths: [[0]], attr_paths: [] } }, dynamic_nodes: [Text(VText { value: "" })], dynamic_attrs: [] }, mount: Cell { value: MountId(7) } } new=VNode { vnode: VNodeInner { key: None, template: Cell { value: Template { name: "examples/suspense.rs:127:5:4128", roots: [Dynamic { id: 0 }], node_paths: [[0]], attr_paths: [] } }, dynamic_nodes: [Text(VText { value: "." })], dynamic_attrs: [] }, mount: Cell { value: MountId(7) } }
2024-06-04T16:00:39.472504Z TRACE VirtualDom::render_immediate: dioxus_core::diff::node: mount id: MountId(7)
2024-06-04T16:00:39.472512Z TRACE VirtualDom::render_immediate: dioxus_core::diff::node: mounts: Slab { len: 8, cap: 8 }
2024-06-04T16:00:39.514129Z TRACE VirtualDom::wait_for_work:VirtualDom::process_events: dioxus_core::virtual_dom: Marking task Task { id: 3, unsend: PhantomData<*const ()> } (spawned in ScopeId(4)) as dirty (called from Location { file: "packages/core/src/virtual_dom.rs", line: 505, col: 58 })
2024-06-04T16:00:39.514200Z  INFO VirtualDom::wait_for_work:VirtualDom::process_events:VirtualDom::poll_tasks: dioxus_core::tasks: Polling task Task { id: 3, unsend: PhantomData<*const ()> }
2024-06-04T16:00:39.514253Z  INFO VirtualDom::wait_for_work:VirtualDom::process_events:VirtualDom::poll_tasks: dioxus_core::tasks: Task Task { id: 3, unsend: PhantomData<*const ()> } finished with result Pending
2024-06-04T16:00:39.514272Z TRACE VirtualDom::wait_for_work:VirtualDom::process_events:VirtualDom::poll_tasks: dioxus_core::virtual_dom: Marking scope ScopeId(4, "Doggo") as dirty
2024-06-04T16:00:39.514390Z TRACE VirtualDom::render_immediate:render{scope=Doggo}: dioxus_signals::signal: Subscribing to the reactive context ReactiveContext(for scope: ScopeId(4, "Doggo"))
2024-06-04T16:00:39.514425Z TRACE VirtualDom::render_immediate:render{scope=Doggo}: dioxus_signals::signal: Subscribing to the reactive context ReactiveContext(for scope: ScopeId(4, "Doggo"))
2024-06-04T16:00:39.514447Z TRACE VirtualDom::render_immediate:render{scope=Doggo}: dioxus_core::scope_context: looking for context dioxus_core::suspense::SuspenseContext (TypeId { t: (4533244013398082440, 10897659798729036060) }) in Doggo
2024-06-04T16:00:39.514463Z TRACE VirtualDom::render_immediate:render{scope=Doggo}: dioxus_core::scope_context: looking for context dioxus_core::suspense::SuspenseContext (TypeId { t: (4533244013398082440, 10897659798729036060) }) in FrozenContext
2024-06-04T16:00:39.514475Z TRACE VirtualDom::render_immediate:render{scope=Doggo}: dioxus_core::scope_context: found context TypeId { t: (9286496122914249738, 8586425926625933774) }
2024-06-04T16:00:39.514487Z TRACE VirtualDom::render_immediate:render{scope=Doggo}: dioxus_core::scope_context: looking for context dioxus_core::suspense::SuspenseContext (TypeId { t: (4533244013398082440, 10897659798729036060) }) in SuspenseBoundary
2024-06-04T16:00:39.514499Z TRACE VirtualDom::render_immediate:render{scope=Doggo}: dioxus_core::scope_context: found context TypeId { t: (4533244013398082440, 10897659798729036060) }
2024-06-04T16:00:39.548741Z TRACE VirtualDom::wait_for_work:VirtualDom::process_events: dioxus_core::virtual_dom: Marking task Task { id: 0, unsend: PhantomData<*const ()> } (spawned in ScopeId(3)) as dirty (called from Location { file: "packages/core/src/virtual_dom.rs", line: 505, col: 58 })
2024-06-04T16:00:39.548859Z  INFO VirtualDom::wait_for_work:VirtualDom::process_events:VirtualDom::poll_tasks: dioxus_core::tasks: Polling task Task { id: 0, unsend: PhantomData<*const ()> }
2024-06-04T16:00:39.548932Z  INFO VirtualDom::wait_for_work:VirtualDom::process_events:VirtualDom::poll_tasks: dioxus_core::tasks: Task Task { id: 0, unsend: PhantomData<*const ()> } finished with result Pending
2024-06-04T16:00:39.548957Z TRACE VirtualDom::wait_for_work:VirtualDom::process_events:VirtualDom::poll_tasks: dioxus_core::virtual_dom: Marking scope ScopeId(3, "Doggo") as dirty
2024-06-04T16:00:39.549068Z TRACE VirtualDom::render_immediate:render{scope=Doggo}: dioxus_signals::signal: Subscribing to the reactive context ReactiveContext(for scope: ScopeId(3, "Doggo"))
2024-06-04T16:00:39.549105Z TRACE VirtualDom::render_immediate:render{scope=Doggo}: dioxus_signals::signal: Subscribing to the reactive context ReactiveContext(for scope: ScopeId(3, "Doggo"))
2024-06-04T16:00:39.549129Z TRACE VirtualDom::render_immediate:render{scope=Doggo}: dioxus_core::scope_context: looking for context dioxus_core::suspense::SuspenseContext (TypeId { t: (4533244013398082440, 10897659798729036060) }) in Doggo
2024-06-04T16:00:39.549144Z TRACE VirtualDom::render_immediate:render{scope=Doggo}: dioxus_core::scope_context: looking for context dioxus_core::suspense::SuspenseContext (TypeId { t: (4533244013398082440, 10897659798729036060) }) in FrozenContext
2024-06-04T16:00:39.549157Z TRACE VirtualDom::render_immediate:render{scope=Doggo}: dioxus_core::scope_context: found context TypeId { t: (9286496122914249738, 8586425926625933774) }
2024-06-04T16:00:39.549169Z TRACE VirtualDom::render_immediate:render{scope=Doggo}: dioxus_core::scope_context: looking for context dioxus_core::suspense::SuspenseContext (TypeId { t: (4533244013398082440, 10897659798729036060) }) in SuspenseBoundary
2024-06-04T16:00:39.549180Z TRACE VirtualDom::render_immediate:render{scope=Doggo}: dioxus_core::scope_context: found context TypeId { t: (4533244013398082440, 10897659798729036060) }
2024-06-04T16:00:39.616818Z TRACE VirtualDom::wait_for_work:VirtualDom::process_events: dioxus_core::virtual_dom: Marking task Task { id: 3, unsend: PhantomData<*const ()> } (spawned in ScopeId(4)) as dirty (called from Location { file: "packages/core/src/virtual_dom.rs", line: 505, col: 58 })
2024-06-04T16:00:39.616908Z  INFO VirtualDom::wait_for_work:VirtualDom::process_events:VirtualDom::poll_tasks: dioxus_core::tasks: Polling task Task { id: 3, unsend: PhantomData<*const ()> }
2024-06-04T16:00:39.616966Z  INFO VirtualDom::wait_for_work:VirtualDom::process_events:VirtualDom::poll_tasks: dioxus_core::tasks: Task Task { id: 3, unsend: PhantomData<*const ()> } finished with result Pending
2024-06-04T16:00:39.616988Z TRACE VirtualDom::wait_for_work:VirtualDom::process_events:VirtualDom::poll_tasks: dioxus_core::virtual_dom: Marking scope ScopeId(4, "Doggo") as dirty
2024-06-04T16:00:39.617098Z TRACE VirtualDom::render_immediate:render{scope=Doggo}: dioxus_signals::signal: Subscribing to the reactive context ReactiveContext(for scope: ScopeId(4, "Doggo"))
2024-06-04T16:00:39.617143Z TRACE VirtualDom::render_immediate:render{scope=Doggo}: dioxus_signals::signal: Subscribing to the reactive context ReactiveContext(for scope: ScopeId(4, "Doggo"))
2024-06-04T16:00:39.617166Z TRACE VirtualDom::render_immediate:render{scope=Doggo}: dioxus_core::scope_context: looking for context dioxus_core::suspense::SuspenseContext (TypeId { t: (4533244013398082440, 10897659798729036060) }) in Doggo
2024-06-04T16:00:39.617181Z TRACE VirtualDom::render_immediate:render{scope=Doggo}: dioxus_core::scope_context: looking for context dioxus_core::suspense::SuspenseContext (TypeId { t: (4533244013398082440, 10897659798729036060) }) in FrozenContext
2024-06-04T16:00:39.617194Z TRACE VirtualDom::render_immediate:render{scope=Doggo}: dioxus_core::scope_context: found context TypeId { t: (9286496122914249738, 8586425926625933774) }
2024-06-04T16:00:39.617205Z TRACE VirtualDom::render_immediate:render{scope=Doggo}: dioxus_core::scope_context: looking for context dioxus_core::suspense::SuspenseContext (TypeId { t: (4533244013398082440, 10897659798729036060) }) in SuspenseBoundary
2024-06-04T16:00:39.617217Z TRACE VirtualDom::render_immediate:render{scope=Doggo}: dioxus_core::scope_context: found context TypeId { t: (4533244013398082440, 10897659798729036060) }
2024-06-04T16:00:39.650890Z TRACE VirtualDom::wait_for_work:VirtualDom::process_events: dioxus_core::virtual_dom: Marking task Task { id: 0, unsend: PhantomData<*const ()> } (spawned in ScopeId(3)) as dirty (called from Location { file: "packages/core/src/virtual_dom.rs", line: 505, col: 58 })
2024-06-04T16:00:39.650990Z  INFO VirtualDom::wait_for_work:VirtualDom::process_events:VirtualDom::poll_tasks: dioxus_core::tasks: Polling task Task { id: 0, unsend: PhantomData<*const ()> }
2024-06-04T16:00:39.651051Z  INFO VirtualDom::wait_for_work:VirtualDom::process_events:VirtualDom::poll_tasks: dioxus_core::tasks: Task Task { id: 0, unsend: PhantomData<*const ()> } finished with result Pending
2024-06-04T16:00:39.651074Z TRACE VirtualDom::wait_for_work:VirtualDom::process_events:VirtualDom::poll_tasks: dioxus_core::virtual_dom: Marking scope ScopeId(3, "Doggo") as dirty
2024-06-04T16:00:39.651208Z TRACE VirtualDom::render_immediate:render{scope=Doggo}: dioxus_signals::signal: Subscribing to the reactive context ReactiveContext(for scope: ScopeId(3, "Doggo"))
2024-06-04T16:00:39.651239Z TRACE VirtualDom::render_immediate:render{scope=Doggo}: dioxus_signals::signal: Subscribing to the reactive context ReactiveContext(for scope: ScopeId(3, "Doggo"))
2024-06-04T16:00:39.651262Z TRACE VirtualDom::render_immediate:render{scope=Doggo}: dioxus_core::scope_context: looking for context dioxus_core::suspense::SuspenseContext (TypeId { t: (4533244013398082440, 10897659798729036060) }) in Doggo
2024-06-04T16:00:39.651278Z TRACE VirtualDom::render_immediate:render{scope=Doggo}: dioxus_core::scope_context: looking for context dioxus_core::suspense::SuspenseContext (TypeId { t: (4533244013398082440, 10897659798729036060) }) in FrozenContext
2024-06-04T16:00:39.651291Z TRACE VirtualDom::render_immediate:render{scope=Doggo}: dioxus_core::scope_context: found context TypeId { t: (9286496122914249738, 8586425926625933774) }
2024-06-04T16:00:39.651304Z TRACE VirtualDom::render_immediate:render{scope=Doggo}: dioxus_core::scope_context: looking for context dioxus_core::suspense::SuspenseContext (TypeId { t: (4533244013398082440, 10897659798729036060) }) in SuspenseBoundary
2024-06-04T16:00:39.651316Z TRACE VirtualDom::render_immediate:render{scope=Doggo}: dioxus_core::scope_context: found context TypeId { t: (4533244013398082440, 10897659798729036060) }
2024-06-04T16:00:39.674961Z TRACE VirtualDom::wait_for_work:VirtualDom::process_events: dioxus_core::virtual_dom: Marking task Task { id: 6, unsend: PhantomData<*const ()> } (spawned in ScopeId(5)) as dirty (called from Location { file: "packages/core/src/virtual_dom.rs", line: 505, col: 58 })
2024-06-04T16:00:39.675041Z  INFO VirtualDom::wait_for_work:VirtualDom::process_events:VirtualDom::poll_tasks: dioxus_core::tasks: Polling task Task { id: 6, unsend: PhantomData<*const ()> }
2024-06-04T16:00:39.675092Z TRACE VirtualDom::wait_for_work:VirtualDom::process_events:VirtualDom::poll_tasks: dioxus_signals::signal: Write on signal at examples/suspense.rs:122:19 finished, updating subscribers
2024-06-04T16:00:39.675117Z TRACE VirtualDom::wait_for_work:VirtualDom::process_events:VirtualDom::poll_tasks: dioxus_signals::reactive_context: Marking reactive context created at packages/signals/src/reactive_context.rs:117:13 as dirty
2024-06-04T16:00:39.675131Z TRACE VirtualDom::wait_for_work:VirtualDom::process_events:VirtualDom::poll_tasks: dioxus_signals::reactive_context: Marking scope ScopeId(5, "LoadingDots") as dirty
2024-06-04T16:00:39.675160Z  INFO VirtualDom::wait_for_work:VirtualDom::process_events:VirtualDom::poll_tasks: dioxus_core::tasks: Task Task { id: 6, unsend: PhantomData<*const ()> } finished with result Pending
2024-06-04T16:00:39.675184Z TRACE VirtualDom::wait_for_work:VirtualDom::process_events:VirtualDom::poll_tasks: dioxus_core::virtual_dom: Marking scope ScopeId(5, "LoadingDots") as dirty
2024-06-04T16:00:39.675272Z TRACE VirtualDom::render_immediate:render{scope=LoadingDots}: dioxus_signals::signal: Subscribing to the reactive context ReactiveContext(for scope: ScopeId(5, "LoadingDots"))
2024-06-04T16:00:39.675307Z TRACE VirtualDom::render_immediate: dioxus_core::scope_context: looking for context dioxus_core::suspense::FrozenContext (TypeId { t: (9286496122914249738, 8586425926625933774) }) in LoadingDots
2024-06-04T16:00:39.675322Z TRACE VirtualDom::render_immediate: dioxus_core::scope_context: looking for context dioxus_core::suspense::FrozenContext (TypeId { t: (9286496122914249738, 8586425926625933774) }) in SuspenseBoundary
2024-06-04T16:00:39.675333Z TRACE VirtualDom::render_immediate: dioxus_core::scope_context: found context TypeId { t: (4533244013398082440, 10897659798729036060) }
2024-06-04T16:00:39.675347Z TRACE VirtualDom::render_immediate: dioxus_core::scope_context: looking for context dioxus_core::suspense::FrozenContext (TypeId { t: (9286496122914249738, 8586425926625933774) }) in app
2024-06-04T16:00:39.675357Z TRACE VirtualDom::render_immediate: dioxus_core::scope_context: found context TypeId { t: (3582638416876954437, 3810890675802792692) }
2024-06-04T16:00:39.675366Z TRACE VirtualDom::render_immediate: dioxus_core::scope_context: found context TypeId { t: (7946844621057603534, 4355211565432133561) }
2024-06-04T16:00:39.675376Z TRACE VirtualDom::render_immediate: dioxus_core::scope_context: found context TypeId { t: (10682502755203913650, 15985576721215419306) }
2024-06-04T16:00:39.675386Z TRACE VirtualDom::render_immediate: dioxus_core::scope_context: context dioxus_core::suspense::FrozenContext (TypeId { t: (9286496122914249738, 8586425926625933774) }) not found
2024-06-04T16:00:39.675406Z TRACE VirtualDom::render_immediate: dioxus_core::diff::node: moving mount self=VNode { vnode: VNodeInner { key: None, template: Cell { value: Template { name: "examples/suspense.rs:127:5:4128", roots: [Dynamic { id: 0 }], node_paths: [[0]], attr_paths: [] } }, dynamic_nodes: [Text(VText { value: "." })], dynamic_attrs: [] }, mount: Cell { value: MountId(7) } } new=VNode { vnode: VNodeInner { key: None, template: Cell { value: Template { name: "examples/suspense.rs:127:5:4128", roots: [Dynamic { id: 0 }], node_paths: [[0]], attr_paths: [] } }, dynamic_nodes: [Text(VText { value: ".." })], dynamic_attrs: [] }, mount: Cell { value: MountId(7) } }
2024-06-04T16:00:39.675435Z TRACE VirtualDom::render_immediate: dioxus_core::diff::node: mount id: MountId(7)
2024-06-04T16:00:39.675444Z TRACE VirtualDom::render_immediate: dioxus_core::diff::node: mounts: Slab { len: 8, cap: 8 }
2024-06-04T16:00:39.718971Z TRACE VirtualDom::wait_for_work:VirtualDom::process_events: dioxus_core::virtual_dom: Marking task Task { id: 3, unsend: PhantomData<*const ()> } (spawned in ScopeId(4)) as dirty (called from Location { file: "packages/core/src/virtual_dom.rs", line: 505, col: 58 })
2024-06-04T16:00:39.719023Z  INFO VirtualDom::wait_for_work:VirtualDom::process_events:VirtualDom::poll_tasks: dioxus_core::tasks: Polling task Task { id: 3, unsend: PhantomData<*const ()> }
2024-06-04T16:00:39.719076Z  INFO VirtualDom::wait_for_work:VirtualDom::process_events:VirtualDom::poll_tasks: dioxus_core::tasks: Task Task { id: 3, unsend: PhantomData<*const ()> } finished with result Pending
2024-06-04T16:00:39.719099Z TRACE VirtualDom::wait_for_work:VirtualDom::process_events:VirtualDom::poll_tasks: dioxus_core::virtual_dom: Marking scope ScopeId(4, "Doggo") as dirty
2024-06-04T16:00:39.719204Z TRACE VirtualDom::render_immediate:render{scope=Doggo}: dioxus_signals::signal: Subscribing to the reactive context ReactiveContext(for scope: ScopeId(4, "Doggo"))
2024-06-04T16:00:39.719238Z TRACE VirtualDom::render_immediate:render{scope=Doggo}: dioxus_signals::signal: Subscribing to the reactive context ReactiveContext(for scope: ScopeId(4, "Doggo"))
2024-06-04T16:00:39.719263Z TRACE VirtualDom::render_immediate:render{scope=Doggo}: dioxus_core::scope_context: looking for context dioxus_core::suspense::SuspenseContext (TypeId { t: (4533244013398082440, 10897659798729036060) }) in Doggo
2024-06-04T16:00:39.719279Z TRACE VirtualDom::render_immediate:render{scope=Doggo}: dioxus_core::scope_context: looking for context dioxus_core::suspense::SuspenseContext (TypeId { t: (4533244013398082440, 10897659798729036060) }) in FrozenContext
2024-06-04T16:00:39.719294Z TRACE VirtualDom::render_immediate:render{scope=Doggo}: dioxus_core::scope_context: found context TypeId { t: (9286496122914249738, 8586425926625933774) }
2024-06-04T16:00:39.719308Z TRACE VirtualDom::render_immediate:render{scope=Doggo}: dioxus_core::scope_context: looking for context dioxus_core::suspense::SuspenseContext (TypeId { t: (4533244013398082440, 10897659798729036060) }) in SuspenseBoundary
2024-06-04T16:00:39.719321Z TRACE VirtualDom::render_immediate:render{scope=Doggo}: dioxus_core::scope_context: found context TypeId { t: (4533244013398082440, 10897659798729036060) }
2024-06-04T16:00:39.754017Z TRACE VirtualDom::wait_for_work:VirtualDom::process_events: dioxus_core::virtual_dom: Marking task Task { id: 0, unsend: PhantomData<*const ()> } (spawned in ScopeId(3)) as dirty (called from Location { file: "packages/core/src/virtual_dom.rs", line: 505, col: 58 })
2024-06-04T16:00:39.754079Z  INFO VirtualDom::wait_for_work:VirtualDom::process_events:VirtualDom::poll_tasks: dioxus_core::tasks: Polling task Task { id: 0, unsend: PhantomData<*const ()> }
2024-06-04T16:00:39.754130Z  INFO VirtualDom::wait_for_work:VirtualDom::process_events:VirtualDom::poll_tasks: dioxus_core::tasks: Task Task { id: 0, unsend: PhantomData<*const ()> } finished with result Pending
2024-06-04T16:00:39.754153Z TRACE VirtualDom::wait_for_work:VirtualDom::process_events:VirtualDom::poll_tasks: dioxus_core::virtual_dom: Marking scope ScopeId(3, "Doggo") as dirty
2024-06-04T16:00:39.754260Z TRACE VirtualDom::render_immediate:render{scope=Doggo}: dioxus_signals::signal: Subscribing to the reactive context ReactiveContext(for scope: ScopeId(3, "Doggo"))
2024-06-04T16:00:39.754290Z TRACE VirtualDom::render_immediate:render{scope=Doggo}: dioxus_signals::signal: Subscribing to the reactive context ReactiveContext(for scope: ScopeId(3, "Doggo"))
2024-06-04T16:00:39.754314Z TRACE VirtualDom::render_immediate:render{scope=Doggo}: dioxus_core::scope_context: looking for context dioxus_core::suspense::SuspenseContext (TypeId { t: (4533244013398082440, 10897659798729036060) }) in Doggo
2024-06-04T16:00:39.754332Z TRACE VirtualDom::render_immediate:render{scope=Doggo}: dioxus_core::scope_context: looking for context dioxus_core::suspense::SuspenseContext (TypeId { t: (4533244013398082440, 10897659798729036060) }) in FrozenContext
2024-06-04T16:00:39.754346Z TRACE VirtualDom::render_immediate:render{scope=Doggo}: dioxus_core::scope_context: found context TypeId { t: (9286496122914249738, 8586425926625933774) }
2024-06-04T16:00:39.754360Z TRACE VirtualDom::render_immediate:render{scope=Doggo}: dioxus_core::scope_context: looking for context dioxus_core::suspense::SuspenseContext (TypeId { t: (4533244013398082440, 10897659798729036060) }) in SuspenseBoundary
2024-06-04T16:00:39.754374Z TRACE VirtualDom::render_immediate:render{scope=Doggo}: dioxus_core::scope_context: found context TypeId { t: (4533244013398082440, 10897659798729036060) }
2024-06-04T16:00:39.821164Z TRACE VirtualDom::wait_for_work:VirtualDom::process_events: dioxus_core::virtual_dom: Marking task Task { id: 3, unsend: PhantomData<*const ()> } (spawned in ScopeId(4)) as dirty (called from Location { file: "packages/core/src/virtual_dom.rs", line: 505, col: 58 })
2024-06-04T16:00:39.821295Z  INFO VirtualDom::wait_for_work:VirtualDom::process_events:VirtualDom::poll_tasks: dioxus_core::tasks: Polling task Task { id: 3, unsend: PhantomData<*const ()> }
2024-06-04T16:00:39.821385Z  INFO VirtualDom::wait_for_work:VirtualDom::process_events:VirtualDom::poll_tasks: dioxus_core::tasks: Task Task { id: 3, unsend: PhantomData<*const ()> } finished with result Pending
2024-06-04T16:00:39.821420Z TRACE VirtualDom::wait_for_work:VirtualDom::process_events:VirtualDom::poll_tasks: dioxus_core::virtual_dom: Marking scope ScopeId(4, "Doggo") as dirty
2024-06-04T16:00:39.821552Z TRACE VirtualDom::render_immediate:render{scope=Doggo}: dioxus_signals::signal: Subscribing to the reactive context ReactiveContext(for scope: ScopeId(4, "Doggo"))
2024-06-04T16:00:39.821592Z TRACE VirtualDom::render_immediate:render{scope=Doggo}: dioxus_signals::signal: Subscribing to the reactive context ReactiveContext(for scope: ScopeId(4, "Doggo"))
2024-06-04T16:00:39.821622Z TRACE VirtualDom::render_immediate:render{scope=Doggo}: dioxus_core::scope_context: looking for context dioxus_core::suspense::SuspenseContext (TypeId { t: (4533244013398082440, 10897659798729036060) }) in Doggo
2024-06-04T16:00:39.821644Z TRACE VirtualDom::render_immediate:render{scope=Doggo}: dioxus_core::scope_context: looking for context dioxus_core::suspense::SuspenseContext (TypeId { t: (4533244013398082440, 10897659798729036060) }) in FrozenContext
2024-06-04T16:00:39.821660Z TRACE VirtualDom::render_immediate:render{scope=Doggo}: dioxus_core::scope_context: found context TypeId { t: (9286496122914249738, 8586425926625933774) }
2024-06-04T16:00:39.821674Z TRACE VirtualDom::render_immediate:render{scope=Doggo}: dioxus_core::scope_context: looking for context dioxus_core::suspense::SuspenseContext (TypeId { t: (4533244013398082440, 10897659798729036060) }) in SuspenseBoundary
2024-06-04T16:00:39.821688Z TRACE VirtualDom::render_immediate:render{scope=Doggo}: dioxus_core::scope_context: found context TypeId { t: (4533244013398082440, 10897659798729036060) }
2024-06-04T16:00:39.856189Z TRACE VirtualDom::wait_for_work:VirtualDom::process_events: dioxus_core::virtual_dom: Marking task Task { id: 0, unsend: PhantomData<*const ()> } (spawned in ScopeId(3)) as dirty (called from Location { file: "packages/core/src/virtual_dom.rs", line: 505, col: 58 })
2024-06-04T16:00:39.856282Z  INFO VirtualDom::wait_for_work:VirtualDom::process_events:VirtualDom::poll_tasks: dioxus_core::tasks: Polling task Task { id: 0, unsend: PhantomData<*const ()> }
2024-06-04T16:00:39.856342Z  INFO VirtualDom::wait_for_work:VirtualDom::process_events:VirtualDom::poll_tasks: dioxus_core::tasks: Task Task { id: 0, unsend: PhantomData<*const ()> } finished with result Pending
2024-06-04T16:00:39.856366Z TRACE VirtualDom::wait_for_work:VirtualDom::process_events:VirtualDom::poll_tasks: dioxus_core::virtual_dom: Marking scope ScopeId(3, "Doggo") as dirty
2024-06-04T16:00:39.856480Z TRACE VirtualDom::render_immediate:render{scope=Doggo}: dioxus_signals::signal: Subscribing to the reactive context ReactiveContext(for scope: ScopeId(3, "Doggo"))
2024-06-04T16:00:39.856519Z TRACE VirtualDom::render_immediate:render{scope=Doggo}: dioxus_signals::signal: Subscribing to the reactive context ReactiveContext(for scope: ScopeId(3, "Doggo"))
2024-06-04T16:00:39.856547Z TRACE VirtualDom::render_immediate:render{scope=Doggo}: dioxus_core::scope_context: looking for context dioxus_core::suspense::SuspenseContext (TypeId { t: (4533244013398082440, 10897659798729036060) }) in Doggo
2024-06-04T16:00:39.856569Z TRACE VirtualDom::render_immediate:render{scope=Doggo}: dioxus_core::scope_context: looking for context dioxus_core::suspense::SuspenseContext (TypeId { t: (4533244013398082440, 10897659798729036060) }) in FrozenContext
2024-06-04T16:00:39.856583Z TRACE VirtualDom::render_immediate:render{scope=Doggo}: dioxus_core::scope_context: found context TypeId { t: (9286496122914249738, 8586425926625933774) }
2024-06-04T16:00:39.856596Z TRACE VirtualDom::render_immediate:render{scope=Doggo}: dioxus_core::scope_context: looking for context dioxus_core::suspense::SuspenseContext (TypeId { t: (4533244013398082440, 10897659798729036060) }) in SuspenseBoundary
2024-06-04T16:00:39.856608Z TRACE VirtualDom::render_immediate:render{scope=Doggo}: dioxus_core::scope_context: found context TypeId { t: (4533244013398082440, 10897659798729036060) }
2024-06-04T16:00:39.877244Z TRACE VirtualDom::wait_for_work:VirtualDom::process_events: dioxus_core::virtual_dom: Marking task Task { id: 6, unsend: PhantomData<*const ()> } (spawned in ScopeId(5)) as dirty (called from Location { file: "packages/core/src/virtual_dom.rs", line: 505, col: 58 })
2024-06-04T16:00:39.877321Z  INFO VirtualDom::wait_for_work:VirtualDom::process_events:VirtualDom::poll_tasks: dioxus_core::tasks: Polling task Task { id: 6, unsend: PhantomData<*const ()> }
2024-06-04T16:00:39.877373Z TRACE VirtualDom::wait_for_work:VirtualDom::process_events:VirtualDom::poll_tasks: dioxus_signals::signal: Write on signal at examples/suspense.rs:122:19 finished, updating subscribers
2024-06-04T16:00:39.877401Z TRACE VirtualDom::wait_for_work:VirtualDom::process_events:VirtualDom::poll_tasks: dioxus_signals::reactive_context: Marking reactive context created at packages/signals/src/reactive_context.rs:117:13 as dirty
2024-06-04T16:00:39.877414Z TRACE VirtualDom::wait_for_work:VirtualDom::process_events:VirtualDom::poll_tasks: dioxus_signals::reactive_context: Marking scope ScopeId(5, "LoadingDots") as dirty
2024-06-04T16:00:39.877443Z  INFO VirtualDom::wait_for_work:VirtualDom::process_events:VirtualDom::poll_tasks: dioxus_core::tasks: Task Task { id: 6, unsend: PhantomData<*const ()> } finished with result Pending
2024-06-04T16:00:39.877467Z TRACE VirtualDom::wait_for_work:VirtualDom::process_events:VirtualDom::poll_tasks: dioxus_core::virtual_dom: Marking scope ScopeId(5, "LoadingDots") as dirty
2024-06-04T16:00:39.877571Z TRACE VirtualDom::render_immediate:render{scope=LoadingDots}: dioxus_signals::signal: Subscribing to the reactive context ReactiveContext(for scope: ScopeId(5, "LoadingDots"))
2024-06-04T16:00:39.877616Z TRACE VirtualDom::render_immediate: dioxus_core::scope_context: looking for context dioxus_core::suspense::FrozenContext (TypeId { t: (9286496122914249738, 8586425926625933774) }) in LoadingDots
2024-06-04T16:00:39.877632Z TRACE VirtualDom::render_immediate: dioxus_core::scope_context: looking for context dioxus_core::suspense::FrozenContext (TypeId { t: (9286496122914249738, 8586425926625933774) }) in SuspenseBoundary
2024-06-04T16:00:39.877642Z TRACE VirtualDom::render_immediate: dioxus_core::scope_context: found context TypeId { t: (4533244013398082440, 10897659798729036060) }
2024-06-04T16:00:39.877651Z TRACE VirtualDom::render_immediate: dioxus_core::scope_context: looking for context dioxus_core::suspense::FrozenContext (TypeId { t: (9286496122914249738, 8586425926625933774) }) in app
2024-06-04T16:00:39.877660Z TRACE VirtualDom::render_immediate: dioxus_core::scope_context: found context TypeId { t: (3582638416876954437, 3810890675802792692) }
2024-06-04T16:00:39.877670Z TRACE VirtualDom::render_immediate: dioxus_core::scope_context: found context TypeId { t: (7946844621057603534, 4355211565432133561) }
2024-06-04T16:00:39.877679Z TRACE VirtualDom::render_immediate: dioxus_core::scope_context: found context TypeId { t: (10682502755203913650, 15985576721215419306) }
2024-06-04T16:00:39.877699Z TRACE VirtualDom::render_immediate: dioxus_core::scope_context: context dioxus_core::suspense::FrozenContext (TypeId { t: (9286496122914249738, 8586425926625933774) }) not found
2024-06-04T16:00:39.877736Z TRACE VirtualDom::render_immediate: dioxus_core::diff::node: moving mount self=VNode { vnode: VNodeInner { key: None, template: Cell { value: Template { name: "examples/suspense.rs:127:5:4128", roots: [Dynamic { id: 0 }], node_paths: [[0]], attr_paths: [] } }, dynamic_nodes: [Text(VText { value: ".." })], dynamic_attrs: [] }, mount: Cell { value: MountId(7) } } new=VNode { vnode: VNodeInner { key: None, template: Cell { value: Template { name: "examples/suspense.rs:127:5:4128", roots: [Dynamic { id: 0 }], node_paths: [[0]], attr_paths: [] } }, dynamic_nodes: [Text(VText { value: "..." })], dynamic_attrs: [] }, mount: Cell { value: MountId(7) } }
2024-06-04T16:00:39.877763Z TRACE VirtualDom::render_immediate: dioxus_core::diff::node: mount id: MountId(7)
2024-06-04T16:00:39.877778Z TRACE VirtualDom::render_immediate: dioxus_core::diff::node: mounts: Slab { len: 8, cap: 8 }
2024-06-04T16:00:39.922455Z TRACE VirtualDom::wait_for_work:VirtualDom::process_events: dioxus_core::virtual_dom: Marking task Task { id: 3, unsend: PhantomData<*const ()> } (spawned in ScopeId(4)) as dirty (called from Location { file: "packages/core/src/virtual_dom.rs", line: 505, col: 58 })
2024-06-04T16:00:39.922535Z  INFO VirtualDom::wait_for_work:VirtualDom::process_events:VirtualDom::poll_tasks: dioxus_core::tasks: Polling task Task { id: 3, unsend: PhantomData<*const ()> }
2024-06-04T16:00:39.922595Z  INFO VirtualDom::wait_for_work:VirtualDom::process_events:VirtualDom::poll_tasks: dioxus_core::tasks: Task Task { id: 3, unsend: PhantomData<*const ()> } finished with result Pending
2024-06-04T16:00:39.922615Z TRACE VirtualDom::wait_for_work:VirtualDom::process_events:VirtualDom::poll_tasks: dioxus_core::virtual_dom: Marking scope ScopeId(4, "Doggo") as dirty
2024-06-04T16:00:39.922724Z TRACE VirtualDom::render_immediate:render{scope=Doggo}: dioxus_signals::signal: Subscribing to the reactive context ReactiveContext(for scope: ScopeId(4, "Doggo"))
2024-06-04T16:00:39.922762Z TRACE VirtualDom::render_immediate:render{scope=Doggo}: dioxus_signals::signal: Subscribing to the reactive context ReactiveContext(for scope: ScopeId(4, "Doggo"))
2024-06-04T16:00:39.922786Z TRACE VirtualDom::render_immediate:render{scope=Doggo}: dioxus_core::scope_context: looking for context dioxus_core::suspense::SuspenseContext (TypeId { t: (4533244013398082440, 10897659798729036060) }) in Doggo
2024-06-04T16:00:39.922801Z TRACE VirtualDom::render_immediate:render{scope=Doggo}: dioxus_core::scope_context: looking for context dioxus_core::suspense::SuspenseContext (TypeId { t: (4533244013398082440, 10897659798729036060) }) in FrozenContext
2024-06-04T16:00:39.922813Z TRACE VirtualDom::render_immediate:render{scope=Doggo}: dioxus_core::scope_context: found context TypeId { t: (9286496122914249738, 8586425926625933774) }
2024-06-04T16:00:39.922825Z TRACE VirtualDom::render_immediate:render{scope=Doggo}: dioxus_core::scope_context: looking for context dioxus_core::suspense::SuspenseContext (TypeId { t: (4533244013398082440, 10897659798729036060) }) in SuspenseBoundary
2024-06-04T16:00:39.922836Z TRACE VirtualDom::render_immediate:render{scope=Doggo}: dioxus_core::scope_context: found context TypeId { t: (4533244013398082440, 10897659798729036060) }
2024-06-04T16:00:39.958529Z TRACE VirtualDom::wait_for_work:VirtualDom::process_events: dioxus_core::virtual_dom: Marking task Task { id: 0, unsend: PhantomData<*const ()> } (spawned in ScopeId(3)) as dirty (called from Location { file: "packages/core/src/virtual_dom.rs", line: 505, col: 58 })
2024-06-04T16:00:39.958635Z  INFO VirtualDom::wait_for_work:VirtualDom::process_events:VirtualDom::poll_tasks: dioxus_core::tasks: Polling task Task { id: 0, unsend: PhantomData<*const ()> }
2024-06-04T16:00:39.958701Z  INFO VirtualDom::wait_for_work:VirtualDom::process_events:VirtualDom::poll_tasks: dioxus_core::tasks: Task Task { id: 0, unsend: PhantomData<*const ()> } finished with result Pending
2024-06-04T16:00:39.958723Z TRACE VirtualDom::wait_for_work:VirtualDom::process_events:VirtualDom::poll_tasks: dioxus_core::virtual_dom: Marking scope ScopeId(3, "Doggo") as dirty
2024-06-04T16:00:39.958839Z TRACE VirtualDom::render_immediate:render{scope=Doggo}: dioxus_signals::signal: Subscribing to the reactive context ReactiveContext(for scope: ScopeId(3, "Doggo"))
2024-06-04T16:00:39.958878Z TRACE VirtualDom::render_immediate:render{scope=Doggo}: dioxus_signals::signal: Subscribing to the reactive context ReactiveContext(for scope: ScopeId(3, "Doggo"))
2024-06-04T16:00:39.958904Z TRACE VirtualDom::render_immediate:render{scope=Doggo}: dioxus_core::scope_context: looking for context dioxus_core::suspense::SuspenseContext (TypeId { t: (4533244013398082440, 10897659798729036060) }) in Doggo
2024-06-04T16:00:39.958922Z TRACE VirtualDom::render_immediate:render{scope=Doggo}: dioxus_core::scope_context: looking for context dioxus_core::suspense::SuspenseContext (TypeId { t: (4533244013398082440, 10897659798729036060) }) in FrozenContext
2024-06-04T16:00:39.958935Z TRACE VirtualDom::render_immediate:render{scope=Doggo}: dioxus_core::scope_context: found context TypeId { t: (9286496122914249738, 8586425926625933774) }
2024-06-04T16:00:39.958946Z TRACE VirtualDom::render_immediate:render{scope=Doggo}: dioxus_core::scope_context: looking for context dioxus_core::suspense::SuspenseContext (TypeId { t: (4533244013398082440, 10897659798729036060) }) in SuspenseBoundary
2024-06-04T16:00:39.958957Z TRACE VirtualDom::render_immediate:render{scope=Doggo}: dioxus_core::scope_context: found context TypeId { t: (4533244013398082440, 10897659798729036060) }
2024-06-04T16:00:40.023760Z TRACE VirtualDom::wait_for_work:VirtualDom::process_events: dioxus_core::virtual_dom: Marking task Task { id: 3, unsend: PhantomData<*const ()> } (spawned in ScopeId(4)) as dirty (called from Location { file: "packages/core/src/virtual_dom.rs", line: 505, col: 58 })
2024-06-04T16:00:40.023893Z  INFO VirtualDom::wait_for_work:VirtualDom::process_events:VirtualDom::poll_tasks: dioxus_core::tasks: Polling task Task { id: 3, unsend: PhantomData<*const ()> }
2024-06-04T16:00:40.023967Z  INFO VirtualDom::wait_for_work:VirtualDom::process_events:VirtualDom::poll_tasks: dioxus_core::tasks: Task Task { id: 3, unsend: PhantomData<*const ()> } finished with result Pending
2024-06-04T16:00:40.023989Z TRACE VirtualDom::wait_for_work:VirtualDom::process_events:VirtualDom::poll_tasks: dioxus_core::virtual_dom: Marking scope ScopeId(4, "Doggo") as dirty
2024-06-04T16:00:40.024120Z TRACE VirtualDom::render_immediate:render{scope=Doggo}: dioxus_signals::signal: Subscribing to the reactive context ReactiveContext(for scope: ScopeId(4, "Doggo"))
2024-06-04T16:00:40.024163Z TRACE VirtualDom::render_immediate:render{scope=Doggo}: dioxus_signals::signal: Subscribing to the reactive context ReactiveContext(for scope: ScopeId(4, "Doggo"))
2024-06-04T16:00:40.024187Z TRACE VirtualDom::render_immediate:render{scope=Doggo}: dioxus_core::scope_context: looking for context dioxus_core::suspense::SuspenseContext (TypeId { t: (4533244013398082440, 10897659798729036060) }) in Doggo
2024-06-04T16:00:40.024203Z TRACE VirtualDom::render_immediate:render{scope=Doggo}: dioxus_core::scope_context: looking for context dioxus_core::suspense::SuspenseContext (TypeId { t: (4533244013398082440, 10897659798729036060) }) in FrozenContext
2024-06-04T16:00:40.024216Z TRACE VirtualDom::render_immediate:render{scope=Doggo}: dioxus_core::scope_context: found context TypeId { t: (9286496122914249738, 8586425926625933774) }
2024-06-04T16:00:40.024227Z TRACE VirtualDom::render_immediate:render{scope=Doggo}: dioxus_core::scope_context: looking for context dioxus_core::suspense::SuspenseContext (TypeId { t: (4533244013398082440, 10897659798729036060) }) in SuspenseBoundary
2024-06-04T16:00:40.024239Z TRACE VirtualDom::render_immediate:render{scope=Doggo}: dioxus_core::scope_context: found context TypeId { t: (4533244013398082440, 10897659798729036060) }
2024-06-04T16:00:40.060756Z TRACE VirtualDom::wait_for_work:VirtualDom::process_events: dioxus_core::virtual_dom: Marking task Task { id: 0, unsend: PhantomData<*const ()> } (spawned in ScopeId(3)) as dirty (called from Location { file: "packages/core/src/virtual_dom.rs", line: 505, col: 58 })
2024-06-04T16:00:40.060859Z  INFO VirtualDom::wait_for_work:VirtualDom::process_events:VirtualDom::poll_tasks: dioxus_core::tasks: Polling task Task { id: 0, unsend: PhantomData<*const ()> }
2024-06-04T16:00:40.060929Z  INFO VirtualDom::wait_for_work:VirtualDom::process_events:VirtualDom::poll_tasks: dioxus_core::tasks: Task Task { id: 0, unsend: PhantomData<*const ()> } finished with result Pending
2024-06-04T16:00:40.060956Z TRACE VirtualDom::wait_for_work:VirtualDom::process_events:VirtualDom::poll_tasks: dioxus_core::virtual_dom: Marking scope ScopeId(3, "Doggo") as dirty
2024-06-04T16:00:40.061099Z TRACE VirtualDom::render_immediate:render{scope=Doggo}: dioxus_signals::signal: Subscribing to the reactive context ReactiveContext(for scope: ScopeId(3, "Doggo"))
2024-06-04T16:00:40.061141Z TRACE VirtualDom::render_immediate:render{scope=Doggo}: dioxus_signals::signal: Subscribing to the reactive context ReactiveContext(for scope: ScopeId(3, "Doggo"))
2024-06-04T16:00:40.061167Z TRACE VirtualDom::render_immediate:render{scope=Doggo}: dioxus_core::scope_context: looking for context dioxus_core::suspense::SuspenseContext (TypeId { t: (4533244013398082440, 10897659798729036060) }) in Doggo
2024-06-04T16:00:40.061184Z TRACE VirtualDom::render_immediate:render{scope=Doggo}: dioxus_core::scope_context: looking for context dioxus_core::suspense::SuspenseContext (TypeId { t: (4533244013398082440, 10897659798729036060) }) in FrozenContext
2024-06-04T16:00:40.061197Z TRACE VirtualDom::render_immediate:render{scope=Doggo}: dioxus_core::scope_context: found context TypeId { t: (9286496122914249738, 8586425926625933774) }
2024-06-04T16:00:40.061208Z TRACE VirtualDom::render_immediate:render{scope=Doggo}: dioxus_core::scope_context: looking for context dioxus_core::suspense::SuspenseContext (TypeId { t: (4533244013398082440, 10897659798729036060) }) in SuspenseBoundary
2024-06-04T16:00:40.061220Z TRACE VirtualDom::render_immediate:render{scope=Doggo}: dioxus_core::scope_context: found context TypeId { t: (4533244013398082440, 10897659798729036060) }
2024-06-04T16:00:40.079785Z TRACE VirtualDom::wait_for_work:VirtualDom::process_events: dioxus_core::virtual_dom: Marking task Task { id: 6, unsend: PhantomData<*const ()> } (spawned in ScopeId(5)) as dirty (called from Location { file: "packages/core/src/virtual_dom.rs", line: 505, col: 58 })
2024-06-04T16:00:40.079866Z  INFO VirtualDom::wait_for_work:VirtualDom::process_events:VirtualDom::poll_tasks: dioxus_core::tasks: Polling task Task { id: 6, unsend: PhantomData<*const ()> }
2024-06-04T16:00:40.079926Z TRACE VirtualDom::wait_for_work:VirtualDom::process_events:VirtualDom::poll_tasks: dioxus_signals::signal: Write on signal at examples/suspense.rs:122:19 finished, updating subscribers
2024-06-04T16:00:40.079961Z TRACE VirtualDom::wait_for_work:VirtualDom::process_events:VirtualDom::poll_tasks: dioxus_signals::reactive_context: Marking reactive context created at packages/signals/src/reactive_context.rs:117:13 as dirty
2024-06-04T16:00:40.079979Z TRACE VirtualDom::wait_for_work:VirtualDom::process_events:VirtualDom::poll_tasks: dioxus_signals::reactive_context: Marking scope ScopeId(5, "LoadingDots") as dirty
2024-06-04T16:00:40.080017Z  INFO VirtualDom::wait_for_work:VirtualDom::process_events:VirtualDom::poll_tasks: dioxus_core::tasks: Task Task { id: 6, unsend: PhantomData<*const ()> } finished with result Pending
2024-06-04T16:00:40.080036Z TRACE VirtualDom::wait_for_work:VirtualDom::process_events:VirtualDom::poll_tasks: dioxus_core::virtual_dom: Marking scope ScopeId(5, "LoadingDots") as dirty
2024-06-04T16:00:40.080147Z TRACE VirtualDom::render_immediate:render{scope=LoadingDots}: dioxus_signals::signal: Subscribing to the reactive context ReactiveContext(for scope: ScopeId(5, "LoadingDots"))
2024-06-04T16:00:40.080196Z TRACE VirtualDom::render_immediate: dioxus_core::scope_context: looking for context dioxus_core::suspense::FrozenContext (TypeId { t: (9286496122914249738, 8586425926625933774) }) in LoadingDots
2024-06-04T16:00:40.080213Z TRACE VirtualDom::render_immediate: dioxus_core::scope_context: looking for context dioxus_core::suspense::FrozenContext (TypeId { t: (9286496122914249738, 8586425926625933774) }) in SuspenseBoundary
2024-06-04T16:00:40.080224Z TRACE VirtualDom::render_immediate: dioxus_core::scope_context: found context TypeId { t: (4533244013398082440, 10897659798729036060) }
2024-06-04T16:00:40.080233Z TRACE VirtualDom::render_immediate: dioxus_core::scope_context: looking for context dioxus_core::suspense::FrozenContext (TypeId { t: (9286496122914249738, 8586425926625933774) }) in app
2024-06-04T16:00:40.080244Z TRACE VirtualDom::render_immediate: dioxus_core::scope_context: found context TypeId { t: (3582638416876954437, 3810890675802792692) }
2024-06-04T16:00:40.080253Z TRACE VirtualDom::render_immediate: dioxus_core::scope_context: found context TypeId { t: (7946844621057603534, 4355211565432133561) }
2024-06-04T16:00:40.080263Z TRACE VirtualDom::render_immediate: dioxus_core::scope_context: found context TypeId { t: (10682502755203913650, 15985576721215419306) }
2024-06-04T16:00:40.080273Z TRACE VirtualDom::render_immediate: dioxus_core::scope_context: context dioxus_core::suspense::FrozenContext (TypeId { t: (9286496122914249738, 8586425926625933774) }) not found
2024-06-04T16:00:40.080294Z TRACE VirtualDom::render_immediate: dioxus_core::diff::node: moving mount self=VNode { vnode: VNodeInner { key: None, template: Cell { value: Template { name: "examples/suspense.rs:127:5:4128", roots: [Dynamic { id: 0 }], node_paths: [[0]], attr_paths: [] } }, dynamic_nodes: [Text(VText { value: "..." })], dynamic_attrs: [] }, mount: Cell { value: MountId(7) } } new=VNode { vnode: VNodeInner { key: None, template: Cell { value: Template { name: "examples/suspense.rs:127:5:4128", roots: [Dynamic { id: 0 }], node_paths: [[0]], attr_paths: [] } }, dynamic_nodes: [Text(VText { value: "" })], dynamic_attrs: [] }, mount: Cell { value: MountId(7) } }
2024-06-04T16:00:40.080325Z TRACE VirtualDom::render_immediate: dioxus_core::diff::node: mount id: MountId(7)
2024-06-04T16:00:40.080335Z TRACE VirtualDom::render_immediate: dioxus_core::diff::node: mounts: Slab { len: 8, cap: 8 }
2024-06-04T16:00:40.125866Z TRACE VirtualDom::wait_for_work:VirtualDom::process_events: dioxus_core::virtual_dom: Marking task Task { id: 3, unsend: PhantomData<*const ()> } (spawned in ScopeId(4)) as dirty (called from Location { file: "packages/core/src/virtual_dom.rs", line: 505, col: 58 })
2024-06-04T16:00:40.125963Z  INFO VirtualDom::wait_for_work:VirtualDom::process_events:VirtualDom::poll_tasks: dioxus_core::tasks: Polling task Task { id: 3, unsend: PhantomData<*const ()> }
2024-06-04T16:00:40.126016Z  INFO VirtualDom::wait_for_work:VirtualDom::process_events:VirtualDom::poll_tasks: dioxus_core::tasks: Task Task { id: 3, unsend: PhantomData<*const ()> } finished with result Pending
2024-06-04T16:00:40.126038Z TRACE VirtualDom::wait_for_work:VirtualDom::process_events:VirtualDom::poll_tasks: dioxus_core::virtual_dom: Marking scope ScopeId(4, "Doggo") as dirty
2024-06-04T16:00:40.126150Z TRACE VirtualDom::render_immediate:render{scope=Doggo}: dioxus_signals::signal: Subscribing to the reactive context ReactiveContext(for scope: ScopeId(4, "Doggo"))
2024-06-04T16:00:40.126185Z TRACE VirtualDom::render_immediate:render{scope=Doggo}: dioxus_signals::signal: Subscribing to the reactive context ReactiveContext(for scope: ScopeId(4, "Doggo"))
2024-06-04T16:00:40.126212Z TRACE VirtualDom::render_immediate:render{scope=Doggo}: dioxus_core::scope_context: looking for context dioxus_core::suspense::SuspenseContext (TypeId { t: (4533244013398082440, 10897659798729036060) }) in Doggo
2024-06-04T16:00:40.126228Z TRACE VirtualDom::render_immediate:render{scope=Doggo}: dioxus_core::scope_context: looking for context dioxus_core::suspense::SuspenseContext (TypeId { t: (4533244013398082440, 10897659798729036060) }) in FrozenContext
2024-06-04T16:00:40.126242Z TRACE VirtualDom::render_immediate:render{scope=Doggo}: dioxus_core::scope_context: found context TypeId { t: (9286496122914249738, 8586425926625933774) }
2024-06-04T16:00:40.126254Z TRACE VirtualDom::render_immediate:render{scope=Doggo}: dioxus_core::scope_context: looking for context dioxus_core::suspense::SuspenseContext (TypeId { t: (4533244013398082440, 10897659798729036060) }) in SuspenseBoundary
2024-06-04T16:00:40.126267Z TRACE VirtualDom::render_immediate:render{scope=Doggo}: dioxus_core::scope_context: found context TypeId { t: (4533244013398082440, 10897659798729036060) }
2024-06-04T16:00:40.162891Z TRACE VirtualDom::wait_for_work:VirtualDom::process_events: dioxus_core::virtual_dom: Marking task Task { id: 0, unsend: PhantomData<*const ()> } (spawned in ScopeId(3)) as dirty (called from Location { file: "packages/core/src/virtual_dom.rs", line: 505, col: 58 })
2024-06-04T16:00:40.162987Z  INFO VirtualDom::wait_for_work:VirtualDom::process_events:VirtualDom::poll_tasks: dioxus_core::tasks: Polling task Task { id: 0, unsend: PhantomData<*const ()> }
2024-06-04T16:00:40.163056Z  INFO VirtualDom::wait_for_work:VirtualDom::process_events:VirtualDom::poll_tasks: dioxus_core::tasks: Task Task { id: 0, unsend: PhantomData<*const ()> } finished with result Pending
2024-06-04T16:00:40.163077Z TRACE VirtualDom::wait_for_work:VirtualDom::process_events:VirtualDom::poll_tasks: dioxus_core::virtual_dom: Marking scope ScopeId(3, "Doggo") as dirty
2024-06-04T16:00:40.163186Z TRACE VirtualDom::render_immediate:render{scope=Doggo}: dioxus_signals::signal: Subscribing to the reactive context ReactiveContext(for scope: ScopeId(3, "Doggo"))
2024-06-04T16:00:40.163222Z TRACE VirtualDom::render_immediate:render{scope=Doggo}: dioxus_signals::signal: Subscribing to the reactive context ReactiveContext(for scope: ScopeId(3, "Doggo"))
2024-06-04T16:00:40.163247Z TRACE VirtualDom::render_immediate:render{scope=Doggo}: dioxus_core::scope_context: looking for context dioxus_core::suspense::SuspenseContext (TypeId { t: (4533244013398082440, 10897659798729036060) }) in Doggo
2024-06-04T16:00:40.163264Z TRACE VirtualDom::render_immediate:render{scope=Doggo}: dioxus_core::scope_context: looking for context dioxus_core::suspense::SuspenseContext (TypeId { t: (4533244013398082440, 10897659798729036060) }) in FrozenContext
2024-06-04T16:00:40.163278Z TRACE VirtualDom::render_immediate:render{scope=Doggo}: dioxus_core::scope_context: found context TypeId { t: (9286496122914249738, 8586425926625933774) }
2024-06-04T16:00:40.163290Z TRACE VirtualDom::render_immediate:render{scope=Doggo}: dioxus_core::scope_context: looking for context dioxus_core::suspense::SuspenseContext (TypeId { t: (4533244013398082440, 10897659798729036060) }) in SuspenseBoundary
2024-06-04T16:00:40.163302Z TRACE VirtualDom::render_immediate:render{scope=Doggo}: dioxus_core::scope_context: found context TypeId { t: (4533244013398082440, 10897659798729036060) }
2024-06-04T16:00:40.227550Z TRACE VirtualDom::wait_for_work:VirtualDom::process_events: dioxus_core::virtual_dom: Marking task Task { id: 3, unsend: PhantomData<*const ()> } (spawned in ScopeId(4)) as dirty (called from Location { file: "packages/core/src/virtual_dom.rs", line: 505, col: 58 })
2024-06-04T16:00:40.227680Z  INFO VirtualDom::wait_for_work:VirtualDom::process_events:VirtualDom::poll_tasks: dioxus_core::tasks: Polling task Task { id: 3, unsend: PhantomData<*const ()> }
2024-06-04T16:00:40.227747Z  INFO VirtualDom::wait_for_work:VirtualDom::process_events:VirtualDom::poll_tasks: dioxus_core::tasks: Task Task { id: 3, unsend: PhantomData<*const ()> } finished with result Pending
2024-06-04T16:00:40.227775Z TRACE VirtualDom::wait_for_work:VirtualDom::process_events:VirtualDom::poll_tasks: dioxus_core::virtual_dom: Marking scope ScopeId(4, "Doggo") as dirty
2024-06-04T16:00:40.227924Z TRACE VirtualDom::render_immediate:render{scope=Doggo}: dioxus_signals::signal: Subscribing to the reactive context ReactiveContext(for scope: ScopeId(4, "Doggo"))
2024-06-04T16:00:40.227963Z TRACE VirtualDom::render_immediate:render{scope=Doggo}: dioxus_signals::signal: Subscribing to the reactive context ReactiveContext(for scope: ScopeId(4, "Doggo"))
2024-06-04T16:00:40.227986Z TRACE VirtualDom::render_immediate:render{scope=Doggo}: dioxus_core::scope_context: looking for context dioxus_core::suspense::SuspenseContext (TypeId { t: (4533244013398082440, 10897659798729036060) }) in Doggo
2024-06-04T16:00:40.228001Z TRACE VirtualDom::render_immediate:render{scope=Doggo}: dioxus_core::scope_context: looking for context dioxus_core::suspense::SuspenseContext (TypeId { t: (4533244013398082440, 10897659798729036060) }) in FrozenContext
2024-06-04T16:00:40.228013Z TRACE VirtualDom::render_immediate:render{scope=Doggo}: dioxus_core::scope_context: found context TypeId { t: (9286496122914249738, 8586425926625933774) }
2024-06-04T16:00:40.228033Z TRACE VirtualDom::render_immediate:render{scope=Doggo}: dioxus_core::scope_context: looking for context dioxus_core::suspense::SuspenseContext (TypeId { t: (4533244013398082440, 10897659798729036060) }) in SuspenseBoundary
2024-06-04T16:00:40.228055Z TRACE VirtualDom::render_immediate:render{scope=Doggo}: dioxus_core::scope_context: found context TypeId { t: (4533244013398082440, 10897659798729036060) }
2024-06-04T16:00:40.265352Z TRACE VirtualDom::wait_for_work:VirtualDom::process_events: dioxus_core::virtual_dom: Marking task Task { id: 0, unsend: PhantomData<*const ()> } (spawned in ScopeId(3)) as dirty (called from Location { file: "packages/core/src/virtual_dom.rs", line: 505, col: 58 })
2024-06-04T16:00:40.265451Z  INFO VirtualDom::wait_for_work:VirtualDom::process_events:VirtualDom::poll_tasks: dioxus_core::tasks: Polling task Task { id: 0, unsend: PhantomData<*const ()> }
2024-06-04T16:00:40.265503Z  INFO VirtualDom::wait_for_work:VirtualDom::process_events:VirtualDom::poll_tasks: dioxus_core::tasks: Task Task { id: 0, unsend: PhantomData<*const ()> } finished with result Pending
2024-06-04T16:00:40.265531Z TRACE VirtualDom::wait_for_work:VirtualDom::process_events:VirtualDom::poll_tasks: dioxus_core::virtual_dom: Marking scope ScopeId(3, "Doggo") as dirty
2024-06-04T16:00:40.265638Z TRACE VirtualDom::render_immediate:render{scope=Doggo}: dioxus_signals::signal: Subscribing to the reactive context ReactiveContext(for scope: ScopeId(3, "Doggo"))
2024-06-04T16:00:40.265672Z TRACE VirtualDom::render_immediate:render{scope=Doggo}: dioxus_signals::signal: Subscribing to the reactive context ReactiveContext(for scope: ScopeId(3, "Doggo"))
2024-06-04T16:00:40.265697Z TRACE VirtualDom::render_immediate:render{scope=Doggo}: dioxus_core::scope_context: looking for context dioxus_core::suspense::SuspenseContext (TypeId { t: (4533244013398082440, 10897659798729036060) }) in Doggo
2024-06-04T16:00:40.265718Z TRACE VirtualDom::render_immediate:render{scope=Doggo}: dioxus_core::scope_context: looking for context dioxus_core::suspense::SuspenseContext (TypeId { t: (4533244013398082440, 10897659798729036060) }) in FrozenContext
2024-06-04T16:00:40.265732Z TRACE VirtualDom::render_immediate:render{scope=Doggo}: dioxus_core::scope_context: found context TypeId { t: (9286496122914249738, 8586425926625933774) }
2024-06-04T16:00:40.265745Z TRACE VirtualDom::render_immediate:render{scope=Doggo}: dioxus_core::scope_context: looking for context dioxus_core::suspense::SuspenseContext (TypeId { t: (4533244013398082440, 10897659798729036060) }) in SuspenseBoundary
2024-06-04T16:00:40.265758Z TRACE VirtualDom::render_immediate:render{scope=Doggo}: dioxus_core::scope_context: found context TypeId { t: (4533244013398082440, 10897659798729036060) }
2024-06-04T16:00:40.291074Z TRACE VirtualDom::wait_for_work:VirtualDom::process_events: dioxus_core::virtual_dom: Marking task Task { id: 6, unsend: PhantomData<*const ()> } (spawned in ScopeId(5)) as dirty (called from Location { file: "packages/core/src/virtual_dom.rs", line: 505, col: 58 })
2024-06-04T16:00:40.291154Z  INFO VirtualDom::wait_for_work:VirtualDom::process_events:VirtualDom::poll_tasks: dioxus_core::tasks: Polling task Task { id: 6, unsend: PhantomData<*const ()> }
2024-06-04T16:00:40.291206Z TRACE VirtualDom::wait_for_work:VirtualDom::process_events:VirtualDom::poll_tasks: dioxus_signals::signal: Write on signal at examples/suspense.rs:122:19 finished, updating subscribers
2024-06-04T16:00:40.291234Z TRACE VirtualDom::wait_for_work:VirtualDom::process_events:VirtualDom::poll_tasks: dioxus_signals::reactive_context: Marking reactive context created at packages/signals/src/reactive_context.rs:117:13 as dirty
2024-06-04T16:00:40.291252Z TRACE VirtualDom::wait_for_work:VirtualDom::process_events:VirtualDom::poll_tasks: dioxus_signals::reactive_context: Marking scope ScopeId(5, "LoadingDots") as dirty
2024-06-04T16:00:40.291288Z  INFO VirtualDom::wait_for_work:VirtualDom::process_events:VirtualDom::poll_tasks: dioxus_core::tasks: Task Task { id: 6, unsend: PhantomData<*const ()> } finished with result Pending
2024-06-04T16:00:40.291304Z TRACE VirtualDom::wait_for_work:VirtualDom::process_events:VirtualDom::poll_tasks: dioxus_core::virtual_dom: Marking scope ScopeId(5, "LoadingDots") as dirty
2024-06-04T16:00:40.291398Z TRACE VirtualDom::render_immediate:render{scope=LoadingDots}: dioxus_signals::signal: Subscribing to the reactive context ReactiveContext(for scope: ScopeId(5, "LoadingDots"))
2024-06-04T16:00:40.291432Z TRACE VirtualDom::render_immediate: dioxus_core::scope_context: looking for context dioxus_core::suspense::FrozenContext (TypeId { t: (9286496122914249738, 8586425926625933774) }) in LoadingDots
2024-06-04T16:00:40.291447Z TRACE VirtualDom::render_immediate: dioxus_core::scope_context: looking for context dioxus_core::suspense::FrozenContext (TypeId { t: (9286496122914249738, 8586425926625933774) }) in SuspenseBoundary
2024-06-04T16:00:40.291458Z TRACE VirtualDom::render_immediate: dioxus_core::scope_context: found context TypeId { t: (4533244013398082440, 10897659798729036060) }
2024-06-04T16:00:40.291469Z TRACE VirtualDom::render_immediate: dioxus_core::scope_context: looking for context dioxus_core::suspense::FrozenContext (TypeId { t: (9286496122914249738, 8586425926625933774) }) in app
2024-06-04T16:00:40.291479Z TRACE VirtualDom::render_immediate: dioxus_core::scope_context: found context TypeId { t: (3582638416876954437, 3810890675802792692) }
2024-06-04T16:00:40.291489Z TRACE VirtualDom::render_immediate: dioxus_core::scope_context: found context TypeId { t: (7946844621057603534, 4355211565432133561) }
2024-06-04T16:00:40.291498Z TRACE VirtualDom::render_immediate: dioxus_core::scope_context: found context TypeId { t: (10682502755203913650, 15985576721215419306) }
2024-06-04T16:00:40.291509Z TRACE VirtualDom::render_immediate: dioxus_core::scope_context: context dioxus_core::suspense::FrozenContext (TypeId { t: (9286496122914249738, 8586425926625933774) }) not found
2024-06-04T16:00:40.291528Z TRACE VirtualDom::render_immediate: dioxus_core::diff::node: moving mount self=VNode { vnode: VNodeInner { key: None, template: Cell { value: Template { name: "examples/suspense.rs:127:5:4128", roots: [Dynamic { id: 0 }], node_paths: [[0]], attr_paths: [] } }, dynamic_nodes: [Text(VText { value: "" })], dynamic_attrs: [] }, mount: Cell { value: MountId(7) } } new=VNode { vnode: VNodeInner { key: None, template: Cell { value: Template { name: "examples/suspense.rs:127:5:4128", roots: [Dynamic { id: 0 }], node_paths: [[0]], attr_paths: [] } }, dynamic_nodes: [Text(VText { value: "." })], dynamic_attrs: [] }, mount: Cell { value: MountId(7) } }
2024-06-04T16:00:40.291556Z TRACE VirtualDom::render_immediate: dioxus_core::diff::node: mount id: MountId(7)
2024-06-04T16:00:40.291566Z TRACE VirtualDom::render_immediate: dioxus_core::diff::node: mounts: Slab { len: 8, cap: 8 }
2024-06-04T16:00:40.329441Z TRACE VirtualDom::wait_for_work:VirtualDom::process_events: dioxus_core::virtual_dom: Marking task Task { id: 3, unsend: PhantomData<*const ()> } (spawned in ScopeId(4)) as dirty (called from Location { file: "packages/core/src/virtual_dom.rs", line: 505, col: 58 })
2024-06-04T16:00:40.329568Z  INFO VirtualDom::wait_for_work:VirtualDom::process_events:VirtualDom::poll_tasks: dioxus_core::tasks: Polling task Task { id: 3, unsend: PhantomData<*const ()> }
2024-06-04T16:00:40.329644Z  INFO VirtualDom::wait_for_work:VirtualDom::process_events:VirtualDom::poll_tasks: dioxus_core::tasks: Task Task { id: 3, unsend: PhantomData<*const ()> } finished with result Pending
2024-06-04T16:00:40.329678Z TRACE VirtualDom::wait_for_work:VirtualDom::process_events:VirtualDom::poll_tasks: dioxus_core::virtual_dom: Marking scope ScopeId(4, "Doggo") as dirty
2024-06-04T16:00:40.329799Z TRACE VirtualDom::render_immediate:render{scope=Doggo}: dioxus_signals::signal: Subscribing to the reactive context ReactiveContext(for scope: ScopeId(4, "Doggo"))
2024-06-04T16:00:40.329829Z TRACE VirtualDom::render_immediate:render{scope=Doggo}: dioxus_signals::signal: Subscribing to the reactive context ReactiveContext(for scope: ScopeId(4, "Doggo"))
2024-06-04T16:00:40.329854Z TRACE VirtualDom::render_immediate:render{scope=Doggo}: dioxus_core::scope_context: looking for context dioxus_core::suspense::SuspenseContext (TypeId { t: (4533244013398082440, 10897659798729036060) }) in Doggo
2024-06-04T16:00:40.329872Z TRACE VirtualDom::render_immediate:render{scope=Doggo}: dioxus_core::scope_context: looking for context dioxus_core::suspense::SuspenseContext (TypeId { t: (4533244013398082440, 10897659798729036060) }) in FrozenContext
2024-06-04T16:00:40.329888Z TRACE VirtualDom::render_immediate:render{scope=Doggo}: dioxus_core::scope_context: found context TypeId { t: (9286496122914249738, 8586425926625933774) }
2024-06-04T16:00:40.329902Z TRACE VirtualDom::render_immediate:render{scope=Doggo}: dioxus_core::scope_context: looking for context dioxus_core::suspense::SuspenseContext (TypeId { t: (4533244013398082440, 10897659798729036060) }) in SuspenseBoundary
2024-06-04T16:00:40.329920Z TRACE VirtualDom::render_immediate:render{scope=Doggo}: dioxus_core::scope_context: found context TypeId { t: (4533244013398082440, 10897659798729036060) }
2024-06-04T16:00:40.367474Z TRACE VirtualDom::wait_for_work:VirtualDom::process_events: dioxus_core::virtual_dom: Marking task Task { id: 0, unsend: PhantomData<*const ()> } (spawned in ScopeId(3)) as dirty (called from Location { file: "packages/core/src/virtual_dom.rs", line: 505, col: 58 })
2024-06-04T16:00:40.367546Z  INFO VirtualDom::wait_for_work:VirtualDom::process_events:VirtualDom::poll_tasks: dioxus_core::tasks: Polling task Task { id: 0, unsend: PhantomData<*const ()> }
2024-06-04T16:00:40.367602Z  INFO VirtualDom::wait_for_work:VirtualDom::process_events:VirtualDom::poll_tasks: dioxus_core::tasks: Task Task { id: 0, unsend: PhantomData<*const ()> } finished with result Pending
2024-06-04T16:00:40.367626Z TRACE VirtualDom::wait_for_work:VirtualDom::process_events:VirtualDom::poll_tasks: dioxus_core::virtual_dom: Marking scope ScopeId(3, "Doggo") as dirty
2024-06-04T16:00:40.367740Z TRACE VirtualDom::render_immediate:render{scope=Doggo}: dioxus_signals::signal: Subscribing to the reactive context ReactiveContext(for scope: ScopeId(3, "Doggo"))
2024-06-04T16:00:40.367775Z TRACE VirtualDom::render_immediate:render{scope=Doggo}: dioxus_signals::signal: Subscribing to the reactive context ReactiveContext(for scope: ScopeId(3, "Doggo"))
2024-06-04T16:00:40.367801Z TRACE VirtualDom::render_immediate:render{scope=Doggo}: dioxus_core::scope_context: looking for context dioxus_core::suspense::SuspenseContext (TypeId { t: (4533244013398082440, 10897659798729036060) }) in Doggo
2024-06-04T16:00:40.367818Z TRACE VirtualDom::render_immediate:render{scope=Doggo}: dioxus_core::scope_context: looking for context dioxus_core::suspense::SuspenseContext (TypeId { t: (4533244013398082440, 10897659798729036060) }) in FrozenContext
2024-06-04T16:00:40.367833Z TRACE VirtualDom::render_immediate:render{scope=Doggo}: dioxus_core::scope_context: found context TypeId { t: (9286496122914249738, 8586425926625933774) }
2024-06-04T16:00:40.367847Z TRACE VirtualDom::render_immediate:render{scope=Doggo}: dioxus_core::scope_context: looking for context dioxus_core::suspense::SuspenseContext (TypeId { t: (4533244013398082440, 10897659798729036060) }) in SuspenseBoundary
2024-06-04T16:00:40.367864Z TRACE VirtualDom::render_immediate:render{scope=Doggo}: dioxus_core::scope_context: found context TypeId { t: (4533244013398082440, 10897659798729036060) }
2024-06-04T16:00:40.431684Z TRACE VirtualDom::wait_for_work:VirtualDom::process_events: dioxus_core::virtual_dom: Marking task Task { id: 3, unsend: PhantomData<*const ()> } (spawned in ScopeId(4)) as dirty (called from Location { file: "packages/core/src/virtual_dom.rs", line: 505, col: 58 })
2024-06-04T16:00:40.431779Z  INFO VirtualDom::wait_for_work:VirtualDom::process_events:VirtualDom::poll_tasks: dioxus_core::tasks: Polling task Task { id: 3, unsend: PhantomData<*const ()> }
2024-06-04T16:00:40.431849Z  INFO VirtualDom::wait_for_work:VirtualDom::process_events:VirtualDom::poll_tasks: dioxus_core::tasks: Task Task { id: 3, unsend: PhantomData<*const ()> } finished with result Pending
2024-06-04T16:00:40.431883Z TRACE VirtualDom::wait_for_work:VirtualDom::process_events:VirtualDom::poll_tasks: dioxus_core::virtual_dom: Marking scope ScopeId(4, "Doggo") as dirty
2024-06-04T16:00:40.432016Z TRACE VirtualDom::render_immediate:render{scope=Doggo}: dioxus_signals::signal: Subscribing to the reactive context ReactiveContext(for scope: ScopeId(4, "Doggo"))
2024-06-04T16:00:40.432055Z TRACE VirtualDom::render_immediate:render{scope=Doggo}: dioxus_signals::signal: Subscribing to the reactive context ReactiveContext(for scope: ScopeId(4, "Doggo"))
2024-06-04T16:00:40.432085Z TRACE VirtualDom::render_immediate:render{scope=Doggo}: dioxus_core::scope_context: looking for context dioxus_core::suspense::SuspenseContext (TypeId { t: (4533244013398082440, 10897659798729036060) }) in Doggo
2024-06-04T16:00:40.432106Z TRACE VirtualDom::render_immediate:render{scope=Doggo}: dioxus_core::scope_context: looking for context dioxus_core::suspense::SuspenseContext (TypeId { t: (4533244013398082440, 10897659798729036060) }) in FrozenContext
2024-06-04T16:00:40.432122Z TRACE VirtualDom::render_immediate:render{scope=Doggo}: dioxus_core::scope_context: found context TypeId { t: (9286496122914249738, 8586425926625933774) }
2024-06-04T16:00:40.432138Z TRACE VirtualDom::render_immediate:render{scope=Doggo}: dioxus_core::scope_context: looking for context dioxus_core::suspense::SuspenseContext (TypeId { t: (4533244013398082440, 10897659798729036060) }) in SuspenseBoundary
2024-06-04T16:00:40.432153Z TRACE VirtualDom::render_immediate:render{scope=Doggo}: dioxus_core::scope_context: found context TypeId { t: (4533244013398082440, 10897659798729036060) }
2024-06-04T16:00:40.467940Z TRACE tao::platform_impl::platform::window_delegate: Triggered `windowDidResignKey:`    
2024-06-04T16:00:40.468022Z TRACE tao::platform_impl::platform::window_delegate: Completed `windowDidResignKey:`    
2024-06-04T16:00:40.471509Z TRACE VirtualDom::wait_for_work:VirtualDom::process_events: dioxus_core::virtual_dom: Marking task Task { id: 0, unsend: PhantomData<*const ()> } (spawned in ScopeId(3)) as dirty (called from Location { file: "packages/core/src/virtual_dom.rs", line: 505, col: 58 })
2024-06-04T16:00:40.471573Z  INFO VirtualDom::wait_for_work:VirtualDom::process_events:VirtualDom::poll_tasks: dioxus_core::tasks: Polling task Task { id: 0, unsend: PhantomData<*const ()> }
2024-06-04T16:00:40.471635Z  INFO VirtualDom::wait_for_work:VirtualDom::process_events:VirtualDom::poll_tasks: dioxus_core::tasks: Task Task { id: 0, unsend: PhantomData<*const ()> } finished with result Pending
2024-06-04T16:00:40.471660Z TRACE VirtualDom::wait_for_work:VirtualDom::process_events:VirtualDom::poll_tasks: dioxus_core::virtual_dom: Marking scope ScopeId(3, "Doggo") as dirty
2024-06-04T16:00:40.471777Z TRACE VirtualDom::render_immediate:render{scope=Doggo}: dioxus_signals::signal: Subscribing to the reactive context ReactiveContext(for scope: ScopeId(3, "Doggo"))
2024-06-04T16:00:40.471812Z TRACE VirtualDom::render_immediate:render{scope=Doggo}: dioxus_signals::signal: Subscribing to the reactive context ReactiveContext(for scope: ScopeId(3, "Doggo"))
2024-06-04T16:00:40.471844Z TRACE VirtualDom::render_immediate:render{scope=Doggo}: dioxus_core::scope_context: looking for context dioxus_core::suspense::SuspenseContext (TypeId { t: (4533244013398082440, 10897659798729036060) }) in Doggo
2024-06-04T16:00:40.471864Z TRACE VirtualDom::render_immediate:render{scope=Doggo}: dioxus_core::scope_context: looking for context dioxus_core::suspense::SuspenseContext (TypeId { t: (4533244013398082440, 10897659798729036060) }) in FrozenContext
2024-06-04T16:00:40.471882Z TRACE VirtualDom::render_immediate:render{scope=Doggo}: dioxus_core::scope_context: found context TypeId { t: (9286496122914249738, 8586425926625933774) }
2024-06-04T16:00:40.471900Z TRACE VirtualDom::render_immediate:render{scope=Doggo}: dioxus_core::scope_context: looking for context dioxus_core::suspense::SuspenseContext (TypeId { t: (4533244013398082440, 10897659798729036060) }) in SuspenseBoundary
2024-06-04T16:00:40.471913Z TRACE VirtualDom::render_immediate:render{scope=Doggo}: dioxus_core::scope_context: found context TypeId { t: (4533244013398082440, 10897659798729036060) }
2024-06-04T16:00:40.493955Z TRACE VirtualDom::wait_for_work:VirtualDom::process_events: dioxus_core::virtual_dom: Marking task Task { id: 6, unsend: PhantomData<*const ()> } (spawned in ScopeId(5)) as dirty (called from Location { file: "packages/core/src/virtual_dom.rs", line: 505, col: 58 })
2024-06-04T16:00:40.494025Z  INFO VirtualDom::wait_for_work:VirtualDom::process_events:VirtualDom::poll_tasks: dioxus_core::tasks: Polling task Task { id: 6, unsend: PhantomData<*const ()> }
2024-06-04T16:00:40.494068Z TRACE VirtualDom::wait_for_work:VirtualDom::process_events:VirtualDom::poll_tasks: dioxus_signals::signal: Write on signal at examples/suspense.rs:122:19 finished, updating subscribers
2024-06-04T16:00:40.494094Z TRACE VirtualDom::wait_for_work:VirtualDom::process_events:VirtualDom::poll_tasks: dioxus_signals::reactive_context: Marking reactive context created at packages/signals/src/reactive_context.rs:117:13 as dirty
2024-06-04T16:00:40.494109Z TRACE VirtualDom::wait_for_work:VirtualDom::process_events:VirtualDom::poll_tasks: dioxus_signals::reactive_context: Marking scope ScopeId(5, "LoadingDots") as dirty
2024-06-04T16:00:40.494140Z  INFO VirtualDom::wait_for_work:VirtualDom::process_events:VirtualDom::poll_tasks: dioxus_core::tasks: Task Task { id: 6, unsend: PhantomData<*const ()> } finished with result Pending
2024-06-04T16:00:40.494156Z TRACE VirtualDom::wait_for_work:VirtualDom::process_events:VirtualDom::poll_tasks: dioxus_core::virtual_dom: Marking scope ScopeId(5, "LoadingDots") as dirty
2024-06-04T16:00:40.494244Z TRACE VirtualDom::render_immediate:render{scope=LoadingDots}: dioxus_signals::signal: Subscribing to the reactive context ReactiveContext(for scope: ScopeId(5, "LoadingDots"))
2024-06-04T16:00:40.494277Z TRACE VirtualDom::render_immediate: dioxus_core::scope_context: looking for context dioxus_core::suspense::FrozenContext (TypeId { t: (9286496122914249738, 8586425926625933774) }) in LoadingDots
2024-06-04T16:00:40.494290Z TRACE VirtualDom::render_immediate: dioxus_core::scope_context: looking for context dioxus_core::suspense::FrozenContext (TypeId { t: (9286496122914249738, 8586425926625933774) }) in SuspenseBoundary
2024-06-04T16:00:40.494301Z TRACE VirtualDom::render_immediate: dioxus_core::scope_context: found context TypeId { t: (4533244013398082440, 10897659798729036060) }
2024-06-04T16:00:40.494310Z TRACE VirtualDom::render_immediate: dioxus_core::scope_context: looking for context dioxus_core::suspense::FrozenContext (TypeId { t: (9286496122914249738, 8586425926625933774) }) in app
2024-06-04T16:00:40.494319Z TRACE VirtualDom::render_immediate: dioxus_core::scope_context: found context TypeId { t: (3582638416876954437, 3810890675802792692) }
2024-06-04T16:00:40.494328Z TRACE VirtualDom::render_immediate: dioxus_core::scope_context: found context TypeId { t: (7946844621057603534, 4355211565432133561) }
2024-06-04T16:00:40.494337Z TRACE VirtualDom::render_immediate: dioxus_core::scope_context: found context TypeId { t: (10682502755203913650, 15985576721215419306) }
2024-06-04T16:00:40.494346Z TRACE VirtualDom::render_immediate: dioxus_core::scope_context: context dioxus_core::suspense::FrozenContext (TypeId { t: (9286496122914249738, 8586425926625933774) }) not found
2024-06-04T16:00:40.494363Z TRACE VirtualDom::render_immediate: dioxus_core::diff::node: moving mount self=VNode { vnode: VNodeInner { key: None, template: Cell { value: Template { name: "examples/suspense.rs:127:5:4128", roots: [Dynamic { id: 0 }], node_paths: [[0]], attr_paths: [] } }, dynamic_nodes: [Text(VText { value: "." })], dynamic_attrs: [] }, mount: Cell { value: MountId(7) } } new=VNode { vnode: VNodeInner { key: None, template: Cell { value: Template { name: "examples/suspense.rs:127:5:4128", roots: [Dynamic { id: 0 }], node_paths: [[0]], attr_paths: [] } }, dynamic_nodes: [Text(VText { value: ".." })], dynamic_attrs: [] }, mount: Cell { value: MountId(7) } }
2024-06-04T16:00:40.494389Z TRACE VirtualDom::render_immediate: dioxus_core::diff::node: mount id: MountId(7)
2024-06-04T16:00:40.494398Z TRACE VirtualDom::render_immediate: dioxus_core::diff::node: mounts: Slab { len: 8, cap: 8 }
2024-06-04T16:00:40.862916Z TRACE dioxus_core::tasks: Removing task Task { id: 4, unsend: PhantomData<*const ()> }
2024-06-04T16:00:40.863075Z TRACE dioxus_core::tasks: Removing task Task { id: 5, unsend: PhantomData<*const ()> }
2024-06-04T16:00:40.863111Z TRACE dioxus_core::tasks: Removing task Task { id: 3, unsend: PhantomData<*const ()> }
2024-06-04T16:00:40.863188Z TRACE dioxus_core::tasks: Removing task Task { id: 0, unsend: PhantomData<*const ()> }
2024-06-04T16:00:40.863214Z TRACE dioxus_core::tasks: Removing task Task { id: 1, unsend: PhantomData<*const ()> }
2024-06-04T16:00:40.863239Z TRACE dioxus_core::tasks: Removing task Task { id: 2, unsend: PhantomData<*const ()> }
2024-06-04T16:00:40.863279Z TRACE dioxus_core::tasks: Removing task Task { id: 6, unsend: PhantomData<*const ()> }
2024-06-04T16:00:40.864343Z TRACE tao::platform_impl::platform::window: Dropping `UnownedWindow` (0x131a421e0)    
2024-06-04T16:00:40.864426Z TRACE tao::platform_impl::platform::window_delegate: Triggered `windowWillClose:`    
2024-06-04T16:00:40.864497Z TRACE tao::platform_impl::platform::window_delegate: Completed `windowWillClose:`    
